[  +71 ms] Artifact Instance of 'MaterialFonts' is not required, skipping update.
[        ] Artifact Instance of 'GradleWrapper' is not required, skipping update.
[        ] Artifact Instance of 'AndroidGenSnapshotArtifacts' is not required, skipping update.
[        ] Artifact Instance of 'AndroidInternalBuildArtifacts' is not required, skipping update.
[        ] Artifact Instance of 'IOSEngineArtifacts' is not required, skipping update.
[        ] Artifact Instance of 'FlutterWebSdk' is not required, skipping update.
[        ] Artifact Instance of 'LegacyCanvasKitRemover' is not required, skipping update.
[        ] Artifact Instance of 'FlutterSdk' is not required, skipping update.
[        ] Artifact Instance of 'WindowsEngineArtifacts' is not required, skipping update.
[        ] Artifact Instance of 'MacOSEngineArtifacts' is not required, skipping update.
[        ] Artifact Instance of 'LinuxEngineArtifacts' is not required, skipping update.
[        ] Artifact Instance of 'LinuxFuchsiaSDKArtifacts' is not required, skipping update.
[        ] Artifact Instance of 'MacOSFuchsiaSDKArtifacts' is not required, skipping update.
[        ] Artifact Instance of 'FlutterRunnerSDKArtifacts' is not required, skipping update.
[        ] Artifact Instance of 'FlutterRunnerDebugSymbols' is not required, skipping update.
[        ] Artifact Instance of 'IosUsbArtifacts' is not required, skipping update.
[        ] Artifact Instance of 'IosUsbArtifacts' is not required, skipping update.
[        ] Artifact Instance of 'IosUsbArtifacts' is not required, skipping update.
[        ] Artifact Instance of 'IosUsbArtifacts' is not required, skipping update.
[        ] Artifact Instance of 'IosUsbArtifacts' is not required, skipping update.
[        ] Artifact Instance of 'IosUsbArtifacts' is not required, skipping update.
[        ] Artifact Instance of 'FontSubsetArtifacts' is not required, skipping update.
[        ] Artifact Instance of 'PubDependencies' is not required, skipping update.
[        ] executing: [C:\src\flutter/] git -c log.showSignature=false log HEAD -n 1 --pretty=format:%ad --date=iso
[  +36 ms] Exit code 0 from: git -c log.showSignature=false log HEAD -n 1 --pretty=format:%ad --date=iso
[        ] 2026-06-10 15:52:41 -0700
[   +7 ms] Artifact Instance of 'AndroidGenSnapshotArtifacts' is not required, skipping update.
[        ] Artifact Instance of 'AndroidInternalBuildArtifacts' is not required, skipping update.
[        ] Artifact Instance of 'IOSEngineArtifacts' is not required, skipping update.
[        ] Artifact Instance of 'FlutterWebSdk' is not required, skipping update.
[        ] Artifact Instance of 'FlutterEngineStamp' is not required, skipping update.
[        ] Artifact Instance of 'LegacyCanvasKitRemover' is not required, skipping update.
[   +1 ms] Artifact Instance of 'WindowsEngineArtifacts' is not required, skipping update.
[        ] Artifact Instance of 'MacOSEngineArtifacts' is not required, skipping update.
[        ] Artifact Instance of 'LinuxEngineArtifacts' is not required, skipping update.
[        ] Artifact Instance of 'LinuxFuchsiaSDKArtifacts' is not required, skipping update.
[        ] Artifact Instance of 'MacOSFuchsiaSDKArtifacts' is not required, skipping update.
[        ] Artifact Instance of 'FlutterRunnerSDKArtifacts' is not required, skipping update.
[        ] Artifact Instance of 'FlutterRunnerDebugSymbols' is not required, skipping update.
[  +24 ms] Artifact Instance of 'MaterialFonts' is not required, skipping update.
[        ] Artifact Instance of 'GradleWrapper' is not required, skipping update.
[   +1 ms] Artifact Instance of 'AndroidInternalBuildArtifacts' is not required, skipping update.
[        ] Artifact Instance of 'IOSEngineArtifacts' is not required, skipping update.
[        ] Artifact Instance of 'FlutterWebSdk' is not required, skipping update.
[        ] Artifact Instance of 'FlutterEngineStamp' is not required, skipping update.
[        ] Artifact Instance of 'LegacyCanvasKitRemover' is not required, skipping update.
[        ] Artifact Instance of 'FlutterSdk' is not required, skipping update.
[        ] Artifact Instance of 'WindowsEngineArtifacts' is not required, skipping update.
[        ] Artifact Instance of 'MacOSEngineArtifacts' is not required, skipping update.
[        ] Artifact Instance of 'LinuxEngineArtifacts' is not required, skipping update.
[        ] Artifact Instance of 'LinuxFuchsiaSDKArtifacts' is not required, skipping update.
[        ] Artifact Instance of 'MacOSFuchsiaSDKArtifacts' is not required, skipping update.
[        ] Artifact Instance of 'FlutterRunnerSDKArtifacts' is not required, skipping update.
[        ] Artifact Instance of 'FlutterRunnerDebugSymbols' is not required, skipping update.
[        ] Artifact Instance of 'IosUsbArtifacts' is not required, skipping update.
[        ] Artifact Instance of 'IosUsbArtifacts' is not required, skipping update.
[        ] Artifact Instance of 'IosUsbArtifacts' is not required, skipping update.
[        ] Artifact Instance of 'IosUsbArtifacts' is not required, skipping update.
[        ] Artifact Instance of 'IosUsbArtifacts' is not required, skipping update.
[        ] Artifact Instance of 'IosUsbArtifacts' is not required, skipping update.
[        ] Artifact Instance of 'FontSubsetArtifacts' is not required, skipping update.
[        ] Artifact Instance of 'PubDependencies' is not required, skipping update.
[  +33 ms] Skipping pub get: version match.
[  +32 ms] Found plugin shared_preferences at C:\Users\┼şug─▒r mami\AppData\Local\Pub\Cache\hosted\pub.dev\shared_preferences-2.5.3\
[   +2 ms] Found plugin shared_preferences_windows at C:\Users\┼şug─▒r mami\AppData\Local\Pub\Cache\hosted\pub.dev\shared_preferences_windows-2.4.1\
[   +2 ms] Found plugin path_provider_windows at C:\Users\┼şug─▒r mami\AppData\Local\Pub\Cache\hosted\pub.dev\path_provider_windows-2.3.0\
[   +3 ms] Found plugin shared_preferences_web at C:\Users\┼şug─▒r mami\AppData\Local\Pub\Cache\hosted\pub.dev\shared_preferences_web-2.4.3\
[   +2 ms] Found plugin shared_preferences_linux at C:\Users\┼şug─▒r mami\AppData\Local\Pub\Cache\hosted\pub.dev\shared_preferences_linux-2.4.1\
[   +1 ms] Found plugin path_provider_linux at C:\Users\┼şug─▒r mami\AppData\Local\Pub\Cache\hosted\pub.dev\path_provider_linux-2.2.1\
[   +1 ms] Found plugin shared_preferences_foundation at C:\Users\┼şug─▒r mami\AppData\Local\Pub\Cache\hosted\pub.dev\shared_preferences_foundation-2.5.4\
[   +1 ms] Found plugin shared_preferences_android at C:\Users\┼şug─▒r mami\AppData\Local\Pub\Cache\hosted\pub.dev\shared_preferences_android-2.4.13\
[   +1 ms] Found plugin permission_handler at C:\Users\┼şug─▒r mami\AppData\Local\Pub\Cache\hosted\pub.dev\permission_handler-11.4.0\
[        ] Found plugin permission_handler_windows at C:\Users\┼şug─▒r mami\AppData\Local\Pub\Cache\hosted\pub.dev\permission_handler_windows-0.2.1\
[   +1 ms] Found plugin permission_handler_html at C:\Users\┼şug─▒r mami\AppData\Local\Pub\Cache\hosted\pub.dev\permission_handler_html-0.1.3+5\
[        ] Found plugin permission_handler_apple at C:\Users\┼şug─▒r mami\AppData\Local\Pub\Cache\hosted\pub.dev\permission_handler_apple-9.4.10\
[        ] Found plugin permission_handler_android at C:\Users\┼şug─▒r mami\AppData\Local\Pub\Cache\hosted\pub.dev\permission_handler_android-12.1.0\
[   +1 ms] Found plugin path_provider at C:\Users\┼şug─▒r mami\AppData\Local\Pub\Cache\hosted\pub.dev\path_provider-2.1.5\
[   +1 ms] Found plugin path_provider_foundation at C:\Users\┼şug─▒r mami\AppData\Local\Pub\Cache\hosted\pub.dev\path_provider_foundation-2.4.2\
[        ] Found plugin path_provider_android at C:\Users\┼şug─▒r mami\AppData\Local\Pub\Cache\hosted\pub.dev\path_provider_android-2.2.19\
[        ] Found plugin google_mobile_ads at C:\Users\┼şug─▒r mami\AppData\Local\Pub\Cache\hosted\pub.dev\google_mobile_ads-5.3.1\
[        ] Found plugin webview_flutter_wkwebview at C:\Users\┼şug─▒r mami\AppData\Local\Pub\Cache\hosted\pub.dev\webview_flutter_wkwebview-3.26.0\
[   +1 ms] Found plugin webview_flutter_android at C:\Users\┼şug─▒r mami\AppData\Local\Pub\Cache\hosted\pub.dev\webview_flutter_android-4.13.0\
[        ] Found plugin webview_flutter at C:\Users\┼şug─▒r mami\AppData\Local\Pub\Cache\hosted\pub.dev\webview_flutter-4.14.0\
[        ] Found plugin gal at C:\Users\┼şug─▒r mami\AppData\Local\Pub\Cache\hosted\pub.dev\gal-2.3.2\
[  +27 ms] Found plugin shared_preferences at C:\Users\┼şug─▒r mami\AppData\Local\Pub\Cache\hosted\pub.dev\shared_preferences-2.5.3\
[        ] Found plugin shared_preferences_windows at C:\Users\┼şug─▒r mami\AppData\Local\Pub\Cache\hosted\pub.dev\shared_preferences_windows-2.4.1\
[   +1 ms] Found plugin path_provider_windows at C:\Users\┼şug─▒r mami\AppData\Local\Pub\Cache\hosted\pub.dev\path_provider_windows-2.3.0\
[   +2 ms] Found plugin shared_preferences_web at C:\Users\┼şug─▒r mami\AppData\Local\Pub\Cache\hosted\pub.dev\shared_preferences_web-2.4.3\
[   +1 ms] Found plugin shared_preferences_linux at C:\Users\┼şug─▒r mami\AppData\Local\Pub\Cache\hosted\pub.dev\shared_preferences_linux-2.4.1\
[        ] Found plugin path_provider_linux at C:\Users\┼şug─▒r mami\AppData\Local\Pub\Cache\hosted\pub.dev\path_provider_linux-2.2.1\
[   +1 ms] Found plugin shared_preferences_foundation at C:\Users\┼şug─▒r mami\AppData\Local\Pub\Cache\hosted\pub.dev\shared_preferences_foundation-2.5.4\
[        ] Found plugin shared_preferences_android at C:\Users\┼şug─▒r mami\AppData\Local\Pub\Cache\hosted\pub.dev\shared_preferences_android-2.4.13\
[        ] Found plugin permission_handler at C:\Users\┼şug─▒r mami\AppData\Local\Pub\Cache\hosted\pub.dev\permission_handler-11.4.0\
[        ] Found plugin permission_handler_windows at C:\Users\┼şug─▒r mami\AppData\Local\Pub\Cache\hosted\pub.dev\permission_handler_windows-0.2.1\
[   +1 ms] Found plugin permission_handler_html at C:\Users\┼şug─▒r mami\AppData\Local\Pub\Cache\hosted\pub.dev\permission_handler_html-0.1.3+5\
[        ] Found plugin permission_handler_apple at C:\Users\┼şug─▒r mami\AppData\Local\Pub\Cache\hosted\pub.dev\permission_handler_apple-9.4.10\
[        ] Found plugin permission_handler_android at C:\Users\┼şug─▒r mami\AppData\Local\Pub\Cache\hosted\pub.dev\permission_handler_android-12.1.0\
[   +1 ms] Found plugin path_provider at C:\Users\┼şug─▒r mami\AppData\Local\Pub\Cache\hosted\pub.dev\path_provider-2.1.5\
[        ] Found plugin path_provider_foundation at C:\Users\┼şug─▒r mami\AppData\Local\Pub\Cache\hosted\pub.dev\path_provider_foundation-2.4.2\
[        ] Found plugin path_provider_android at C:\Users\┼şug─▒r mami\AppData\Local\Pub\Cache\hosted\pub.dev\path_provider_android-2.2.19\
[        ] Found plugin google_mobile_ads at C:\Users\┼şug─▒r mami\AppData\Local\Pub\Cache\hosted\pub.dev\google_mobile_ads-5.3.1\
[        ] Found plugin webview_flutter_wkwebview at C:\Users\┼şug─▒r mami\AppData\Local\Pub\Cache\hosted\pub.dev\webview_flutter_wkwebview-3.26.0\
[   +1 ms] Found plugin webview_flutter_android at C:\Users\┼şug─▒r mami\AppData\Local\Pub\Cache\hosted\pub.dev\webview_flutter_android-4.13.0\
[        ] Found plugin webview_flutter at C:\Users\┼şug─▒r mami\AppData\Local\Pub\Cache\hosted\pub.dev\webview_flutter-4.14.0\
[        ] Found plugin gal at C:\Users\┼şug─▒r mami\AppData\Local\Pub\Cache\hosted\pub.dev\gal-2.3.2\
[   +5 ms] Skipping generating web_plugin_registrant.dart because it is up-to-date.
[  +15 ms] Found plugin shared_preferences at C:\Users\┼şug─▒r mami\AppData\Local\Pub\Cache\hosted\pub.dev\shared_preferences-2.5.3\
[        ] Found plugin shared_preferences_windows at C:\Users\┼şug─▒r mami\AppData\Local\Pub\Cache\hosted\pub.dev\shared_preferences_windows-2.4.1\
[   +1 ms] Found plugin path_provider_windows at C:\Users\┼şug─▒r mami\AppData\Local\Pub\Cache\hosted\pub.dev\path_provider_windows-2.3.0\
[   +2 ms] Found plugin shared_preferences_web at C:\Users\┼şug─▒r mami\AppData\Local\Pub\Cache\hosted\pub.dev\shared_preferences_web-2.4.3\
[   +1 ms] Found plugin shared_preferences_linux at C:\Users\┼şug─▒r mami\AppData\Local\Pub\Cache\hosted\pub.dev\shared_preferences_linux-2.4.1\
[        ] Found plugin path_provider_linux at C:\Users\┼şug─▒r mami\AppData\Local\Pub\Cache\hosted\pub.dev\path_provider_linux-2.2.1\
[   +1 ms] Found plugin shared_preferences_foundation at C:\Users\┼şug─▒r mami\AppData\Local\Pub\Cache\hosted\pub.dev\shared_preferences_foundation-2.5.4\
[        ] Found plugin shared_preferences_android at C:\Users\┼şug─▒r mami\AppData\Local\Pub\Cache\hosted\pub.dev\shared_preferences_android-2.4.13\
[        ] Found plugin permission_handler at C:\Users\┼şug─▒r mami\AppData\Local\Pub\Cache\hosted\pub.dev\permission_handler-11.4.0\
[        ] Found plugin permission_handler_windows at C:\Users\┼şug─▒r mami\AppData\Local\Pub\Cache\hosted\pub.dev\permission_handler_windows-0.2.1\
[   +1 ms] Found plugin permission_handler_html at C:\Users\┼şug─▒r mami\AppData\Local\Pub\Cache\hosted\pub.dev\permission_handler_html-0.1.3+5\
[        ] Found plugin permission_handler_apple at C:\Users\┼şug─▒r mami\AppData\Local\Pub\Cache\hosted\pub.dev\permission_handler_apple-9.4.10\
[        ] Found plugin permission_handler_android at C:\Users\┼şug─▒r mami\AppData\Local\Pub\Cache\hosted\pub.dev\permission_handler_android-12.1.0\
[        ] Found plugin path_provider at C:\Users\┼şug─▒r mami\AppData\Local\Pub\Cache\hosted\pub.dev\path_provider-2.1.5\
[        ] Found plugin path_provider_foundation at C:\Users\┼şug─▒r mami\AppData\Local\Pub\Cache\hosted\pub.dev\path_provider_foundation-2.4.2\
[        ] Found plugin path_provider_android at C:\Users\┼şug─▒r mami\AppData\Local\Pub\Cache\hosted\pub.dev\path_provider_android-2.2.19\
[        ] Found plugin google_mobile_ads at C:\Users\┼şug─▒r mami\AppData\Local\Pub\Cache\hosted\pub.dev\google_mobile_ads-5.3.1\
[        ] Found plugin webview_flutter_wkwebview at C:\Users\┼şug─▒r mami\AppData\Local\Pub\Cache\hosted\pub.dev\webview_flutter_wkwebview-3.26.0\
[   +1 ms] Found plugin webview_flutter_android at C:\Users\┼şug─▒r mami\AppData\Local\Pub\Cache\hosted\pub.dev\webview_flutter_android-4.13.0\
[        ] Found plugin webview_flutter at C:\Users\┼şug─▒r mami\AppData\Local\Pub\Cache\hosted\pub.dev\webview_flutter-4.14.0\
[        ] Found plugin gal at C:\Users\┼şug─▒r mami\AppData\Local\Pub\Cache\hosted\pub.dev\gal-2.3.2\
[   +3 ms] Generating C:\poke\color_world\android\app\src\main\java\io\flutter\plugins\GeneratedPluginRegistrant.java
[        ] Skipping generating GeneratedPluginRegistrant.java because it is up-to-date.
[   +2 ms] Skipping generating generated_plugin_registrant.h because it is up-to-date.
[        ] Skipping generating generated_plugin_registrant.cc because it is up-to-date.
[        ] Skipping generating generated_plugins.cmake because it is up-to-date.
[   +1 ms] Skipping generating generated_plugin_registrant.h because it is up-to-date.
[        ] Skipping generating generated_plugin_registrant.cc because it is up-to-date.
[        ] Skipping generating generated_plugins.cmake because it is up-to-date.
[   +1 ms] Skipping generating GeneratedPluginRegistrant.h because it is up-to-date.
[        ] Skipping generating GeneratedPluginRegistrant.m because it is up-to-date.
[        ] Skipping generating GeneratedPluginRegistrant.swift because it is up-to-date.
[  +55 ms] executing: C:\Program Files\Android\Android Studio\jbr\bin\java -version
[  +80 ms] Exit code 0 from: C:\Program Files\Android\Android Studio\jbr\bin\java -version
[        ] openjdk version "21.0.9" 2025-10-21
           OpenJDK Runtime Environment (build 21.0.9+-14787801-b1163.94)
           OpenJDK 64-Bit Server VM (build 21.0.9+-14787801-b1163.94, mixed mode)
[        ] executing: C:\Program Files\Android\Android Studio\jbr\bin\java -version
[  +78 ms] Exit code 0 from: C:\Program Files\Android\Android Studio\jbr\bin\java -version
[        ] openjdk version "21.0.9" 2025-10-21
           OpenJDK Runtime Environment (build 21.0.9+-14787801-b1163.94)
           OpenJDK 64-Bit Server VM (build 21.0.9+-14787801-b1163.94, mixed mode)
[   +4 ms] Top-level Gradle build file not found, skipping migration of task "clean".
[   +1 ms] executing: C:\Program Files\Android\Android Studio\jbr\bin\java --version
[  +74 ms] Exit code 0 from: C:\Program Files\Android\Android Studio\jbr\bin\java --version
[        ] openjdk 21.0.9 2025-10-21
           OpenJDK Runtime Environment (build 21.0.9+-14787801-b1163.94)
           OpenJDK 64-Bit Server VM (build 21.0.9+-14787801-b1163.94, mixed mode)
[        ] Version of Java is different than impacted version, no migration attempted.
[   +1 ms] CMake project not found, skipping support Android 15 16k page size migration.
[   +3 ms] The developer has already configured the Built-In Kotlin flag, skipping migration.
[        ] The developer has already configured the new DSL flag, skipping migration.
[   +2 ms] Using gradle from C:\poke\color_world\android\gradlew.bat.
[   +3 ms] LocalFile: 'C:\poke\color_world\android\build.gradle.kts' doesn't provide an AGP version. Checking settings.
[        ] LocalFile: 'C:\poke\color_world\android\settings.gradle.kts' provides AGP version: 8.6.0
[   +7 ms] Running Gradle task 'assembleDebug'...
[        ] executing: [C:\poke\color_world\android/] C:\poke\color_world\android\gradlew.bat --full-stacktrace --info -Pverbose=true -Ptarget-platform=android-arm,android-arm64,android-x64 -Ptarget=lib\main.dart -Pbase-application-name=android.app.Application -Pdart-defines=RkxVVFRFUl9WRVJTSU9OPTMuNDQuMg==,RkxVVFRFUl9DSEFOTkVMPXN0YWJsZQ==,RkxVVFRFUl9HSVRfVVJMPWh0dHBzOi8vZ2l0aHViLmNvbS9mbHV0dGVyL2ZsdXR0ZXIuZ2l0,RkxVVFRFUl9GUkFNRVdPUktfUkVWSVNJT049YzlhNmM0ODQyMw==,RkxVVFRFUl9FTkdJTkVfUkVWSVNJT049NzdlMmU5NDc3Mg==,RkxVVFRFUl9EQVJUX1ZFUlNJT049My4xMi4y -Pdart-obfuscation=false -Ptrack-widget-creation=true -Ptree-shake-icons=false assembleDebug
[ +456 ms] Initialized native services in: C:\poke\.gradle\native
[        ] Initialized jansi services in: C:\poke\.gradle\native
[ +114 ms] Received JVM installation metadata from 'C:\Program Files\Android\Android Studio\jbr': {JAVA_HOME=C:\Program Files\Android\Android Studio\jbr, JAVA_VERSION=21.0.9, JAVA_VENDOR=JetBrains s.r.o., RUNTIME_NAME=OpenJDK Runtime Environment, RUNTIME_VERSION=21.0.9+-14787801-b1163.94, VM_NAME=OpenJDK 64-Bit Server VM, VM_VERSION=21.0.9+-14787801-b1163.94, VM_VENDOR=JetBrains s.r.o., OS_ARCH=amd64}
[  +94 ms] Found daemon DaemonInfo{pid=29040, address=[b5ec7901-83cb-45b2-adb0-e055a230f6f5 port:58092, addresses:[/127.0.0.1]], state=Idle, lastBusy=1781914620142, context=DefaultDaemonContext[uid=f7ea5bff-a376-438b-810f-0512afd4c8a6,javaHome=C:\Program Files\Android\Android Studio\jbr,javaVersion=21,javaVendor=JetBrains s.r.o.,daemonRegistryDir=C:\poke\.gradle\daemon,pid=29040,idleTimeout=10800000,priority=NORMAL,applyInstrumentationAgent=true,nativeServicesMode=ENABLED,daemonOpts=--add-opens=java.base/java.util=ALL-UNNAMED,--add-opens=java.base/java.lang=ALL-UNNAMED,--add-opens=java.base/java.lang.invoke=ALL-UNNAMED,--add-opens=java.prefs/java.util.prefs=ALL-UNNAMED,--add-exports=jdk.compiler/com.sun.tools.javac.api=ALL-UNNAMED,--add-exports=jdk.compiler/com.sun.tools.javac.util=ALL-UNNAMED,--add-opens=java.base/java.nio.charset=ALL-UNNAMED,--add-opens=java.base/java.net=ALL-UNNAMED,--add-opens=java.base/java.util.concurrent.atomic=ALL-UNNAMED,-XX:MaxMetaspaceSize=384m,-XX:+HeapDumpOnOutOfMemoryError,-Xms256m,-Xmx512m,-Dfile.encoding=UTF-8,-Duser.country=TR,-Duser.language=tr,-Duser.variant]} however its context does not match the desired criteria.
[        ] At least one daemon option is different.
[        ] Wanted: DaemonRequestContext{jvmCriteria=C:\Program Files\Android\Android Studio\jbr (no JDK specified, using current Java home), daemonOpts=[-XX:MaxMetaspaceSize=512m, --add-opens=java.base/java.util=ALL-UNNAMED, --add-opens=java.base/java.lang=ALL-UNNAMED, --add-opens=java.base/java.lang.invoke=ALL-UNNAMED, --add-opens=java.prefs/java.util.prefs=ALL-UNNAMED, --add-exports=jdk.compiler/com.sun.tools.javac.api=ALL-UNNAMED, --add-exports=jdk.compiler/com.sun.tools.javac.util=ALL-UNNAMED, --add-opens=java.base/java.nio.charset=ALL-UNNAMED, --add-opens=java.base/java.net=ALL-UNNAMED, --add-opens=java.base/java.util.concurrent.atomic=ALL-UNNAMED, -Xmx4096m, -Dfile.encoding=UTF-8, -Duser.country=TR, -Duser.language=tr, -Duser.variant], applyInstrumentationAgent=true, nativeServicesMode=ENABLED, priority=NORMAL}
[        ] Actual: DefaultDaemonContext[uid=f7ea5bff-a376-438b-810f-0512afd4c8a6,javaHome=C:\Program Files\Android\Android Studio\jbr,javaVersion=21,javaVendor=JetBrains s.r.o.,daemonRegistryDir=C:\poke\.gradle\daemon,pid=29040,idleTimeout=10800000,priority=NORMAL,applyInstrumentationAgent=true,nativeServicesMode=ENABLED,daemonOpts=--add-opens=java.base/java.util=ALL-UNNAMED,--add-opens=java.base/java.lang=ALL-UNNAMED,--add-opens=java.base/java.lang.invoke=ALL-UNNAMED,--add-opens=java.prefs/java.util.prefs=ALL-UNNAMED,--add-exports=jdk.compiler/com.sun.tools.javac.api=ALL-UNNAMED,--add-exports=jdk.compiler/com.sun.tools.javac.util=ALL-UNNAMED,--add-opens=java.base/java.nio.charset=ALL-UNNAMED,--add-opens=java.base/java.net=ALL-UNNAMED,--add-opens=java.base/java.util.concurrent.atomic=ALL-UNNAMED,-XX:MaxMetaspaceSize=384m,-XX:+HeapDumpOnOutOfMemoryError,-Xms256m,-Xmx512m,-Dfile.encoding=UTF-8,-Duser.country=TR,-Duser.language=tr,-Duser.variant]
[        ]   Looking for a different daemon...
[        ] Found daemon DaemonInfo{pid=34568, address=[2bb28961-8b94-4240-9a63-88d7314535ba port:53837, addresses:[/127.0.0.1]], state=Idle, lastBusy=1781968828503, context=DefaultDaemonContext[uid=5fbc4981-4ceb-48c9-9a44-279a3a778039,javaHome=C:\Program Files\Android\Android Studio\jbr,javaVersion=21,javaVendor=JetBrains s.r.o.,daemonRegistryDir=C:\poke\.gradle\daemon,pid=34568,idleTimeout=10800000,priority=NORMAL,applyInstrumentationAgent=true,nativeServicesMode=ENABLED,daemonOpts=-XX:MaxMetaspaceSize=512m,--add-opens=java.base/java.util=ALL-UNNAMED,--add-opens=java.base/java.lang=ALL-UNNAMED,--add-opens=java.base/java.lang.invoke=ALL-UNNAMED,--add-opens=java.prefs/java.util.prefs=ALL-UNNAMED,--add-exports=jdk.compiler/com.sun.tools.javac.api=ALL-UNNAMED,--add-exports=jdk.compiler/com.sun.tools.javac.util=ALL-UNNAMED,--add-opens=java.base/java.nio.charset=ALL-UNNAMED,--add-opens=java.base/java.net=ALL-UNNAMED,--add-opens=java.base/java.util.concurrent.atomic=ALL-UNNAMED,-Xmx4096m,-Dfile.encoding=utf8,-Duser.country=TR,-Duser.language=tr,-Duser.variant]} however its context does not match the desired criteria.
[        ] At least one daemon option is different.
[        ] Wanted: DaemonRequestContext{jvmCriteria=C:\Program Files\Android\Android Studio\jbr (no JDK specified, using current Java home), daemonOpts=[-XX:MaxMetaspaceSize=512m, --add-opens=java.base/java.util=ALL-UNNAMED, --add-opens=java.base/java.lang=ALL-UNNAMED, --add-opens=java.base/java.lang.invoke=ALL-UNNAMED, --add-opens=java.prefs/java.util.prefs=ALL-UNNAMED, --add-exports=jdk.compiler/com.sun.tools.javac.api=ALL-UNNAMED, --add-exports=jdk.compiler/com.sun.tools.javac.util=ALL-UNNAMED, --add-opens=java.base/java.nio.charset=ALL-UNNAMED, --add-opens=java.base/java.net=ALL-UNNAMED, --add-opens=java.base/java.util.concurrent.atomic=ALL-UNNAMED, -Xmx4096m, -Dfile.encoding=UTF-8, -Duser.country=TR, -Duser.language=tr, -Duser.variant], applyInstrumentationAgent=true, nativeServicesMode=ENABLED, priority=NORMAL}
[        ] Actual: DefaultDaemonContext[uid=5fbc4981-4ceb-48c9-9a44-279a3a778039,javaHome=C:\Program Files\Android\Android Studio\jbr,javaVersion=21,javaVendor=JetBrains s.r.o.,daemonRegistryDir=C:\poke\.gradle\daemon,pid=34568,idleTimeout=10800000,priority=NORMAL,applyInstrumentationAgent=true,nativeServicesMode=ENABLED,daemonOpts=-XX:MaxMetaspaceSize=512m,--add-opens=java.base/java.util=ALL-UNNAMED,--add-opens=java.base/java.lang=ALL-UNNAMED,--add-opens=java.base/java.lang.invoke=ALL-UNNAMED,--add-opens=java.prefs/java.util.prefs=ALL-UNNAMED,--add-exports=jdk.compiler/com.sun.tools.javac.api=ALL-UNNAMED,--add-exports=jdk.compiler/com.sun.tools.javac.util=ALL-UNNAMED,--add-opens=java.base/java.nio.charset=ALL-UNNAMED,--add-opens=java.base/java.net=ALL-UNNAMED,--add-opens=java.base/java.util.concurrent.atomic=ALL-UNNAMED,-Xmx4096m,-Dfile.encoding=utf8,-Duser.country=TR,-Duser.language=tr,-Duser.variant]
[        ]   Looking for a different daemon...
[        ] Found daemon DaemonInfo{pid=35532, address=[cbd25478-f238-4172-9cbf-7c3621de5806 port:56145, addresses:[/127.0.0.1]], state=Idle, lastBusy=1781968954247, context=DefaultDaemonContext[uid=c073e6ae-1ca6-4eac-a2cc-57a9b2216482,javaHome=C:\Users\┼şug─▒r mami\.vscode\extensions\redhat.java-1.54.0-win32-x64\jre\21.0.10-win32-x86_64,javaVersion=21,javaVendor=Eclipse Adoptium,daemonRegistryDir=C:\poke\.gradle\daemon,pid=35532,idleTimeout=10800000,priority=NORMAL,applyInstrumentationAgent=true,nativeServicesMode=ENABLED,daemonOpts=-XX:MaxMetaspaceSize=512m,--add-opens=java.base/java.util=ALL-UNNAMED,--add-opens=java.base/java.lang=ALL-UNNAMED,--add-opens=java.base/java.lang.invoke=ALL-UNNAMED,--add-opens=java.prefs/java.util.prefs=ALL-UNNAMED,--add-exports=jdk.compiler/com.sun.tools.javac.api=ALL-UNNAMED,--add-exports=jdk.compiler/com.sun.tools.javac.util=ALL-UNNAMED,--add-opens=java.base/java.nio.charset=ALL-UNNAMED,--add-opens=java.base/java.net=ALL-UNNAMED,--add-opens=java.base/java.util.concurrent.atomic=ALL-UNNAMED,-Xmx4096m,-Dfile.encoding=utf8,-Duser.country=TR,-Duser.language=tr,-Duser.variant]} however its context does not match the desired criteria.
[        ] JVM is incompatible.
[        ] Wanted: DaemonRequestContext{jvmCriteria=C:\Program Files\Android\Android Studio\jbr (no JDK specified, using current Java home), daemonOpts=[-XX:MaxMetaspaceSize=512m, --add-opens=java.base/java.util=ALL-UNNAMED, --add-opens=java.base/java.lang=ALL-UNNAMED, --add-opens=java.base/java.lang.invoke=ALL-UNNAMED, --add-opens=java.prefs/java.util.prefs=ALL-UNNAMED, --add-exports=jdk.compiler/com.sun.tools.javac.api=ALL-UNNAMED, --add-exports=jdk.compiler/com.sun.tools.javac.util=ALL-UNNAMED, --add-opens=java.base/java.nio.charset=ALL-UNNAMED, --add-opens=java.base/java.net=ALL-UNNAMED, --add-opens=java.base/java.util.concurrent.atomic=ALL-UNNAMED, -Xmx4096m, -Dfile.encoding=UTF-8, -Duser.country=TR, -Duser.language=tr, -Duser.variant], applyInstrumentationAgent=true, nativeServicesMode=ENABLED, priority=NORMAL}
[        ] Actual: DefaultDaemonContext[uid=c073e6ae-1ca6-4eac-a2cc-57a9b2216482,javaHome=C:\Users\┼şug─▒r mami\.vscode\extensions\redhat.java-1.54.0-win32-x64\jre\21.0.10-win32-x86_64,javaVersion=21,javaVendor=Eclipse Adoptium,daemonRegistryDir=C:\poke\.gradle\daemon,pid=35532,idleTimeout=10800000,priority=NORMAL,applyInstrumentationAgent=true,nativeServicesMode=ENABLED,daemonOpts=-XX:MaxMetaspaceSize=512m,--add-opens=java.base/java.util=ALL-UNNAMED,--add-opens=java.base/java.lang=ALL-UNNAMED,--add-opens=java.base/java.lang.invoke=ALL-UNNAMED,--add-opens=java.prefs/java.util.prefs=ALL-UNNAMED,--add-exports=jdk.compiler/com.sun.tools.javac.api=ALL-UNNAMED,--add-exports=jdk.compiler/com.sun.tools.javac.util=ALL-UNNAMED,--add-opens=java.base/java.nio.charset=ALL-UNNAMED,--add-opens=java.base/java.net=ALL-UNNAMED,--add-opens=java.base/java.util.concurrent.atomic=ALL-UNNAMED,-Xmx4096m,-Dfile.encoding=utf8,-Duser.country=TR,-Duser.language=tr,-Duser.variant]
[        ]   Looking for a different daemon...
[        ] The client will now receive all logging from the daemon (pid: 27284). The daemon log file: C:\poke\.gradle\daemon\8.10\daemon-27284.out.log
[        ] Starting 26th build in daemon [uptime: 1 hrs 51 mins 43.724 secs, performance: 100%, GC rate: 0.00/s, heap usage: 0% of 4 GiB, non-heap usage: 59% of 512 MiB]
[        ] Using 24 worker leases.
[        ] Now considering [C:\poke\color_world\android, C:\src\flutter\packages\flutter_tools\gradle] as hierarchies to watch
[        ] Watching the file system is configured to be enabled if available
[        ] File system watching is active
[  +93 ms] Starting Build
[        ] Now considering [C:\src\flutter\packages\flutter_tools\gradle, C:\poke\color_world\android] as hierarchies to watch
[   +1 ms] > Configure project :gradle
[        ] Evaluating project ':gradle' using build file 'C:\src\flutter\packages\flutter_tools\gradle\build.gradle.kts'.
[        ] Transforming gradle-kotlin-dsl-plugins-4.5.0.jar (org.gradle.kotlin:gradle-kotlin-dsl-plugins:4.5.0) with InstrumentationAnalysisTransform
[        ] Transforming kotlin-stdlib-1.9.24.jar (org.jetbrains.kotlin:kotlin-stdlib:1.9.24) with InstrumentationAnalysisTransform
[        ] Transforming annotations-13.0.jar (org.jetbrains:annotations:13.0) with InstrumentationAnalysisTransform
[        ] Transforming kotlin-sam-with-receiver-2.2.20-gradle88.jar (org.jetbrains.kotlin:kotlin-sam-with-receiver:2.2.20) with InstrumentationAnalysisTransform
[        ] Transforming kotlin-assignment-2.2.20-gradle88.jar (org.jetbrains.kotlin:kotlin-assignment:2.2.20) with InstrumentationAnalysisTransform
[        ] Transforming kotlin-gradle-plugin-model-2.2.20.jar (org.jetbrains.kotlin:kotlin-gradle-plugin-model:2.2.20) with InstrumentationAnalysisTransform
[        ] Transforming fus-statistics-gradle-plugin-2.2.20-gradle88.jar (org.jetbrains.kotlin:fus-statistics-gradle-plugin:2.2.20) with InstrumentationAnalysisTransform
[        ] Transforming kotlin-gradle-plugin-api-2.2.20.jar (org.jetbrains.kotlin:kotlin-gradle-plugin-api:2.2.20) with InstrumentationAnalysisTransform
[        ] Transforming kotlin-gradle-plugin-api-2.2.20-gradle88.jar (org.jetbrains.kotlin:kotlin-gradle-plugin-api:2.2.20) with InstrumentationAnalysisTransform
[        ] Transforming kotlin-gradle-plugin-2.2.20-gradle88.jar (org.jetbrains.kotlin:kotlin-gradle-plugin:2.2.20) with InstrumentationAnalysisTransform
[        ] Transforming kotlin-gradle-plugin-idea-proto-2.2.20.jar (org.jetbrains.kotlin:kotlin-gradle-plugin-idea-proto:2.2.20) with InstrumentationAnalysisTransform
[        ] Transforming kotlin-gradle-plugin-idea-2.2.20.jar (org.jetbrains.kotlin:kotlin-gradle-plugin-idea:2.2.20) with InstrumentationAnalysisTransform
[        ] Transforming kotlin-klib-commonizer-api-2.2.20.jar (org.jetbrains.kotlin:kotlin-klib-commonizer-api:2.2.20) with InstrumentationAnalysisTransform
[        ] Transforming kotlin-build-statistics-2.2.20.jar (org.jetbrains.kotlin:kotlin-build-statistics:2.2.20) with InstrumentationAnalysisTransform
[        ] Transforming kotlin-util-klib-metadata-2.2.20.jar (org.jetbrains.kotlin:kotlin-util-klib-metadata:2.2.20) with InstrumentationAnalysisTransform
[        ] Transforming abi-tools-api-2.2.20.jar (org.jetbrains.kotlin:abi-tools-api:2.2.20) with InstrumentationAnalysisTransform
[        ] Transforming kotlin-compiler-runner-2.2.20.jar (org.jetbrains.kotlin:kotlin-compiler-runner:2.2.20) with InstrumentationAnalysisTransform
[        ] Transforming kotlin-gradle-plugin-annotations-2.2.20.jar (org.jetbrains.kotlin:kotlin-gradle-plugin-annotations:2.2.20) with InstrumentationAnalysisTransform
[        ] Transforming kotlin-native-utils-2.2.20.jar (org.jetbrains.kotlin:kotlin-native-utils:2.2.20) with InstrumentationAnalysisTransform
[        ] Transforming kotlin-tooling-core-2.2.20.jar (org.jetbrains.kotlin:kotlin-tooling-core:2.2.20) with InstrumentationAnalysisTransform
[        ] Transforming kotlin-build-tools-api-2.2.20.jar (org.jetbrains.kotlin:kotlin-build-tools-api:2.2.20) with InstrumentationAnalysisTransform
[        ] Transforming gson-2.11.0.jar (com.google.code.gson:gson:2.11.0) with InstrumentationAnalysisTransform
[        ] Transforming kotlin-util-klib-2.2.20.jar (org.jetbrains.kotlin:kotlin-util-klib:2.2.20) with InstrumentationAnalysisTransform
[        ] Transforming kotlin-util-io-2.2.20.jar (org.jetbrains.kotlin:kotlin-util-io:2.2.20) with InstrumentationAnalysisTransform
[        ] Transforming kotlin-daemon-client-2.2.20.jar (org.jetbrains.kotlin:kotlin-daemon-client:2.2.20) with InstrumentationAnalysisTransform
[        ] Transforming kotlinx-coroutines-core-jvm-1.8.0.jar (org.jetbrains.kotlinx:kotlinx-coroutines-core-jvm:1.8.0) with InstrumentationAnalysisTransform
[        ] Transforming error_prone_annotations-2.27.0.jar (com.google.errorprone:error_prone_annotations:2.27.0) with InstrumentationAnalysisTransform
[        ] Transforming gradle-kotlin-dsl-plugins-4.5.0.jar (org.gradle.kotlin:gradle-kotlin-dsl-plugins:4.5.0) with InstrumentationAnalysisTransform
[        ] Transforming gradle-kotlin-dsl-plugins-4.5.0.jar (org.gradle.kotlin:gradle-kotlin-dsl-plugins:4.5.0) with MergeInstrumentationAnalysisTransform
[        ] Transforming kotlin-stdlib-1.9.24.jar (org.jetbrains.kotlin:kotlin-stdlib:1.9.24) with InstrumentationAnalysisTransform
[        ] Transforming kotlin-stdlib-1.9.24.jar (org.jetbrains.kotlin:kotlin-stdlib:1.9.24) with MergeInstrumentationAnalysisTransform
[        ] Transforming annotations-13.0.jar (org.jetbrains:annotations:13.0) with InstrumentationAnalysisTransform
[        ] Transforming annotations-13.0.jar (org.jetbrains:annotations:13.0) with MergeInstrumentationAnalysisTransform
[        ] Transforming gradle-kotlin-dsl-plugins-4.5.0.jar (org.gradle.kotlin:gradle-kotlin-dsl-plugins:4.5.0) with ExternalDependencyInstrumentingArtifactTransform
[        ] Transforming kotlin-sam-with-receiver-2.2.20-gradle88.jar (org.jetbrains.kotlin:kotlin-sam-with-receiver:2.2.20) with InstrumentationAnalysisTransform
[        ] Transforming kotlin-sam-with-receiver-2.2.20-gradle88.jar (org.jetbrains.kotlin:kotlin-sam-with-receiver:2.2.20) with MergeInstrumentationAnalysisTransform
[        ] Transforming annotations-13.0.jar (org.jetbrains:annotations:13.0) with ExternalDependencyInstrumentingArtifactTransform
[        ] Transforming kotlin-stdlib-1.9.24.jar (org.jetbrains.kotlin:kotlin-stdlib:1.9.24) with ExternalDependencyInstrumentingArtifactTransform
[        ] Transforming kotlin-assignment-2.2.20-gradle88.jar (org.jetbrains.kotlin:kotlin-assignment:2.2.20) with InstrumentationAnalysisTransform
[        ] Transforming kotlin-assignment-2.2.20-gradle88.jar (org.jetbrains.kotlin:kotlin-assignment:2.2.20) with MergeInstrumentationAnalysisTransform
[        ] Transforming kotlin-sam-with-receiver-2.2.20-gradle88.jar (org.jetbrains.kotlin:kotlin-sam-with-receiver:2.2.20) with ExternalDependencyInstrumentingArtifactTransform
[        ] Transforming kotlin-gradle-plugin-model-2.2.20.jar (org.jetbrains.kotlin:kotlin-gradle-plugin-model:2.2.20) with InstrumentationAnalysisTransform
[        ] Transforming kotlin-gradle-plugin-model-2.2.20.jar (org.jetbrains.kotlin:kotlin-gradle-plugin-model:2.2.20) with MergeInstrumentationAnalysisTransform
[        ] Transforming kotlin-assignment-2.2.20-gradle88.jar (org.jetbrains.kotlin:kotlin-assignment:2.2.20) with ExternalDependencyInstrumentingArtifactTransform
[        ] Transforming fus-statistics-gradle-plugin-2.2.20-gradle88.jar (org.jetbrains.kotlin:fus-statistics-gradle-plugin:2.2.20) with InstrumentationAnalysisTransform
[        ] Transforming fus-statistics-gradle-plugin-2.2.20-gradle88.jar (org.jetbrains.kotlin:fus-statistics-gradle-plugin:2.2.20) with MergeInstrumentationAnalysisTransform
[        ] Transforming kotlin-gradle-plugin-model-2.2.20.jar (org.jetbrains.kotlin:kotlin-gradle-plugin-model:2.2.20) with ExternalDependencyInstrumentingArtifactTransform
[        ] Transforming kotlin-gradle-plugin-api-2.2.20.jar (org.jetbrains.kotlin:kotlin-gradle-plugin-api:2.2.20) with InstrumentationAnalysisTransform
[        ] Transforming kotlin-gradle-plugin-api-2.2.20.jar (org.jetbrains.kotlin:kotlin-gradle-plugin-api:2.2.20) with MergeInstrumentationAnalysisTransform
[        ] Transforming fus-statistics-gradle-plugin-2.2.20-gradle88.jar (org.jetbrains.kotlin:fus-statistics-gradle-plugin:2.2.20) with ExternalDependencyInstrumentingArtifactTransform
[        ] Transforming kotlin-gradle-plugin-api-2.2.20-gradle88.jar (org.jetbrains.kotlin:kotlin-gradle-plugin-api:2.2.20) with InstrumentationAnalysisTransform
[        ] Transforming kotlin-gradle-plugin-api-2.2.20-gradle88.jar (org.jetbrains.kotlin:kotlin-gradle-plugin-api:2.2.20) with MergeInstrumentationAnalysisTransform
[        ] Transforming kotlin-gradle-plugin-api-2.2.20.jar (org.jetbrains.kotlin:kotlin-gradle-plugin-api:2.2.20) with ExternalDependencyInstrumentingArtifactTransform
[        ] Transforming kotlin-gradle-plugin-2.2.20-gradle88.jar (org.jetbrains.kotlin:kotlin-gradle-plugin:2.2.20) with InstrumentationAnalysisTransform
[        ] Transforming kotlin-gradle-plugin-2.2.20-gradle88.jar (org.jetbrains.kotlin:kotlin-gradle-plugin:2.2.20) with MergeInstrumentationAnalysisTransform
[        ] Transforming kotlin-gradle-plugin-api-2.2.20-gradle88.jar (org.jetbrains.kotlin:kotlin-gradle-plugin-api:2.2.20) with ExternalDependencyInstrumentingArtifactTransform
[        ] Transforming kotlin-gradle-plugin-idea-proto-2.2.20.jar (org.jetbrains.kotlin:kotlin-gradle-plugin-idea-proto:2.2.20) with InstrumentationAnalysisTransform
[        ] Transforming kotlin-gradle-plugin-idea-proto-2.2.20.jar (org.jetbrains.kotlin:kotlin-gradle-plugin-idea-proto:2.2.20) with MergeInstrumentationAnalysisTransform
[        ] Transforming kotlin-gradle-plugin-2.2.20-gradle88.jar (org.jetbrains.kotlin:kotlin-gradle-plugin:2.2.20) with ExternalDependencyInstrumentingArtifactTransform
[        ] Transforming kotlin-gradle-plugin-idea-2.2.20.jar (org.jetbrains.kotlin:kotlin-gradle-plugin-idea:2.2.20) with InstrumentationAnalysisTransform
[        ] Transforming kotlin-gradle-plugin-idea-2.2.20.jar (org.jetbrains.kotlin:kotlin-gradle-plugin-idea:2.2.20) with MergeInstrumentationAnalysisTransform
[        ] Transforming kotlin-gradle-plugin-idea-proto-2.2.20.jar (org.jetbrains.kotlin:kotlin-gradle-plugin-idea-proto:2.2.20) with ExternalDependencyInstrumentingArtifactTransform
[        ] Transforming kotlin-klib-commonizer-api-2.2.20.jar (org.jetbrains.kotlin:kotlin-klib-commonizer-api:2.2.20) with InstrumentationAnalysisTransform
[        ] Transforming kotlin-klib-commonizer-api-2.2.20.jar (org.jetbrains.kotlin:kotlin-klib-commonizer-api:2.2.20) with MergeInstrumentationAnalysisTransform
[        ] Transforming kotlin-gradle-plugin-idea-2.2.20.jar (org.jetbrains.kotlin:kotlin-gradle-plugin-idea:2.2.20) with ExternalDependencyInstrumentingArtifactTransform
[        ] Transforming kotlin-build-statistics-2.2.20.jar (org.jetbrains.kotlin:kotlin-build-statistics:2.2.20) with InstrumentationAnalysisTransform
[        ] Transforming kotlin-build-statistics-2.2.20.jar (org.jetbrains.kotlin:kotlin-build-statistics:2.2.20) with MergeInstrumentationAnalysisTransform
[        ] Transforming kotlin-klib-commonizer-api-2.2.20.jar (org.jetbrains.kotlin:kotlin-klib-commonizer-api:2.2.20) with ExternalDependencyInstrumentingArtifactTransform
[        ] Transforming kotlin-util-klib-metadata-2.2.20.jar (org.jetbrains.kotlin:kotlin-util-klib-metadata:2.2.20) with InstrumentationAnalysisTransform
[        ] Transforming kotlin-util-klib-metadata-2.2.20.jar (org.jetbrains.kotlin:kotlin-util-klib-metadata:2.2.20) with MergeInstrumentationAnalysisTransform
[        ] Transforming kotlin-build-statistics-2.2.20.jar (org.jetbrains.kotlin:kotlin-build-statistics:2.2.20) with ExternalDependencyInstrumentingArtifactTransform
[        ] Transforming abi-tools-api-2.2.20.jar (org.jetbrains.kotlin:abi-tools-api:2.2.20) with InstrumentationAnalysisTransform
[        ] Transforming abi-tools-api-2.2.20.jar (org.jetbrains.kotlin:abi-tools-api:2.2.20) with MergeInstrumentationAnalysisTransform
[        ] Transforming kotlin-util-klib-metadata-2.2.20.jar (org.jetbrains.kotlin:kotlin-util-klib-metadata:2.2.20) with ExternalDependencyInstrumentingArtifactTransform
[        ] Transforming kotlin-compiler-runner-2.2.20.jar (org.jetbrains.kotlin:kotlin-compiler-runner:2.2.20) with InstrumentationAnalysisTransform
[        ] Transforming kotlin-compiler-runner-2.2.20.jar (org.jetbrains.kotlin:kotlin-compiler-runner:2.2.20) with MergeInstrumentationAnalysisTransform
[        ] Transforming abi-tools-api-2.2.20.jar (org.jetbrains.kotlin:abi-tools-api:2.2.20) with ExternalDependencyInstrumentingArtifactTransform
[        ] Transforming kotlin-gradle-plugin-annotations-2.2.20.jar (org.jetbrains.kotlin:kotlin-gradle-plugin-annotations:2.2.20) with InstrumentationAnalysisTransform
[        ] Transforming kotlin-gradle-plugin-annotations-2.2.20.jar (org.jetbrains.kotlin:kotlin-gradle-plugin-annotations:2.2.20) with MergeInstrumentationAnalysisTransform
[        ] Transforming kotlin-compiler-runner-2.2.20.jar (org.jetbrains.kotlin:kotlin-compiler-runner:2.2.20) with ExternalDependencyInstrumentingArtifactTransform
[        ] Transforming kotlin-native-utils-2.2.20.jar (org.jetbrains.kotlin:kotlin-native-utils:2.2.20) with InstrumentationAnalysisTransform
[        ] Transforming kotlin-native-utils-2.2.20.jar (org.jetbrains.kotlin:kotlin-native-utils:2.2.20) with MergeInstrumentationAnalysisTransform
[        ] Transforming kotlin-gradle-plugin-annotations-2.2.20.jar (org.jetbrains.kotlin:kotlin-gradle-plugin-annotations:2.2.20) with ExternalDependencyInstrumentingArtifactTransform
[        ] Transforming kotlin-tooling-core-2.2.20.jar (org.jetbrains.kotlin:kotlin-tooling-core:2.2.20) with InstrumentationAnalysisTransform
[        ] Transforming kotlin-tooling-core-2.2.20.jar (org.jetbrains.kotlin:kotlin-tooling-core:2.2.20) with MergeInstrumentationAnalysisTransform
[        ] Transforming kotlin-native-utils-2.2.20.jar (org.jetbrains.kotlin:kotlin-native-utils:2.2.20) with ExternalDependencyInstrumentingArtifactTransform
[        ] Transforming kotlin-build-tools-api-2.2.20.jar (org.jetbrains.kotlin:kotlin-build-tools-api:2.2.20) with InstrumentationAnalysisTransform
[        ] Transforming kotlin-build-tools-api-2.2.20.jar (org.jetbrains.kotlin:kotlin-build-tools-api:2.2.20) with MergeInstrumentationAnalysisTransform
[        ] Transforming kotlin-tooling-core-2.2.20.jar (org.jetbrains.kotlin:kotlin-tooling-core:2.2.20) with ExternalDependencyInstrumentingArtifactTransform
[        ] Transforming gson-2.11.0.jar (com.google.code.gson:gson:2.11.0) with InstrumentationAnalysisTransform
[        ] Transforming gson-2.11.0.jar (com.google.code.gson:gson:2.11.0) with MergeInstrumentationAnalysisTransform
[        ] Transforming kotlin-build-tools-api-2.2.20.jar (org.jetbrains.kotlin:kotlin-build-tools-api:2.2.20) with ExternalDependencyInstrumentingArtifactTransform
[        ] Transforming kotlin-util-klib-2.2.20.jar (org.jetbrains.kotlin:kotlin-util-klib:2.2.20) with InstrumentationAnalysisTransform
[        ] Transforming kotlin-util-klib-2.2.20.jar (org.jetbrains.kotlin:kotlin-util-klib:2.2.20) with MergeInstrumentationAnalysisTransform
[        ] Transforming gson-2.11.0.jar (com.google.code.gson:gson:2.11.0) with ExternalDependencyInstrumentingArtifactTransform
[        ] Transforming kotlin-util-io-2.2.20.jar (org.jetbrains.kotlin:kotlin-util-io:2.2.20) with InstrumentationAnalysisTransform
[        ] Transforming kotlin-util-io-2.2.20.jar (org.jetbrains.kotlin:kotlin-util-io:2.2.20) with MergeInstrumentationAnalysisTransform
[        ] Transforming kotlin-daemon-client-2.2.20.jar (org.jetbrains.kotlin:kotlin-daemon-client:2.2.20) with InstrumentationAnalysisTransform
[        ] Transforming kotlin-util-klib-2.2.20.jar (org.jetbrains.kotlin:kotlin-util-klib:2.2.20) with ExternalDependencyInstrumentingArtifactTransform
[        ] Transforming kotlin-daemon-client-2.2.20.jar (org.jetbrains.kotlin:kotlin-daemon-client:2.2.20) with MergeInstrumentationAnalysisTransform
[        ] Transforming kotlinx-coroutines-core-jvm-1.8.0.jar (org.jetbrains.kotlinx:kotlinx-coroutines-core-jvm:1.8.0) with InstrumentationAnalysisTransform
[        ] Transforming kotlinx-coroutines-core-jvm-1.8.0.jar (org.jetbrains.kotlinx:kotlinx-coroutines-core-jvm:1.8.0) with MergeInstrumentationAnalysisTransform
[        ] Transforming kotlin-util-io-2.2.20.jar (org.jetbrains.kotlin:kotlin-util-io:2.2.20) with ExternalDependencyInstrumentingArtifactTransform
[        ] Transforming kotlin-daemon-client-2.2.20.jar (org.jetbrains.kotlin:kotlin-daemon-client:2.2.20) with ExternalDependencyInstrumentingArtifactTransform
[        ] Transforming error_prone_annotations-2.27.0.jar (com.google.errorprone:error_prone_annotations:2.27.0) with InstrumentationAnalysisTransform
[        ] Transforming kotlinx-coroutines-core-jvm-1.8.0.jar (org.jetbrains.kotlinx:kotlinx-coroutines-core-jvm:1.8.0) with ExternalDependencyInstrumentingArtifactTransform
[        ] Transforming error_prone_annotations-2.27.0.jar (com.google.errorprone:error_prone_annotations:2.27.0) with MergeInstrumentationAnalysisTransform
[        ] Transforming error_prone_annotations-2.27.0.jar (com.google.errorprone:error_prone_annotations:2.27.0) with ExternalDependencyInstrumentingArtifactTransform
[        ] Build f508dbb4-a5ff-436a-8474-72edf1636139 is started
[        ] Using Kotlin Gradle Plugin gradle88 variant
[        ] kotlin scripting plugin: created the scripting discovery configuration: kotlinScriptDef
[        ] kotlin scripting plugin: created the scripting discovery configuration: testKotlinScriptDef
[        ] WARNING: Unsupported Kotlin plugin version.
[        ] The `embedded-kotlin` and `kotlin-dsl` plugins rely on features of Kotlin `1.9.24` that might work differently than in the requested version `2.2.20`.
[        ] file or directory 'C:\src\flutter\packages\flutter_tools\gradle\src\main\java', not found
[        ] Resolve mutations for :gradle:checkKotlinGradlePluginConfigurationErrors (Thread[#8283,Execution worker,5,main]) started.
[        ] :gradle:checkKotlinGradlePluginConfigurationErrors (Thread[#8285,Execution worker Thread 3,5,main]) started.
[        ] > Task :gradle:checkKotlinGradlePluginConfigurationErrors SKIPPED
[        ] Skipping task ':gradle:checkKotlinGradlePluginConfigurationErrors' as task onlyIf 'errorDiagnostics are present' is false.
[        ] Resolve mutations for :gradle:compileKotlin (Thread[#8285,Execution worker Thread 3,5,main]) started.
[        ] :gradle:compileKotlin (Thread[#8303,Execution worker Thread 20,5,main]) started.
[ +101 ms] > Task :gradle:compileKotlin UP-TO-DATE
[        ] Transforming gradle-api-8.10.jar with BuildToolsApiClasspathEntrySnapshotTransform
[        ] Transforming groovy-3.0.22.jar with BuildToolsApiClasspathEntrySnapshotTransform
[        ] Transforming groovy-ant-3.0.22.jar with BuildToolsApiClasspathEntrySnapshotTransform
[        ] Transforming groovy-astbuilder-3.0.22.jar with BuildToolsApiClasspathEntrySnapshotTransform
[        ] Transforming groovy-console-3.0.22.jar with BuildToolsApiClasspathEntrySnapshotTransform
[        ] Transforming groovy-datetime-3.0.22.jar with BuildToolsApiClasspathEntrySnapshotTransform
[        ] Transforming groovy-dateutil-3.0.22.jar with BuildToolsApiClasspathEntrySnapshotTransform
[        ] Transforming groovy-groovydoc-3.0.22.jar with BuildToolsApiClasspathEntrySnapshotTransform
[        ] Transforming groovy-json-3.0.22.jar with BuildToolsApiClasspathEntrySnapshotTransform
[        ] Transforming groovy-nio-3.0.22.jar with BuildToolsApiClasspathEntrySnapshotTransform
[        ] Transforming groovy-sql-3.0.22.jar with BuildToolsApiClasspathEntrySnapshotTransform
[        ] Transforming groovy-templates-3.0.22.jar with BuildToolsApiClasspathEntrySnapshotTransform
[        ] Transforming groovy-test-3.0.22.jar with BuildToolsApiClasspathEntrySnapshotTransform
[        ] Transforming groovy-xml-3.0.22.jar with BuildToolsApiClasspathEntrySnapshotTransform
[        ] Transforming javaparser-core-3.17.0.jar with BuildToolsApiClasspathEntrySnapshotTransform
[        ] Transforming kotlin-reflect-1.9.24.jar with BuildToolsApiClasspathEntrySnapshotTransform
[        ] Transforming kotlin-stdlib-1.9.24.jar with BuildToolsApiClasspathEntrySnapshotTransform
[        ] Transforming gradle-installation-beacon-8.10.jar with BuildToolsApiClasspathEntrySnapshotTransform
[        ] Transforming gradle-kotlin-dsl-extensions-8.10.jar with BuildToolsApiClasspathEntrySnapshotTransform
[        ] Transforming gradle-kotlin-dsl-8.10.jar with BuildToolsApiClasspathEntrySnapshotTransform
[        ] Transforming gradle-kotlin-dsl-shared-runtime-8.10.jar with BuildToolsApiClasspathEntrySnapshotTransform
[        ] Transforming gradle-kotlin-dsl-tooling-models-8.10.jar with BuildToolsApiClasspathEntrySnapshotTransform
[        ] Transforming annotation-jvm-1.9.1.jar with BuildToolsApiClasspathEntrySnapshotTransform
[        ] Transforming gradle-8.11.1.jar with BuildToolsApiClasspathEntrySnapshotTransform
[        ] Transforming kotlin-reflect-1.9.24.jar with BuildToolsApiClasspathEntrySnapshotTransform
[        ] Transforming kotlinx-serialization-json-jvm-1.4.0.jar with BuildToolsApiClasspathEntrySnapshotTransform
[        ] Transforming kotlinx-serialization-core-jvm-1.4.0.jar with BuildToolsApiClasspathEntrySnapshotTransform
[        ] Transforming kotlin-stdlib-jdk8-1.8.0.jar with BuildToolsApiClasspathEntrySnapshotTransform
[        ] Transforming kotlin-stdlib-jdk7-1.8.0.jar with BuildToolsApiClasspathEntrySnapshotTransform
[        ] Transforming kotlin-stdlib-1.9.24.jar with BuildToolsApiClasspathEntrySnapshotTransform
[        ] Transforming kotlin-gradle-plugin-model-2.0.0.jar with BuildToolsApiClasspathEntrySnapshotTransform
[        ] Transforming kotlin-gradle-plugin-api-2.0.0.jar with BuildToolsApiClasspathEntrySnapshotTransform
[        ] Transforming kotlin-gradle-plugin-2.0.0-gradle85.jar with BuildToolsApiClasspathEntrySnapshotTransform
[        ] Transforming builder-8.11.1.jar with BuildToolsApiClasspathEntrySnapshotTransform
[        ] Transforming builder-model-8.11.1.jar with BuildToolsApiClasspathEntrySnapshotTransform
[        ] Transforming gradle-api-8.11.1.jar with BuildToolsApiClasspathEntrySnapshotTransform
[        ] Transforming annotations-13.0.jar with BuildToolsApiClasspathEntrySnapshotTransform
[        ] Transforming manifest-merger-31.11.1.jar with BuildToolsApiClasspathEntrySnapshotTransform
[        ] Transforming zipflinger-8.11.1.jar with BuildToolsApiClasspathEntrySnapshotTransform
[        ] Transforming apksig-8.11.1.jar with BuildToolsApiClasspathEntrySnapshotTransform
[        ] Transforming apkzlib-8.11.1.jar with BuildToolsApiClasspathEntrySnapshotTransform
[        ] Transforming javawriter-2.5.0.jar with BuildToolsApiClasspathEntrySnapshotTransform
[        ] Transforming asm-9.7.1.jar with BuildToolsApiClasspathEntrySnapshotTransform
[        ] Transforming kotlin-gradle-plugin-annotations-2.0.0.jar with BuildToolsApiClasspathEntrySnapshotTransform
[        ] Transforming kotlin-native-utils-2.0.0.jar with BuildToolsApiClasspathEntrySnapshotTransform
[        ] Transforming kotlin-tooling-core-2.0.0.jar with BuildToolsApiClasspathEntrySnapshotTransform
[        ] Transforming kotlin-util-klib-2.0.0.jar with BuildToolsApiClasspathEntrySnapshotTransform
[        ] Transforming kotlin-util-io-2.0.0.jar with BuildToolsApiClasspathEntrySnapshotTransform
[        ] Caching disabled for task ':gradle:compileKotlin' because:
[        ]   Build cache is disabled
[        ] Skipping task ':gradle:compileKotlin' as it is up-to-date.
[        ] Resolve mutations for :gradle:compileJava (Thread[#8303,Execution worker Thread 20,5,main]) started.
[        ] :gradle:compileJava (Thread[#8293,Execution worker Thread 11,5,main]) started.
[        ] > Task :gradle:compileJava NO-SOURCE
[        ] Skipping task ':gradle:compileJava' as it has no source files and no previous output files.
[        ] Resolve mutations for :gradle:compileGroovy (Thread[#8293,Execution worker Thread 11,5,main]) started.
[        ] :gradle:compileGroovy (Thread[#8293,Execution worker Thread 11,5,main]) started.
[        ] > Task :gradle:compileGroovy NO-SOURCE
[        ] Skipping task ':gradle:compileGroovy' as it has no source files and no previous output files.
[        ] Resolve mutations for :gradle:pluginDescriptors (Thread[#8293,Execution worker Thread 11,5,main]) started.
[        ] :gradle:pluginDescriptors (Thread[#8293,Execution worker Thread 11,5,main]) started.
[        ] > Task :gradle:pluginDescriptors UP-TO-DATE
[        ] Caching disabled for task ':gradle:pluginDescriptors' because:
[        ]   Build cache is disabled
[        ]   Not worth caching
[        ] Skipping task ':gradle:pluginDescriptors' as it is up-to-date.
[        ] Resolve mutations for :gradle:processResources (Thread[#8293,Execution worker Thread 11,5,main]) started.
[        ] :gradle:processResources (Thread[#8293,Execution worker Thread 11,5,main]) started.
[        ] > Task :gradle:processResources UP-TO-DATE
[        ] Caching disabled for task ':gradle:processResources' because:
[        ]   Build cache is disabled
[        ]   Not worth caching
[        ] Skipping task ':gradle:processResources' as it is up-to-date.
[        ] Resolve mutations for :gradle:classes (Thread[#8293,Execution worker Thread 11,5,main]) started.
[        ] :gradle:classes (Thread[#8303,Execution worker Thread 20,5,main]) started.
[        ] > Task :gradle:classes UP-TO-DATE
[        ] Skipping task ':gradle:classes' as it has no actions.
[        ] Resolve mutations for :gradle:jar (Thread[#8306,Execution worker Thread 23,5,main]) started.
[        ] :gradle:jar (Thread[#8302,Execution worker Thread 19,5,main]) started.
[        ] > Task :gradle:jar UP-TO-DATE
[        ] Caching disabled for task ':gradle:jar' because:
[        ]   Build cache is disabled
[        ]   Not worth caching
[        ] Skipping task ':gradle:jar' as it is up-to-date.
[        ] Transforming kotlinx-serialization-json-jvm-1.4.0.jar (org.jetbrains.kotlinx:kotlinx-serialization-json-jvm:1.4.0) with InstrumentationAnalysisTransform
[        ] Transforming gradle-8.6.0.jar (com.android.tools.build:gradle:8.6.0) with InstrumentationAnalysisTransform
[        ] Transforming gradle-settings-api-8.6.0.jar (com.android.tools.build:gradle-settings-api:8.6.0) with InstrumentationAnalysisTransform
[        ] Transforming lint-model-31.6.0.jar (com.android.tools.lint:lint-model:31.6.0) with InstrumentationAnalysisTransform
[        ] Transforming builder-8.6.0.jar (com.android.tools.build:builder:8.6.0) with InstrumentationAnalysisTransform
[        ] Transforming manifest-merger-31.6.0.jar (com.android.tools.build:manifest-merger:31.6.0) with InstrumentationAnalysisTransform
[        ] Transforming sdk-common-31.6.0.jar (com.android.tools:sdk-common:31.6.0) with InstrumentationAnalysisTransform
[        ] Transforming sdklib-31.6.0.jar (com.android.tools:sdklib:31.6.0) with InstrumentationAnalysisTransform
[        ] Transforming repository-31.6.0.jar (com.android.tools:repository:31.6.0) with InstrumentationAnalysisTransform
[        ] Transforming aaptcompiler-8.6.0.jar (com.android.tools.build:aaptcompiler:8.6.0) with InstrumentationAnalysisTransform
[        ] Transforming tracker-31.6.0.jar (com.android.tools.analytics-library:tracker:31.6.0) with InstrumentationAnalysisTransform
[        ] Transforming shared-31.6.0.jar (com.android.tools.analytics-library:shared:31.6.0) with InstrumentationAnalysisTransform
[        ] Transforming databinding-compiler-common-8.6.0.jar (androidx.databinding:databinding-compiler-common:8.6.0) with InstrumentationAnalysisTransform
[        ] Transforming android-test-plugin-host-emulator-control-proto-31.6.0.jar (com.android.tools.utp:android-test-plugin-host-emulator-control-proto:31.6.0) with InstrumentationAnalysisTransform
[        ] Transforming android-test-plugin-host-retention-proto-31.6.0.jar (com.android.tools.utp:android-test-plugin-host-retention-proto:31.6.0) with InstrumentationAnalysisTransform
[        ] Transforming builder-model-8.6.0.jar (com.android.tools.build:builder-model:8.6.0) with InstrumentationAnalysisTransform
[        ] Transforming gradle-api-8.6.0.jar (com.android.tools.build:gradle-api:8.6.0) with InstrumentationAnalysisTransform
[        ] Transforming builder-test-api-8.6.0.jar (com.android.tools.build:builder-test-api:8.6.0) with InstrumentationAnalysisTransform
[        ] Transforming ddmlib-31.6.0.jar (com.android.tools.ddms:ddmlib:31.6.0) with InstrumentationAnalysisTransform
[        ] Transforming layoutlib-api-31.6.0.jar (com.android.tools.layoutlib:layoutlib-api:31.6.0) with InstrumentationAnalysisTransform
[        ] Transforming dvlib-31.6.0.jar (com.android.tools:dvlib:31.6.0) with InstrumentationAnalysisTransform
[        ] Transforming common-31.6.0.jar (com.android.tools:common:31.6.0) with InstrumentationAnalysisTransform
[        ] Transforming kotlinx-serialization-core-jvm-1.4.0.jar (org.jetbrains.kotlinx:kotlinx-serialization-core-jvm:1.4.0) with InstrumentationAnalysisTransform
[        ] Transforming kotlin-stdlib-jdk8-1.9.20.jar (org.jetbrains.kotlin:kotlin-stdlib-jdk8:1.9.20) with InstrumentationAnalysisTransform
[        ] Transforming jetifier-processor-1.0.0-beta10.jar (com.android.tools.build.jetifier:jetifier-processor:1.0.0-beta10) with InstrumentationAnalysisTransform
[        ] Transforming jetifier-core-1.0.0-beta10.jar (com.android.tools.build.jetifier:jetifier-core:1.0.0-beta10) with InstrumentationAnalysisTransform
[        ] Transforming kotlin-reflect-1.9.24.jar (org.jetbrains.kotlin:kotlin-reflect:1.9.24) with InstrumentationAnalysisTransform
[        ] Transforming kotlin-stdlib-jdk7-1.9.20.jar (org.jetbrains.kotlin:kotlin-stdlib-jdk7:1.9.20) with InstrumentationAnalysisTransform
[        ] Transforming kotlin-stdlib-1.9.24.jar (org.jetbrains.kotlin:kotlin-stdlib:1.9.24) with InstrumentationAnalysisTransform
[        ] Transforming annotations-13.0.jar (org.jetbrains:annotations:13.0) with InstrumentationAnalysisTransform
[        ] Transforming kotlin-gradle-plugin-model-2.0.0.jar (org.jetbrains.kotlin:kotlin-gradle-plugin-model:2.0.0) with InstrumentationAnalysisTransform
[        ] Transforming kotlin-gradle-plugin-api-2.0.0.jar (org.jetbrains.kotlin:kotlin-gradle-plugin-api:2.0.0) with InstrumentationAnalysisTransform
[        ] Transforming kotlin-gradle-plugin-2.0.0-gradle85.jar (org.jetbrains.kotlin:kotlin-gradle-plugin:2.0.0) with InstrumentationAnalysisTransform
[        ] Transforming kotlin-gradle-plugin-idea-proto-2.0.0.jar (org.jetbrains.kotlin:kotlin-gradle-plugin-idea-proto:2.0.0) with InstrumentationAnalysisTransform
[        ] Transforming kotlin-gradle-plugin-idea-2.0.0.jar (org.jetbrains.kotlin:kotlin-gradle-plugin-idea:2.0.0) with InstrumentationAnalysisTransform
[        ] Transforming kotlin-klib-commonizer-api-2.0.0.jar (org.jetbrains.kotlin:kotlin-klib-commonizer-api:2.0.0) with InstrumentationAnalysisTransform
[        ] Transforming kotlin-build-statistics-2.0.0.jar (org.jetbrains.kotlin:kotlin-build-statistics:2.0.0) with InstrumentationAnalysisTransform
[        ] Transforming kotlin-build-tools-api-2.0.0.jar (org.jetbrains.kotlin:kotlin-build-tools-api:2.0.0) with InstrumentationAnalysisTransform
[        ] Transforming kotlin-compiler-runner-2.0.0.jar (org.jetbrains.kotlin:kotlin-compiler-runner:2.0.0) with InstrumentationAnalysisTransform
[        ] Transforming kotlin-native-utils-2.0.0.jar (org.jetbrains.kotlin:kotlin-native-utils:2.0.0) with InstrumentationAnalysisTransform
[        ] Transforming kotlin-util-klib-2.0.0.jar (org.jetbrains.kotlin:kotlin-util-klib:2.0.0) with InstrumentationAnalysisTransform
[        ] Transforming kotlin-compiler-embeddable-2.0.0.jar (org.jetbrains.kotlin:kotlin-compiler-embeddable:2.0.0) with InstrumentationAnalysisTransform
[        ] Transforming bundletool-1.16.0.jar (com.android.tools.build:bundletool:1.16.0) with InstrumentationAnalysisTransform
[        ] Transforming aapt2-proto-8.6.0-11315950.jar (com.android.tools.build:aapt2-proto:8.6.0-11315950) with InstrumentationAnalysisTransform
[        ] Transforming crash-31.6.0.jar (com.android.tools.analytics-library:crash:31.6.0) with InstrumentationAnalysisTransform
[        ] Transforming lint-typedef-remover-31.6.0.jar (com.android.tools.lint:lint-typedef-remover:31.6.0) with InstrumentationAnalysisTransform
[        ] Transforming databinding-common-8.6.0.jar (androidx.databinding:databinding-common:8.6.0) with InstrumentationAnalysisTransform
[        ] Transforming baseLibrary-8.6.0.jar (com.android.databinding:baseLibrary:8.6.0) with InstrumentationAnalysisTransform
[        ] Transforming android-device-provider-ddmlib-proto-31.6.0.jar (com.android.tools.utp:android-device-provider-ddmlib-proto:31.6.0) with InstrumentationAnalysisTransform
[        ] Transforming android-device-provider-gradle-proto-31.6.0.jar (com.android.tools.utp:android-device-provider-gradle-proto:31.6.0) with InstrumentationAnalysisTransform
[        ] Transforming android-test-plugin-host-additional-test-output-proto-31.6.0.jar (com.android.tools.utp:android-test-plugin-host-additional-test-output-proto:31.6.0) with InstrumentationAnalysisTransform
[        ] Transforming android-test-plugin-host-coverage-proto-31.6.0.jar (com.android.tools.utp:android-test-plugin-host-coverage-proto:31.6.0) with InstrumentationAnalysisTransform
[        ] Transforming android-test-plugin-host-logcat-proto-31.6.0.jar (com.android.tools.utp:android-test-plugin-host-logcat-proto:31.6.0) with InstrumentationAnalysisTransform
[        ] Transforming android-test-plugin-host-apk-installer-proto-31.6.0.jar (com.android.tools.utp:android-test-plugin-host-apk-installer-proto:31.6.0) with InstrumentationAnalysisTransform
[        ] Transforming android-test-plugin-result-listener-gradle-proto-31.6.0.jar (com.android.tools.utp:android-test-plugin-result-listener-gradle-proto:31.6.0) with InstrumentationAnalysisTransform
[        ] Transforming transform-api-2.0.0-deprecated-use-gradle-api.jar (com.android.tools.build:transform-api:2.0.0-deprecated-use-gradle-api) with InstrumentationAnalysisTransform
[        ] Transforming httpmime-4.5.6.jar (org.apache.httpcomponents:httpmime:4.5.6) with InstrumentationAnalysisTransform
[        ] Transforming commons-io-2.13.0.jar (commons-io:commons-io:2.13.0) with InstrumentationAnalysisTransform
[        ] Transforming asm-commons-9.6.jar (org.ow2.asm:asm-commons:9.6) with InstrumentationAnalysisTransform
[        ] Transforming asm-util-9.6.jar (org.ow2.asm:asm-util:9.6) with InstrumentationAnalysisTransform
[        ] Transforming asm-analysis-9.6.jar (org.ow2.asm:asm-analysis:9.6) with InstrumentationAnalysisTransform
[        ] Transforming asm-tree-9.6.jar (org.ow2.asm:asm-tree:9.6) with InstrumentationAnalysisTransform
[        ] Transforming asm-9.6.jar (org.ow2.asm:asm:9.6) with InstrumentationAnalysisTransform
[        ] Transforming apkzlib-8.6.0.jar (com.android.tools.build:apkzlib:8.6.0) with InstrumentationAnalysisTransform
[        ] Transforming bcpkix-jdk18on-1.77.jar (org.bouncycastle:bcpkix-jdk18on:1.77) with InstrumentationAnalysisTransform
[        ] Transforming jaxb-runtime-2.3.2.jar (org.glassfish.jaxb:jaxb-runtime:2.3.2) with InstrumentationAnalysisTransform
[        ] Transforming jopt-simple-4.9.jar (net.sf.jopt-simple:jopt-simple:4.9) with InstrumentationAnalysisTransform
[        ] Transforming javapoet-1.10.0.jar (com.squareup:javapoet:1.10.0) with InstrumentationAnalysisTransform
[        ] Transforming protobuf-java-util-3.22.3.jar (com.google.protobuf:protobuf-java-util:3.22.3) with InstrumentationAnalysisTransform
[        ] Transforming grpc-protobuf-1.57.0.jar (io.grpc:grpc-protobuf:1.57.0) with InstrumentationAnalysisTransform
[        ] Transforming tink-1.7.0.jar (com.google.crypto.tink:tink:1.7.0) with InstrumentationAnalysisTransform
[        ] Transforming protos-31.6.0.jar (com.android.tools.analytics-library:protos:31.6.0) with InstrumentationAnalysisTransform
[        ] Transforming proto-google-common-protos-2.17.0.jar (com.google.api.grpc:proto-google-common-protos:2.17.0) with InstrumentationAnalysisTransform
[        ] Transforming protobuf-java-3.22.3.jar (com.google.protobuf:protobuf-java:3.22.3) with InstrumentationAnalysisTransform
[        ] Transforming grpc-netty-1.57.0.jar (io.grpc:grpc-netty:1.57.0) with InstrumentationAnalysisTransform
[        ] Transforming grpc-core-1.57.0.jar (io.grpc:grpc-core:1.57.0) with InstrumentationAnalysisTransform
[        ] Transforming gson-2.10.1.jar (com.google.code.gson:gson:2.10.1) with InstrumentationAnalysisTransform
[        ] Transforming grpc-stub-1.57.0.jar (io.grpc:grpc-stub:1.57.0) with InstrumentationAnalysisTransform
[        ] Transforming core-proto-0.0.9-alpha02.jar (com.google.testing.platform:core-proto:0.0.9-alpha02) with InstrumentationAnalysisTransform
[        ] Transforming kxml2-2.3.0.jar (net.sf.kxml:kxml2:2.3.0) with InstrumentationAnalysisTransform
[        ] Transforming tensorflow-lite-metadata-0.1.0-rc2.jar (org.tensorflow:tensorflow-lite-metadata:0.1.0-rc2) with InstrumentationAnalysisTransform
[        ] Transforming flatbuffers-java-1.12.0.jar (com.google.flatbuffers:flatbuffers-java:1.12.0) with InstrumentationAnalysisTransform
[        ] Transforming kotlin-gradle-plugin-annotations-2.0.0.jar (org.jetbrains.kotlin:kotlin-gradle-plugin-annotations:2.0.0) with InstrumentationAnalysisTransform
[        ] Transforming kotlin-tooling-core-2.0.0.jar (org.jetbrains.kotlin:kotlin-tooling-core:2.0.0) with InstrumentationAnalysisTransform
[        ] Transforming kotlin-daemon-client-2.0.0.jar (org.jetbrains.kotlin:kotlin-daemon-client:2.0.0) with InstrumentationAnalysisTransform
[        ] Transforming kotlinx-coroutines-core-jvm-1.5.0.jar (org.jetbrains.kotlinx:kotlinx-coroutines-core-jvm:1.5.0) with InstrumentationAnalysisTransform
[        ] Transforming kotlin-util-io-2.0.0.jar (org.jetbrains.kotlin:kotlin-util-io:2.0.0) with InstrumentationAnalysisTransform
[        ] Transforming kotlin-daemon-embeddable-2.0.0.jar (org.jetbrains.kotlin:kotlin-daemon-embeddable:2.0.0) with InstrumentationAnalysisTransform
[        ] Transforming trove4j-1.0.20200330.jar (org.jetbrains.intellij.deps:trove4j:1.0.20200330) with InstrumentationAnalysisTransform
[        ] Transforming jimfs-1.1.jar (com.google.jimfs:jimfs:1.1) with InstrumentationAnalysisTransform
[        ] Transforming grpc-context-1.57.0.jar (io.grpc:grpc-context:1.57.0) with InstrumentationAnalysisTransform
[        ] Transforming grpc-protobuf-lite-1.57.0.jar (io.grpc:grpc-protobuf-lite:1.57.0) with InstrumentationAnalysisTransform
[        ] Transforming grpc-api-1.57.0.jar (io.grpc:grpc-api:1.57.0) with InstrumentationAnalysisTransform
[        ] Transforming guava-32.0.1-jre.jar (com.google.guava:guava:32.0.1-jre) with InstrumentationAnalysisTransform
[        ] Transforming dagger-2.28.3.jar (com.google.dagger:dagger:2.28.3) with InstrumentationAnalysisTransform
[        ] Transforming javax.inject-1.jar (javax.inject:javax.inject:1) with InstrumentationAnalysisTransform
[        ] Transforming bcutil-jdk18on-1.77.jar (org.bouncycastle:bcutil-jdk18on:1.77) with InstrumentationAnalysisTransform
[        ] Transforming bcprov-jdk18on-1.77.jar (org.bouncycastle:bcprov-jdk18on:1.77) with InstrumentationAnalysisTransform
[        ] Transforming commons-compress-1.21.jar (org.apache.commons:commons-compress:1.21) with InstrumentationAnalysisTransform
[        ] Transforming httpclient-4.5.14.jar (org.apache.httpcomponents:httpclient:4.5.14) with InstrumentationAnalysisTransform
[        ] Transforming httpcore-4.4.16.jar (org.apache.httpcomponents:httpcore:4.4.16) with InstrumentationAnalysisTransform
[        ] Transforming javax.activation-1.2.0.jar (com.sun.activation:javax.activation:1.2.0) with InstrumentationAnalysisTransform
[        ] Transforming signflinger-8.6.0.jar (com.android:signflinger:8.6.0) with InstrumentationAnalysisTransform
[        ] Transforming zipflinger-8.6.0.jar (com.android:zipflinger:8.6.0) with InstrumentationAnalysisTransform
[        ] Transforming annotations-31.6.0.jar (com.android.tools:annotations:31.6.0) with InstrumentationAnalysisTransform
[        ] Transforming jna-platform-5.6.0.jar (net.java.dev.jna:jna-platform:5.6.0) with InstrumentationAnalysisTransform
[        ] Transforming juniversalchardet-1.0.3.jar (com.googlecode.juniversalchardet:juniversalchardet:1.0.3) with InstrumentationAnalysisTransform
[        ] Transforming javax.annotation-api-1.3.2.jar (javax.annotation:javax.annotation-api:1.3.2) with InstrumentationAnalysisTransform
[        ] Transforming stax-ex-1.8.1.jar (org.jvnet.staxex:stax-ex:1.8.1) with InstrumentationAnalysisTransform
[        ] Transforming jakarta.xml.bind-api-2.3.2.jar (jakarta.xml.bind:jakarta.xml.bind-api:2.3.2) with InstrumentationAnalysisTransform
[        ] Transforming txw2-2.3.2.jar (org.glassfish.jaxb:txw2:2.3.2) with InstrumentationAnalysisTransform
[        ] Transforming istack-commons-runtime-3.0.8.jar (com.sun.istack:istack-commons-runtime:3.0.8) with InstrumentationAnalysisTransform
[        ] Transforming FastInfoset-1.2.16.jar (com.sun.xml.fastinfoset:FastInfoset:1.2.16) with InstrumentationAnalysisTransform
[        ] Transforming jakarta.activation-api-1.2.1.jar (jakarta.activation:jakarta.activation-api:1.2.1) with InstrumentationAnalysisTransform
[        ] Transforming auto-value-annotations-1.6.2.jar (com.google.auto.value:auto-value-annotations:1.6.2) with InstrumentationAnalysisTransform
[        ] Transforming error_prone_annotations-2.18.0.jar (com.google.errorprone:error_prone_annotations:2.18.0) with InstrumentationAnalysisTransform
[        ] Transforming jose4j-0.9.5.jar (org.bitbucket.b_c:jose4j:0.9.5) with InstrumentationAnalysisTransform
[        ] Transforming slf4j-api-1.7.30.jar (org.slf4j:slf4j-api:1.7.30) with InstrumentationAnalysisTransform
[        ] Transforming jdom2-2.0.6.jar (org.jdom:jdom2:2.0.6) with InstrumentationAnalysisTransform
[        ] Transforming jsr305-3.0.2.jar (com.google.code.findbugs:jsr305:3.0.2) with InstrumentationAnalysisTransform
[        ] Transforming j2objc-annotations-2.8.jar (com.google.j2objc:j2objc-annotations:2.8) with InstrumentationAnalysisTransform
[        ] Transforming annotations-4.1.1.4.jar (com.google.android:annotations:4.1.1.4) with InstrumentationAnalysisTransform
[        ] Transforming animal-sniffer-annotations-1.23.jar (org.codehaus.mojo:animal-sniffer-annotations:1.23) with InstrumentationAnalysisTransform
[        ] Transforming perfmark-api-0.26.0.jar (io.perfmark:perfmark-api:0.26.0) with InstrumentationAnalysisTransform
[        ] Transforming netty-codec-http2-4.1.93.Final.jar (io.netty:netty-codec-http2:4.1.93.Final) with InstrumentationAnalysisTransform
[        ] Transforming netty-handler-proxy-4.1.93.Final.jar (io.netty:netty-handler-proxy:4.1.93.Final) with InstrumentationAnalysisTransform
[        ] Transforming netty-codec-http-4.1.93.Final.jar (io.netty:netty-codec-http:4.1.93.Final) with InstrumentationAnalysisTransform
[        ] Transforming netty-handler-4.1.93.Final.jar (io.netty:netty-handler:4.1.93.Final) with InstrumentationAnalysisTransform
[        ] Transforming netty-transport-native-unix-common-4.1.93.Final.jar (io.netty:netty-transport-native-unix-common:4.1.93.Final) with InstrumentationAnalysisTransform
[        ] Transforming checker-qual-3.33.0.jar (org.checkerframework:checker-qual:3.33.0) with InstrumentationAnalysisTransform
[        ] Transforming commons-codec-1.11.jar (commons-codec:commons-codec:1.11) with InstrumentationAnalysisTransform
[        ] Transforming apksig-8.6.0.jar (com.android.tools.build:apksig:8.6.0) with InstrumentationAnalysisTransform
[        ] Transforming javawriter-2.5.0.jar (com.squareup:javawriter:2.5.0) with InstrumentationAnalysisTransform
[        ] Transforming failureaccess-1.0.1.jar (com.google.guava:failureaccess:1.0.1) with InstrumentationAnalysisTransform
[        ] Transforming listenablefuture-9999.0-empty-to-avoid-conflict-with-guava.jar (com.google.guava:listenablefuture:9999.0-empty-to-avoid-conflict-with-guava) with InstrumentationAnalysisTransform
[        ] Transforming commons-logging-1.2.jar (commons-logging:commons-logging:1.2) with InstrumentationAnalysisTransform
[        ] Transforming jna-5.6.0.jar (net.java.dev.jna:jna:5.6.0) with InstrumentationAnalysisTransform
[        ] Transforming netty-codec-socks-4.1.93.Final.jar (io.netty:netty-codec-socks:4.1.93.Final) with InstrumentationAnalysisTransform
[        ] Transforming netty-codec-4.1.93.Final.jar (io.netty:netty-codec:4.1.93.Final) with InstrumentationAnalysisTransform
[        ] Transforming netty-transport-4.1.93.Final.jar (io.netty:netty-transport:4.1.93.Final) with InstrumentationAnalysisTransform
[        ] Transforming netty-buffer-4.1.93.Final.jar (io.netty:netty-buffer:4.1.93.Final) with InstrumentationAnalysisTransform
[        ] Transforming netty-resolver-4.1.93.Final.jar (io.netty:netty-resolver:4.1.93.Final) with InstrumentationAnalysisTransform
[        ] Transforming netty-common-4.1.93.Final.jar (io.netty:netty-common:4.1.93.Final) with InstrumentationAnalysisTransform
[        ] Transforming main (project :gradle) with InstrumentationAnalysisTransform
[        ] Transforming main (project :gradle) with InstrumentationAnalysisTransform
[        ] Transforming main (project :gradle) with InstrumentationAnalysisTransform
[        ] Transforming kotlinx-serialization-json-jvm-1.4.0.jar (org.jetbrains.kotlinx:kotlinx-serialization-json-jvm:1.4.0) with InstrumentationAnalysisTransform
[        ] Transforming kotlinx-serialization-json-jvm-1.4.0.jar (org.jetbrains.kotlinx:kotlinx-serialization-json-jvm:1.4.0) with MergeInstrumentationAnalysisTransform
[        ] Transforming gradle-8.6.0.jar (com.android.tools.build:gradle:8.6.0) with InstrumentationAnalysisTransform
[        ] Transforming gradle-8.6.0.jar (com.android.tools.build:gradle:8.6.0) with MergeInstrumentationAnalysisTransform
[        ] Transforming gradle-settings-api-8.6.0.jar (com.android.tools.build:gradle-settings-api:8.6.0) with InstrumentationAnalysisTransform
[        ] Transforming gradle-settings-api-8.6.0.jar (com.android.tools.build:gradle-settings-api:8.6.0) with MergeInstrumentationAnalysisTransform
[        ] Transforming kotlinx-serialization-json-jvm-1.4.0.jar (org.jetbrains.kotlinx:kotlinx-serialization-json-jvm:1.4.0) with ExternalDependencyInstrumentingArtifactTransform
[        ] Transforming lint-model-31.6.0.jar (com.android.tools.lint:lint-model:31.6.0) with InstrumentationAnalysisTransform
[        ] Transforming lint-model-31.6.0.jar (com.android.tools.lint:lint-model:31.6.0) with MergeInstrumentationAnalysisTransform
[        ] Transforming builder-8.6.0.jar (com.android.tools.build:builder:8.6.0) with InstrumentationAnalysisTransform
[        ] Transforming builder-8.6.0.jar (com.android.tools.build:builder:8.6.0) with MergeInstrumentationAnalysisTransform
[        ] Transforming gradle-8.6.0.jar (com.android.tools.build:gradle:8.6.0) with ExternalDependencyInstrumentingArtifactTransform
[        ] Transforming manifest-merger-31.6.0.jar (com.android.tools.build:manifest-merger:31.6.0) with InstrumentationAnalysisTransform
[        ] Transforming gradle-settings-api-8.6.0.jar (com.android.tools.build:gradle-settings-api:8.6.0) with ExternalDependencyInstrumentingArtifactTransform
[        ] Transforming lint-model-31.6.0.jar (com.android.tools.lint:lint-model:31.6.0) with ExternalDependencyInstrumentingArtifactTransform
[        ] Transforming builder-8.6.0.jar (com.android.tools.build:builder:8.6.0) with ExternalDependencyInstrumentingArtifactTransform
[        ] Transforming manifest-merger-31.6.0.jar (com.android.tools.build:manifest-merger:31.6.0) with MergeInstrumentationAnalysisTransform
[        ] Transforming sdk-common-31.6.0.jar (com.android.tools:sdk-common:31.6.0) with InstrumentationAnalysisTransform
[        ] Transforming sdk-common-31.6.0.jar (com.android.tools:sdk-common:31.6.0) with MergeInstrumentationAnalysisTransform
[        ] Transforming manifest-merger-31.6.0.jar (com.android.tools.build:manifest-merger:31.6.0) with ExternalDependencyInstrumentingArtifactTransform
[        ] Transforming sdklib-31.6.0.jar (com.android.tools:sdklib:31.6.0) with InstrumentationAnalysisTransform
[        ] Transforming sdklib-31.6.0.jar (com.android.tools:sdklib:31.6.0) with MergeInstrumentationAnalysisTransform
[        ] Transforming sdk-common-31.6.0.jar (com.android.tools:sdk-common:31.6.0) with ExternalDependencyInstrumentingArtifactTransform
[        ] Transforming repository-31.6.0.jar (com.android.tools:repository:31.6.0) with InstrumentationAnalysisTransform
[        ] Transforming repository-31.6.0.jar (com.android.tools:repository:31.6.0) with MergeInstrumentationAnalysisTransform
[        ] Transforming sdklib-31.6.0.jar (com.android.tools:sdklib:31.6.0) with ExternalDependencyInstrumentingArtifactTransform
[        ] Transforming aaptcompiler-8.6.0.jar (com.android.tools.build:aaptcompiler:8.6.0) with InstrumentationAnalysisTransform
[        ] Transforming aaptcompiler-8.6.0.jar (com.android.tools.build:aaptcompiler:8.6.0) with MergeInstrumentationAnalysisTransform
[        ] Transforming repository-31.6.0.jar (com.android.tools:repository:31.6.0) with ExternalDependencyInstrumentingArtifactTransform
[        ] Transforming tracker-31.6.0.jar (com.android.tools.analytics-library:tracker:31.6.0) with InstrumentationAnalysisTransform
[        ] Transforming tracker-31.6.0.jar (com.android.tools.analytics-library:tracker:31.6.0) with MergeInstrumentationAnalysisTransform
[        ] Transforming aaptcompiler-8.6.0.jar (com.android.tools.build:aaptcompiler:8.6.0) with ExternalDependencyInstrumentingArtifactTransform
[        ] Transforming shared-31.6.0.jar (com.android.tools.analytics-library:shared:31.6.0) with InstrumentationAnalysisTransform
[        ] Transforming tracker-31.6.0.jar (com.android.tools.analytics-library:tracker:31.6.0) with ExternalDependencyInstrumentingArtifactTransform
[        ] Transforming shared-31.6.0.jar (com.android.tools.analytics-library:shared:31.6.0) with MergeInstrumentationAnalysisTransform
[        ] Transforming databinding-compiler-common-8.6.0.jar (androidx.databinding:databinding-compiler-common:8.6.0) with InstrumentationAnalysisTransform
[        ] Transforming databinding-compiler-common-8.6.0.jar (androidx.databinding:databinding-compiler-common:8.6.0) with MergeInstrumentationAnalysisTransform
[        ] Transforming shared-31.6.0.jar (com.android.tools.analytics-library:shared:31.6.0) with ExternalDependencyInstrumentingArtifactTransform
[        ] Transforming android-test-plugin-host-emulator-control-proto-31.6.0.jar (com.android.tools.utp:android-test-plugin-host-emulator-control-proto:31.6.0) with InstrumentationAnalysisTransform
[        ] Transforming android-test-plugin-host-emulator-control-proto-31.6.0.jar (com.android.tools.utp:android-test-plugin-host-emulator-control-proto:31.6.0) with MergeInstrumentationAnalysisTransform
[        ] Transforming databinding-compiler-common-8.6.0.jar (androidx.databinding:databinding-compiler-common:8.6.0) with ExternalDependencyInstrumentingArtifactTransform
[        ] Transforming android-test-plugin-host-retention-proto-31.6.0.jar (com.android.tools.utp:android-test-plugin-host-retention-proto:31.6.0) with InstrumentationAnalysisTransform
[        ] Transforming android-test-plugin-host-retention-proto-31.6.0.jar (com.android.tools.utp:android-test-plugin-host-retention-proto:31.6.0) with MergeInstrumentationAnalysisTransform
[        ] Transforming android-test-plugin-host-emulator-control-proto-31.6.0.jar (com.android.tools.utp:android-test-plugin-host-emulator-control-proto:31.6.0) with ExternalDependencyInstrumentingArtifactTransform
[        ] Transforming builder-model-8.6.0.jar (com.android.tools.build:builder-model:8.6.0) with InstrumentationAnalysisTransform
[        ] Transforming builder-model-8.6.0.jar (com.android.tools.build:builder-model:8.6.0) with MergeInstrumentationAnalysisTransform
[        ] Transforming android-test-plugin-host-retention-proto-31.6.0.jar (com.android.tools.utp:android-test-plugin-host-retention-proto:31.6.0) with ExternalDependencyInstrumentingArtifactTransform
[        ] Transforming gradle-api-8.6.0.jar (com.android.tools.build:gradle-api:8.6.0) with InstrumentationAnalysisTransform
[        ] Transforming gradle-api-8.6.0.jar (com.android.tools.build:gradle-api:8.6.0) with MergeInstrumentationAnalysisTransform
[        ] Transforming builder-model-8.6.0.jar (com.android.tools.build:builder-model:8.6.0) with ExternalDependencyInstrumentingArtifactTransform
[        ] Transforming builder-test-api-8.6.0.jar (com.android.tools.build:builder-test-api:8.6.0) with InstrumentationAnalysisTransform
[        ] Transforming builder-test-api-8.6.0.jar (com.android.tools.build:builder-test-api:8.6.0) with MergeInstrumentationAnalysisTransform
[        ] Transforming gradle-api-8.6.0.jar (com.android.tools.build:gradle-api:8.6.0) with ExternalDependencyInstrumentingArtifactTransform
[        ] Transforming ddmlib-31.6.0.jar (com.android.tools.ddms:ddmlib:31.6.0) with InstrumentationAnalysisTransform
[        ] Transforming builder-test-api-8.6.0.jar (com.android.tools.build:builder-test-api:8.6.0) with ExternalDependencyInstrumentingArtifactTransform
[        ] Transforming ddmlib-31.6.0.jar (com.android.tools.ddms:ddmlib:31.6.0) with MergeInstrumentationAnalysisTransform
[        ] Transforming layoutlib-api-31.6.0.jar (com.android.tools.layoutlib:layoutlib-api:31.6.0) with InstrumentationAnalysisTransform
[        ] Transforming layoutlib-api-31.6.0.jar (com.android.tools.layoutlib:layoutlib-api:31.6.0) with MergeInstrumentationAnalysisTransform
[        ] Transforming ddmlib-31.6.0.jar (com.android.tools.ddms:ddmlib:31.6.0) with ExternalDependencyInstrumentingArtifactTransform
[        ] Transforming dvlib-31.6.0.jar (com.android.tools:dvlib:31.6.0) with InstrumentationAnalysisTransform
[        ] Transforming dvlib-31.6.0.jar (com.android.tools:dvlib:31.6.0) with MergeInstrumentationAnalysisTransform
[        ] Transforming layoutlib-api-31.6.0.jar (com.android.tools.layoutlib:layoutlib-api:31.6.0) with ExternalDependencyInstrumentingArtifactTransform
[        ] Transforming common-31.6.0.jar (com.android.tools:common:31.6.0) with InstrumentationAnalysisTransform
[        ] Transforming common-31.6.0.jar (com.android.tools:common:31.6.0) with MergeInstrumentationAnalysisTransform
[        ] Transforming dvlib-31.6.0.jar (com.android.tools:dvlib:31.6.0) with ExternalDependencyInstrumentingArtifactTransform
[        ] Transforming kotlinx-serialization-core-jvm-1.4.0.jar (org.jetbrains.kotlinx:kotlinx-serialization-core-jvm:1.4.0) with InstrumentationAnalysisTransform
[        ] Transforming kotlinx-serialization-core-jvm-1.4.0.jar (org.jetbrains.kotlinx:kotlinx-serialization-core-jvm:1.4.0) with MergeInstrumentationAnalysisTransform
[        ] Transforming common-31.6.0.jar (com.android.tools:common:31.6.0) with ExternalDependencyInstrumentingArtifactTransform
[        ] Transforming kotlin-stdlib-jdk8-1.9.20.jar (org.jetbrains.kotlin:kotlin-stdlib-jdk8:1.9.20) with InstrumentationAnalysisTransform
[        ] Transforming kotlin-stdlib-jdk8-1.9.20.jar (org.jetbrains.kotlin:kotlin-stdlib-jdk8:1.9.20) with MergeInstrumentationAnalysisTransform
[        ] Transforming jetifier-processor-1.0.0-beta10.jar (com.android.tools.build.jetifier:jetifier-processor:1.0.0-beta10) with InstrumentationAnalysisTransform
[        ] Transforming kotlinx-serialization-core-jvm-1.4.0.jar (org.jetbrains.kotlinx:kotlinx-serialization-core-jvm:1.4.0) with ExternalDependencyInstrumentingArtifactTransform
[        ] Transforming kotlin-stdlib-jdk8-1.9.20.jar (org.jetbrains.kotlin:kotlin-stdlib-jdk8:1.9.20) with ExternalDependencyInstrumentingArtifactTransform
[        ] Transforming jetifier-processor-1.0.0-beta10.jar (com.android.tools.build.jetifier:jetifier-processor:1.0.0-beta10) with MergeInstrumentationAnalysisTransform
[        ] Transforming jetifier-core-1.0.0-beta10.jar (com.android.tools.build.jetifier:jetifier-core:1.0.0-beta10) with InstrumentationAnalysisTransform
[        ] Transforming jetifier-core-1.0.0-beta10.jar (com.android.tools.build.jetifier:jetifier-core:1.0.0-beta10) with MergeInstrumentationAnalysisTransform
[        ] Transforming kotlin-reflect-1.9.24.jar (org.jetbrains.kotlin:kotlin-reflect:1.9.24) with InstrumentationAnalysisTransform
[        ] Transforming jetifier-processor-1.0.0-beta10.jar (com.android.tools.build.jetifier:jetifier-processor:1.0.0-beta10) with ExternalDependencyInstrumentingArtifactTransform
[        ] Transforming jetifier-core-1.0.0-beta10.jar (com.android.tools.build.jetifier:jetifier-core:1.0.0-beta10) with ExternalDependencyInstrumentingArtifactTransform
[        ] Transforming kotlin-reflect-1.9.24.jar (org.jetbrains.kotlin:kotlin-reflect:1.9.24) with MergeInstrumentationAnalysisTransform
[        ] Transforming kotlin-stdlib-jdk7-1.9.20.jar (org.jetbrains.kotlin:kotlin-stdlib-jdk7:1.9.20) with InstrumentationAnalysisTransform
[        ] Transforming kotlin-stdlib-jdk7-1.9.20.jar (org.jetbrains.kotlin:kotlin-stdlib-jdk7:1.9.20) with MergeInstrumentationAnalysisTransform
[        ] Transforming kotlin-stdlib-1.9.24.jar (org.jetbrains.kotlin:kotlin-stdlib:1.9.24) with InstrumentationAnalysisTransform
[        ] Transforming kotlin-reflect-1.9.24.jar (org.jetbrains.kotlin:kotlin-reflect:1.9.24) with ExternalDependencyInstrumentingArtifactTransform
[        ] Transforming kotlin-stdlib-1.9.24.jar (org.jetbrains.kotlin:kotlin-stdlib:1.9.24) with MergeInstrumentationAnalysisTransform
[        ] Transforming annotations-13.0.jar (org.jetbrains:annotations:13.0) with InstrumentationAnalysisTransform
[        ] Transforming annotations-13.0.jar (org.jetbrains:annotations:13.0) with MergeInstrumentationAnalysisTransform
[        ] Transforming kotlin-gradle-plugin-model-2.0.0.jar (org.jetbrains.kotlin:kotlin-gradle-plugin-model:2.0.0) with InstrumentationAnalysisTransform
[        ] Transforming kotlin-stdlib-1.9.24.jar (org.jetbrains.kotlin:kotlin-stdlib:1.9.24) with ExternalDependencyInstrumentingArtifactTransform
[        ] Transforming kotlin-gradle-plugin-model-2.0.0.jar (org.jetbrains.kotlin:kotlin-gradle-plugin-model:2.0.0) with MergeInstrumentationAnalysisTransform
[        ] Transforming kotlin-gradle-plugin-api-2.0.0.jar (org.jetbrains.kotlin:kotlin-gradle-plugin-api:2.0.0) with InstrumentationAnalysisTransform
[        ] Transforming kotlin-stdlib-jdk7-1.9.20.jar (org.jetbrains.kotlin:kotlin-stdlib-jdk7:1.9.20) with ExternalDependencyInstrumentingArtifactTransform
[        ] Transforming annotations-13.0.jar (org.jetbrains:annotations:13.0) with ExternalDependencyInstrumentingArtifactTransform
[        ] Transforming kotlin-gradle-plugin-api-2.0.0.jar (org.jetbrains.kotlin:kotlin-gradle-plugin-api:2.0.0) with MergeInstrumentationAnalysisTransform
[        ] Transforming kotlin-gradle-plugin-2.0.0-gradle85.jar (org.jetbrains.kotlin:kotlin-gradle-plugin:2.0.0) with InstrumentationAnalysisTransform
[        ] Transforming kotlin-gradle-plugin-model-2.0.0.jar (org.jetbrains.kotlin:kotlin-gradle-plugin-model:2.0.0) with ExternalDependencyInstrumentingArtifactTransform
[        ] Transforming kotlin-gradle-plugin-2.0.0-gradle85.jar (org.jetbrains.kotlin:kotlin-gradle-plugin:2.0.0) with MergeInstrumentationAnalysisTransform
[        ] Transforming kotlin-gradle-plugin-api-2.0.0.jar (org.jetbrains.kotlin:kotlin-gradle-plugin-api:2.0.0) with ExternalDependencyInstrumentingArtifactTransform
[        ] Transforming kotlin-gradle-plugin-idea-proto-2.0.0.jar (org.jetbrains.kotlin:kotlin-gradle-plugin-idea-proto:2.0.0) with InstrumentationAnalysisTransform
[        ] Transforming kotlin-gradle-plugin-2.0.0-gradle85.jar (org.jetbrains.kotlin:kotlin-gradle-plugin:2.0.0) with ExternalDependencyInstrumentingArtifactTransform
[        ] Transforming kotlin-gradle-plugin-idea-proto-2.0.0.jar (org.jetbrains.kotlin:kotlin-gradle-plugin-idea-proto:2.0.0) with MergeInstrumentationAnalysisTransform
[        ] Transforming kotlin-gradle-plugin-idea-2.0.0.jar (org.jetbrains.kotlin:kotlin-gradle-plugin-idea:2.0.0) with InstrumentationAnalysisTransform
[        ] Transforming kotlin-gradle-plugin-idea-2.0.0.jar (org.jetbrains.kotlin:kotlin-gradle-plugin-idea:2.0.0) with MergeInstrumentationAnalysisTransform
[        ] Transforming kotlin-klib-commonizer-api-2.0.0.jar (org.jetbrains.kotlin:kotlin-klib-commonizer-api:2.0.0) with InstrumentationAnalysisTransform
[        ] Transforming kotlin-klib-commonizer-api-2.0.0.jar (org.jetbrains.kotlin:kotlin-klib-commonizer-api:2.0.0) with MergeInstrumentationAnalysisTransform
[        ] Transforming kotlin-build-statistics-2.0.0.jar (org.jetbrains.kotlin:kotlin-build-statistics:2.0.0) with InstrumentationAnalysisTransform
[        ] Transforming kotlin-gradle-plugin-idea-proto-2.0.0.jar (org.jetbrains.kotlin:kotlin-gradle-plugin-idea-proto:2.0.0) with ExternalDependencyInstrumentingArtifactTransform
[        ] Transforming kotlin-build-statistics-2.0.0.jar (org.jetbrains.kotlin:kotlin-build-statistics:2.0.0) with MergeInstrumentationAnalysisTransform
[        ] Transforming kotlin-gradle-plugin-idea-2.0.0.jar (org.jetbrains.kotlin:kotlin-gradle-plugin-idea:2.0.0) with ExternalDependencyInstrumentingArtifactTransform
[        ] Transforming kotlin-klib-commonizer-api-2.0.0.jar (org.jetbrains.kotlin:kotlin-klib-commonizer-api:2.0.0) with ExternalDependencyInstrumentingArtifactTransform
[        ] Transforming kotlin-build-statistics-2.0.0.jar (org.jetbrains.kotlin:kotlin-build-statistics:2.0.0) with ExternalDependencyInstrumentingArtifactTransform
[        ] Transforming kotlin-build-tools-api-2.0.0.jar (org.jetbrains.kotlin:kotlin-build-tools-api:2.0.0) with InstrumentationAnalysisTransform
[        ] Transforming kotlin-build-tools-api-2.0.0.jar (org.jetbrains.kotlin:kotlin-build-tools-api:2.0.0) with MergeInstrumentationAnalysisTransform
[        ] Transforming kotlin-compiler-runner-2.0.0.jar (org.jetbrains.kotlin:kotlin-compiler-runner:2.0.0) with InstrumentationAnalysisTransform
[        ] Transforming kotlin-compiler-runner-2.0.0.jar (org.jetbrains.kotlin:kotlin-compiler-runner:2.0.0) with MergeInstrumentationAnalysisTransform
[        ] Transforming kotlin-native-utils-2.0.0.jar (org.jetbrains.kotlin:kotlin-native-utils:2.0.0) with InstrumentationAnalysisTransform
[        ] Transforming kotlin-build-tools-api-2.0.0.jar (org.jetbrains.kotlin:kotlin-build-tools-api:2.0.0) with ExternalDependencyInstrumentingArtifactTransform
[        ] Transforming kotlin-native-utils-2.0.0.jar (org.jetbrains.kotlin:kotlin-native-utils:2.0.0) with MergeInstrumentationAnalysisTransform
[        ] Transforming kotlin-compiler-runner-2.0.0.jar (org.jetbrains.kotlin:kotlin-compiler-runner:2.0.0) with ExternalDependencyInstrumentingArtifactTransform
[        ] Transforming kotlin-util-klib-2.0.0.jar (org.jetbrains.kotlin:kotlin-util-klib:2.0.0) with InstrumentationAnalysisTransform
[        ] Transforming kotlin-native-utils-2.0.0.jar (org.jetbrains.kotlin:kotlin-native-utils:2.0.0) with ExternalDependencyInstrumentingArtifactTransform
[        ] Transforming kotlin-util-klib-2.0.0.jar (org.jetbrains.kotlin:kotlin-util-klib:2.0.0) with MergeInstrumentationAnalysisTransform
[        ] Transforming kotlin-compiler-embeddable-2.0.0.jar (org.jetbrains.kotlin:kotlin-compiler-embeddable:2.0.0) with InstrumentationAnalysisTransform
[        ] Transforming kotlin-compiler-embeddable-2.0.0.jar (org.jetbrains.kotlin:kotlin-compiler-embeddable:2.0.0) with MergeInstrumentationAnalysisTransform
[        ] Transforming kotlin-util-klib-2.0.0.jar (org.jetbrains.kotlin:kotlin-util-klib:2.0.0) with ExternalDependencyInstrumentingArtifactTransform
[        ] Transforming bundletool-1.16.0.jar (com.android.tools.build:bundletool:1.16.0) with InstrumentationAnalysisTransform
[        ] Transforming kotlin-compiler-embeddable-2.0.0.jar (org.jetbrains.kotlin:kotlin-compiler-embeddable:2.0.0) with ExternalDependencyInstrumentingArtifactTransform
[        ] Transforming bundletool-1.16.0.jar (com.android.tools.build:bundletool:1.16.0) with MergeInstrumentationAnalysisTransform
[        ] Transforming aapt2-proto-8.6.0-11315950.jar (com.android.tools.build:aapt2-proto:8.6.0-11315950) with InstrumentationAnalysisTransform
[        ] Transforming aapt2-proto-8.6.0-11315950.jar (com.android.tools.build:aapt2-proto:8.6.0-11315950) with MergeInstrumentationAnalysisTransform
[        ] Transforming crash-31.6.0.jar (com.android.tools.analytics-library:crash:31.6.0) with InstrumentationAnalysisTransform
[        ] Transforming bundletool-1.16.0.jar (com.android.tools.build:bundletool:1.16.0) with ExternalDependencyInstrumentingArtifactTransform
[        ] Transforming crash-31.6.0.jar (com.android.tools.analytics-library:crash:31.6.0) with MergeInstrumentationAnalysisTransform
[        ] Transforming lint-typedef-remover-31.6.0.jar (com.android.tools.lint:lint-typedef-remover:31.6.0) with InstrumentationAnalysisTransform
[        ] Transforming aapt2-proto-8.6.0-11315950.jar (com.android.tools.build:aapt2-proto:8.6.0-11315950) with ExternalDependencyInstrumentingArtifactTransform
[        ] Transforming lint-typedef-remover-31.6.0.jar (com.android.tools.lint:lint-typedef-remover:31.6.0) with MergeInstrumentationAnalysisTransform
[        ] Transforming crash-31.6.0.jar (com.android.tools.analytics-library:crash:31.6.0) with ExternalDependencyInstrumentingArtifactTransform
[        ] Transforming databinding-common-8.6.0.jar (androidx.databinding:databinding-common:8.6.0) with InstrumentationAnalysisTransform
[        ] Transforming lint-typedef-remover-31.6.0.jar (com.android.tools.lint:lint-typedef-remover:31.6.0) with ExternalDependencyInstrumentingArtifactTransform
[        ] Transforming databinding-common-8.6.0.jar (androidx.databinding:databinding-common:8.6.0) with MergeInstrumentationAnalysisTransform
[        ] Transforming baseLibrary-8.6.0.jar (com.android.databinding:baseLibrary:8.6.0) with InstrumentationAnalysisTransform
[        ] Transforming baseLibrary-8.6.0.jar (com.android.databinding:baseLibrary:8.6.0) with MergeInstrumentationAnalysisTransform
[        ] Transforming android-device-provider-ddmlib-proto-31.6.0.jar (com.android.tools.utp:android-device-provider-ddmlib-proto:31.6.0) with InstrumentationAnalysisTransform
[        ] Transforming databinding-common-8.6.0.jar (androidx.databinding:databinding-common:8.6.0) with ExternalDependencyInstrumentingArtifactTransform
[        ] Transforming android-device-provider-ddmlib-proto-31.6.0.jar (com.android.tools.utp:android-device-provider-ddmlib-proto:31.6.0) with MergeInstrumentationAnalysisTransform
[        ] Transforming android-device-provider-gradle-proto-31.6.0.jar (com.android.tools.utp:android-device-provider-gradle-proto:31.6.0) with InstrumentationAnalysisTransform
[        ] Transforming baseLibrary-8.6.0.jar (com.android.databinding:baseLibrary:8.6.0) with ExternalDependencyInstrumentingArtifactTransform
[        ] Transforming android-device-provider-gradle-proto-31.6.0.jar (com.android.tools.utp:android-device-provider-gradle-proto:31.6.0) with MergeInstrumentationAnalysisTransform
[        ] Transforming android-test-plugin-host-additional-test-output-proto-31.6.0.jar (com.android.tools.utp:android-test-plugin-host-additional-test-output-proto:31.6.0) with InstrumentationAnalysisTransform
[        ] Transforming android-test-plugin-host-additional-test-output-proto-31.6.0.jar (com.android.tools.utp:android-test-plugin-host-additional-test-output-proto:31.6.0) with MergeInstrumentationAnalysisTransform
[        ] Transforming android-device-provider-ddmlib-proto-31.6.0.jar (com.android.tools.utp:android-device-provider-ddmlib-proto:31.6.0) with ExternalDependencyInstrumentingArtifactTransform
[        ] Transforming android-device-provider-gradle-proto-31.6.0.jar (com.android.tools.utp:android-device-provider-gradle-proto:31.6.0) with ExternalDependencyInstrumentingArtifactTransform
[        ] Transforming android-test-plugin-host-coverage-proto-31.6.0.jar (com.android.tools.utp:android-test-plugin-host-coverage-proto:31.6.0) with InstrumentationAnalysisTransform
[        ] Transforming android-test-plugin-host-additional-test-output-proto-31.6.0.jar (com.android.tools.utp:android-test-plugin-host-additional-test-output-proto:31.6.0) with ExternalDependencyInstrumentingArtifactTransform
[        ] Transforming android-test-plugin-host-coverage-proto-31.6.0.jar (com.android.tools.utp:android-test-plugin-host-coverage-proto:31.6.0) with MergeInstrumentationAnalysisTransform
[        ] Transforming android-test-plugin-host-logcat-proto-31.6.0.jar (com.android.tools.utp:android-test-plugin-host-logcat-proto:31.6.0) with InstrumentationAnalysisTransform
[        ] Transforming android-test-plugin-host-logcat-proto-31.6.0.jar (com.android.tools.utp:android-test-plugin-host-logcat-proto:31.6.0) with MergeInstrumentationAnalysisTransform
[        ] Transforming android-test-plugin-host-apk-installer-proto-31.6.0.jar (com.android.tools.utp:android-test-plugin-host-apk-installer-proto:31.6.0) with InstrumentationAnalysisTransform
[        ] Transforming android-test-plugin-host-coverage-proto-31.6.0.jar (com.android.tools.utp:android-test-plugin-host-coverage-proto:31.6.0) with ExternalDependencyInstrumentingArtifactTransform
[        ] Transforming android-test-plugin-host-apk-installer-proto-31.6.0.jar (com.android.tools.utp:android-test-plugin-host-apk-installer-proto:31.6.0) with MergeInstrumentationAnalysisTransform
[        ] Transforming android-test-plugin-result-listener-gradle-proto-31.6.0.jar (com.android.tools.utp:android-test-plugin-result-listener-gradle-proto:31.6.0) with InstrumentationAnalysisTransform
[        ] Transforming android-test-plugin-result-listener-gradle-proto-31.6.0.jar (com.android.tools.utp:android-test-plugin-result-listener-gradle-proto:31.6.0) with MergeInstrumentationAnalysisTransform
[        ] Transforming transform-api-2.0.0-deprecated-use-gradle-api.jar (com.android.tools.build:transform-api:2.0.0-deprecated-use-gradle-api) with InstrumentationAnalysisTransform
[        ] Transforming android-test-plugin-host-apk-installer-proto-31.6.0.jar (com.android.tools.utp:android-test-plugin-host-apk-installer-proto:31.6.0) with ExternalDependencyInstrumentingArtifactTransform
[        ] Transforming android-test-plugin-host-logcat-proto-31.6.0.jar (com.android.tools.utp:android-test-plugin-host-logcat-proto:31.6.0) with ExternalDependencyInstrumentingArtifactTransform
[        ] Transforming android-test-plugin-result-listener-gradle-proto-31.6.0.jar (com.android.tools.utp:android-test-plugin-result-listener-gradle-proto:31.6.0) with ExternalDependencyInstrumentingArtifactTransform
[        ] Transforming transform-api-2.0.0-deprecated-use-gradle-api.jar (com.android.tools.build:transform-api:2.0.0-deprecated-use-gradle-api) with MergeInstrumentationAnalysisTransform
[        ] Transforming httpmime-4.5.6.jar (org.apache.httpcomponents:httpmime:4.5.6) with InstrumentationAnalysisTransform
[        ] Transforming transform-api-2.0.0-deprecated-use-gradle-api.jar (com.android.tools.build:transform-api:2.0.0-deprecated-use-gradle-api) with ExternalDependencyInstrumentingArtifactTransform
[        ] Transforming httpmime-4.5.6.jar (org.apache.httpcomponents:httpmime:4.5.6) with MergeInstrumentationAnalysisTransform
[        ] Transforming commons-io-2.13.0.jar (commons-io:commons-io:2.13.0) with InstrumentationAnalysisTransform
[        ] Transforming commons-io-2.13.0.jar (commons-io:commons-io:2.13.0) with MergeInstrumentationAnalysisTransform
[        ] Transforming asm-commons-9.6.jar (org.ow2.asm:asm-commons:9.6) with InstrumentationAnalysisTransform
[        ] Transforming asm-commons-9.6.jar (org.ow2.asm:asm-commons:9.6) with MergeInstrumentationAnalysisTransform
[        ] Transforming httpmime-4.5.6.jar (org.apache.httpcomponents:httpmime:4.5.6) with ExternalDependencyInstrumentingArtifactTransform
[        ] Transforming asm-util-9.6.jar (org.ow2.asm:asm-util:9.6) with InstrumentationAnalysisTransform
[        ] Transforming commons-io-2.13.0.jar (commons-io:commons-io:2.13.0) with ExternalDependencyInstrumentingArtifactTransform
[        ] Transforming asm-commons-9.6.jar (org.ow2.asm:asm-commons:9.6) with ExternalDependencyInstrumentingArtifactTransform
[        ] Transforming asm-util-9.6.jar (org.ow2.asm:asm-util:9.6) with MergeInstrumentationAnalysisTransform
[        ] Transforming asm-analysis-9.6.jar (org.ow2.asm:asm-analysis:9.6) with InstrumentationAnalysisTransform
[        ] Transforming asm-analysis-9.6.jar (org.ow2.asm:asm-analysis:9.6) with MergeInstrumentationAnalysisTransform
[        ] Transforming asm-tree-9.6.jar (org.ow2.asm:asm-tree:9.6) with InstrumentationAnalysisTransform
[        ] Transforming asm-util-9.6.jar (org.ow2.asm:asm-util:9.6) with ExternalDependencyInstrumentingArtifactTransform
[        ] Transforming asm-tree-9.6.jar (org.ow2.asm:asm-tree:9.6) with MergeInstrumentationAnalysisTransform
[        ] Transforming asm-9.6.jar (org.ow2.asm:asm:9.6) with InstrumentationAnalysisTransform
[        ] Transforming asm-analysis-9.6.jar (org.ow2.asm:asm-analysis:9.6) with ExternalDependencyInstrumentingArtifactTransform
[        ] Transforming asm-9.6.jar (org.ow2.asm:asm:9.6) with MergeInstrumentationAnalysisTransform
[        ] Transforming apkzlib-8.6.0.jar (com.android.tools.build:apkzlib:8.6.0) with InstrumentationAnalysisTransform
[        ] Transforming asm-tree-9.6.jar (org.ow2.asm:asm-tree:9.6) with ExternalDependencyInstrumentingArtifactTransform
[        ] Transforming apkzlib-8.6.0.jar (com.android.tools.build:apkzlib:8.6.0) with MergeInstrumentationAnalysisTransform
[        ] Transforming bcpkix-jdk18on-1.77.jar (org.bouncycastle:bcpkix-jdk18on:1.77) with InstrumentationAnalysisTransform
[        ] Transforming asm-9.6.jar (org.ow2.asm:asm:9.6) with ExternalDependencyInstrumentingArtifactTransform
[        ] Transforming apkzlib-8.6.0.jar (com.android.tools.build:apkzlib:8.6.0) with ExternalDependencyInstrumentingArtifactTransform
[        ] Transforming bcpkix-jdk18on-1.77.jar (org.bouncycastle:bcpkix-jdk18on:1.77) with MergeInstrumentationAnalysisTransform
[        ] Transforming jaxb-runtime-2.3.2.jar (org.glassfish.jaxb:jaxb-runtime:2.3.2) with InstrumentationAnalysisTransform
[        ] Transforming bcpkix-jdk18on-1.77.jar (org.bouncycastle:bcpkix-jdk18on:1.77) with ExternalDependencyInstrumentingArtifactTransform
[        ] Transforming jaxb-runtime-2.3.2.jar (org.glassfish.jaxb:jaxb-runtime:2.3.2) with MergeInstrumentationAnalysisTransform
[        ] Transforming jopt-simple-4.9.jar (net.sf.jopt-simple:jopt-simple:4.9) with InstrumentationAnalysisTransform
[        ] Transforming jopt-simple-4.9.jar (net.sf.jopt-simple:jopt-simple:4.9) with MergeInstrumentationAnalysisTransform
[        ] Transforming javapoet-1.10.0.jar (com.squareup:javapoet:1.10.0) with InstrumentationAnalysisTransform
[        ] Transforming javapoet-1.10.0.jar (com.squareup:javapoet:1.10.0) with MergeInstrumentationAnalysisTransform
[        ] Transforming jaxb-runtime-2.3.2.jar (org.glassfish.jaxb:jaxb-runtime:2.3.2) with ExternalDependencyInstrumentingArtifactTransform
[        ] Transforming jopt-simple-4.9.jar (net.sf.jopt-simple:jopt-simple:4.9) with ExternalDependencyInstrumentingArtifactTransform
[        ] Transforming protobuf-java-util-3.22.3.jar (com.google.protobuf:protobuf-java-util:3.22.3) with InstrumentationAnalysisTransform
[        ] Transforming javapoet-1.10.0.jar (com.squareup:javapoet:1.10.0) with ExternalDependencyInstrumentingArtifactTransform
[        ] Transforming protobuf-java-util-3.22.3.jar (com.google.protobuf:protobuf-java-util:3.22.3) with MergeInstrumentationAnalysisTransform
[        ] Transforming grpc-protobuf-1.57.0.jar (io.grpc:grpc-protobuf:1.57.0) with InstrumentationAnalysisTransform
[        ] Transforming grpc-protobuf-1.57.0.jar (io.grpc:grpc-protobuf:1.57.0) with MergeInstrumentationAnalysisTransform
[        ] Transforming protobuf-java-util-3.22.3.jar (com.google.protobuf:protobuf-java-util:3.22.3) with ExternalDependencyInstrumentingArtifactTransform
[        ] Transforming tink-1.7.0.jar (com.google.crypto.tink:tink:1.7.0) with InstrumentationAnalysisTransform
[        ] Transforming tink-1.7.0.jar (com.google.crypto.tink:tink:1.7.0) with MergeInstrumentationAnalysisTransform
[        ] Transforming grpc-protobuf-1.57.0.jar (io.grpc:grpc-protobuf:1.57.0) with ExternalDependencyInstrumentingArtifactTransform
[        ] Transforming protos-31.6.0.jar (com.android.tools.analytics-library:protos:31.6.0) with InstrumentationAnalysisTransform
[        ] Transforming tink-1.7.0.jar (com.google.crypto.tink:tink:1.7.0) with ExternalDependencyInstrumentingArtifactTransform
[        ] Transforming protos-31.6.0.jar (com.android.tools.analytics-library:protos:31.6.0) with MergeInstrumentationAnalysisTransform
[        ] Transforming proto-google-common-protos-2.17.0.jar (com.google.api.grpc:proto-google-common-protos:2.17.0) with InstrumentationAnalysisTransform
[        ] Transforming proto-google-common-protos-2.17.0.jar (com.google.api.grpc:proto-google-common-protos:2.17.0) with MergeInstrumentationAnalysisTransform
[        ] Transforming protos-31.6.0.jar (com.android.tools.analytics-library:protos:31.6.0) with ExternalDependencyInstrumentingArtifactTransform
[        ] Transforming protobuf-java-3.22.3.jar (com.google.protobuf:protobuf-java:3.22.3) with InstrumentationAnalysisTransform
[        ] Transforming protobuf-java-3.22.3.jar (com.google.protobuf:protobuf-java:3.22.3) with MergeInstrumentationAnalysisTransform
[        ] Transforming grpc-netty-1.57.0.jar (io.grpc:grpc-netty:1.57.0) with InstrumentationAnalysisTransform
[        ] Transforming proto-google-common-protos-2.17.0.jar (com.google.api.grpc:proto-google-common-protos:2.17.0) with ExternalDependencyInstrumentingArtifactTransform
[        ] Transforming protobuf-java-3.22.3.jar (com.google.protobuf:protobuf-java:3.22.3) with ExternalDependencyInstrumentingArtifactTransform
[        ] Transforming grpc-netty-1.57.0.jar (io.grpc:grpc-netty:1.57.0) with MergeInstrumentationAnalysisTransform
[        ] Transforming grpc-core-1.57.0.jar (io.grpc:grpc-core:1.57.0) with InstrumentationAnalysisTransform
[        ] Transforming grpc-core-1.57.0.jar (io.grpc:grpc-core:1.57.0) with MergeInstrumentationAnalysisTransform
[        ] Transforming grpc-netty-1.57.0.jar (io.grpc:grpc-netty:1.57.0) with ExternalDependencyInstrumentingArtifactTransform
[        ] Transforming gson-2.10.1.jar (com.google.code.gson:gson:2.10.1) with InstrumentationAnalysisTransform
[        ] Transforming grpc-core-1.57.0.jar (io.grpc:grpc-core:1.57.0) with ExternalDependencyInstrumentingArtifactTransform
[        ] Transforming gson-2.10.1.jar (com.google.code.gson:gson:2.10.1) with MergeInstrumentationAnalysisTransform
[        ] Transforming grpc-stub-1.57.0.jar (io.grpc:grpc-stub:1.57.0) with InstrumentationAnalysisTransform
[        ] Transforming grpc-stub-1.57.0.jar (io.grpc:grpc-stub:1.57.0) with MergeInstrumentationAnalysisTransform
[        ] Transforming core-proto-0.0.9-alpha02.jar (com.google.testing.platform:core-proto:0.0.9-alpha02) with InstrumentationAnalysisTransform
[        ] Transforming gson-2.10.1.jar (com.google.code.gson:gson:2.10.1) with ExternalDependencyInstrumentingArtifactTransform
[        ] Transforming core-proto-0.0.9-alpha02.jar (com.google.testing.platform:core-proto:0.0.9-alpha02) with MergeInstrumentationAnalysisTransform
[        ] Transforming grpc-stub-1.57.0.jar (io.grpc:grpc-stub:1.57.0) with ExternalDependencyInstrumentingArtifactTransform
[        ] Transforming kxml2-2.3.0.jar (net.sf.kxml:kxml2:2.3.0) with InstrumentationAnalysisTransform
[        ] Transforming kxml2-2.3.0.jar (net.sf.kxml:kxml2:2.3.0) with MergeInstrumentationAnalysisTransform
[        ] Transforming tensorflow-lite-metadata-0.1.0-rc2.jar (org.tensorflow:tensorflow-lite-metadata:0.1.0-rc2) with InstrumentationAnalysisTransform
[        ] Transforming core-proto-0.0.9-alpha02.jar (com.google.testing.platform:core-proto:0.0.9-alpha02) with ExternalDependencyInstrumentingArtifactTransform
[        ] Transforming kxml2-2.3.0.jar (net.sf.kxml:kxml2:2.3.0) with ExternalDependencyInstrumentingArtifactTransform
[        ] Transforming tensorflow-lite-metadata-0.1.0-rc2.jar (org.tensorflow:tensorflow-lite-metadata:0.1.0-rc2) with MergeInstrumentationAnalysisTransform
[        ] Transforming flatbuffers-java-1.12.0.jar (com.google.flatbuffers:flatbuffers-java:1.12.0) with InstrumentationAnalysisTransform
[        ] Transforming flatbuffers-java-1.12.0.jar (com.google.flatbuffers:flatbuffers-java:1.12.0) with MergeInstrumentationAnalysisTransform
[        ] Transforming kotlin-gradle-plugin-annotations-2.0.0.jar (org.jetbrains.kotlin:kotlin-gradle-plugin-annotations:2.0.0) with InstrumentationAnalysisTransform
[        ] Transforming tensorflow-lite-metadata-0.1.0-rc2.jar (org.tensorflow:tensorflow-lite-metadata:0.1.0-rc2) with ExternalDependencyInstrumentingArtifactTransform
[        ] Transforming kotlin-gradle-plugin-annotations-2.0.0.jar (org.jetbrains.kotlin:kotlin-gradle-plugin-annotations:2.0.0) with MergeInstrumentationAnalysisTransform
[        ] Transforming flatbuffers-java-1.12.0.jar (com.google.flatbuffers:flatbuffers-java:1.12.0) with ExternalDependencyInstrumentingArtifactTransform
[        ] Transforming kotlin-tooling-core-2.0.0.jar (org.jetbrains.kotlin:kotlin-tooling-core:2.0.0) with InstrumentationAnalysisTransform
[        ] Transforming kotlin-gradle-plugin-annotations-2.0.0.jar (org.jetbrains.kotlin:kotlin-gradle-plugin-annotations:2.0.0) with ExternalDependencyInstrumentingArtifactTransform
[        ] Transforming kotlin-tooling-core-2.0.0.jar (org.jetbrains.kotlin:kotlin-tooling-core:2.0.0) with MergeInstrumentationAnalysisTransform
[        ] Transforming kotlin-daemon-client-2.0.0.jar (org.jetbrains.kotlin:kotlin-daemon-client:2.0.0) with InstrumentationAnalysisTransform
[        ] Transforming kotlin-daemon-client-2.0.0.jar (org.jetbrains.kotlin:kotlin-daemon-client:2.0.0) with MergeInstrumentationAnalysisTransform
[        ] Transforming kotlinx-coroutines-core-jvm-1.5.0.jar (org.jetbrains.kotlinx:kotlinx-coroutines-core-jvm:1.5.0) with InstrumentationAnalysisTransform
[        ] Transforming kotlin-tooling-core-2.0.0.jar (org.jetbrains.kotlin:kotlin-tooling-core:2.0.0) with ExternalDependencyInstrumentingArtifactTransform
[        ] Transforming kotlinx-coroutines-core-jvm-1.5.0.jar (org.jetbrains.kotlinx:kotlinx-coroutines-core-jvm:1.5.0) with MergeInstrumentationAnalysisTransform
[        ] Transforming kotlin-util-io-2.0.0.jar (org.jetbrains.kotlin:kotlin-util-io:2.0.0) with InstrumentationAnalysisTransform
[        ] Transforming kotlin-daemon-client-2.0.0.jar (org.jetbrains.kotlin:kotlin-daemon-client:2.0.0) with ExternalDependencyInstrumentingArtifactTransform
[        ] Transforming kotlinx-coroutines-core-jvm-1.5.0.jar (org.jetbrains.kotlinx:kotlinx-coroutines-core-jvm:1.5.0) with ExternalDependencyInstrumentingArtifactTransform
[        ] Transforming kotlin-util-io-2.0.0.jar (org.jetbrains.kotlin:kotlin-util-io:2.0.0) with MergeInstrumentationAnalysisTransform
[        ] Transforming kotlin-daemon-embeddable-2.0.0.jar (org.jetbrains.kotlin:kotlin-daemon-embeddable:2.0.0) with InstrumentationAnalysisTransform
[        ] Transforming kotlin-daemon-embeddable-2.0.0.jar (org.jetbrains.kotlin:kotlin-daemon-embeddable:2.0.0) with MergeInstrumentationAnalysisTransform
[        ] Transforming trove4j-1.0.20200330.jar (org.jetbrains.intellij.deps:trove4j:1.0.20200330) with InstrumentationAnalysisTransform
[        ] Transforming kotlin-util-io-2.0.0.jar (org.jetbrains.kotlin:kotlin-util-io:2.0.0) with ExternalDependencyInstrumentingArtifactTransform
[        ] Transforming trove4j-1.0.20200330.jar (org.jetbrains.intellij.deps:trove4j:1.0.20200330) with MergeInstrumentationAnalysisTransform
[        ] Transforming jimfs-1.1.jar (com.google.jimfs:jimfs:1.1) with InstrumentationAnalysisTransform
[        ] Transforming kotlin-daemon-embeddable-2.0.0.jar (org.jetbrains.kotlin:kotlin-daemon-embeddable:2.0.0) with ExternalDependencyInstrumentingArtifactTransform
[        ] Transforming trove4j-1.0.20200330.jar (org.jetbrains.intellij.deps:trove4j:1.0.20200330) with ExternalDependencyInstrumentingArtifactTransform
[        ] Transforming jimfs-1.1.jar (com.google.jimfs:jimfs:1.1) with MergeInstrumentationAnalysisTransform
[        ] Transforming grpc-context-1.57.0.jar (io.grpc:grpc-context:1.57.0) with InstrumentationAnalysisTransform
[        ] Transforming jimfs-1.1.jar (com.google.jimfs:jimfs:1.1) with ExternalDependencyInstrumentingArtifactTransform
[        ] Transforming grpc-context-1.57.0.jar (io.grpc:grpc-context:1.57.0) with MergeInstrumentationAnalysisTransform
[        ] Transforming grpc-protobuf-lite-1.57.0.jar (io.grpc:grpc-protobuf-lite:1.57.0) with InstrumentationAnalysisTransform
[        ] Transforming grpc-protobuf-lite-1.57.0.jar (io.grpc:grpc-protobuf-lite:1.57.0) with MergeInstrumentationAnalysisTransform
[        ] Transforming grpc-api-1.57.0.jar (io.grpc:grpc-api:1.57.0) with InstrumentationAnalysisTransform
[        ] Transforming grpc-api-1.57.0.jar (io.grpc:grpc-api:1.57.0) with MergeInstrumentationAnalysisTransform
[        ] Transforming grpc-context-1.57.0.jar (io.grpc:grpc-context:1.57.0) with ExternalDependencyInstrumentingArtifactTransform
[        ] Transforming grpc-protobuf-lite-1.57.0.jar (io.grpc:grpc-protobuf-lite:1.57.0) with ExternalDependencyInstrumentingArtifactTransform
[        ] Transforming grpc-api-1.57.0.jar (io.grpc:grpc-api:1.57.0) with ExternalDependencyInstrumentingArtifactTransform
[        ] Transforming guava-32.0.1-jre.jar (com.google.guava:guava:32.0.1-jre) with InstrumentationAnalysisTransform
[        ] Transforming guava-32.0.1-jre.jar (com.google.guava:guava:32.0.1-jre) with MergeInstrumentationAnalysisTransform
[        ] Transforming dagger-2.28.3.jar (com.google.dagger:dagger:2.28.3) with InstrumentationAnalysisTransform
[        ] Transforming dagger-2.28.3.jar (com.google.dagger:dagger:2.28.3) with MergeInstrumentationAnalysisTransform
[        ] Transforming javax.inject-1.jar (javax.inject:javax.inject:1) with InstrumentationAnalysisTransform
[        ] Transforming guava-32.0.1-jre.jar (com.google.guava:guava:32.0.1-jre) with ExternalDependencyInstrumentingArtifactTransform
[        ] Transforming javax.inject-1.jar (javax.inject:javax.inject:1) with MergeInstrumentationAnalysisTransform
[        ] Transforming bcutil-jdk18on-1.77.jar (org.bouncycastle:bcutil-jdk18on:1.77) with InstrumentationAnalysisTransform
[        ] Transforming dagger-2.28.3.jar (com.google.dagger:dagger:2.28.3) with ExternalDependencyInstrumentingArtifactTransform
[        ] Transforming javax.inject-1.jar (javax.inject:javax.inject:1) with ExternalDependencyInstrumentingArtifactTransform
[        ] Transforming bcutil-jdk18on-1.77.jar (org.bouncycastle:bcutil-jdk18on:1.77) with MergeInstrumentationAnalysisTransform
[        ] Transforming bcprov-jdk18on-1.77.jar (org.bouncycastle:bcprov-jdk18on:1.77) with InstrumentationAnalysisTransform
[        ] Transforming bcprov-jdk18on-1.77.jar (org.bouncycastle:bcprov-jdk18on:1.77) with MergeInstrumentationAnalysisTransform
[        ] Transforming commons-compress-1.21.jar (org.apache.commons:commons-compress:1.21) with InstrumentationAnalysisTransform
[        ] Transforming bcutil-jdk18on-1.77.jar (org.bouncycastle:bcutil-jdk18on:1.77) with ExternalDependencyInstrumentingArtifactTransform
[        ] Transforming commons-compress-1.21.jar (org.apache.commons:commons-compress:1.21) with MergeInstrumentationAnalysisTransform
[        ] Transforming bcprov-jdk18on-1.77.jar (org.bouncycastle:bcprov-jdk18on:1.77) with ExternalDependencyInstrumentingArtifactTransform
[        ] Transforming httpclient-4.5.14.jar (org.apache.httpcomponents:httpclient:4.5.14) with InstrumentationAnalysisTransform
[        ] Transforming commons-compress-1.21.jar (org.apache.commons:commons-compress:1.21) with ExternalDependencyInstrumentingArtifactTransform
[        ] Transforming httpclient-4.5.14.jar (org.apache.httpcomponents:httpclient:4.5.14) with MergeInstrumentationAnalysisTransform
[        ] Transforming httpcore-4.4.16.jar (org.apache.httpcomponents:httpcore:4.4.16) with InstrumentationAnalysisTransform
[        ] Transforming httpcore-4.4.16.jar (org.apache.httpcomponents:httpcore:4.4.16) with MergeInstrumentationAnalysisTransform
[        ] Transforming javax.activation-1.2.0.jar (com.sun.activation:javax.activation:1.2.0) with InstrumentationAnalysisTransform
[        ] Transforming httpclient-4.5.14.jar (org.apache.httpcomponents:httpclient:4.5.14) with ExternalDependencyInstrumentingArtifactTransform
[        ] Transforming javax.activation-1.2.0.jar (com.sun.activation:javax.activation:1.2.0) with MergeInstrumentationAnalysisTransform
[        ] Transforming signflinger-8.6.0.jar (com.android:signflinger:8.6.0) with InstrumentationAnalysisTransform
[        ] Transforming signflinger-8.6.0.jar (com.android:signflinger:8.6.0) with MergeInstrumentationAnalysisTransform
[        ] Transforming zipflinger-8.6.0.jar (com.android:zipflinger:8.6.0) with InstrumentationAnalysisTransform
[        ] Transforming httpcore-4.4.16.jar (org.apache.httpcomponents:httpcore:4.4.16) with ExternalDependencyInstrumentingArtifactTransform
[        ] Transforming zipflinger-8.6.0.jar (com.android:zipflinger:8.6.0) with MergeInstrumentationAnalysisTransform
[        ] Transforming signflinger-8.6.0.jar (com.android:signflinger:8.6.0) with ExternalDependencyInstrumentingArtifactTransform
[        ] Transforming javax.activation-1.2.0.jar (com.sun.activation:javax.activation:1.2.0) with ExternalDependencyInstrumentingArtifactTransform
[        ] Transforming zipflinger-8.6.0.jar (com.android:zipflinger:8.6.0) with ExternalDependencyInstrumentingArtifactTransform
[        ] Transforming annotations-31.6.0.jar (com.android.tools:annotations:31.6.0) with InstrumentationAnalysisTransform
[        ] Transforming annotations-31.6.0.jar (com.android.tools:annotations:31.6.0) with MergeInstrumentationAnalysisTransform
[        ] Transforming jna-platform-5.6.0.jar (net.java.dev.jna:jna-platform:5.6.0) with InstrumentationAnalysisTransform
[        ] Transforming jna-platform-5.6.0.jar (net.java.dev.jna:jna-platform:5.6.0) with MergeInstrumentationAnalysisTransform
[        ] Transforming juniversalchardet-1.0.3.jar (com.googlecode.juniversalchardet:juniversalchardet:1.0.3) with InstrumentationAnalysisTransform
[        ] Transforming annotations-31.6.0.jar (com.android.tools:annotations:31.6.0) with ExternalDependencyInstrumentingArtifactTransform
[        ] Transforming juniversalchardet-1.0.3.jar (com.googlecode.juniversalchardet:juniversalchardet:1.0.3) with MergeInstrumentationAnalysisTransform
[        ] Transforming javax.annotation-api-1.3.2.jar (javax.annotation:javax.annotation-api:1.3.2) with InstrumentationAnalysisTransform
[        ] Transforming jna-platform-5.6.0.jar (net.java.dev.jna:jna-platform:5.6.0) with ExternalDependencyInstrumentingArtifactTransform
[        ] Transforming javax.annotation-api-1.3.2.jar (javax.annotation:javax.annotation-api:1.3.2) with MergeInstrumentationAnalysisTransform
[        ] Transforming stax-ex-1.8.1.jar (org.jvnet.staxex:stax-ex:1.8.1) with InstrumentationAnalysisTransform
[        ] Transforming juniversalchardet-1.0.3.jar (com.googlecode.juniversalchardet:juniversalchardet:1.0.3) with ExternalDependencyInstrumentingArtifactTransform
[        ] Transforming javax.annotation-api-1.3.2.jar (javax.annotation:javax.annotation-api:1.3.2) with ExternalDependencyInstrumentingArtifactTransform
[        ] Transforming stax-ex-1.8.1.jar (org.jvnet.staxex:stax-ex:1.8.1) with MergeInstrumentationAnalysisTransform
[        ] Transforming jakarta.xml.bind-api-2.3.2.jar (jakarta.xml.bind:jakarta.xml.bind-api:2.3.2) with InstrumentationAnalysisTransform
[        ] Transforming jakarta.xml.bind-api-2.3.2.jar (jakarta.xml.bind:jakarta.xml.bind-api:2.3.2) with MergeInstrumentationAnalysisTransform
[        ] Transforming txw2-2.3.2.jar (org.glassfish.jaxb:txw2:2.3.2) with InstrumentationAnalysisTransform
[        ] Transforming txw2-2.3.2.jar (org.glassfish.jaxb:txw2:2.3.2) with MergeInstrumentationAnalysisTransform
[        ] Transforming stax-ex-1.8.1.jar (org.jvnet.staxex:stax-ex:1.8.1) with ExternalDependencyInstrumentingArtifactTransform
[        ] Transforming jakarta.xml.bind-api-2.3.2.jar (jakarta.xml.bind:jakarta.xml.bind-api:2.3.2) with ExternalDependencyInstrumentingArtifactTransform
[        ] Transforming istack-commons-runtime-3.0.8.jar (com.sun.istack:istack-commons-runtime:3.0.8) with InstrumentationAnalysisTransform
[        ] Transforming istack-commons-runtime-3.0.8.jar (com.sun.istack:istack-commons-runtime:3.0.8) with MergeInstrumentationAnalysisTransform
[        ] Transforming txw2-2.3.2.jar (org.glassfish.jaxb:txw2:2.3.2) with ExternalDependencyInstrumentingArtifactTransform
[        ] Transforming FastInfoset-1.2.16.jar (com.sun.xml.fastinfoset:FastInfoset:1.2.16) with InstrumentationAnalysisTransform
[        ] Transforming istack-commons-runtime-3.0.8.jar (com.sun.istack:istack-commons-runtime:3.0.8) with ExternalDependencyInstrumentingArtifactTransform
[        ] Transforming FastInfoset-1.2.16.jar (com.sun.xml.fastinfoset:FastInfoset:1.2.16) with MergeInstrumentationAnalysisTransform
[        ] Transforming jakarta.activation-api-1.2.1.jar (jakarta.activation:jakarta.activation-api:1.2.1) with InstrumentationAnalysisTransform
[        ] Transforming jakarta.activation-api-1.2.1.jar (jakarta.activation:jakarta.activation-api:1.2.1) with MergeInstrumentationAnalysisTransform
[        ] Transforming auto-value-annotations-1.6.2.jar (com.google.auto.value:auto-value-annotations:1.6.2) with InstrumentationAnalysisTransform
[        ] Transforming FastInfoset-1.2.16.jar (com.sun.xml.fastinfoset:FastInfoset:1.2.16) with ExternalDependencyInstrumentingArtifactTransform
[        ] Transforming auto-value-annotations-1.6.2.jar (com.google.auto.value:auto-value-annotations:1.6.2) with MergeInstrumentationAnalysisTransform
[        ] Transforming jakarta.activation-api-1.2.1.jar (jakarta.activation:jakarta.activation-api:1.2.1) with ExternalDependencyInstrumentingArtifactTransform
[        ] Transforming error_prone_annotations-2.18.0.jar (com.google.errorprone:error_prone_annotations:2.18.0) with InstrumentationAnalysisTransform
[        ] Transforming auto-value-annotations-1.6.2.jar (com.google.auto.value:auto-value-annotations:1.6.2) with ExternalDependencyInstrumentingArtifactTransform
[        ] Transforming error_prone_annotations-2.18.0.jar (com.google.errorprone:error_prone_annotations:2.18.0) with MergeInstrumentationAnalysisTransform
[        ] Transforming jose4j-0.9.5.jar (org.bitbucket.b_c:jose4j:0.9.5) with InstrumentationAnalysisTransform
[        ] Transforming jose4j-0.9.5.jar (org.bitbucket.b_c:jose4j:0.9.5) with MergeInstrumentationAnalysisTransform
[        ] Transforming slf4j-api-1.7.30.jar (org.slf4j:slf4j-api:1.7.30) with InstrumentationAnalysisTransform
[        ] Transforming slf4j-api-1.7.30.jar (org.slf4j:slf4j-api:1.7.30) with MergeInstrumentationAnalysisTransform
[        ] Transforming jdom2-2.0.6.jar (org.jdom:jdom2:2.0.6) with InstrumentationAnalysisTransform
[        ] Transforming jose4j-0.9.5.jar (org.bitbucket.b_c:jose4j:0.9.5) with ExternalDependencyInstrumentingArtifactTransform
[        ] Transforming error_prone_annotations-2.18.0.jar (com.google.errorprone:error_prone_annotations:2.18.0) with ExternalDependencyInstrumentingArtifactTransform
[        ] Transforming slf4j-api-1.7.30.jar (org.slf4j:slf4j-api:1.7.30) with ExternalDependencyInstrumentingArtifactTransform
[        ] Transforming jdom2-2.0.6.jar (org.jdom:jdom2:2.0.6) with MergeInstrumentationAnalysisTransform
[        ] Transforming jsr305-3.0.2.jar (com.google.code.findbugs:jsr305:3.0.2) with InstrumentationAnalysisTransform
[        ] Transforming jsr305-3.0.2.jar (com.google.code.findbugs:jsr305:3.0.2) with MergeInstrumentationAnalysisTransform
[        ] Transforming jdom2-2.0.6.jar (org.jdom:jdom2:2.0.6) with ExternalDependencyInstrumentingArtifactTransform
[        ] Transforming j2objc-annotations-2.8.jar (com.google.j2objc:j2objc-annotations:2.8) with InstrumentationAnalysisTransform
[        ] Transforming jsr305-3.0.2.jar (com.google.code.findbugs:jsr305:3.0.2) with ExternalDependencyInstrumentingArtifactTransform
[        ] Transforming j2objc-annotations-2.8.jar (com.google.j2objc:j2objc-annotations:2.8) with MergeInstrumentationAnalysisTransform
[        ] Transforming annotations-4.1.1.4.jar (com.google.android:annotations:4.1.1.4) with InstrumentationAnalysisTransform
[        ] Transforming annotations-4.1.1.4.jar (com.google.android:annotations:4.1.1.4) with MergeInstrumentationAnalysisTransform
[        ] Transforming animal-sniffer-annotations-1.23.jar (org.codehaus.mojo:animal-sniffer-annotations:1.23) with InstrumentationAnalysisTransform
[        ] Transforming j2objc-annotations-2.8.jar (com.google.j2objc:j2objc-annotations:2.8) with ExternalDependencyInstrumentingArtifactTransform
[        ] Transforming annotations-4.1.1.4.jar (com.google.android:annotations:4.1.1.4) with ExternalDependencyInstrumentingArtifactTransform
[        ] Transforming animal-sniffer-annotations-1.23.jar (org.codehaus.mojo:animal-sniffer-annotations:1.23) with MergeInstrumentationAnalysisTransform
[        ] Transforming perfmark-api-0.26.0.jar (io.perfmark:perfmark-api:0.26.0) with InstrumentationAnalysisTransform
[        ] Transforming perfmark-api-0.26.0.jar (io.perfmark:perfmark-api:0.26.0) with MergeInstrumentationAnalysisTransform
[        ] Transforming netty-codec-http2-4.1.93.Final.jar (io.netty:netty-codec-http2:4.1.93.Final) with InstrumentationAnalysisTransform
[        ] Transforming animal-sniffer-annotations-1.23.jar (org.codehaus.mojo:animal-sniffer-annotations:1.23) with ExternalDependencyInstrumentingArtifactTransform
[        ] Transforming perfmark-api-0.26.0.jar (io.perfmark:perfmark-api:0.26.0) with ExternalDependencyInstrumentingArtifactTransform
[        ] Transforming netty-codec-http2-4.1.93.Final.jar (io.netty:netty-codec-http2:4.1.93.Final) with MergeInstrumentationAnalysisTransform
[        ] Transforming netty-handler-proxy-4.1.93.Final.jar (io.netty:netty-handler-proxy:4.1.93.Final) with InstrumentationAnalysisTransform
[        ] Transforming netty-handler-proxy-4.1.93.Final.jar (io.netty:netty-handler-proxy:4.1.93.Final) with MergeInstrumentationAnalysisTransform
[        ] Transforming netty-codec-http-4.1.93.Final.jar (io.netty:netty-codec-http:4.1.93.Final) with InstrumentationAnalysisTransform
[        ] Transforming netty-codec-http-4.1.93.Final.jar (io.netty:netty-codec-http:4.1.93.Final) with MergeInstrumentationAnalysisTransform
[        ] Transforming netty-handler-4.1.93.Final.jar (io.netty:netty-handler:4.1.93.Final) with InstrumentationAnalysisTransform
[        ] Transforming netty-codec-http2-4.1.93.Final.jar (io.netty:netty-codec-http2:4.1.93.Final) with ExternalDependencyInstrumentingArtifactTransform
[        ] Transforming netty-handler-4.1.93.Final.jar (io.netty:netty-handler:4.1.93.Final) with MergeInstrumentationAnalysisTransform
[        ] Transforming netty-handler-proxy-4.1.93.Final.jar (io.netty:netty-handler-proxy:4.1.93.Final) with ExternalDependencyInstrumentingArtifactTransform
[        ] Transforming netty-transport-native-unix-common-4.1.93.Final.jar (io.netty:netty-transport-native-unix-common:4.1.93.Final) with InstrumentationAnalysisTransform
[        ] Transforming netty-codec-http-4.1.93.Final.jar (io.netty:netty-codec-http:4.1.93.Final) with ExternalDependencyInstrumentingArtifactTransform
[        ] Transforming netty-transport-native-unix-common-4.1.93.Final.jar (io.netty:netty-transport-native-unix-common:4.1.93.Final) with MergeInstrumentationAnalysisTransform
[        ] Transforming checker-qual-3.33.0.jar (org.checkerframework:checker-qual:3.33.0) with InstrumentationAnalysisTransform
[        ] Transforming netty-handler-4.1.93.Final.jar (io.netty:netty-handler:4.1.93.Final) with ExternalDependencyInstrumentingArtifactTransform
[        ] Transforming checker-qual-3.33.0.jar (org.checkerframework:checker-qual:3.33.0) with MergeInstrumentationAnalysisTransform
[        ] Transforming commons-codec-1.11.jar (commons-codec:commons-codec:1.11) with InstrumentationAnalysisTransform
[        ] Transforming netty-transport-native-unix-common-4.1.93.Final.jar (io.netty:netty-transport-native-unix-common:4.1.93.Final) with ExternalDependencyInstrumentingArtifactTransform
[        ] Transforming checker-qual-3.33.0.jar (org.checkerframework:checker-qual:3.33.0) with ExternalDependencyInstrumentingArtifactTransform
[        ] Transforming commons-codec-1.11.jar (commons-codec:commons-codec:1.11) with MergeInstrumentationAnalysisTransform
[        ] Transforming apksig-8.6.0.jar (com.android.tools.build:apksig:8.6.0) with InstrumentationAnalysisTransform
[        ] Transforming apksig-8.6.0.jar (com.android.tools.build:apksig:8.6.0) with MergeInstrumentationAnalysisTransform
[        ] Transforming commons-codec-1.11.jar (commons-codec:commons-codec:1.11) with ExternalDependencyInstrumentingArtifactTransform
[        ] Transforming javawriter-2.5.0.jar (com.squareup:javawriter:2.5.0) with InstrumentationAnalysisTransform
[        ] Transforming javawriter-2.5.0.jar (com.squareup:javawriter:2.5.0) with MergeInstrumentationAnalysisTransform
[        ] Transforming failureaccess-1.0.1.jar (com.google.guava:failureaccess:1.0.1) with InstrumentationAnalysisTransform
[        ] Transforming apksig-8.6.0.jar (com.android.tools.build:apksig:8.6.0) with ExternalDependencyInstrumentingArtifactTransform
[        ] Transforming failureaccess-1.0.1.jar (com.google.guava:failureaccess:1.0.1) with MergeInstrumentationAnalysisTransform
[        ] Transforming javawriter-2.5.0.jar (com.squareup:javawriter:2.5.0) with ExternalDependencyInstrumentingArtifactTransform
[        ] Transforming listenablefuture-9999.0-empty-to-avoid-conflict-with-guava.jar (com.google.guava:listenablefuture:9999.0-empty-to-avoid-conflict-with-guava) with InstrumentationAnalysisTransform
[        ] Transforming failureaccess-1.0.1.jar (com.google.guava:failureaccess:1.0.1) with ExternalDependencyInstrumentingArtifactTransform
[        ] Transforming listenablefuture-9999.0-empty-to-avoid-conflict-with-guava.jar (com.google.guava:listenablefuture:9999.0-empty-to-avoid-conflict-with-guava) with MergeInstrumentationAnalysisTransform
[        ] Transforming commons-logging-1.2.jar (commons-logging:commons-logging:1.2) with InstrumentationAnalysisTransform
[        ] Transforming commons-logging-1.2.jar (commons-logging:commons-logging:1.2) with MergeInstrumentationAnalysisTransform
[        ] Transforming jna-5.6.0.jar (net.java.dev.jna:jna:5.6.0) with InstrumentationAnalysisTransform
[        ] Transforming jna-5.6.0.jar (net.java.dev.jna:jna:5.6.0) with MergeInstrumentationAnalysisTransform
[        ] Transforming netty-codec-socks-4.1.93.Final.jar (io.netty:netty-codec-socks:4.1.93.Final) with InstrumentationAnalysisTransform
[        ] Transforming commons-logging-1.2.jar (commons-logging:commons-logging:1.2) with ExternalDependencyInstrumentingArtifactTransform
[        ] Transforming netty-codec-socks-4.1.93.Final.jar (io.netty:netty-codec-socks:4.1.93.Final) with MergeInstrumentationAnalysisTransform
[        ] Transforming netty-codec-4.1.93.Final.jar (io.netty:netty-codec:4.1.93.Final) with InstrumentationAnalysisTransform
[        ] Transforming listenablefuture-9999.0-empty-to-avoid-conflict-with-guava.jar (com.google.guava:listenablefuture:9999.0-empty-to-avoid-conflict-with-guava) with ExternalDependencyInstrumentingArtifactTransform
[        ] Transforming jna-5.6.0.jar (net.java.dev.jna:jna:5.6.0) with ExternalDependencyInstrumentingArtifactTransform
[        ] Transforming netty-codec-socks-4.1.93.Final.jar (io.netty:netty-codec-socks:4.1.93.Final) with ExternalDependencyInstrumentingArtifactTransform
[        ] Transforming netty-codec-4.1.93.Final.jar (io.netty:netty-codec:4.1.93.Final) with MergeInstrumentationAnalysisTransform
[        ] Transforming netty-transport-4.1.93.Final.jar (io.netty:netty-transport:4.1.93.Final) with InstrumentationAnalysisTransform
[        ] Transforming netty-transport-4.1.93.Final.jar (io.netty:netty-transport:4.1.93.Final) with MergeInstrumentationAnalysisTransform
[        ] Transforming netty-buffer-4.1.93.Final.jar (io.netty:netty-buffer:4.1.93.Final) with InstrumentationAnalysisTransform
[        ] Transforming netty-codec-4.1.93.Final.jar (io.netty:netty-codec:4.1.93.Final) with ExternalDependencyInstrumentingArtifactTransform
[        ] Transforming netty-buffer-4.1.93.Final.jar (io.netty:netty-buffer:4.1.93.Final) with MergeInstrumentationAnalysisTransform
[        ] Transforming netty-transport-4.1.93.Final.jar (io.netty:netty-transport:4.1.93.Final) with ExternalDependencyInstrumentingArtifactTransform
[        ] Transforming netty-resolver-4.1.93.Final.jar (io.netty:netty-resolver:4.1.93.Final) with InstrumentationAnalysisTransform
[        ] Transforming netty-buffer-4.1.93.Final.jar (io.netty:netty-buffer:4.1.93.Final) with ExternalDependencyInstrumentingArtifactTransform
[        ] Transforming netty-resolver-4.1.93.Final.jar (io.netty:netty-resolver:4.1.93.Final) with MergeInstrumentationAnalysisTransform
[        ] Transforming netty-common-4.1.93.Final.jar (io.netty:netty-common:4.1.93.Final) with InstrumentationAnalysisTransform
[        ] Transforming netty-common-4.1.93.Final.jar (io.netty:netty-common:4.1.93.Final) with MergeInstrumentationAnalysisTransform
[        ] Transforming netty-resolver-4.1.93.Final.jar (io.netty:netty-resolver:4.1.93.Final) with ExternalDependencyInstrumentingArtifactTransform
[        ] Transforming netty-common-4.1.93.Final.jar (io.netty:netty-common:4.1.93.Final) with ExternalDependencyInstrumentingArtifactTransform
[        ] Transforming gradle-1.0.0.jar (project :gradle) with ProjectDependencyInstrumentingArtifactTransform
[        ] Settings evaluated using settings file 'C:\poke\color_world\android\settings.gradle.kts'.
[        ] Projects loaded. Root project using build file 'C:\poke\color_world\android\build.gradle.kts'.
[        ] Included projects: [root project 'android', project ':app', project ':gal', project ':google_mobile_ads', project ':path_provider_android', project ':permission_handler_android', project ':shared_preferences_android', project ':webview_flutter_android']
[  +58 ms] > Configure project :app
[        ] Evaluating project ':app' using build file 'C:\poke\color_world\android\app\build.gradle.kts'.
[        ] Using default execution profile
[        ] Using Kotlin Gradle Plugin gradle85 variant
[        ] Using Kotlin Gradle Plugin gradle85 variant
[        ] Using Kotlin Gradle Plugin gradle85 variant
[        ] Using Kotlin Gradle Plugin gradle85 variant
[        ] Using Kotlin Gradle Plugin gradle85 variant
[        ] Using Kotlin Gradle Plugin gradle85 variant
flutter : [        ] Warning: Flutter support for your project's Gradle version (8.10.0) will soon be dropped. Please upgrade your Gradle version to a version of at least 8.14.0 soon.
At line:2 char:1
+ flutter build apk --debug --verbose 2>&1 | Out-File -FilePath "build_ ...
+ ~~~~~~~~~~~~~~~~~~~~~~~~~~~~~~~~~~~~~~~~
    + CategoryInfo          : NotSpecified: ([        ] Warn...st 8.14.0 soon.:String) [], RemoteException
    + FullyQualifiedErrorId : NativeCommandError
 
[        ] Alternatively, use the flag "--android-skip-build-dependency-validation" to bypass this check.
[        ] Potential fix: Your project's gradle version is typically defined in the gradle wrapper file. By default, this can be found at C:\poke\color_world\android/gradle/wrapper/gradle-wrapper.properties. 
[        ] For more information, see https://docs.gradle.org/current/userguide/gradle_wrapper.html.
[        ] Warning: Flutter support for your project's Android Gradle Plugin version (Android Gradle Plugin version 8.6.0) will soon be dropped. Please upgrade your Android Gradle Plugin version to a version of at least Android Gradle P
lugin version 8.11.1 soon.
[        ] Alternatively, use the flag "--android-skip-build-dependency-validation" to bypass this check.
[        ] Potential fix: Your project's AGP version is typically defined in the plugins block of the `settings.gradle` file (C:\poke\color_world\android/settings.gradle), by a plugin with the id of com.android.application. 
[        ] If you don't see a plugins block, your project was likely created with an older template version. In this case it is most likely defined in the top-level build.gradle file (C:\poke\color_world\android/build.gradle) by the fol
lowing line in the dependencies block of the buildscript: "classpath 'com.android.tools.build:gradle:<version>'".
[        ] Warning: Flutter support for your project's Kotlin version (2.0.0) will soon be dropped. Please upgrade your Kotlin version to a version of at least 2.2.20 soon.
[        ] Alternatively, use the flag "--android-skip-build-dependency-validation" to bypass this check.
[        ] Potential fix: Your project's KGP version is typically defined in the plugins block of the `settings.gradle` file (C:\poke\color_world\android/settings.gradle), by a plugin with the id of org.jetbrains.kotlin.android. 
[        ] If you don't see a plugins block, your project was likely created with an older template version, in which case it is most likely defined in the top-level build.gradle file (C:\poke\color_world\android/build.gradle) by the ex
t.kotlin_version property.
[        ] C/C++: android.ndkVersion from module build.gradle is [26.1.10909125]
[        ] C/C++: android.ndkPath from module build.gradle is not set
[        ] C/C++: ndk.dir in local.properties is not set
[        ] C/C++: Not considering ANDROID_NDK_HOME because support was removed after deprecation period.
[        ] C/C++: sdkFolder is C:\Users\┼şug─▒r mami\AppData\Local\Android\Sdk
[        ] C/C++: android.ndkVersion from module build.gradle is [26.1.10909125]
[        ] C/C++: android.ndkPath from module build.gradle is not set
[        ] C/C++: ndk.dir in local.properties is not set
[        ] C/C++: Not considering ANDROID_NDK_HOME because support was removed after deprecation period.
[        ] C/C++: sdkFolder is C:\Users\┼şug─▒r mami\AppData\Local\Android\Sdk
[        ] C/C++: android.ndkVersion from module build.gradle is [26.1.10909125]
[        ] C/C++: android.ndkPath from module build.gradle is not set
[        ] C/C++: ndk.dir in local.properties is not set
[        ] C/C++: Not considering ANDROID_NDK_HOME because support was removed after deprecation period.
[        ] C/C++: sdkFolder is C:\Users\┼şug─▒r mami\AppData\Local\Android\Sdk
[        ] C/C++: android.ndkVersion from module build.gradle is [26.1.10909125]
[        ] C/C++: android.ndkPath from module build.gradle is not set
[        ] C/C++: ndk.dir in local.properties is not set
[        ] C/C++: Not considering ANDROID_NDK_HOME because support was removed after deprecation period.
[        ] C/C++: sdkFolder is C:\Users\┼şug─▒r mami\AppData\Local\Android\Sdk
[        ] C/C++: android.ndkVersion from module build.gradle is [26.1.10909125]
[        ] C/C++: android.ndkPath from module build.gradle is not set
[        ] C/C++: ndk.dir in local.properties is not set
[        ] C/C++: Not considering ANDROID_NDK_HOME because support was removed after deprecation period.
[        ] C/C++: sdkFolder is C:\Users\┼şug─▒r mami\AppData\Local\Android\Sdk
[        ] C/C++: android.ndkVersion from module build.gradle is [26.1.10909125]
[        ] C/C++: android.ndkPath from module build.gradle is not set
[        ] C/C++: ndk.dir in local.properties is not set
[        ] C/C++: Not considering ANDROID_NDK_HOME because support was removed after deprecation period.
[        ] C/C++: sdkFolder is C:\Users\┼şug─▒r mami\AppData\Local\Android\Sdk
[        ] C/C++: android.ndkVersion from module build.gradle is [26.1.10909125]
[        ] C/C++: android.ndkPath from module build.gradle is not set
[        ] C/C++: ndk.dir in local.properties is not set
[        ] C/C++: Not considering ANDROID_NDK_HOME because support was removed after deprecation period.
[        ] C/C++: sdkFolder is C:\Users\┼şug─▒r mami\AppData\Local\Android\Sdk
[        ] C/C++: android.ndkVersion from module build.gradle is [26.1.10909125]
[        ] C/C++: android.ndkPath from module build.gradle is not set
[        ] C/C++: ndk.dir in local.properties is not set
[        ] C/C++: Not considering ANDROID_NDK_HOME because support was removed after deprecation period.
[        ] C/C++: sdkFolder is C:\Users\┼şug─▒r mami\AppData\Local\Android\Sdk
[        ] C/C++: android.ndkVersion from module build.gradle is [26.1.10909125]
[        ] C/C++: android.ndkPath from module build.gradle is not set
[        ] C/C++: ndk.dir in local.properties is not set
[        ] C/C++: Not considering ANDROID_NDK_HOME because support was removed after deprecation period.
[        ] C/C++: sdkFolder is C:\Users\┼şug─▒r mami\AppData\Local\Android\Sdk
[        ] C/C++: android.ndkVersion from module build.gradle is [26.1.10909125]
[        ] C/C++: android.ndkPath from module build.gradle is not set
[        ] C/C++: ndk.dir in local.properties is not set
[        ] C/C++: Not considering ANDROID_NDK_HOME because support was removed after deprecation period.
[        ] C/C++: sdkFolder is C:\Users\┼şug─▒r mami\AppData\Local\Android\Sdk
[        ] C/C++: android.ndkVersion from module build.gradle is [26.1.10909125]
[        ] C/C++: android.ndkPath from module build.gradle is not set
[        ] C/C++: ndk.dir in local.properties is not set
[        ] C/C++: Not considering ANDROID_NDK_HOME because support was removed after deprecation period.
[        ] C/C++: sdkFolder is C:\Users\┼şug─▒r mami\AppData\Local\Android\Sdk
[        ] C/C++: android.ndkVersion from module build.gradle is [26.1.10909125]
[        ] C/C++: android.ndkPath from module build.gradle is not set
[        ] C/C++: ndk.dir in local.properties is not set
[        ] C/C++: Not considering ANDROID_NDK_HOME because support was removed after deprecation period.
[        ] C/C++: sdkFolder is C:\Users\┼şug─▒r mami\AppData\Local\Android\Sdk
[        ] C/C++: android.ndkVersion from module build.gradle is [26.1.10909125]
[        ] C/C++: android.ndkPath from module build.gradle is not set
[        ] C/C++: ndk.dir in local.properties is not set
[        ] C/C++: Not considering ANDROID_NDK_HOME because support was removed after deprecation period.
[        ] C/C++: sdkFolder is C:\Users\┼şug─▒r mami\AppData\Local\Android\Sdk
[        ] C/C++: android.ndkVersion from module build.gradle is [26.1.10909125]
[        ] C/C++: android.ndkPath from module build.gradle is not set
[        ] C/C++: ndk.dir in local.properties is not set
[        ] C/C++: Not considering ANDROID_NDK_HOME because support was removed after deprecation period.
[        ] C/C++: sdkFolder is C:\Users\┼şug─▒r mami\AppData\Local\Android\Sdk
[        ] C/C++: android.ndkVersion from module build.gradle is [26.1.10909125]
[        ] C/C++: android.ndkPath from module build.gradle is not set
[        ] C/C++: ndk.dir in local.properties is not set
[        ] C/C++: Not considering ANDROID_NDK_HOME because support was removed after deprecation period.
[        ] C/C++: sdkFolder is C:\Users\┼şug─▒r mami\AppData\Local\Android\Sdk
[        ] C/C++: android.ndkVersion from module build.gradle is [26.1.10909125]
[        ] C/C++: android.ndkPath from module build.gradle is not set
[        ] C/C++: ndk.dir in local.properties is not set
[        ] C/C++: Not considering ANDROID_NDK_HOME because support was removed after deprecation period.
[        ] C/C++: sdkFolder is C:\Users\┼şug─▒r mami\AppData\Local\Android\Sdk
[        ] > Configure project :
[        ] Evaluating root project 'android' using build file 'C:\poke\color_world\android\build.gradle.kts'.
[        ] > Configure project :gal
[        ] Evaluating project ':gal' using build file 'C:\Users\┼şug─▒r mami\AppData\Local\Pub\Cache\hosted\pub.dev\gal-2.3.2\android\build.gradle'.
[        ] Using default execution profile
[  +89 ms] > Configure project :google_mobile_ads
[        ] Evaluating project ':google_mobile_ads' using build file 'C:\Users\┼şug─▒r mami\AppData\Local\Pub\Cache\hosted\pub.dev\google_mobile_ads-5.3.1\android\build.gradle'.
[        ] Transforming gradle-8.3.2.jar (com.android.tools.build:gradle:8.3.2) with InstrumentationAnalysisTransform
[        ] Transforming gradle-settings-api-8.3.2.jar (com.android.tools.build:gradle-settings-api:8.3.2) with InstrumentationAnalysisTransform
[        ] Transforming lint-model-31.3.2.jar (com.android.tools.lint:lint-model:31.3.2) with InstrumentationAnalysisTransform
[        ] Transforming builder-8.3.2.jar (com.android.tools.build:builder:8.3.2) with InstrumentationAnalysisTransform
[        ] Transforming manifest-merger-31.3.2.jar (com.android.tools.build:manifest-merger:31.3.2) with InstrumentationAnalysisTransform
[        ] Transforming sdk-common-31.3.2.jar (com.android.tools:sdk-common:31.3.2) with InstrumentationAnalysisTransform
[        ] Transforming sdklib-31.3.2.jar (com.android.tools:sdklib:31.3.2) with InstrumentationAnalysisTransform
[        ] Transforming repository-31.3.2.jar (com.android.tools:repository:31.3.2) with InstrumentationAnalysisTransform
[        ] Transforming gradle-api-8.3.2.jar (com.android.tools.build:gradle-api:8.3.2) with InstrumentationAnalysisTransform
[        ] Transforming builder-test-api-8.3.2.jar (com.android.tools.build:builder-test-api:8.3.2) with InstrumentationAnalysisTransform
[        ] Transforming ddmlib-31.3.2.jar (com.android.tools.ddms:ddmlib:31.3.2) with InstrumentationAnalysisTransform
[        ] Transforming aaptcompiler-8.3.2.jar (com.android.tools.build:aaptcompiler:8.3.2) with InstrumentationAnalysisTransform
[        ] Transforming bundletool-1.15.6.jar (com.android.tools.build:bundletool:1.15.6) with InstrumentationAnalysisTransform
[        ] Transforming aapt2-proto-8.3.2-10880808.jar (com.android.tools.build:aapt2-proto:8.3.2-10880808) with InstrumentationAnalysisTransform
[        ] Transforming crash-31.3.2.jar (com.android.tools.analytics-library:crash:31.3.2) with InstrumentationAnalysisTransform
[        ] Transforming tracker-31.3.2.jar (com.android.tools.analytics-library:tracker:31.3.2) with InstrumentationAnalysisTransform
[        ] Transforming shared-31.3.2.jar (com.android.tools.analytics-library:shared:31.3.2) with InstrumentationAnalysisTransform
[        ] Transforming lint-typedef-remover-31.3.2.jar (com.android.tools.lint:lint-typedef-remover:31.3.2) with InstrumentationAnalysisTransform
[        ] Transforming databinding-compiler-common-8.3.2.jar (androidx.databinding:databinding-compiler-common:8.3.2) with InstrumentationAnalysisTransform
[        ] Transforming databinding-common-8.3.2.jar (androidx.databinding:databinding-common:8.3.2) with InstrumentationAnalysisTransform
[        ] Transforming baseLibrary-8.3.2.jar (com.android.databinding:baseLibrary:8.3.2) with InstrumentationAnalysisTransform
[        ] Transforming layoutlib-api-31.3.2.jar (com.android.tools.layoutlib:layoutlib-api:31.3.2) with InstrumentationAnalysisTransform
[        ] Transforming android-device-provider-ddmlib-proto-31.3.2.jar (com.android.tools.utp:android-device-provider-ddmlib-proto:31.3.2) with InstrumentationAnalysisTransform
[        ] Transforming android-device-provider-gradle-proto-31.3.2.jar (com.android.tools.utp:android-device-provider-gradle-proto:31.3.2) with InstrumentationAnalysisTransform
[        ] Transforming android-test-plugin-host-additional-test-output-proto-31.3.2.jar (com.android.tools.utp:android-test-plugin-host-additional-test-output-proto:31.3.2) with InstrumentationAnalysisTransform
[        ] Transforming android-test-plugin-host-coverage-proto-31.3.2.jar (com.android.tools.utp:android-test-plugin-host-coverage-proto:31.3.2) with InstrumentationAnalysisTransform
[        ] Transforming android-test-plugin-host-emulator-control-proto-31.3.2.jar (com.android.tools.utp:android-test-plugin-host-emulator-control-proto:31.3.2) with InstrumentationAnalysisTransform
[        ] Transforming android-test-plugin-host-logcat-proto-31.3.2.jar (com.android.tools.utp:android-test-plugin-host-logcat-proto:31.3.2) with InstrumentationAnalysisTransform
[        ] Transforming android-test-plugin-host-apk-installer-proto-31.3.2.jar (com.android.tools.utp:android-test-plugin-host-apk-installer-proto:31.3.2) with InstrumentationAnalysisTransform
[        ] Transforming android-test-plugin-host-retention-proto-31.3.2.jar (com.android.tools.utp:android-test-plugin-host-retention-proto:31.3.2) with InstrumentationAnalysisTransform
[        ] Transforming android-test-plugin-result-listener-gradle-proto-31.3.2.jar (com.android.tools.utp:android-test-plugin-result-listener-gradle-proto:31.3.2) with InstrumentationAnalysisTransform
[        ] Transforming builder-model-8.3.2.jar (com.android.tools.build:builder-model:8.3.2) with InstrumentationAnalysisTransform
[        ] Transforming dvlib-31.3.2.jar (com.android.tools:dvlib:31.3.2) with InstrumentationAnalysisTransform
[        ] Transforming common-31.3.2.jar (com.android.tools:common:31.3.2) with InstrumentationAnalysisTransform
[        ] Transforming jetifier-processor-1.0.0-beta10.jar (com.android.tools.build.jetifier:jetifier-processor:1.0.0-beta10) with InstrumentationAnalysisTransform
[        ] Transforming jetifier-core-1.0.0-beta10.jar (com.android.tools.build.jetifier:jetifier-core:1.0.0-beta10) with InstrumentationAnalysisTransform
[        ] Transforming kotlin-reflect-1.9.20.jar (org.jetbrains.kotlin:kotlin-reflect:1.9.20) with InstrumentationAnalysisTransform
[        ] Transforming kotlin-stdlib-jdk7-1.9.20.jar (org.jetbrains.kotlin:kotlin-stdlib-jdk7:1.9.20) with InstrumentationAnalysisTransform
[        ] Transforming kotlin-stdlib-1.9.20.jar (org.jetbrains.kotlin:kotlin-stdlib:1.9.20) with InstrumentationAnalysisTransform
[        ] Transforming kotlin-stdlib-jdk8-1.9.20.jar (org.jetbrains.kotlin:kotlin-stdlib-jdk8:1.9.20) with InstrumentationAnalysisTransform
[        ] Transforming transform-api-2.0.0-deprecated-use-gradle-api.jar (com.android.tools.build:transform-api:2.0.0-deprecated-use-gradle-api) with InstrumentationAnalysisTransform
[        ] Transforming httpmime-4.5.6.jar (org.apache.httpcomponents:httpmime:4.5.6) with InstrumentationAnalysisTransform
[        ] Transforming commons-io-2.13.0.jar (commons-io:commons-io:2.13.0) with InstrumentationAnalysisTransform
[        ] Transforming asm-commons-9.6.jar (org.ow2.asm:asm-commons:9.6) with InstrumentationAnalysisTransform
[        ] Transforming asm-util-9.6.jar (org.ow2.asm:asm-util:9.6) with InstrumentationAnalysisTransform
[        ] Transforming asm-analysis-9.6.jar (org.ow2.asm:asm-analysis:9.6) with InstrumentationAnalysisTransform
[        ] Transforming asm-tree-9.6.jar (org.ow2.asm:asm-tree:9.6) with InstrumentationAnalysisTransform
[        ] Transforming asm-9.6.jar (org.ow2.asm:asm:9.6) with InstrumentationAnalysisTransform
[        ] Transforming apkzlib-8.3.2.jar (com.android.tools.build:apkzlib:8.3.2) with InstrumentationAnalysisTransform
[        ] Transforming bcpkix-jdk15on-1.67.jar (org.bouncycastle:bcpkix-jdk15on:1.67) with InstrumentationAnalysisTransform
[        ] Transforming jaxb-runtime-2.3.2.jar (org.glassfish.jaxb:jaxb-runtime:2.3.2) with InstrumentationAnalysisTransform
[        ] Transforming jopt-simple-4.9.jar (net.sf.jopt-simple:jopt-simple:4.9) with InstrumentationAnalysisTransform
[        ] Transforming javapoet-1.10.0.jar (com.squareup:javapoet:1.10.0) with InstrumentationAnalysisTransform
[        ] Transforming protobuf-java-util-3.22.3.jar (com.google.protobuf:protobuf-java-util:3.22.3) with InstrumentationAnalysisTransform
[        ] Transforming grpc-protobuf-1.57.0.jar (io.grpc:grpc-protobuf:1.57.0) with InstrumentationAnalysisTransform
[        ] Transforming tink-1.7.0.jar (com.google.crypto.tink:tink:1.7.0) with InstrumentationAnalysisTransform
[        ] Transforming protos-31.3.2.jar (com.android.tools.analytics-library:protos:31.3.2) with InstrumentationAnalysisTransform
[        ] Transforming proto-google-common-protos-2.17.0.jar (com.google.api.grpc:proto-google-common-protos:2.17.0) with InstrumentationAnalysisTransform
[        ] Transforming protobuf-java-3.22.3.jar (com.google.protobuf:protobuf-java:3.22.3) with InstrumentationAnalysisTransform
[        ] Transforming grpc-netty-1.57.0.jar (io.grpc:grpc-netty:1.57.0) with InstrumentationAnalysisTransform
[        ] Transforming grpc-core-1.57.0.jar (io.grpc:grpc-core:1.57.0) with InstrumentationAnalysisTransform
[        ] Transforming gson-2.10.1.jar (com.google.code.gson:gson:2.10.1) with InstrumentationAnalysisTransform
[        ] Transforming grpc-stub-1.57.0.jar (io.grpc:grpc-stub:1.57.0) with InstrumentationAnalysisTransform
[        ] Transforming core-proto-0.0.9-alpha02.jar (com.google.testing.platform:core-proto:0.0.9-alpha02) with InstrumentationAnalysisTransform
[        ] Transforming kxml2-2.3.0.jar (net.sf.kxml:kxml2:2.3.0) with InstrumentationAnalysisTransform
[        ] Transforming tensorflow-lite-metadata-0.1.0-rc2.jar (org.tensorflow:tensorflow-lite-metadata:0.1.0-rc2) with InstrumentationAnalysisTransform
[        ] Transforming flatbuffers-java-1.12.0.jar (com.google.flatbuffers:flatbuffers-java:1.12.0) with InstrumentationAnalysisTransform
[        ] Transforming jimfs-1.1.jar (com.google.jimfs:jimfs:1.1) with InstrumentationAnalysisTransform
[        ] Transforming grpc-context-1.57.0.jar (io.grpc:grpc-context:1.57.0) with InstrumentationAnalysisTransform
[        ] Transforming grpc-protobuf-lite-1.57.0.jar (io.grpc:grpc-protobuf-lite:1.57.0) with InstrumentationAnalysisTransform
[        ] Transforming grpc-api-1.57.0.jar (io.grpc:grpc-api:1.57.0) with InstrumentationAnalysisTransform
[        ] Transforming guava-32.0.1-jre.jar (com.google.guava:guava:32.0.1-jre) with InstrumentationAnalysisTransform
[        ] Transforming dagger-2.28.3.jar (com.google.dagger:dagger:2.28.3) with InstrumentationAnalysisTransform
[        ] Transforming javax.inject-1.jar (javax.inject:javax.inject:1) with InstrumentationAnalysisTransform
[        ] Transforming bcprov-jdk15on-1.67.jar (org.bouncycastle:bcprov-jdk15on:1.67) with InstrumentationAnalysisTransform
[        ] Transforming trove4j-1.0.20200330.jar (org.jetbrains.intellij.deps:trove4j:1.0.20200330) with InstrumentationAnalysisTransform
[        ] Transforming commons-compress-1.21.jar (org.apache.commons:commons-compress:1.21) with InstrumentationAnalysisTransform
[        ] Transforming httpclient-4.5.14.jar (org.apache.httpcomponents:httpclient:4.5.14) with InstrumentationAnalysisTransform
[        ] Transforming httpcore-4.4.16.jar (org.apache.httpcomponents:httpcore:4.4.16) with InstrumentationAnalysisTransform
[        ] Transforming javax.activation-1.2.0.jar (com.sun.activation:javax.activation:1.2.0) with InstrumentationAnalysisTransform
[        ] Transforming annotations-23.0.0.jar (org.jetbrains:annotations:23.0.0) with InstrumentationAnalysisTransform
[        ] Transforming signflinger-8.3.2.jar (com.android:signflinger:8.3.2) with InstrumentationAnalysisTransform
[        ] Transforming zipflinger-8.3.2.jar (com.android:zipflinger:8.3.2) with InstrumentationAnalysisTransform
[        ] Transforming annotations-31.3.2.jar (com.android.tools:annotations:31.3.2) with InstrumentationAnalysisTransform
[        ] Transforming jna-platform-5.6.0.jar (net.java.dev.jna:jna-platform:5.6.0) with InstrumentationAnalysisTransform
[        ] Transforming juniversalchardet-1.0.3.jar (com.googlecode.juniversalchardet:juniversalchardet:1.0.3) with InstrumentationAnalysisTransform
[        ] Transforming javax.annotation-api-1.3.2.jar (javax.annotation:javax.annotation-api:1.3.2) with InstrumentationAnalysisTransform
[        ] Transforming stax-ex-1.8.1.jar (org.jvnet.staxex:stax-ex:1.8.1) with InstrumentationAnalysisTransform
[        ] Transforming jakarta.xml.bind-api-2.3.2.jar (jakarta.xml.bind:jakarta.xml.bind-api:2.3.2) with InstrumentationAnalysisTransform
[        ] Transforming txw2-2.3.2.jar (org.glassfish.jaxb:txw2:2.3.2) with InstrumentationAnalysisTransform
[        ] Transforming istack-commons-runtime-3.0.8.jar (com.sun.istack:istack-commons-runtime:3.0.8) with InstrumentationAnalysisTransform
[        ] Transforming FastInfoset-1.2.16.jar (com.sun.xml.fastinfoset:FastInfoset:1.2.16) with InstrumentationAnalysisTransform
[        ] Transforming jakarta.activation-api-1.2.1.jar (jakarta.activation:jakarta.activation-api:1.2.1) with InstrumentationAnalysisTransform
[        ] Transforming auto-value-annotations-1.6.2.jar (com.google.auto.value:auto-value-annotations:1.6.2) with InstrumentationAnalysisTransform
[        ] Transforming error_prone_annotations-2.18.0.jar (com.google.errorprone:error_prone_annotations:2.18.0) with InstrumentationAnalysisTransform
[        ] Transforming jose4j-0.7.0.jar (org.bitbucket.b_c:jose4j:0.7.0) with InstrumentationAnalysisTransform
[        ] Transforming slf4j-api-1.7.30.jar (org.slf4j:slf4j-api:1.7.30) with InstrumentationAnalysisTransform
[        ] Transforming jdom2-2.0.6.jar (org.jdom:jdom2:2.0.6) with InstrumentationAnalysisTransform
[        ] Transforming jsr305-3.0.2.jar (com.google.code.findbugs:jsr305:3.0.2) with InstrumentationAnalysisTransform
[        ] Transforming j2objc-annotations-2.8.jar (com.google.j2objc:j2objc-annotations:2.8) with InstrumentationAnalysisTransform
[        ] Transforming annotations-4.1.1.4.jar (com.google.android:annotations:4.1.1.4) with InstrumentationAnalysisTransform
[        ] Transforming animal-sniffer-annotations-1.23.jar (org.codehaus.mojo:animal-sniffer-annotations:1.23) with InstrumentationAnalysisTransform
[        ] Transforming perfmark-api-0.26.0.jar (io.perfmark:perfmark-api:0.26.0) with InstrumentationAnalysisTransform
[        ] Transforming netty-codec-http2-4.1.93.Final.jar (io.netty:netty-codec-http2:4.1.93.Final) with InstrumentationAnalysisTransform
[        ] Transforming netty-handler-proxy-4.1.93.Final.jar (io.netty:netty-handler-proxy:4.1.93.Final) with InstrumentationAnalysisTransform
[        ] Transforming netty-codec-http-4.1.93.Final.jar (io.netty:netty-codec-http:4.1.93.Final) with InstrumentationAnalysisTransform
[        ] Transforming netty-handler-4.1.93.Final.jar (io.netty:netty-handler:4.1.93.Final) with InstrumentationAnalysisTransform
[        ] Transforming netty-transport-native-unix-common-4.1.93.Final.jar (io.netty:netty-transport-native-unix-common:4.1.93.Final) with InstrumentationAnalysisTransform
[        ] Transforming checker-qual-3.33.0.jar (org.checkerframework:checker-qual:3.33.0) with InstrumentationAnalysisTransform
[        ] Transforming commons-codec-1.11.jar (commons-codec:commons-codec:1.11) with InstrumentationAnalysisTransform
[        ] Transforming apksig-8.3.2.jar (com.android.tools.build:apksig:8.3.2) with InstrumentationAnalysisTransform
[        ] Transforming javawriter-2.5.0.jar (com.squareup:javawriter:2.5.0) with InstrumentationAnalysisTransform
[        ] Transforming failureaccess-1.0.1.jar (com.google.guava:failureaccess:1.0.1) with InstrumentationAnalysisTransform
[        ] Transforming listenablefuture-9999.0-empty-to-avoid-conflict-with-guava.jar (com.google.guava:listenablefuture:9999.0-empty-to-avoid-conflict-with-guava) with InstrumentationAnalysisTransform
[        ] Transforming commons-logging-1.2.jar (commons-logging:commons-logging:1.2) with InstrumentationAnalysisTransform
[        ] Transforming jna-5.6.0.jar (net.java.dev.jna:jna:5.6.0) with InstrumentationAnalysisTransform
[        ] Transforming netty-codec-socks-4.1.93.Final.jar (io.netty:netty-codec-socks:4.1.93.Final) with InstrumentationAnalysisTransform
[        ] Transforming netty-codec-4.1.93.Final.jar (io.netty:netty-codec:4.1.93.Final) with InstrumentationAnalysisTransform
[        ] Transforming netty-transport-4.1.93.Final.jar (io.netty:netty-transport:4.1.93.Final) with InstrumentationAnalysisTransform
[        ] Transforming netty-buffer-4.1.93.Final.jar (io.netty:netty-buffer:4.1.93.Final) with InstrumentationAnalysisTransform
[        ] Transforming netty-resolver-4.1.93.Final.jar (io.netty:netty-resolver:4.1.93.Final) with InstrumentationAnalysisTransform
[        ] Transforming netty-common-4.1.93.Final.jar (io.netty:netty-common:4.1.93.Final) with InstrumentationAnalysisTransform
[        ] Transforming gradle-8.3.2.jar (com.android.tools.build:gradle:8.3.2) with InstrumentationAnalysisTransform
[        ] Transforming gradle-8.3.2.jar (com.android.tools.build:gradle:8.3.2) with MergeInstrumentationAnalysisTransform
[        ] Transforming gradle-settings-api-8.3.2.jar (com.android.tools.build:gradle-settings-api:8.3.2) with InstrumentationAnalysisTransform
[        ] Transforming gradle-settings-api-8.3.2.jar (com.android.tools.build:gradle-settings-api:8.3.2) with MergeInstrumentationAnalysisTransform
[        ] Transforming lint-model-31.3.2.jar (com.android.tools.lint:lint-model:31.3.2) with InstrumentationAnalysisTransform
[        ] Transforming lint-model-31.3.2.jar (com.android.tools.lint:lint-model:31.3.2) with MergeInstrumentationAnalysisTransform
[        ] Transforming gradle-8.3.2.jar (com.android.tools.build:gradle:8.3.2) with ExternalDependencyInstrumentingArtifactTransform
[        ] Transforming builder-8.3.2.jar (com.android.tools.build:builder:8.3.2) with InstrumentationAnalysisTransform
[        ] Transforming builder-8.3.2.jar (com.android.tools.build:builder:8.3.2) with MergeInstrumentationAnalysisTransform
[        ] Transforming lint-model-31.3.2.jar (com.android.tools.lint:lint-model:31.3.2) with ExternalDependencyInstrumentingArtifactTransform
[        ] Transforming gradle-settings-api-8.3.2.jar (com.android.tools.build:gradle-settings-api:8.3.2) with ExternalDependencyInstrumentingArtifactTransform
[        ] Transforming manifest-merger-31.3.2.jar (com.android.tools.build:manifest-merger:31.3.2) with InstrumentationAnalysisTransform
[        ] Transforming manifest-merger-31.3.2.jar (com.android.tools.build:manifest-merger:31.3.2) with MergeInstrumentationAnalysisTransform
[        ] Transforming builder-8.3.2.jar (com.android.tools.build:builder:8.3.2) with ExternalDependencyInstrumentingArtifactTransform
[        ] Transforming sdk-common-31.3.2.jar (com.android.tools:sdk-common:31.3.2) with InstrumentationAnalysisTransform
[        ] Transforming sdk-common-31.3.2.jar (com.android.tools:sdk-common:31.3.2) with MergeInstrumentationAnalysisTransform
[        ] Transforming manifest-merger-31.3.2.jar (com.android.tools.build:manifest-merger:31.3.2) with ExternalDependencyInstrumentingArtifactTransform
[        ] Transforming sdklib-31.3.2.jar (com.android.tools:sdklib:31.3.2) with InstrumentationAnalysisTransform
[        ] Transforming sdklib-31.3.2.jar (com.android.tools:sdklib:31.3.2) with MergeInstrumentationAnalysisTransform
[        ] Transforming sdk-common-31.3.2.jar (com.android.tools:sdk-common:31.3.2) with ExternalDependencyInstrumentingArtifactTransform
[        ] Transforming repository-31.3.2.jar (com.android.tools:repository:31.3.2) with InstrumentationAnalysisTransform
[        ] Transforming repository-31.3.2.jar (com.android.tools:repository:31.3.2) with MergeInstrumentationAnalysisTransform
[        ] Transforming sdklib-31.3.2.jar (com.android.tools:sdklib:31.3.2) with ExternalDependencyInstrumentingArtifactTransform
[        ] Transforming gradle-api-8.3.2.jar (com.android.tools.build:gradle-api:8.3.2) with InstrumentationAnalysisTransform
[        ] Transforming repository-31.3.2.jar (com.android.tools:repository:31.3.2) with ExternalDependencyInstrumentingArtifactTransform
[        ] Transforming gradle-api-8.3.2.jar (com.android.tools.build:gradle-api:8.3.2) with MergeInstrumentationAnalysisTransform
[        ] Transforming builder-test-api-8.3.2.jar (com.android.tools.build:builder-test-api:8.3.2) with InstrumentationAnalysisTransform
[        ] Transforming builder-test-api-8.3.2.jar (com.android.tools.build:builder-test-api:8.3.2) with MergeInstrumentationAnalysisTransform
[        ] Transforming gradle-api-8.3.2.jar (com.android.tools.build:gradle-api:8.3.2) with ExternalDependencyInstrumentingArtifactTransform
[        ] Transforming ddmlib-31.3.2.jar (com.android.tools.ddms:ddmlib:31.3.2) with InstrumentationAnalysisTransform
[        ] Transforming ddmlib-31.3.2.jar (com.android.tools.ddms:ddmlib:31.3.2) with MergeInstrumentationAnalysisTransform
[        ] Transforming builder-test-api-8.3.2.jar (com.android.tools.build:builder-test-api:8.3.2) with ExternalDependencyInstrumentingArtifactTransform
[        ] Transforming aaptcompiler-8.3.2.jar (com.android.tools.build:aaptcompiler:8.3.2) with InstrumentationAnalysisTransform
[        ] Transforming aaptcompiler-8.3.2.jar (com.android.tools.build:aaptcompiler:8.3.2) with MergeInstrumentationAnalysisTransform
[        ] Transforming ddmlib-31.3.2.jar (com.android.tools.ddms:ddmlib:31.3.2) with ExternalDependencyInstrumentingArtifactTransform
[        ] Transforming bundletool-1.15.6.jar (com.android.tools.build:bundletool:1.15.6) with InstrumentationAnalysisTransform
[        ] Transforming bundletool-1.15.6.jar (com.android.tools.build:bundletool:1.15.6) with MergeInstrumentationAnalysisTransform
[        ] Transforming aaptcompiler-8.3.2.jar (com.android.tools.build:aaptcompiler:8.3.2) with ExternalDependencyInstrumentingArtifactTransform
[        ] Transforming aapt2-proto-8.3.2-10880808.jar (com.android.tools.build:aapt2-proto:8.3.2-10880808) with InstrumentationAnalysisTransform
[        ] Transforming aapt2-proto-8.3.2-10880808.jar (com.android.tools.build:aapt2-proto:8.3.2-10880808) with MergeInstrumentationAnalysisTransform
[        ] Transforming bundletool-1.15.6.jar (com.android.tools.build:bundletool:1.15.6) with ExternalDependencyInstrumentingArtifactTransform
[        ] Transforming crash-31.3.2.jar (com.android.tools.analytics-library:crash:31.3.2) with InstrumentationAnalysisTransform
[        ] Transforming crash-31.3.2.jar (com.android.tools.analytics-library:crash:31.3.2) with MergeInstrumentationAnalysisTransform
[        ] Transforming aapt2-proto-8.3.2-10880808.jar (com.android.tools.build:aapt2-proto:8.3.2-10880808) with ExternalDependencyInstrumentingArtifactTransform
[        ] Transforming tracker-31.3.2.jar (com.android.tools.analytics-library:tracker:31.3.2) with InstrumentationAnalysisTransform
[        ] Transforming tracker-31.3.2.jar (com.android.tools.analytics-library:tracker:31.3.2) with MergeInstrumentationAnalysisTransform
[        ] Transforming crash-31.3.2.jar (com.android.tools.analytics-library:crash:31.3.2) with ExternalDependencyInstrumentingArtifactTransform
[        ] Transforming shared-31.3.2.jar (com.android.tools.analytics-library:shared:31.3.2) with InstrumentationAnalysisTransform
[        ] Transforming shared-31.3.2.jar (com.android.tools.analytics-library:shared:31.3.2) with MergeInstrumentationAnalysisTransform
[        ] Transforming tracker-31.3.2.jar (com.android.tools.analytics-library:tracker:31.3.2) with ExternalDependencyInstrumentingArtifactTransform
[        ] Transforming lint-typedef-remover-31.3.2.jar (com.android.tools.lint:lint-typedef-remover:31.3.2) with InstrumentationAnalysisTransform
[        ] Transforming lint-typedef-remover-31.3.2.jar (com.android.tools.lint:lint-typedef-remover:31.3.2) with MergeInstrumentationAnalysisTransform
[        ] Transforming shared-31.3.2.jar (com.android.tools.analytics-library:shared:31.3.2) with ExternalDependencyInstrumentingArtifactTransform
[        ] Transforming databinding-compiler-common-8.3.2.jar (androidx.databinding:databinding-compiler-common:8.3.2) with InstrumentationAnalysisTransform
[        ] Transforming lint-typedef-remover-31.3.2.jar (com.android.tools.lint:lint-typedef-remover:31.3.2) with ExternalDependencyInstrumentingArtifactTransform
[        ] Transforming databinding-compiler-common-8.3.2.jar (androidx.databinding:databinding-compiler-common:8.3.2) with MergeInstrumentationAnalysisTransform
[        ] Transforming databinding-common-8.3.2.jar (androidx.databinding:databinding-common:8.3.2) with InstrumentationAnalysisTransform
[        ] Transforming databinding-common-8.3.2.jar (androidx.databinding:databinding-common:8.3.2) with MergeInstrumentationAnalysisTransform
[        ] Transforming databinding-compiler-common-8.3.2.jar (androidx.databinding:databinding-compiler-common:8.3.2) with ExternalDependencyInstrumentingArtifactTransform
[        ] Transforming baseLibrary-8.3.2.jar (com.android.databinding:baseLibrary:8.3.2) with InstrumentationAnalysisTransform
[        ] Transforming baseLibrary-8.3.2.jar (com.android.databinding:baseLibrary:8.3.2) with MergeInstrumentationAnalysisTransform
[        ] Transforming databinding-common-8.3.2.jar (androidx.databinding:databinding-common:8.3.2) with ExternalDependencyInstrumentingArtifactTransform
[        ] Transforming layoutlib-api-31.3.2.jar (com.android.tools.layoutlib:layoutlib-api:31.3.2) with InstrumentationAnalysisTransform
[        ] Transforming layoutlib-api-31.3.2.jar (com.android.tools.layoutlib:layoutlib-api:31.3.2) with MergeInstrumentationAnalysisTransform
[        ] Transforming baseLibrary-8.3.2.jar (com.android.databinding:baseLibrary:8.3.2) with ExternalDependencyInstrumentingArtifactTransform
[        ] Transforming android-device-provider-ddmlib-proto-31.3.2.jar (com.android.tools.utp:android-device-provider-ddmlib-proto:31.3.2) with InstrumentationAnalysisTransform
[        ] Transforming android-device-provider-ddmlib-proto-31.3.2.jar (com.android.tools.utp:android-device-provider-ddmlib-proto:31.3.2) with MergeInstrumentationAnalysisTransform
[        ] Transforming layoutlib-api-31.3.2.jar (com.android.tools.layoutlib:layoutlib-api:31.3.2) with ExternalDependencyInstrumentingArtifactTransform
[        ] Transforming android-device-provider-gradle-proto-31.3.2.jar (com.android.tools.utp:android-device-provider-gradle-proto:31.3.2) with InstrumentationAnalysisTransform
[        ] Transforming android-device-provider-gradle-proto-31.3.2.jar (com.android.tools.utp:android-device-provider-gradle-proto:31.3.2) with MergeInstrumentationAnalysisTransform
[        ] Transforming android-test-plugin-host-additional-test-output-proto-31.3.2.jar (com.android.tools.utp:android-test-plugin-host-additional-test-output-proto:31.3.2) with InstrumentationAnalysisTransform
[        ] Transforming android-test-plugin-host-additional-test-output-proto-31.3.2.jar (com.android.tools.utp:android-test-plugin-host-additional-test-output-proto:31.3.2) with MergeInstrumentationAnalysisTransform
[        ] Transforming android-test-plugin-host-coverage-proto-31.3.2.jar (com.android.tools.utp:android-test-plugin-host-coverage-proto:31.3.2) with InstrumentationAnalysisTransform
[        ] Transforming android-device-provider-ddmlib-proto-31.3.2.jar (com.android.tools.utp:android-device-provider-ddmlib-proto:31.3.2) with ExternalDependencyInstrumentingArtifactTransform
[        ] Transforming android-device-provider-gradle-proto-31.3.2.jar (com.android.tools.utp:android-device-provider-gradle-proto:31.3.2) with ExternalDependencyInstrumentingArtifactTransform
[        ] Transforming android-test-plugin-host-coverage-proto-31.3.2.jar (com.android.tools.utp:android-test-plugin-host-coverage-proto:31.3.2) with MergeInstrumentationAnalysisTransform
[        ] Transforming android-test-plugin-host-emulator-control-proto-31.3.2.jar (com.android.tools.utp:android-test-plugin-host-emulator-control-proto:31.3.2) with InstrumentationAnalysisTransform
[        ] Transforming android-test-plugin-host-additional-test-output-proto-31.3.2.jar (com.android.tools.utp:android-test-plugin-host-additional-test-output-proto:31.3.2) with ExternalDependencyInstrumentingArtifactTransform
[        ] Transforming android-test-plugin-host-coverage-proto-31.3.2.jar (com.android.tools.utp:android-test-plugin-host-coverage-proto:31.3.2) with ExternalDependencyInstrumentingArtifactTransform
[        ] Transforming android-test-plugin-host-emulator-control-proto-31.3.2.jar (com.android.tools.utp:android-test-plugin-host-emulator-control-proto:31.3.2) with MergeInstrumentationAnalysisTransform
[        ] Transforming android-test-plugin-host-logcat-proto-31.3.2.jar (com.android.tools.utp:android-test-plugin-host-logcat-proto:31.3.2) with InstrumentationAnalysisTransform
[        ] Transforming android-test-plugin-host-logcat-proto-31.3.2.jar (com.android.tools.utp:android-test-plugin-host-logcat-proto:31.3.2) with MergeInstrumentationAnalysisTransform
[        ] Transforming android-test-plugin-host-apk-installer-proto-31.3.2.jar (com.android.tools.utp:android-test-plugin-host-apk-installer-proto:31.3.2) with InstrumentationAnalysisTransform
[        ] Transforming android-test-plugin-host-emulator-control-proto-31.3.2.jar (com.android.tools.utp:android-test-plugin-host-emulator-control-proto:31.3.2) with ExternalDependencyInstrumentingArtifactTransform
[        ] Transforming android-test-plugin-host-apk-installer-proto-31.3.2.jar (com.android.tools.utp:android-test-plugin-host-apk-installer-proto:31.3.2) with MergeInstrumentationAnalysisTransform
[        ] Transforming android-test-plugin-host-logcat-proto-31.3.2.jar (com.android.tools.utp:android-test-plugin-host-logcat-proto:31.3.2) with ExternalDependencyInstrumentingArtifactTransform
[        ] Transforming android-test-plugin-host-retention-proto-31.3.2.jar (com.android.tools.utp:android-test-plugin-host-retention-proto:31.3.2) with InstrumentationAnalysisTransform
[        ] Transforming android-test-plugin-host-apk-installer-proto-31.3.2.jar (com.android.tools.utp:android-test-plugin-host-apk-installer-proto:31.3.2) with ExternalDependencyInstrumentingArtifactTransform
[        ] Transforming android-test-plugin-host-retention-proto-31.3.2.jar (com.android.tools.utp:android-test-plugin-host-retention-proto:31.3.2) with MergeInstrumentationAnalysisTransform
[        ] Transforming android-test-plugin-result-listener-gradle-proto-31.3.2.jar (com.android.tools.utp:android-test-plugin-result-listener-gradle-proto:31.3.2) with InstrumentationAnalysisTransform
[        ] Transforming android-test-plugin-result-listener-gradle-proto-31.3.2.jar (com.android.tools.utp:android-test-plugin-result-listener-gradle-proto:31.3.2) with MergeInstrumentationAnalysisTransform
[        ] Transforming android-test-plugin-host-retention-proto-31.3.2.jar (com.android.tools.utp:android-test-plugin-host-retention-proto:31.3.2) with ExternalDependencyInstrumentingArtifactTransform
[        ] Transforming builder-model-8.3.2.jar (com.android.tools.build:builder-model:8.3.2) with InstrumentationAnalysisTransform
[        ] Transforming builder-model-8.3.2.jar (com.android.tools.build:builder-model:8.3.2) with MergeInstrumentationAnalysisTransform
[        ] Transforming android-test-plugin-result-listener-gradle-proto-31.3.2.jar (com.android.tools.utp:android-test-plugin-result-listener-gradle-proto:31.3.2) with ExternalDependencyInstrumentingArtifactTransform
[        ] Transforming dvlib-31.3.2.jar (com.android.tools:dvlib:31.3.2) with InstrumentationAnalysisTransform
[        ] Transforming builder-model-8.3.2.jar (com.android.tools.build:builder-model:8.3.2) with ExternalDependencyInstrumentingArtifactTransform
[        ] Transforming dvlib-31.3.2.jar (com.android.tools:dvlib:31.3.2) with MergeInstrumentationAnalysisTransform
[        ] Transforming common-31.3.2.jar (com.android.tools:common:31.3.2) with InstrumentationAnalysisTransform
[        ] Transforming common-31.3.2.jar (com.android.tools:common:31.3.2) with MergeInstrumentationAnalysisTransform
[        ] Transforming jetifier-processor-1.0.0-beta10.jar (com.android.tools.build.jetifier:jetifier-processor:1.0.0-beta10) with InstrumentationAnalysisTransform
[        ] Transforming dvlib-31.3.2.jar (com.android.tools:dvlib:31.3.2) with ExternalDependencyInstrumentingArtifactTransform
[        ] Transforming jetifier-processor-1.0.0-beta10.jar (com.android.tools.build.jetifier:jetifier-processor:1.0.0-beta10) with MergeInstrumentationAnalysisTransform
[        ] Transforming jetifier-core-1.0.0-beta10.jar (com.android.tools.build.jetifier:jetifier-core:1.0.0-beta10) with InstrumentationAnalysisTransform
[        ] Transforming common-31.3.2.jar (com.android.tools:common:31.3.2) with ExternalDependencyInstrumentingArtifactTransform
[        ] Transforming jetifier-processor-1.0.0-beta10.jar (com.android.tools.build.jetifier:jetifier-processor:1.0.0-beta10) with ExternalDependencyInstrumentingArtifactTransform
[        ] Transforming jetifier-core-1.0.0-beta10.jar (com.android.tools.build.jetifier:jetifier-core:1.0.0-beta10) with MergeInstrumentationAnalysisTransform
[        ] Transforming kotlin-reflect-1.9.20.jar (org.jetbrains.kotlin:kotlin-reflect:1.9.20) with InstrumentationAnalysisTransform
[        ] Transforming kotlin-reflect-1.9.20.jar (org.jetbrains.kotlin:kotlin-reflect:1.9.20) with MergeInstrumentationAnalysisTransform
[        ] Transforming kotlin-stdlib-jdk7-1.9.20.jar (org.jetbrains.kotlin:kotlin-stdlib-jdk7:1.9.20) with InstrumentationAnalysisTransform
[        ] Transforming jetifier-core-1.0.0-beta10.jar (com.android.tools.build.jetifier:jetifier-core:1.0.0-beta10) with ExternalDependencyInstrumentingArtifactTransform
[        ] Transforming kotlin-stdlib-jdk7-1.9.20.jar (org.jetbrains.kotlin:kotlin-stdlib-jdk7:1.9.20) with MergeInstrumentationAnalysisTransform
[        ] Transforming kotlin-stdlib-1.9.20.jar (org.jetbrains.kotlin:kotlin-stdlib:1.9.20) with InstrumentationAnalysisTransform
[        ] Transforming kotlin-reflect-1.9.20.jar (org.jetbrains.kotlin:kotlin-reflect:1.9.20) with ExternalDependencyInstrumentingArtifactTransform
[        ] Transforming kotlin-stdlib-1.9.20.jar (org.jetbrains.kotlin:kotlin-stdlib:1.9.20) with MergeInstrumentationAnalysisTransform
[        ] Transforming kotlin-stdlib-jdk8-1.9.20.jar (org.jetbrains.kotlin:kotlin-stdlib-jdk8:1.9.20) with InstrumentationAnalysisTransform
[        ] Transforming kotlin-stdlib-jdk7-1.9.20.jar (org.jetbrains.kotlin:kotlin-stdlib-jdk7:1.9.20) with ExternalDependencyInstrumentingArtifactTransform
[        ] Transforming kotlin-stdlib-1.9.20.jar (org.jetbrains.kotlin:kotlin-stdlib:1.9.20) with ExternalDependencyInstrumentingArtifactTransform
[        ] Transforming kotlin-stdlib-jdk8-1.9.20.jar (org.jetbrains.kotlin:kotlin-stdlib-jdk8:1.9.20) with MergeInstrumentationAnalysisTransform
[        ] Transforming transform-api-2.0.0-deprecated-use-gradle-api.jar (com.android.tools.build:transform-api:2.0.0-deprecated-use-gradle-api) with InstrumentationAnalysisTransform
[        ] Transforming transform-api-2.0.0-deprecated-use-gradle-api.jar (com.android.tools.build:transform-api:2.0.0-deprecated-use-gradle-api) with MergeInstrumentationAnalysisTransform
[        ] Transforming httpmime-4.5.6.jar (org.apache.httpcomponents:httpmime:4.5.6) with InstrumentationAnalysisTransform
[        ] Transforming kotlin-stdlib-jdk8-1.9.20.jar (org.jetbrains.kotlin:kotlin-stdlib-jdk8:1.9.20) with ExternalDependencyInstrumentingArtifactTransform
[        ] Transforming transform-api-2.0.0-deprecated-use-gradle-api.jar (com.android.tools.build:transform-api:2.0.0-deprecated-use-gradle-api) with ExternalDependencyInstrumentingArtifactTransform
[        ] Transforming httpmime-4.5.6.jar (org.apache.httpcomponents:httpmime:4.5.6) with MergeInstrumentationAnalysisTransform
[        ] Transforming commons-io-2.13.0.jar (commons-io:commons-io:2.13.0) with InstrumentationAnalysisTransform
[        ] Transforming commons-io-2.13.0.jar (commons-io:commons-io:2.13.0) with MergeInstrumentationAnalysisTransform
[        ] Transforming httpmime-4.5.6.jar (org.apache.httpcomponents:httpmime:4.5.6) with ExternalDependencyInstrumentingArtifactTransform
[        ] Transforming asm-commons-9.6.jar (org.ow2.asm:asm-commons:9.6) with InstrumentationAnalysisTransform
[        ] Transforming commons-io-2.13.0.jar (commons-io:commons-io:2.13.0) with ExternalDependencyInstrumentingArtifactTransform
[        ] Transforming asm-commons-9.6.jar (org.ow2.asm:asm-commons:9.6) with MergeInstrumentationAnalysisTransform
[        ] Transforming asm-util-9.6.jar (org.ow2.asm:asm-util:9.6) with InstrumentationAnalysisTransform
[        ] Transforming asm-util-9.6.jar (org.ow2.asm:asm-util:9.6) with MergeInstrumentationAnalysisTransform
[        ] Transforming asm-commons-9.6.jar (org.ow2.asm:asm-commons:9.6) with ExternalDependencyInstrumentingArtifactTransform
[        ] Transforming asm-analysis-9.6.jar (org.ow2.asm:asm-analysis:9.6) with InstrumentationAnalysisTransform
[        ] Transforming asm-analysis-9.6.jar (org.ow2.asm:asm-analysis:9.6) with MergeInstrumentationAnalysisTransform
[        ] Transforming asm-tree-9.6.jar (org.ow2.asm:asm-tree:9.6) with InstrumentationAnalysisTransform
[        ] Transforming asm-tree-9.6.jar (org.ow2.asm:asm-tree:9.6) with MergeInstrumentationAnalysisTransform
[        ] Transforming asm-util-9.6.jar (org.ow2.asm:asm-util:9.6) with ExternalDependencyInstrumentingArtifactTransform
[        ] Transforming asm-analysis-9.6.jar (org.ow2.asm:asm-analysis:9.6) with ExternalDependencyInstrumentingArtifactTransform
[        ] Transforming asm-9.6.jar (org.ow2.asm:asm:9.6) with InstrumentationAnalysisTransform
[        ] Transforming asm-9.6.jar (org.ow2.asm:asm:9.6) with MergeInstrumentationAnalysisTransform
[        ] Transforming apkzlib-8.3.2.jar (com.android.tools.build:apkzlib:8.3.2) with InstrumentationAnalysisTransform
[        ] Transforming asm-tree-9.6.jar (org.ow2.asm:asm-tree:9.6) with ExternalDependencyInstrumentingArtifactTransform
[        ] Transforming asm-9.6.jar (org.ow2.asm:asm:9.6) with ExternalDependencyInstrumentingArtifactTransform
[        ] Transforming apkzlib-8.3.2.jar (com.android.tools.build:apkzlib:8.3.2) with MergeInstrumentationAnalysisTransform
[        ] Transforming bcpkix-jdk15on-1.67.jar (org.bouncycastle:bcpkix-jdk15on:1.67) with InstrumentationAnalysisTransform
[        ] Transforming bcpkix-jdk15on-1.67.jar (org.bouncycastle:bcpkix-jdk15on:1.67) with MergeInstrumentationAnalysisTransform
[        ] Transforming apkzlib-8.3.2.jar (com.android.tools.build:apkzlib:8.3.2) with ExternalDependencyInstrumentingArtifactTransform
[        ] Transforming jaxb-runtime-2.3.2.jar (org.glassfish.jaxb:jaxb-runtime:2.3.2) with InstrumentationAnalysisTransform
[        ] Transforming bcpkix-jdk15on-1.67.jar (org.bouncycastle:bcpkix-jdk15on:1.67) with ExternalDependencyInstrumentingArtifactTransform
[        ] Transforming jaxb-runtime-2.3.2.jar (org.glassfish.jaxb:jaxb-runtime:2.3.2) with MergeInstrumentationAnalysisTransform
[        ] Transforming jopt-simple-4.9.jar (net.sf.jopt-simple:jopt-simple:4.9) with InstrumentationAnalysisTransform
[        ] Transforming jopt-simple-4.9.jar (net.sf.jopt-simple:jopt-simple:4.9) with MergeInstrumentationAnalysisTransform
[        ] Transforming jaxb-runtime-2.3.2.jar (org.glassfish.jaxb:jaxb-runtime:2.3.2) with ExternalDependencyInstrumentingArtifactTransform
[        ] Transforming javapoet-1.10.0.jar (com.squareup:javapoet:1.10.0) with InstrumentationAnalysisTransform
[        ] Transforming jopt-simple-4.9.jar (net.sf.jopt-simple:jopt-simple:4.9) with ExternalDependencyInstrumentingArtifactTransform
[        ] Transforming javapoet-1.10.0.jar (com.squareup:javapoet:1.10.0) with MergeInstrumentationAnalysisTransform
[        ] Transforming protobuf-java-util-3.22.3.jar (com.google.protobuf:protobuf-java-util:3.22.3) with InstrumentationAnalysisTransform
[        ] Transforming protobuf-java-util-3.22.3.jar (com.google.protobuf:protobuf-java-util:3.22.3) with MergeInstrumentationAnalysisTransform
[        ] Transforming javapoet-1.10.0.jar (com.squareup:javapoet:1.10.0) with ExternalDependencyInstrumentingArtifactTransform
[        ] Transforming grpc-protobuf-1.57.0.jar (io.grpc:grpc-protobuf:1.57.0) with InstrumentationAnalysisTransform
[        ] Transforming protobuf-java-util-3.22.3.jar (com.google.protobuf:protobuf-java-util:3.22.3) with ExternalDependencyInstrumentingArtifactTransform
[        ] Transforming grpc-protobuf-1.57.0.jar (io.grpc:grpc-protobuf:1.57.0) with MergeInstrumentationAnalysisTransform
[        ] Transforming tink-1.7.0.jar (com.google.crypto.tink:tink:1.7.0) with InstrumentationAnalysisTransform
[        ] Transforming tink-1.7.0.jar (com.google.crypto.tink:tink:1.7.0) with MergeInstrumentationAnalysisTransform
[        ] Transforming protos-31.3.2.jar (com.android.tools.analytics-library:protos:31.3.2) with InstrumentationAnalysisTransform
[        ] Transforming protos-31.3.2.jar (com.android.tools.analytics-library:protos:31.3.2) with MergeInstrumentationAnalysisTransform
[        ] Transforming proto-google-common-protos-2.17.0.jar (com.google.api.grpc:proto-google-common-protos:2.17.0) with InstrumentationAnalysisTransform
[        ] Transforming grpc-protobuf-1.57.0.jar (io.grpc:grpc-protobuf:1.57.0) with ExternalDependencyInstrumentingArtifactTransform
[        ] Transforming protos-31.3.2.jar (com.android.tools.analytics-library:protos:31.3.2) with ExternalDependencyInstrumentingArtifactTransform
[        ] Transforming proto-google-common-protos-2.17.0.jar (com.google.api.grpc:proto-google-common-protos:2.17.0) with MergeInstrumentationAnalysisTransform
[        ] Transforming tink-1.7.0.jar (com.google.crypto.tink:tink:1.7.0) with ExternalDependencyInstrumentingArtifactTransform
[        ] Transforming protobuf-java-3.22.3.jar (com.google.protobuf:protobuf-java:3.22.3) with InstrumentationAnalysisTransform
[        ] Transforming protobuf-java-3.22.3.jar (com.google.protobuf:protobuf-java:3.22.3) with MergeInstrumentationAnalysisTransform
[        ] Transforming proto-google-common-protos-2.17.0.jar (com.google.api.grpc:proto-google-common-protos:2.17.0) with ExternalDependencyInstrumentingArtifactTransform
[        ] Transforming grpc-netty-1.57.0.jar (io.grpc:grpc-netty:1.57.0) with InstrumentationAnalysisTransform
[        ] Transforming protobuf-java-3.22.3.jar (com.google.protobuf:protobuf-java:3.22.3) with ExternalDependencyInstrumentingArtifactTransform
[        ] Transforming grpc-netty-1.57.0.jar (io.grpc:grpc-netty:1.57.0) with MergeInstrumentationAnalysisTransform
[        ] Transforming grpc-core-1.57.0.jar (io.grpc:grpc-core:1.57.0) with InstrumentationAnalysisTransform
[        ] Transforming grpc-core-1.57.0.jar (io.grpc:grpc-core:1.57.0) with MergeInstrumentationAnalysisTransform
[        ] Transforming grpc-netty-1.57.0.jar (io.grpc:grpc-netty:1.57.0) with ExternalDependencyInstrumentingArtifactTransform
[        ] Transforming gson-2.10.1.jar (com.google.code.gson:gson:2.10.1) with InstrumentationAnalysisTransform
[        ] Transforming gson-2.10.1.jar (com.google.code.gson:gson:2.10.1) with MergeInstrumentationAnalysisTransform
[        ] Transforming grpc-stub-1.57.0.jar (io.grpc:grpc-stub:1.57.0) with InstrumentationAnalysisTransform
[        ] Transforming grpc-core-1.57.0.jar (io.grpc:grpc-core:1.57.0) with ExternalDependencyInstrumentingArtifactTransform
[        ] Transforming grpc-stub-1.57.0.jar (io.grpc:grpc-stub:1.57.0) with MergeInstrumentationAnalysisTransform
[        ] Transforming gson-2.10.1.jar (com.google.code.gson:gson:2.10.1) with ExternalDependencyInstrumentingArtifactTransform
[        ] Transforming core-proto-0.0.9-alpha02.jar (com.google.testing.platform:core-proto:0.0.9-alpha02) with InstrumentationAnalysisTransform
[        ] Transforming core-proto-0.0.9-alpha02.jar (com.google.testing.platform:core-proto:0.0.9-alpha02) with MergeInstrumentationAnalysisTransform
[        ] Transforming kxml2-2.3.0.jar (net.sf.kxml:kxml2:2.3.0) with InstrumentationAnalysisTransform
[        ] Transforming grpc-stub-1.57.0.jar (io.grpc:grpc-stub:1.57.0) with ExternalDependencyInstrumentingArtifactTransform
[        ] Transforming core-proto-0.0.9-alpha02.jar (com.google.testing.platform:core-proto:0.0.9-alpha02) with ExternalDependencyInstrumentingArtifactTransform
[        ] Transforming kxml2-2.3.0.jar (net.sf.kxml:kxml2:2.3.0) with MergeInstrumentationAnalysisTransform
[        ] Transforming tensorflow-lite-metadata-0.1.0-rc2.jar (org.tensorflow:tensorflow-lite-metadata:0.1.0-rc2) with InstrumentationAnalysisTransform
[        ] Transforming tensorflow-lite-metadata-0.1.0-rc2.jar (org.tensorflow:tensorflow-lite-metadata:0.1.0-rc2) with MergeInstrumentationAnalysisTransform
[        ] Transforming kxml2-2.3.0.jar (net.sf.kxml:kxml2:2.3.0) with ExternalDependencyInstrumentingArtifactTransform
[        ] Transforming flatbuffers-java-1.12.0.jar (com.google.flatbuffers:flatbuffers-java:1.12.0) with InstrumentationAnalysisTransform
[        ] Transforming flatbuffers-java-1.12.0.jar (com.google.flatbuffers:flatbuffers-java:1.12.0) with MergeInstrumentationAnalysisTransform
[        ] Transforming jimfs-1.1.jar (com.google.jimfs:jimfs:1.1) with InstrumentationAnalysisTransform
[        ] Transforming tensorflow-lite-metadata-0.1.0-rc2.jar (org.tensorflow:tensorflow-lite-metadata:0.1.0-rc2) with ExternalDependencyInstrumentingArtifactTransform
[        ] Transforming flatbuffers-java-1.12.0.jar (com.google.flatbuffers:flatbuffers-java:1.12.0) with ExternalDependencyInstrumentingArtifactTransform
[        ] Transforming jimfs-1.1.jar (com.google.jimfs:jimfs:1.1) with MergeInstrumentationAnalysisTransform
[        ] Transforming grpc-context-1.57.0.jar (io.grpc:grpc-context:1.57.0) with InstrumentationAnalysisTransform
[        ] Transforming grpc-context-1.57.0.jar (io.grpc:grpc-context:1.57.0) with MergeInstrumentationAnalysisTransform
[        ] Transforming grpc-protobuf-lite-1.57.0.jar (io.grpc:grpc-protobuf-lite:1.57.0) with InstrumentationAnalysisTransform
[        ] Transforming jimfs-1.1.jar (com.google.jimfs:jimfs:1.1) with ExternalDependencyInstrumentingArtifactTransform
[        ] Transforming grpc-protobuf-lite-1.57.0.jar (io.grpc:grpc-protobuf-lite:1.57.0) with MergeInstrumentationAnalysisTransform
[        ] Transforming grpc-api-1.57.0.jar (io.grpc:grpc-api:1.57.0) with InstrumentationAnalysisTransform
[        ] Transforming grpc-context-1.57.0.jar (io.grpc:grpc-context:1.57.0) with ExternalDependencyInstrumentingArtifactTransform
[        ] Transforming grpc-protobuf-lite-1.57.0.jar (io.grpc:grpc-protobuf-lite:1.57.0) with ExternalDependencyInstrumentingArtifactTransform
[        ] Transforming grpc-api-1.57.0.jar (io.grpc:grpc-api:1.57.0) with MergeInstrumentationAnalysisTransform
[        ] Transforming guava-32.0.1-jre.jar (com.google.guava:guava:32.0.1-jre) with InstrumentationAnalysisTransform
[        ] Transforming grpc-api-1.57.0.jar (io.grpc:grpc-api:1.57.0) with ExternalDependencyInstrumentingArtifactTransform
[        ] Transforming guava-32.0.1-jre.jar (com.google.guava:guava:32.0.1-jre) with MergeInstrumentationAnalysisTransform
[        ] Transforming dagger-2.28.3.jar (com.google.dagger:dagger:2.28.3) with InstrumentationAnalysisTransform
[        ] Transforming dagger-2.28.3.jar (com.google.dagger:dagger:2.28.3) with MergeInstrumentationAnalysisTransform
[        ] Transforming javax.inject-1.jar (javax.inject:javax.inject:1) with InstrumentationAnalysisTransform
[        ] Transforming guava-32.0.1-jre.jar (com.google.guava:guava:32.0.1-jre) with ExternalDependencyInstrumentingArtifactTransform
[        ] Transforming javax.inject-1.jar (javax.inject:javax.inject:1) with MergeInstrumentationAnalysisTransform
[        ] Transforming dagger-2.28.3.jar (com.google.dagger:dagger:2.28.3) with ExternalDependencyInstrumentingArtifactTransform
[        ] Transforming bcprov-jdk15on-1.67.jar (org.bouncycastle:bcprov-jdk15on:1.67) with InstrumentationAnalysisTransform
[        ] Transforming javax.inject-1.jar (javax.inject:javax.inject:1) with ExternalDependencyInstrumentingArtifactTransform
[        ] Transforming bcprov-jdk15on-1.67.jar (org.bouncycastle:bcprov-jdk15on:1.67) with MergeInstrumentationAnalysisTransform
[        ] Transforming trove4j-1.0.20200330.jar (org.jetbrains.intellij.deps:trove4j:1.0.20200330) with InstrumentationAnalysisTransform
[        ] Transforming trove4j-1.0.20200330.jar (org.jetbrains.intellij.deps:trove4j:1.0.20200330) with MergeInstrumentationAnalysisTransform
[        ] Transforming commons-compress-1.21.jar (org.apache.commons:commons-compress:1.21) with InstrumentationAnalysisTransform
[        ] Transforming bcprov-jdk15on-1.67.jar (org.bouncycastle:bcprov-jdk15on:1.67) with ExternalDependencyInstrumentingArtifactTransform
[        ] Transforming trove4j-1.0.20200330.jar (org.jetbrains.intellij.deps:trove4j:1.0.20200330) with ExternalDependencyInstrumentingArtifactTransform
[        ] Transforming commons-compress-1.21.jar (org.apache.commons:commons-compress:1.21) with MergeInstrumentationAnalysisTransform
[        ] Transforming httpclient-4.5.14.jar (org.apache.httpcomponents:httpclient:4.5.14) with InstrumentationAnalysisTransform
[        ] Transforming httpclient-4.5.14.jar (org.apache.httpcomponents:httpclient:4.5.14) with MergeInstrumentationAnalysisTransform
[        ] Transforming commons-compress-1.21.jar (org.apache.commons:commons-compress:1.21) with ExternalDependencyInstrumentingArtifactTransform
[        ] Transforming httpcore-4.4.16.jar (org.apache.httpcomponents:httpcore:4.4.16) with InstrumentationAnalysisTransform
[        ] Transforming httpclient-4.5.14.jar (org.apache.httpcomponents:httpclient:4.5.14) with ExternalDependencyInstrumentingArtifactTransform
[        ] Transforming httpcore-4.4.16.jar (org.apache.httpcomponents:httpcore:4.4.16) with MergeInstrumentationAnalysisTransform
[        ] Transforming javax.activation-1.2.0.jar (com.sun.activation:javax.activation:1.2.0) with InstrumentationAnalysisTransform
[        ] Transforming javax.activation-1.2.0.jar (com.sun.activation:javax.activation:1.2.0) with MergeInstrumentationAnalysisTransform
[        ] Transforming annotations-23.0.0.jar (org.jetbrains:annotations:23.0.0) with InstrumentationAnalysisTransform
[        ] Transforming annotations-23.0.0.jar (org.jetbrains:annotations:23.0.0) with MergeInstrumentationAnalysisTransform
[        ] Transforming signflinger-8.3.2.jar (com.android:signflinger:8.3.2) with InstrumentationAnalysisTransform
[        ] Transforming httpcore-4.4.16.jar (org.apache.httpcomponents:httpcore:4.4.16) with ExternalDependencyInstrumentingArtifactTransform
[        ] Transforming javax.activation-1.2.0.jar (com.sun.activation:javax.activation:1.2.0) with ExternalDependencyInstrumentingArtifactTransform
[        ] Transforming annotations-23.0.0.jar (org.jetbrains:annotations:23.0.0) with ExternalDependencyInstrumentingArtifactTransform
[        ] Transforming signflinger-8.3.2.jar (com.android:signflinger:8.3.2) with MergeInstrumentationAnalysisTransform
[        ] Transforming zipflinger-8.3.2.jar (com.android:zipflinger:8.3.2) with InstrumentationAnalysisTransform
[        ] Transforming zipflinger-8.3.2.jar (com.android:zipflinger:8.3.2) with MergeInstrumentationAnalysisTransform
[        ] Transforming annotations-31.3.2.jar (com.android.tools:annotations:31.3.2) with InstrumentationAnalysisTransform
[        ] Transforming signflinger-8.3.2.jar (com.android:signflinger:8.3.2) with ExternalDependencyInstrumentingArtifactTransform
[        ] Transforming annotations-31.3.2.jar (com.android.tools:annotations:31.3.2) with MergeInstrumentationAnalysisTransform
[        ] Transforming zipflinger-8.3.2.jar (com.android:zipflinger:8.3.2) with ExternalDependencyInstrumentingArtifactTransform
[        ] Transforming jna-platform-5.6.0.jar (net.java.dev.jna:jna-platform:5.6.0) with InstrumentationAnalysisTransform
[        ] Transforming annotations-31.3.2.jar (com.android.tools:annotations:31.3.2) with ExternalDependencyInstrumentingArtifactTransform
[        ] Transforming jna-platform-5.6.0.jar (net.java.dev.jna:jna-platform:5.6.0) with MergeInstrumentationAnalysisTransform
[        ] Transforming juniversalchardet-1.0.3.jar (com.googlecode.juniversalchardet:juniversalchardet:1.0.3) with InstrumentationAnalysisTransform
[        ] Transforming juniversalchardet-1.0.3.jar (com.googlecode.juniversalchardet:juniversalchardet:1.0.3) with MergeInstrumentationAnalysisTransform
[        ] Transforming javax.annotation-api-1.3.2.jar (javax.annotation:javax.annotation-api:1.3.2) with InstrumentationAnalysisTransform
[        ] Transforming jna-platform-5.6.0.jar (net.java.dev.jna:jna-platform:5.6.0) with ExternalDependencyInstrumentingArtifactTransform
[        ] Transforming javax.annotation-api-1.3.2.jar (javax.annotation:javax.annotation-api:1.3.2) with MergeInstrumentationAnalysisTransform
[        ] Transforming stax-ex-1.8.1.jar (org.jvnet.staxex:stax-ex:1.8.1) with InstrumentationAnalysisTransform
[        ] Transforming juniversalchardet-1.0.3.jar (com.googlecode.juniversalchardet:juniversalchardet:1.0.3) with ExternalDependencyInstrumentingArtifactTransform
[        ] Transforming javax.annotation-api-1.3.2.jar (javax.annotation:javax.annotation-api:1.3.2) with ExternalDependencyInstrumentingArtifactTransform
[        ] Transforming stax-ex-1.8.1.jar (org.jvnet.staxex:stax-ex:1.8.1) with MergeInstrumentationAnalysisTransform
[        ] Transforming jakarta.xml.bind-api-2.3.2.jar (jakarta.xml.bind:jakarta.xml.bind-api:2.3.2) with InstrumentationAnalysisTransform
[        ] Transforming jakarta.xml.bind-api-2.3.2.jar (jakarta.xml.bind:jakarta.xml.bind-api:2.3.2) with MergeInstrumentationAnalysisTransform
[        ] Transforming txw2-2.3.2.jar (org.glassfish.jaxb:txw2:2.3.2) with InstrumentationAnalysisTransform
[        ] Transforming txw2-2.3.2.jar (org.glassfish.jaxb:txw2:2.3.2) with MergeInstrumentationAnalysisTransform
[        ] Transforming stax-ex-1.8.1.jar (org.jvnet.staxex:stax-ex:1.8.1) with ExternalDependencyInstrumentingArtifactTransform
[        ] Transforming jakarta.xml.bind-api-2.3.2.jar (jakarta.xml.bind:jakarta.xml.bind-api:2.3.2) with ExternalDependencyInstrumentingArtifactTransform
[        ] Transforming istack-commons-runtime-3.0.8.jar (com.sun.istack:istack-commons-runtime:3.0.8) with InstrumentationAnalysisTransform
[        ] Transforming txw2-2.3.2.jar (org.glassfish.jaxb:txw2:2.3.2) with ExternalDependencyInstrumentingArtifactTransform
[        ] Transforming istack-commons-runtime-3.0.8.jar (com.sun.istack:istack-commons-runtime:3.0.8) with MergeInstrumentationAnalysisTransform
[        ] Transforming FastInfoset-1.2.16.jar (com.sun.xml.fastinfoset:FastInfoset:1.2.16) with InstrumentationAnalysisTransform
[        ] Transforming FastInfoset-1.2.16.jar (com.sun.xml.fastinfoset:FastInfoset:1.2.16) with MergeInstrumentationAnalysisTransform
[        ] Transforming istack-commons-runtime-3.0.8.jar (com.sun.istack:istack-commons-runtime:3.0.8) with ExternalDependencyInstrumentingArtifactTransform
[        ] Transforming jakarta.activation-api-1.2.1.jar (jakarta.activation:jakarta.activation-api:1.2.1) with InstrumentationAnalysisTransform
[        ] Transforming jakarta.activation-api-1.2.1.jar (jakarta.activation:jakarta.activation-api:1.2.1) with MergeInstrumentationAnalysisTransform
[        ] Transforming auto-value-annotations-1.6.2.jar (com.google.auto.value:auto-value-annotations:1.6.2) with InstrumentationAnalysisTransform
[        ] Transforming FastInfoset-1.2.16.jar (com.sun.xml.fastinfoset:FastInfoset:1.2.16) with ExternalDependencyInstrumentingArtifactTransform
[        ] Transforming jakarta.activation-api-1.2.1.jar (jakarta.activation:jakarta.activation-api:1.2.1) with ExternalDependencyInstrumentingArtifactTransform
[        ] Transforming auto-value-annotations-1.6.2.jar (com.google.auto.value:auto-value-annotations:1.6.2) with MergeInstrumentationAnalysisTransform
[        ] Transforming error_prone_annotations-2.18.0.jar (com.google.errorprone:error_prone_annotations:2.18.0) with InstrumentationAnalysisTransform
[        ] Transforming error_prone_annotations-2.18.0.jar (com.google.errorprone:error_prone_annotations:2.18.0) with MergeInstrumentationAnalysisTransform
[        ] Transforming jose4j-0.7.0.jar (org.bitbucket.b_c:jose4j:0.7.0) with InstrumentationAnalysisTransform
[        ] Transforming auto-value-annotations-1.6.2.jar (com.google.auto.value:auto-value-annotations:1.6.2) with ExternalDependencyInstrumentingArtifactTransform
[        ] Transforming jose4j-0.7.0.jar (org.bitbucket.b_c:jose4j:0.7.0) with MergeInstrumentationAnalysisTransform
[        ] Transforming slf4j-api-1.7.30.jar (org.slf4j:slf4j-api:1.7.30) with InstrumentationAnalysisTransform
[        ] Transforming error_prone_annotations-2.18.0.jar (com.google.errorprone:error_prone_annotations:2.18.0) with ExternalDependencyInstrumentingArtifactTransform
[        ] Transforming slf4j-api-1.7.30.jar (org.slf4j:slf4j-api:1.7.30) with MergeInstrumentationAnalysisTransform
[        ] Transforming jdom2-2.0.6.jar (org.jdom:jdom2:2.0.6) with InstrumentationAnalysisTransform
[        ] Transforming jdom2-2.0.6.jar (org.jdom:jdom2:2.0.6) with MergeInstrumentationAnalysisTransform
[        ] Transforming slf4j-api-1.7.30.jar (org.slf4j:slf4j-api:1.7.30) with ExternalDependencyInstrumentingArtifactTransform
[        ] Transforming jose4j-0.7.0.jar (org.bitbucket.b_c:jose4j:0.7.0) with ExternalDependencyInstrumentingArtifactTransform
[        ] Transforming jdom2-2.0.6.jar (org.jdom:jdom2:2.0.6) with ExternalDependencyInstrumentingArtifactTransform
[        ] Transforming jsr305-3.0.2.jar (com.google.code.findbugs:jsr305:3.0.2) with InstrumentationAnalysisTransform
[        ] Transforming jsr305-3.0.2.jar (com.google.code.findbugs:jsr305:3.0.2) with MergeInstrumentationAnalysisTransform
[        ] Transforming j2objc-annotations-2.8.jar (com.google.j2objc:j2objc-annotations:2.8) with InstrumentationAnalysisTransform
[        ] Transforming j2objc-annotations-2.8.jar (com.google.j2objc:j2objc-annotations:2.8) with MergeInstrumentationAnalysisTransform
[        ] Transforming annotations-4.1.1.4.jar (com.google.android:annotations:4.1.1.4) with InstrumentationAnalysisTransform
[        ] Transforming annotations-4.1.1.4.jar (com.google.android:annotations:4.1.1.4) with MergeInstrumentationAnalysisTransform
[        ] Transforming animal-sniffer-annotations-1.23.jar (org.codehaus.mojo:animal-sniffer-annotations:1.23) with InstrumentationAnalysisTransform
[        ] Transforming animal-sniffer-annotations-1.23.jar (org.codehaus.mojo:animal-sniffer-annotations:1.23) with MergeInstrumentationAnalysisTransform
[        ] Transforming jsr305-3.0.2.jar (com.google.code.findbugs:jsr305:3.0.2) with ExternalDependencyInstrumentingArtifactTransform
[        ] Transforming annotations-4.1.1.4.jar (com.google.android:annotations:4.1.1.4) with ExternalDependencyInstrumentingArtifactTransform
[        ] Transforming j2objc-annotations-2.8.jar (com.google.j2objc:j2objc-annotations:2.8) with ExternalDependencyInstrumentingArtifactTransform
[        ] Transforming perfmark-api-0.26.0.jar (io.perfmark:perfmark-api:0.26.0) with InstrumentationAnalysisTransform
[        ] Transforming animal-sniffer-annotations-1.23.jar (org.codehaus.mojo:animal-sniffer-annotations:1.23) with ExternalDependencyInstrumentingArtifactTransform
[        ] Transforming perfmark-api-0.26.0.jar (io.perfmark:perfmark-api:0.26.0) with MergeInstrumentationAnalysisTransform
[        ] Transforming netty-codec-http2-4.1.93.Final.jar (io.netty:netty-codec-http2:4.1.93.Final) with InstrumentationAnalysisTransform
[        ] Transforming netty-codec-http2-4.1.93.Final.jar (io.netty:netty-codec-http2:4.1.93.Final) with MergeInstrumentationAnalysisTransform
[        ] Transforming netty-handler-proxy-4.1.93.Final.jar (io.netty:netty-handler-proxy:4.1.93.Final) with InstrumentationAnalysisTransform
[        ] Transforming perfmark-api-0.26.0.jar (io.perfmark:perfmark-api:0.26.0) with ExternalDependencyInstrumentingArtifactTransform
[        ] Transforming netty-codec-http2-4.1.93.Final.jar (io.netty:netty-codec-http2:4.1.93.Final) with ExternalDependencyInstrumentingArtifactTransform
[        ] Transforming netty-handler-proxy-4.1.93.Final.jar (io.netty:netty-handler-proxy:4.1.93.Final) with MergeInstrumentationAnalysisTransform
[        ] Transforming netty-codec-http-4.1.93.Final.jar (io.netty:netty-codec-http:4.1.93.Final) with InstrumentationAnalysisTransform
[        ] Transforming netty-codec-http-4.1.93.Final.jar (io.netty:netty-codec-http:4.1.93.Final) with MergeInstrumentationAnalysisTransform
[        ] Transforming netty-handler-4.1.93.Final.jar (io.netty:netty-handler:4.1.93.Final) with InstrumentationAnalysisTransform
[        ] Transforming netty-handler-proxy-4.1.93.Final.jar (io.netty:netty-handler-proxy:4.1.93.Final) with ExternalDependencyInstrumentingArtifactTransform
[        ] Transforming netty-handler-4.1.93.Final.jar (io.netty:netty-handler:4.1.93.Final) with MergeInstrumentationAnalysisTransform
[        ] Transforming netty-codec-http-4.1.93.Final.jar (io.netty:netty-codec-http:4.1.93.Final) with ExternalDependencyInstrumentingArtifactTransform
[        ] Transforming netty-transport-native-unix-common-4.1.93.Final.jar (io.netty:netty-transport-native-unix-common:4.1.93.Final) with InstrumentationAnalysisTransform
[        ] Transforming netty-handler-4.1.93.Final.jar (io.netty:netty-handler:4.1.93.Final) with ExternalDependencyInstrumentingArtifactTransform
[        ] Transforming netty-transport-native-unix-common-4.1.93.Final.jar (io.netty:netty-transport-native-unix-common:4.1.93.Final) with MergeInstrumentationAnalysisTransform
[        ] Transforming checker-qual-3.33.0.jar (org.checkerframework:checker-qual:3.33.0) with InstrumentationAnalysisTransform
[        ] Transforming checker-qual-3.33.0.jar (org.checkerframework:checker-qual:3.33.0) with MergeInstrumentationAnalysisTransform
[        ] Transforming netty-transport-native-unix-common-4.1.93.Final.jar (io.netty:netty-transport-native-unix-common:4.1.93.Final) with ExternalDependencyInstrumentingArtifactTransform
[        ] Transforming commons-codec-1.11.jar (commons-codec:commons-codec:1.11) with InstrumentationAnalysisTransform
[        ] Transforming checker-qual-3.33.0.jar (org.checkerframework:checker-qual:3.33.0) with ExternalDependencyInstrumentingArtifactTransform
[        ] Transforming commons-codec-1.11.jar (commons-codec:commons-codec:1.11) with MergeInstrumentationAnalysisTransform
[        ] Transforming apksig-8.3.2.jar (com.android.tools.build:apksig:8.3.2) with InstrumentationAnalysisTransform
[        ] Transforming apksig-8.3.2.jar (com.android.tools.build:apksig:8.3.2) with MergeInstrumentationAnalysisTransform
[        ] Transforming javawriter-2.5.0.jar (com.squareup:javawriter:2.5.0) with InstrumentationAnalysisTransform
[        ] Transforming commons-codec-1.11.jar (commons-codec:commons-codec:1.11) with ExternalDependencyInstrumentingArtifactTransform
[        ] Transforming javawriter-2.5.0.jar (com.squareup:javawriter:2.5.0) with MergeInstrumentationAnalysisTransform
[        ] Transforming apksig-8.3.2.jar (com.android.tools.build:apksig:8.3.2) with ExternalDependencyInstrumentingArtifactTransform
[        ] Transforming failureaccess-1.0.1.jar (com.google.guava:failureaccess:1.0.1) with InstrumentationAnalysisTransform
[        ] Transforming failureaccess-1.0.1.jar (com.google.guava:failureaccess:1.0.1) with MergeInstrumentationAnalysisTransform
[        ] Transforming javawriter-2.5.0.jar (com.squareup:javawriter:2.5.0) with ExternalDependencyInstrumentingArtifactTransform
[        ] Transforming listenablefuture-9999.0-empty-to-avoid-conflict-with-guava.jar (com.google.guava:listenablefuture:9999.0-empty-to-avoid-conflict-with-guava) with InstrumentationAnalysisTransform
[        ] Transforming failureaccess-1.0.1.jar (com.google.guava:failureaccess:1.0.1) with ExternalDependencyInstrumentingArtifactTransform
[        ] Transforming listenablefuture-9999.0-empty-to-avoid-conflict-with-guava.jar (com.google.guava:listenablefuture:9999.0-empty-to-avoid-conflict-with-guava) with MergeInstrumentationAnalysisTransform
[        ] Transforming commons-logging-1.2.jar (commons-logging:commons-logging:1.2) with InstrumentationAnalysisTransform
[        ] Transforming commons-logging-1.2.jar (commons-logging:commons-logging:1.2) with MergeInstrumentationAnalysisTransform
[        ] Transforming jna-5.6.0.jar (net.java.dev.jna:jna:5.6.0) with InstrumentationAnalysisTransform
[        ] Transforming listenablefuture-9999.0-empty-to-avoid-conflict-with-guava.jar (com.google.guava:listenablefuture:9999.0-empty-to-avoid-conflict-with-guava) with ExternalDependencyInstrumentingArtifactTransform
[        ] Transforming jna-5.6.0.jar (net.java.dev.jna:jna:5.6.0) with MergeInstrumentationAnalysisTransform
[        ] Transforming commons-logging-1.2.jar (commons-logging:commons-logging:1.2) with ExternalDependencyInstrumentingArtifactTransform
[        ] Transforming netty-codec-socks-4.1.93.Final.jar (io.netty:netty-codec-socks:4.1.93.Final) with InstrumentationAnalysisTransform
[        ] Transforming jna-5.6.0.jar (net.java.dev.jna:jna:5.6.0) with ExternalDependencyInstrumentingArtifactTransform
[        ] Transforming netty-codec-socks-4.1.93.Final.jar (io.netty:netty-codec-socks:4.1.93.Final) with MergeInstrumentationAnalysisTransform
[        ] Transforming netty-codec-4.1.93.Final.jar (io.netty:netty-codec:4.1.93.Final) with InstrumentationAnalysisTransform
[        ] Transforming netty-codec-4.1.93.Final.jar (io.netty:netty-codec:4.1.93.Final) with MergeInstrumentationAnalysisTransform
[        ] Transforming netty-transport-4.1.93.Final.jar (io.netty:netty-transport:4.1.93.Final) with InstrumentationAnalysisTransform
[        ] Transforming netty-codec-socks-4.1.93.Final.jar (io.netty:netty-codec-socks:4.1.93.Final) with ExternalDependencyInstrumentingArtifactTransform
[        ] Transforming netty-codec-4.1.93.Final.jar (io.netty:netty-codec:4.1.93.Final) with ExternalDependencyInstrumentingArtifactTransform
[        ] Transforming netty-transport-4.1.93.Final.jar (io.netty:netty-transport:4.1.93.Final) with MergeInstrumentationAnalysisTransform
[        ] Transforming netty-buffer-4.1.93.Final.jar (io.netty:netty-buffer:4.1.93.Final) with InstrumentationAnalysisTransform
[        ] Transforming netty-buffer-4.1.93.Final.jar (io.netty:netty-buffer:4.1.93.Final) with MergeInstrumentationAnalysisTransform
[        ] Transforming netty-transport-4.1.93.Final.jar (io.netty:netty-transport:4.1.93.Final) with ExternalDependencyInstrumentingArtifactTransform
[        ] Transforming netty-resolver-4.1.93.Final.jar (io.netty:netty-resolver:4.1.93.Final) with InstrumentationAnalysisTransform
[        ] Transforming netty-buffer-4.1.93.Final.jar (io.netty:netty-buffer:4.1.93.Final) with ExternalDependencyInstrumentingArtifactTransform
[        ] Transforming netty-resolver-4.1.93.Final.jar (io.netty:netty-resolver:4.1.93.Final) with MergeInstrumentationAnalysisTransform
[        ] Transforming netty-common-4.1.93.Final.jar (io.netty:netty-common:4.1.93.Final) with InstrumentationAnalysisTransform
[        ] Transforming netty-common-4.1.93.Final.jar (io.netty:netty-common:4.1.93.Final) with MergeInstrumentationAnalysisTransform
[        ] Transforming netty-resolver-4.1.93.Final.jar (io.netty:netty-resolver:4.1.93.Final) with ExternalDependencyInstrumentingArtifactTransform
[        ] Transforming netty-common-4.1.93.Final.jar (io.netty:netty-common:4.1.93.Final) with ExternalDependencyInstrumentingArtifactTransform
[        ] Using default execution profile
[  +85 ms] > Configure project :path_provider_android
[        ] Evaluating project ':path_provider_android' using build file 'C:\Users\┼şug─▒r mami\AppData\Local\Pub\Cache\hosted\pub.dev\path_provider_android-2.2.19\android\build.gradle'.
[        ] Transforming gradle-8.12.1.jar (com.android.tools.build:gradle:8.12.1) with InstrumentationAnalysisTransform
[        ] Transforming gradle-settings-api-8.12.1.jar (com.android.tools.build:gradle-settings-api:8.12.1) with InstrumentationAnalysisTransform
[        ] Transforming lint-model-31.12.1.jar (com.android.tools.lint:lint-model:31.12.1) with InstrumentationAnalysisTransform
[        ] Transforming builder-8.12.1.jar (com.android.tools.build:builder:8.12.1) with InstrumentationAnalysisTransform
[        ] Transforming manifest-merger-31.12.1.jar (com.android.tools.build:manifest-merger:31.12.1) with InstrumentationAnalysisTransform
[        ] Transforming sdk-common-31.12.1.jar (com.android.tools:sdk-common:31.12.1) with InstrumentationAnalysisTransform
[        ] Transforming sdklib-31.12.1.jar (com.android.tools:sdklib:31.12.1) with InstrumentationAnalysisTransform
[        ] Transforming repository-31.12.1.jar (com.android.tools:repository:31.12.1) with InstrumentationAnalysisTransform
[        ] Transforming gradle-api-8.12.1.jar (com.android.tools.build:gradle-api:8.12.1) with InstrumentationAnalysisTransform
[        ] Transforming builder-test-api-8.12.1.jar (com.android.tools.build:builder-test-api:8.12.1) with InstrumentationAnalysisTransform
[        ] Transforming ddmlib-31.12.1.jar (com.android.tools.ddms:ddmlib:31.12.1) with InstrumentationAnalysisTransform
[        ] Transforming aaptcompiler-8.12.1.jar (com.android.tools.build:aaptcompiler:8.12.1) with InstrumentationAnalysisTransform
[        ] Transforming bundletool-1.18.1.jar (com.android.tools.build:bundletool:1.18.1) with InstrumentationAnalysisTransform
[        ] Transforming aapt2-proto-8.12.1-13700139.jar (com.android.tools.build:aapt2-proto:8.12.1-13700139) with InstrumentationAnalysisTransform
[        ] Transforming crash-31.12.1.jar (com.android.tools.analytics-library:crash:31.12.1) with InstrumentationAnalysisTransform
[        ] Transforming tracker-31.12.1.jar (com.android.tools.analytics-library:tracker:31.12.1) with InstrumentationAnalysisTransform
[        ] Transforming shared-31.12.1.jar (com.android.tools.analytics-library:shared:31.12.1) with InstrumentationAnalysisTransform
[        ] Transforming lint-typedef-remover-31.12.1.jar (com.android.tools.lint:lint-typedef-remover:31.12.1) with InstrumentationAnalysisTransform
[        ] Transforming databinding-compiler-common-8.12.1.jar (androidx.databinding:databinding-compiler-common:8.12.1) with InstrumentationAnalysisTransform
[        ] Transforming databinding-common-8.12.1.jar (androidx.databinding:databinding-common:8.12.1) with InstrumentationAnalysisTransform
[        ] Transforming baseLibrary-8.12.1.jar (com.android.databinding:baseLibrary:8.12.1) with InstrumentationAnalysisTransform
[        ] Transforming layoutlib-api-31.12.1.jar (com.android.tools.layoutlib:layoutlib-api:31.12.1) with InstrumentationAnalysisTransform
[        ] Transforming android-device-provider-ddmlib-proto-31.12.1.jar (com.android.tools.utp:android-device-provider-ddmlib-proto:31.12.1) with InstrumentationAnalysisTransform
[        ] Transforming android-device-provider-gradle-proto-31.12.1.jar (com.android.tools.utp:android-device-provider-gradle-proto:31.12.1) with InstrumentationAnalysisTransform
[        ] Transforming android-device-provider-profile-proto-31.12.1.jar (com.android.tools.utp:android-device-provider-profile-proto:31.12.1) with InstrumentationAnalysisTransform
[        ] Transforming android-test-plugin-host-additional-test-output-proto-31.12.1.jar (com.android.tools.utp:android-test-plugin-host-additional-test-output-proto:31.12.1) with InstrumentationAnalysisTransform
[        ] Transforming android-test-plugin-host-coverage-proto-31.12.1.jar (com.android.tools.utp:android-test-plugin-host-coverage-proto:31.12.1) with InstrumentationAnalysisTransform
[        ] Transforming android-test-plugin-host-emulator-control-proto-31.12.1.jar (com.android.tools.utp:android-test-plugin-host-emulator-control-proto:31.12.1) with InstrumentationAnalysisTransform
[        ] Transforming android-test-plugin-host-logcat-proto-31.12.1.jar (com.android.tools.utp:android-test-plugin-host-logcat-proto:31.12.1) with InstrumentationAnalysisTransform
[        ] Transforming android-test-plugin-host-apk-installer-proto-31.12.1.jar (com.android.tools.utp:android-test-plugin-host-apk-installer-proto:31.12.1) with InstrumentationAnalysisTransform
[        ] Transforming android-test-plugin-result-listener-gradle-proto-31.12.1.jar (com.android.tools.utp:android-test-plugin-result-listener-gradle-proto:31.12.1) with InstrumentationAnalysisTransform
[        ] Transforming jetifier-processor-1.0.0-beta10.jar (com.android.tools.build.jetifier:jetifier-processor:1.0.0-beta10) with InstrumentationAnalysisTransform
[        ] Transforming jetifier-core-1.0.0-beta10.jar (com.android.tools.build.jetifier:jetifier-core:1.0.0-beta10) with InstrumentationAnalysisTransform
[        ] Transforming builder-model-8.12.1.jar (com.android.tools.build:builder-model:8.12.1) with InstrumentationAnalysisTransform
[        ] Transforming kotlin-reflect-2.1.20.jar (org.jetbrains.kotlin:kotlin-reflect:2.1.20) with InstrumentationAnalysisTransform
[        ] Transforming dvlib-31.12.1.jar (com.android.tools:dvlib:31.12.1) with InstrumentationAnalysisTransform
[        ] Transforming common-31.12.1.jar (com.android.tools:common:31.12.1) with InstrumentationAnalysisTransform
[        ] Transforming kotlin-stdlib-jdk8-2.1.20.jar (org.jetbrains.kotlin:kotlin-stdlib-jdk8:2.1.20) with InstrumentationAnalysisTransform
[        ] Transforming kotlinx-coroutines-core-jvm-1.9.0.jar (org.jetbrains.kotlinx:kotlinx-coroutines-core-jvm:1.9.0) with InstrumentationAnalysisTransform
[        ] Transforming kotlin-stdlib-jdk7-2.1.20.jar (org.jetbrains.kotlin:kotlin-stdlib-jdk7:2.1.20) with InstrumentationAnalysisTransform
[        ] Transforming kotlin-stdlib-2.1.20.jar (org.jetbrains.kotlin:kotlin-stdlib:2.1.20) with InstrumentationAnalysisTransform
[        ] Transforming transform-api-2.0.0-deprecated-use-gradle-api.jar (com.android.tools.build:transform-api:2.0.0-deprecated-use-gradle-api) with InstrumentationAnalysisTransform
[        ] Transforming httpmime-4.5.6.jar (org.apache.httpcomponents:httpmime:4.5.6) with InstrumentationAnalysisTransform
[        ] Transforming commons-io-2.16.1.jar (commons-io:commons-io:2.16.1) with InstrumentationAnalysisTransform
[        ] Transforming asm-commons-9.7.1.jar (org.ow2.asm:asm-commons:9.7.1) with InstrumentationAnalysisTransform
[        ] Transforming asm-util-9.7.1.jar (org.ow2.asm:asm-util:9.7.1) with InstrumentationAnalysisTransform
[        ] Transforming asm-analysis-9.7.1.jar (org.ow2.asm:asm-analysis:9.7.1) with InstrumentationAnalysisTransform
[        ] Transforming asm-tree-9.7.1.jar (org.ow2.asm:asm-tree:9.7.1) with InstrumentationAnalysisTransform
[        ] Transforming asm-9.7.1.jar (org.ow2.asm:asm:9.7.1) with InstrumentationAnalysisTransform
[        ] Transforming apkzlib-8.12.1.jar (com.android.tools.build:apkzlib:8.12.1) with InstrumentationAnalysisTransform
[        ] Transforming bcpkix-jdk18on-1.79.jar (org.bouncycastle:bcpkix-jdk18on:1.79) with InstrumentationAnalysisTransform
[        ] Transforming jaxb-runtime-2.3.2.jar (org.glassfish.jaxb:jaxb-runtime:2.3.2) with InstrumentationAnalysisTransform
[        ] Transforming jopt-simple-4.9.jar (net.sf.jopt-simple:jopt-simple:4.9) with InstrumentationAnalysisTransform
[        ] Transforming javapoet-1.10.0.jar (com.squareup:javapoet:1.10.0) with InstrumentationAnalysisTransform
[        ] Transforming protobuf-java-util-3.25.5.jar (com.google.protobuf:protobuf-java-util:3.25.5) with InstrumentationAnalysisTransform
[        ] Transforming grpc-protobuf-1.69.1.jar (io.grpc:grpc-protobuf:1.69.1) with InstrumentationAnalysisTransform
[        ] Transforming tink-1.7.0.jar (com.google.crypto.tink:tink:1.7.0) with InstrumentationAnalysisTransform
[        ] Transforming core-proto-0.0.9-alpha03.jar (com.google.testing.platform:core-proto:0.0.9-alpha03) with InstrumentationAnalysisTransform
[        ] Transforming protos-31.12.1.jar (com.android.tools.analytics-library:protos:31.12.1) with InstrumentationAnalysisTransform
[        ] Transforming proto-google-common-protos-2.48.0.jar (com.google.api.grpc:proto-google-common-protos:2.48.0) with InstrumentationAnalysisTransform
[        ] Transforming protobuf-java-3.25.5.jar (com.google.protobuf:protobuf-java:3.25.5) with InstrumentationAnalysisTransform
[        ] Transforming grpc-netty-1.69.1.jar (io.grpc:grpc-netty:1.69.1) with InstrumentationAnalysisTransform
[        ] Transforming grpc-inprocess-1.69.1.jar (io.grpc:grpc-inprocess:1.69.1) with InstrumentationAnalysisTransform
[        ] Transforming grpc-util-1.69.1.jar (io.grpc:grpc-util:1.69.1) with InstrumentationAnalysisTransform
[        ] Transforming grpc-core-1.69.1.jar (io.grpc:grpc-core:1.69.1) with InstrumentationAnalysisTransform
[        ] Transforming gson-2.11.0.jar (com.google.code.gson:gson:2.11.0) with InstrumentationAnalysisTransform
[        ] Transforming grpc-stub-1.69.1.jar (io.grpc:grpc-stub:1.69.1) with InstrumentationAnalysisTransform
[        ] Transforming tensorflow-lite-metadata-0.2.0.jar (org.tensorflow:tensorflow-lite-metadata:0.2.0) with InstrumentationAnalysisTransform
[        ] Transforming flatbuffers-java-1.12.0.jar (com.google.flatbuffers:flatbuffers-java:1.12.0) with InstrumentationAnalysisTransform
[        ] Transforming jimfs-1.1.jar (com.google.jimfs:jimfs:1.1) with InstrumentationAnalysisTransform
[        ] Transforming grpc-context-1.69.1.jar (io.grpc:grpc-context:1.69.1) with InstrumentationAnalysisTransform
[        ] Transforming grpc-protobuf-lite-1.69.1.jar (io.grpc:grpc-protobuf-lite:1.69.1) with InstrumentationAnalysisTransform
[        ] Transforming grpc-api-1.69.1.jar (io.grpc:grpc-api:1.69.1) with InstrumentationAnalysisTransform
[        ] Transforming guava-33.3.1-jre.jar (com.google.guava:guava:33.3.1-jre) with InstrumentationAnalysisTransform
[        ] Transforming dagger-2.28.3.jar (com.google.dagger:dagger:2.28.3) with InstrumentationAnalysisTransform
[        ] Transforming javax.inject-1.jar (javax.inject:javax.inject:1) with InstrumentationAnalysisTransform
[        ] Transforming kxml2-2.3.0.jar (net.sf.kxml:kxml2:2.3.0) with InstrumentationAnalysisTransform
[        ] Transforming commons-compress-1.21.jar (org.apache.commons:commons-compress:1.21) with InstrumentationAnalysisTransform
[        ] Transforming bcutil-jdk18on-1.79.jar (org.bouncycastle:bcutil-jdk18on:1.79) with InstrumentationAnalysisTransform
[        ] Transforming bcprov-jdk18on-1.79.jar (org.bouncycastle:bcprov-jdk18on:1.79) with InstrumentationAnalysisTransform
[        ] Transforming httpclient-4.5.14.jar (org.apache.httpcomponents:httpclient:4.5.14) with InstrumentationAnalysisTransform
[        ] Transforming httpcore-4.4.16.jar (org.apache.httpcomponents:httpcore:4.4.16) with InstrumentationAnalysisTransform
[        ] Transforming javax.activation-1.2.0.jar (com.sun.activation:javax.activation:1.2.0) with InstrumentationAnalysisTransform
[        ] Transforming annotations-23.0.0.jar (org.jetbrains:annotations:23.0.0) with InstrumentationAnalysisTransform
[        ] Transforming signflinger-8.12.1.jar (com.android:signflinger:8.12.1) with InstrumentationAnalysisTransform
[        ] Transforming zipflinger-8.12.1.jar (com.android:zipflinger:8.12.1) with InstrumentationAnalysisTransform
[        ] Transforming annotations-31.12.1.jar (com.android.tools:annotations:31.12.1) with InstrumentationAnalysisTransform
[        ] Transforming jna-platform-5.6.0.jar (net.java.dev.jna:jna-platform:5.6.0) with InstrumentationAnalysisTransform
[        ] Transforming juniversalchardet-1.0.3.jar (com.googlecode.juniversalchardet:juniversalchardet:1.0.3) with InstrumentationAnalysisTransform
[        ] Transforming javax.annotation-api-1.3.2.jar (javax.annotation:javax.annotation-api:1.3.2) with InstrumentationAnalysisTransform
[        ] Transforming stax-ex-1.8.1.jar (org.jvnet.staxex:stax-ex:1.8.1) with InstrumentationAnalysisTransform
[        ] Transforming jakarta.xml.bind-api-2.3.2.jar (jakarta.xml.bind:jakarta.xml.bind-api:2.3.2) with InstrumentationAnalysisTransform
[        ] Transforming txw2-2.3.2.jar (org.glassfish.jaxb:txw2:2.3.2) with InstrumentationAnalysisTransform
[        ] Transforming istack-commons-runtime-3.0.8.jar (com.sun.istack:istack-commons-runtime:3.0.8) with InstrumentationAnalysisTransform
[        ] Transforming FastInfoset-1.2.16.jar (com.sun.xml.fastinfoset:FastInfoset:1.2.16) with InstrumentationAnalysisTransform
[        ] Transforming jakarta.activation-api-1.2.1.jar (jakarta.activation:jakarta.activation-api:1.2.1) with InstrumentationAnalysisTransform
[        ] Transforming auto-value-annotations-1.6.2.jar (com.google.auto.value:auto-value-annotations:1.6.2) with InstrumentationAnalysisTransform
[        ] Transforming error_prone_annotations-2.30.0.jar (com.google.errorprone:error_prone_annotations:2.30.0) with InstrumentationAnalysisTransform
[        ] Transforming jose4j-0.9.5.jar (org.bitbucket.b_c:jose4j:0.9.5) with InstrumentationAnalysisTransform
[        ] Transforming slf4j-api-1.7.30.jar (org.slf4j:slf4j-api:1.7.30) with InstrumentationAnalysisTransform
[        ] Transforming jdom2-2.0.6.jar (org.jdom:jdom2:2.0.6) with InstrumentationAnalysisTransform
[        ] Transforming jsr305-3.0.2.jar (com.google.code.findbugs:jsr305:3.0.2) with InstrumentationAnalysisTransform
[        ] Transforming j2objc-annotations-3.0.0.jar (com.google.j2objc:j2objc-annotations:3.0.0) with InstrumentationAnalysisTransform
[        ] Transforming annotations-4.1.1.4.jar (com.google.android:annotations:4.1.1.4) with InstrumentationAnalysisTransform
[        ] Transforming animal-sniffer-annotations-1.24.jar (org.codehaus.mojo:animal-sniffer-annotations:1.24) with InstrumentationAnalysisTransform
[        ] Transforming perfmark-api-0.27.0.jar (io.perfmark:perfmark-api:0.27.0) with InstrumentationAnalysisTransform
[        ] Transforming netty-codec-http2-4.1.110.Final.jar (io.netty:netty-codec-http2:4.1.110.Final) with InstrumentationAnalysisTransform
[        ] Transforming netty-handler-proxy-4.1.110.Final.jar (io.netty:netty-handler-proxy:4.1.110.Final) with InstrumentationAnalysisTransform
[        ] Transforming netty-codec-http-4.1.110.Final.jar (io.netty:netty-codec-http:4.1.110.Final) with InstrumentationAnalysisTransform
[        ] Transforming netty-handler-4.1.110.Final.jar (io.netty:netty-handler:4.1.110.Final) with InstrumentationAnalysisTransform
[        ] Transforming netty-transport-native-unix-common-4.1.110.Final.jar (io.netty:netty-transport-native-unix-common:4.1.110.Final) with InstrumentationAnalysisTransform
[        ] Transforming checker-qual-3.43.0.jar (org.checkerframework:checker-qual:3.43.0) with InstrumentationAnalysisTransform
[        ] Transforming apksig-8.12.1.jar (com.android.tools.build:apksig:8.12.1) with InstrumentationAnalysisTransform
[        ] Transforming javawriter-2.5.0.jar (com.squareup:javawriter:2.5.0) with InstrumentationAnalysisTransform
[        ] Transforming failureaccess-1.0.2.jar (com.google.guava:failureaccess:1.0.2) with InstrumentationAnalysisTransform
[        ] Transforming listenablefuture-9999.0-empty-to-avoid-conflict-with-guava.jar (com.google.guava:listenablefuture:9999.0-empty-to-avoid-conflict-with-guava) with InstrumentationAnalysisTransform
[        ] Transforming commons-logging-1.2.jar (commons-logging:commons-logging:1.2) with InstrumentationAnalysisTransform
[        ] Transforming commons-codec-1.11.jar (commons-codec:commons-codec:1.11) with InstrumentationAnalysisTransform
[        ] Transforming jna-5.6.0.jar (net.java.dev.jna:jna:5.6.0) with InstrumentationAnalysisTransform
[        ] Transforming netty-codec-socks-4.1.110.Final.jar (io.netty:netty-codec-socks:4.1.110.Final) with InstrumentationAnalysisTransform
[        ] Transforming netty-codec-4.1.110.Final.jar (io.netty:netty-codec:4.1.110.Final) with InstrumentationAnalysisTransform
[        ] Transforming netty-transport-4.1.110.Final.jar (io.netty:netty-transport:4.1.110.Final) with InstrumentationAnalysisTransform
[        ] Transforming netty-buffer-4.1.110.Final.jar (io.netty:netty-buffer:4.1.110.Final) with InstrumentationAnalysisTransform
[        ] Transforming netty-resolver-4.1.110.Final.jar (io.netty:netty-resolver:4.1.110.Final) with InstrumentationAnalysisTransform
[        ] Transforming netty-common-4.1.110.Final.jar (io.netty:netty-common:4.1.110.Final) with InstrumentationAnalysisTransform
[        ] Transforming gradle-8.12.1.jar (com.android.tools.build:gradle:8.12.1) with InstrumentationAnalysisTransform
[        ] Transforming gradle-8.12.1.jar (com.android.tools.build:gradle:8.12.1) with MergeInstrumentationAnalysisTransform
[        ] Transforming gradle-settings-api-8.12.1.jar (com.android.tools.build:gradle-settings-api:8.12.1) with InstrumentationAnalysisTransform
[        ] Transforming gradle-settings-api-8.12.1.jar (com.android.tools.build:gradle-settings-api:8.12.1) with MergeInstrumentationAnalysisTransform
[        ] Transforming lint-model-31.12.1.jar (com.android.tools.lint:lint-model:31.12.1) with InstrumentationAnalysisTransform
[        ] Transforming lint-model-31.12.1.jar (com.android.tools.lint:lint-model:31.12.1) with MergeInstrumentationAnalysisTransform
[        ] Transforming builder-8.12.1.jar (com.android.tools.build:builder:8.12.1) with InstrumentationAnalysisTransform
[        ] Transforming gradle-8.12.1.jar (com.android.tools.build:gradle:8.12.1) with ExternalDependencyInstrumentingArtifactTransform
[        ] Transforming builder-8.12.1.jar (com.android.tools.build:builder:8.12.1) with MergeInstrumentationAnalysisTransform
[        ] Transforming gradle-settings-api-8.12.1.jar (com.android.tools.build:gradle-settings-api:8.12.1) with ExternalDependencyInstrumentingArtifactTransform
[        ] Transforming lint-model-31.12.1.jar (com.android.tools.lint:lint-model:31.12.1) with ExternalDependencyInstrumentingArtifactTransform
[        ] Transforming manifest-merger-31.12.1.jar (com.android.tools.build:manifest-merger:31.12.1) with InstrumentationAnalysisTransform
[        ] Transforming manifest-merger-31.12.1.jar (com.android.tools.build:manifest-merger:31.12.1) with MergeInstrumentationAnalysisTransform
[        ] Transforming builder-8.12.1.jar (com.android.tools.build:builder:8.12.1) with ExternalDependencyInstrumentingArtifactTransform
[        ] Transforming sdk-common-31.12.1.jar (com.android.tools:sdk-common:31.12.1) with InstrumentationAnalysisTransform
[        ] Transforming sdk-common-31.12.1.jar (com.android.tools:sdk-common:31.12.1) with MergeInstrumentationAnalysisTransform
[        ] Transforming manifest-merger-31.12.1.jar (com.android.tools.build:manifest-merger:31.12.1) with ExternalDependencyInstrumentingArtifactTransform
[        ] Transforming sdklib-31.12.1.jar (com.android.tools:sdklib:31.12.1) with InstrumentationAnalysisTransform
[        ] Transforming sdklib-31.12.1.jar (com.android.tools:sdklib:31.12.1) with MergeInstrumentationAnalysisTransform
[        ] Transforming sdk-common-31.12.1.jar (com.android.tools:sdk-common:31.12.1) with ExternalDependencyInstrumentingArtifactTransform
[        ] Transforming repository-31.12.1.jar (com.android.tools:repository:31.12.1) with InstrumentationAnalysisTransform
[        ] Transforming repository-31.12.1.jar (com.android.tools:repository:31.12.1) with MergeInstrumentationAnalysisTransform
[        ] Transforming sdklib-31.12.1.jar (com.android.tools:sdklib:31.12.1) with ExternalDependencyInstrumentingArtifactTransform
[        ] Transforming gradle-api-8.12.1.jar (com.android.tools.build:gradle-api:8.12.1) with InstrumentationAnalysisTransform
[        ] Transforming gradle-api-8.12.1.jar (com.android.tools.build:gradle-api:8.12.1) with MergeInstrumentationAnalysisTransform
[        ] Transforming repository-31.12.1.jar (com.android.tools:repository:31.12.1) with ExternalDependencyInstrumentingArtifactTransform
[        ] Transforming builder-test-api-8.12.1.jar (com.android.tools.build:builder-test-api:8.12.1) with InstrumentationAnalysisTransform
[        ] Transforming builder-test-api-8.12.1.jar (com.android.tools.build:builder-test-api:8.12.1) with MergeInstrumentationAnalysisTransform
[        ] Transforming gradle-api-8.12.1.jar (com.android.tools.build:gradle-api:8.12.1) with ExternalDependencyInstrumentingArtifactTransform
[        ] Transforming ddmlib-31.12.1.jar (com.android.tools.ddms:ddmlib:31.12.1) with InstrumentationAnalysisTransform
[        ] Transforming ddmlib-31.12.1.jar (com.android.tools.ddms:ddmlib:31.12.1) with MergeInstrumentationAnalysisTransform
[        ] Transforming builder-test-api-8.12.1.jar (com.android.tools.build:builder-test-api:8.12.1) with ExternalDependencyInstrumentingArtifactTransform
[        ] Transforming aaptcompiler-8.12.1.jar (com.android.tools.build:aaptcompiler:8.12.1) with InstrumentationAnalysisTransform
[        ] Transforming ddmlib-31.12.1.jar (com.android.tools.ddms:ddmlib:31.12.1) with ExternalDependencyInstrumentingArtifactTransform
[        ] Transforming aaptcompiler-8.12.1.jar (com.android.tools.build:aaptcompiler:8.12.1) with MergeInstrumentationAnalysisTransform
[        ] Transforming bundletool-1.18.1.jar (com.android.tools.build:bundletool:1.18.1) with InstrumentationAnalysisTransform
[        ] Transforming bundletool-1.18.1.jar (com.android.tools.build:bundletool:1.18.1) with MergeInstrumentationAnalysisTransform
[        ] Transforming aaptcompiler-8.12.1.jar (com.android.tools.build:aaptcompiler:8.12.1) with ExternalDependencyInstrumentingArtifactTransform
[        ] Transforming aapt2-proto-8.12.1-13700139.jar (com.android.tools.build:aapt2-proto:8.12.1-13700139) with InstrumentationAnalysisTransform
[        ] Transforming bundletool-1.18.1.jar (com.android.tools.build:bundletool:1.18.1) with ExternalDependencyInstrumentingArtifactTransform
[        ] Transforming aapt2-proto-8.12.1-13700139.jar (com.android.tools.build:aapt2-proto:8.12.1-13700139) with MergeInstrumentationAnalysisTransform
[        ] Transforming crash-31.12.1.jar (com.android.tools.analytics-library:crash:31.12.1) with InstrumentationAnalysisTransform
[        ] Transforming crash-31.12.1.jar (com.android.tools.analytics-library:crash:31.12.1) with MergeInstrumentationAnalysisTransform
[        ] Transforming aapt2-proto-8.12.1-13700139.jar (com.android.tools.build:aapt2-proto:8.12.1-13700139) with ExternalDependencyInstrumentingArtifactTransform
[        ] Transforming tracker-31.12.1.jar (com.android.tools.analytics-library:tracker:31.12.1) with InstrumentationAnalysisTransform
[        ] Transforming tracker-31.12.1.jar (com.android.tools.analytics-library:tracker:31.12.1) with MergeInstrumentationAnalysisTransform
[        ] Transforming crash-31.12.1.jar (com.android.tools.analytics-library:crash:31.12.1) with ExternalDependencyInstrumentingArtifactTransform
[        ] Transforming shared-31.12.1.jar (com.android.tools.analytics-library:shared:31.12.1) with InstrumentationAnalysisTransform
[        ] Transforming shared-31.12.1.jar (com.android.tools.analytics-library:shared:31.12.1) with MergeInstrumentationAnalysisTransform
[        ] Transforming tracker-31.12.1.jar (com.android.tools.analytics-library:tracker:31.12.1) with ExternalDependencyInstrumentingArtifactTransform
[        ] Transforming lint-typedef-remover-31.12.1.jar (com.android.tools.lint:lint-typedef-remover:31.12.1) with InstrumentationAnalysisTransform
[        ] Transforming lint-typedef-remover-31.12.1.jar (com.android.tools.lint:lint-typedef-remover:31.12.1) with MergeInstrumentationAnalysisTransform
[        ] Transforming shared-31.12.1.jar (com.android.tools.analytics-library:shared:31.12.1) with ExternalDependencyInstrumentingArtifactTransform
[        ] Transforming databinding-compiler-common-8.12.1.jar (androidx.databinding:databinding-compiler-common:8.12.1) with InstrumentationAnalysisTransform
[        ] Transforming databinding-compiler-common-8.12.1.jar (androidx.databinding:databinding-compiler-common:8.12.1) with MergeInstrumentationAnalysisTransform
[        ] Transforming lint-typedef-remover-31.12.1.jar (com.android.tools.lint:lint-typedef-remover:31.12.1) with ExternalDependencyInstrumentingArtifactTransform
[        ] Transforming databinding-common-8.12.1.jar (androidx.databinding:databinding-common:8.12.1) with InstrumentationAnalysisTransform
[        ] Transforming databinding-common-8.12.1.jar (androidx.databinding:databinding-common:8.12.1) with MergeInstrumentationAnalysisTransform
[        ] Transforming databinding-compiler-common-8.12.1.jar (androidx.databinding:databinding-compiler-common:8.12.1) with ExternalDependencyInstrumentingArtifactTransform
[        ] Transforming baseLibrary-8.12.1.jar (com.android.databinding:baseLibrary:8.12.1) with InstrumentationAnalysisTransform
[        ] Transforming baseLibrary-8.12.1.jar (com.android.databinding:baseLibrary:8.12.1) with MergeInstrumentationAnalysisTransform
[        ] Transforming databinding-common-8.12.1.jar (androidx.databinding:databinding-common:8.12.1) with ExternalDependencyInstrumentingArtifactTransform
[        ] Transforming layoutlib-api-31.12.1.jar (com.android.tools.layoutlib:layoutlib-api:31.12.1) with InstrumentationAnalysisTransform
[        ] Transforming layoutlib-api-31.12.1.jar (com.android.tools.layoutlib:layoutlib-api:31.12.1) with MergeInstrumentationAnalysisTransform
[        ] Transforming baseLibrary-8.12.1.jar (com.android.databinding:baseLibrary:8.12.1) with ExternalDependencyInstrumentingArtifactTransform
[        ] Transforming android-device-provider-ddmlib-proto-31.12.1.jar (com.android.tools.utp:android-device-provider-ddmlib-proto:31.12.1) with InstrumentationAnalysisTransform
[        ] Transforming android-device-provider-ddmlib-proto-31.12.1.jar (com.android.tools.utp:android-device-provider-ddmlib-proto:31.12.1) with MergeInstrumentationAnalysisTransform
[        ] Transforming layoutlib-api-31.12.1.jar (com.android.tools.layoutlib:layoutlib-api:31.12.1) with ExternalDependencyInstrumentingArtifactTransform
[        ] Transforming android-device-provider-gradle-proto-31.12.1.jar (com.android.tools.utp:android-device-provider-gradle-proto:31.12.1) with InstrumentationAnalysisTransform
[        ] Transforming android-device-provider-gradle-proto-31.12.1.jar (com.android.tools.utp:android-device-provider-gradle-proto:31.12.1) with MergeInstrumentationAnalysisTransform
[        ] Transforming android-device-provider-profile-proto-31.12.1.jar (com.android.tools.utp:android-device-provider-profile-proto:31.12.1) with InstrumentationAnalysisTransform
[        ] Transforming android-device-provider-profile-proto-31.12.1.jar (com.android.tools.utp:android-device-provider-profile-proto:31.12.1) with MergeInstrumentationAnalysisTransform
[        ] Transforming android-test-plugin-host-additional-test-output-proto-31.12.1.jar (com.android.tools.utp:android-test-plugin-host-additional-test-output-proto:31.12.1) with InstrumentationAnalysisTransform
[        ] Transforming android-device-provider-ddmlib-proto-31.12.1.jar (com.android.tools.utp:android-device-provider-ddmlib-proto:31.12.1) with ExternalDependencyInstrumentingArtifactTransform
[        ] Transforming android-device-provider-profile-proto-31.12.1.jar (com.android.tools.utp:android-device-provider-profile-proto:31.12.1) with ExternalDependencyInstrumentingArtifactTransform
[        ] Transforming android-device-provider-gradle-proto-31.12.1.jar (com.android.tools.utp:android-device-provider-gradle-proto:31.12.1) with ExternalDependencyInstrumentingArtifactTransform
[        ] Transforming android-test-plugin-host-additional-test-output-proto-31.12.1.jar (com.android.tools.utp:android-test-plugin-host-additional-test-output-proto:31.12.1) with MergeInstrumentationAnalysisTransform
[        ] Transforming android-test-plugin-host-coverage-proto-31.12.1.jar (com.android.tools.utp:android-test-plugin-host-coverage-proto:31.12.1) with InstrumentationAnalysisTransform
[        ] Transforming android-test-plugin-host-coverage-proto-31.12.1.jar (com.android.tools.utp:android-test-plugin-host-coverage-proto:31.12.1) with MergeInstrumentationAnalysisTransform
[        ] Transforming android-test-plugin-host-emulator-control-proto-31.12.1.jar (com.android.tools.utp:android-test-plugin-host-emulator-control-proto:31.12.1) with InstrumentationAnalysisTransform
[        ] Transforming android-test-plugin-host-emulator-control-proto-31.12.1.jar (com.android.tools.utp:android-test-plugin-host-emulator-control-proto:31.12.1) with MergeInstrumentationAnalysisTransform
[        ] Transforming android-test-plugin-host-logcat-proto-31.12.1.jar (com.android.tools.utp:android-test-plugin-host-logcat-proto:31.12.1) with InstrumentationAnalysisTransform
[        ] Transforming android-test-plugin-host-additional-test-output-proto-31.12.1.jar (com.android.tools.utp:android-test-plugin-host-additional-test-output-proto:31.12.1) with ExternalDependencyInstrumentingArtifactTransform
[        ] Transforming android-test-plugin-host-logcat-proto-31.12.1.jar (com.android.tools.utp:android-test-plugin-host-logcat-proto:31.12.1) with MergeInstrumentationAnalysisTransform
[        ] Transforming android-test-plugin-host-apk-installer-proto-31.12.1.jar (com.android.tools.utp:android-test-plugin-host-apk-installer-proto:31.12.1) with InstrumentationAnalysisTransform
[        ] Transforming android-test-plugin-host-emulator-control-proto-31.12.1.jar (com.android.tools.utp:android-test-plugin-host-emulator-control-proto:31.12.1) with ExternalDependencyInstrumentingArtifactTransform
[        ] Transforming android-test-plugin-host-coverage-proto-31.12.1.jar (com.android.tools.utp:android-test-plugin-host-coverage-proto:31.12.1) with ExternalDependencyInstrumentingArtifactTransform
[        ] Transforming android-test-plugin-host-logcat-proto-31.12.1.jar (com.android.tools.utp:android-test-plugin-host-logcat-proto:31.12.1) with ExternalDependencyInstrumentingArtifactTransform
[        ] Transforming android-test-plugin-host-apk-installer-proto-31.12.1.jar (com.android.tools.utp:android-test-plugin-host-apk-installer-proto:31.12.1) with MergeInstrumentationAnalysisTransform
[        ] Transforming android-test-plugin-result-listener-gradle-proto-31.12.1.jar (com.android.tools.utp:android-test-plugin-result-listener-gradle-proto:31.12.1) with InstrumentationAnalysisTransform
[        ] Transforming android-test-plugin-result-listener-gradle-proto-31.12.1.jar (com.android.tools.utp:android-test-plugin-result-listener-gradle-proto:31.12.1) with MergeInstrumentationAnalysisTransform
[        ] Transforming jetifier-processor-1.0.0-beta10.jar (com.android.tools.build.jetifier:jetifier-processor:1.0.0-beta10) with InstrumentationAnalysisTransform
[        ] Transforming android-test-plugin-host-apk-installer-proto-31.12.1.jar (com.android.tools.utp:android-test-plugin-host-apk-installer-proto:31.12.1) with ExternalDependencyInstrumentingArtifactTransform
[        ] Transforming jetifier-processor-1.0.0-beta10.jar (com.android.tools.build.jetifier:jetifier-processor:1.0.0-beta10) with MergeInstrumentationAnalysisTransform
[        ] Transforming jetifier-core-1.0.0-beta10.jar (com.android.tools.build.jetifier:jetifier-core:1.0.0-beta10) with InstrumentationAnalysisTransform
[        ] Transforming android-test-plugin-result-listener-gradle-proto-31.12.1.jar (com.android.tools.utp:android-test-plugin-result-listener-gradle-proto:31.12.1) with ExternalDependencyInstrumentingArtifactTransform
[        ] Transforming jetifier-processor-1.0.0-beta10.jar (com.android.tools.build.jetifier:jetifier-processor:1.0.0-beta10) with ExternalDependencyInstrumentingArtifactTransform
[        ] Transforming jetifier-core-1.0.0-beta10.jar (com.android.tools.build.jetifier:jetifier-core:1.0.0-beta10) with MergeInstrumentationAnalysisTransform
[        ] Transforming builder-model-8.12.1.jar (com.android.tools.build:builder-model:8.12.1) with InstrumentationAnalysisTransform
[        ] Transforming builder-model-8.12.1.jar (com.android.tools.build:builder-model:8.12.1) with MergeInstrumentationAnalysisTransform
[        ] Transforming kotlin-reflect-2.1.20.jar (org.jetbrains.kotlin:kotlin-reflect:2.1.20) with InstrumentationAnalysisTransform
[        ] Transforming jetifier-core-1.0.0-beta10.jar (com.android.tools.build.jetifier:jetifier-core:1.0.0-beta10) with ExternalDependencyInstrumentingArtifactTransform
[        ] Transforming kotlin-reflect-2.1.20.jar (org.jetbrains.kotlin:kotlin-reflect:2.1.20) with MergeInstrumentationAnalysisTransform
[        ] Transforming builder-model-8.12.1.jar (com.android.tools.build:builder-model:8.12.1) with ExternalDependencyInstrumentingArtifactTransform
[        ] Transforming dvlib-31.12.1.jar (com.android.tools:dvlib:31.12.1) with InstrumentationAnalysisTransform
[        ] Transforming kotlin-reflect-2.1.20.jar (org.jetbrains.kotlin:kotlin-reflect:2.1.20) with ExternalDependencyInstrumentingArtifactTransform
[        ] Transforming dvlib-31.12.1.jar (com.android.tools:dvlib:31.12.1) with MergeInstrumentationAnalysisTransform
[        ] Transforming common-31.12.1.jar (com.android.tools:common:31.12.1) with InstrumentationAnalysisTransform
[        ] Transforming common-31.12.1.jar (com.android.tools:common:31.12.1) with MergeInstrumentationAnalysisTransform
[        ] Transforming kotlin-stdlib-jdk8-2.1.20.jar (org.jetbrains.kotlin:kotlin-stdlib-jdk8:2.1.20) with InstrumentationAnalysisTransform
[        ] Transforming dvlib-31.12.1.jar (com.android.tools:dvlib:31.12.1) with ExternalDependencyInstrumentingArtifactTransform
[        ] Transforming kotlin-stdlib-jdk8-2.1.20.jar (org.jetbrains.kotlin:kotlin-stdlib-jdk8:2.1.20) with MergeInstrumentationAnalysisTransform
[        ] Transforming common-31.12.1.jar (com.android.tools:common:31.12.1) with ExternalDependencyInstrumentingArtifactTransform
[        ] Transforming kotlinx-coroutines-core-jvm-1.9.0.jar (org.jetbrains.kotlinx:kotlinx-coroutines-core-jvm:1.9.0) with InstrumentationAnalysisTransform
[        ] Transforming kotlin-stdlib-jdk8-2.1.20.jar (org.jetbrains.kotlin:kotlin-stdlib-jdk8:2.1.20) with ExternalDependencyInstrumentingArtifactTransform
[        ] Transforming kotlinx-coroutines-core-jvm-1.9.0.jar (org.jetbrains.kotlinx:kotlinx-coroutines-core-jvm:1.9.0) with MergeInstrumentationAnalysisTransform
[        ] Transforming kotlin-stdlib-jdk7-2.1.20.jar (org.jetbrains.kotlin:kotlin-stdlib-jdk7:2.1.20) with InstrumentationAnalysisTransform
[        ] Transforming kotlin-stdlib-jdk7-2.1.20.jar (org.jetbrains.kotlin:kotlin-stdlib-jdk7:2.1.20) with MergeInstrumentationAnalysisTransform
[        ] Transforming kotlin-stdlib-2.1.20.jar (org.jetbrains.kotlin:kotlin-stdlib:2.1.20) with InstrumentationAnalysisTransform
[        ] Transforming kotlinx-coroutines-core-jvm-1.9.0.jar (org.jetbrains.kotlinx:kotlinx-coroutines-core-jvm:1.9.0) with ExternalDependencyInstrumentingArtifactTransform
[        ] Transforming kotlin-stdlib-2.1.20.jar (org.jetbrains.kotlin:kotlin-stdlib:2.1.20) with MergeInstrumentationAnalysisTransform
[        ] Transforming kotlin-stdlib-jdk7-2.1.20.jar (org.jetbrains.kotlin:kotlin-stdlib-jdk7:2.1.20) with ExternalDependencyInstrumentingArtifactTransform
[        ] Transforming transform-api-2.0.0-deprecated-use-gradle-api.jar (com.android.tools.build:transform-api:2.0.0-deprecated-use-gradle-api) with InstrumentationAnalysisTransform
[        ] Transforming kotlin-stdlib-2.1.20.jar (org.jetbrains.kotlin:kotlin-stdlib:2.1.20) with ExternalDependencyInstrumentingArtifactTransform
[        ] Transforming transform-api-2.0.0-deprecated-use-gradle-api.jar (com.android.tools.build:transform-api:2.0.0-deprecated-use-gradle-api) with MergeInstrumentationAnalysisTransform
[        ] Transforming httpmime-4.5.6.jar (org.apache.httpcomponents:httpmime:4.5.6) with InstrumentationAnalysisTransform
[        ] Transforming httpmime-4.5.6.jar (org.apache.httpcomponents:httpmime:4.5.6) with MergeInstrumentationAnalysisTransform
[        ] Transforming commons-io-2.16.1.jar (commons-io:commons-io:2.16.1) with InstrumentationAnalysisTransform
[        ] Transforming transform-api-2.0.0-deprecated-use-gradle-api.jar (com.android.tools.build:transform-api:2.0.0-deprecated-use-gradle-api) with ExternalDependencyInstrumentingArtifactTransform
[        ] Transforming commons-io-2.16.1.jar (commons-io:commons-io:2.16.1) with MergeInstrumentationAnalysisTransform
[        ] Transforming asm-commons-9.7.1.jar (org.ow2.asm:asm-commons:9.7.1) with InstrumentationAnalysisTransform
[        ] Transforming httpmime-4.5.6.jar (org.apache.httpcomponents:httpmime:4.5.6) with ExternalDependencyInstrumentingArtifactTransform
[        ] Transforming commons-io-2.16.1.jar (commons-io:commons-io:2.16.1) with ExternalDependencyInstrumentingArtifactTransform
[        ] Transforming asm-commons-9.7.1.jar (org.ow2.asm:asm-commons:9.7.1) with MergeInstrumentationAnalysisTransform
[        ] Transforming asm-util-9.7.1.jar (org.ow2.asm:asm-util:9.7.1) with InstrumentationAnalysisTransform
[        ] Transforming asm-util-9.7.1.jar (org.ow2.asm:asm-util:9.7.1) with MergeInstrumentationAnalysisTransform
[        ] Transforming asm-analysis-9.7.1.jar (org.ow2.asm:asm-analysis:9.7.1) with InstrumentationAnalysisTransform
[        ] Transforming asm-commons-9.7.1.jar (org.ow2.asm:asm-commons:9.7.1) with ExternalDependencyInstrumentingArtifactTransform
[        ] Transforming asm-analysis-9.7.1.jar (org.ow2.asm:asm-analysis:9.7.1) with MergeInstrumentationAnalysisTransform
[        ] Transforming asm-tree-9.7.1.jar (org.ow2.asm:asm-tree:9.7.1) with InstrumentationAnalysisTransform
[        ] Transforming asm-tree-9.7.1.jar (org.ow2.asm:asm-tree:9.7.1) with MergeInstrumentationAnalysisTransform
[        ] Transforming asm-util-9.7.1.jar (org.ow2.asm:asm-util:9.7.1) with ExternalDependencyInstrumentingArtifactTransform
[        ] Transforming asm-9.7.1.jar (org.ow2.asm:asm:9.7.1) with InstrumentationAnalysisTransform
[        ] Transforming asm-analysis-9.7.1.jar (org.ow2.asm:asm-analysis:9.7.1) with ExternalDependencyInstrumentingArtifactTransform
[        ] Transforming asm-tree-9.7.1.jar (org.ow2.asm:asm-tree:9.7.1) with ExternalDependencyInstrumentingArtifactTransform
[        ] Transforming asm-9.7.1.jar (org.ow2.asm:asm:9.7.1) with MergeInstrumentationAnalysisTransform
[        ] Transforming apkzlib-8.12.1.jar (com.android.tools.build:apkzlib:8.12.1) with InstrumentationAnalysisTransform
[        ] Transforming apkzlib-8.12.1.jar (com.android.tools.build:apkzlib:8.12.1) with MergeInstrumentationAnalysisTransform
[        ] Transforming asm-9.7.1.jar (org.ow2.asm:asm:9.7.1) with ExternalDependencyInstrumentingArtifactTransform
[        ] Transforming bcpkix-jdk18on-1.79.jar (org.bouncycastle:bcpkix-jdk18on:1.79) with InstrumentationAnalysisTransform
[        ] Transforming apkzlib-8.12.1.jar (com.android.tools.build:apkzlib:8.12.1) with ExternalDependencyInstrumentingArtifactTransform
[        ] Transforming bcpkix-jdk18on-1.79.jar (org.bouncycastle:bcpkix-jdk18on:1.79) with MergeInstrumentationAnalysisTransform
[        ] Transforming jaxb-runtime-2.3.2.jar (org.glassfish.jaxb:jaxb-runtime:2.3.2) with InstrumentationAnalysisTransform
[        ] Transforming jaxb-runtime-2.3.2.jar (org.glassfish.jaxb:jaxb-runtime:2.3.2) with MergeInstrumentationAnalysisTransform
[        ] Transforming bcpkix-jdk18on-1.79.jar (org.bouncycastle:bcpkix-jdk18on:1.79) with ExternalDependencyInstrumentingArtifactTransform
[        ] Transforming jopt-simple-4.9.jar (net.sf.jopt-simple:jopt-simple:4.9) with InstrumentationAnalysisTransform
[        ] Transforming jopt-simple-4.9.jar (net.sf.jopt-simple:jopt-simple:4.9) with MergeInstrumentationAnalysisTransform
[        ] Transforming jaxb-runtime-2.3.2.jar (org.glassfish.jaxb:jaxb-runtime:2.3.2) with ExternalDependencyInstrumentingArtifactTransform
[        ] Transforming javapoet-1.10.0.jar (com.squareup:javapoet:1.10.0) with InstrumentationAnalysisTransform
[        ] Transforming jopt-simple-4.9.jar (net.sf.jopt-simple:jopt-simple:4.9) with ExternalDependencyInstrumentingArtifactTransform
[        ] Transforming javapoet-1.10.0.jar (com.squareup:javapoet:1.10.0) with MergeInstrumentationAnalysisTransform
[        ] Transforming protobuf-java-util-3.25.5.jar (com.google.protobuf:protobuf-java-util:3.25.5) with InstrumentationAnalysisTransform
[        ] Transforming protobuf-java-util-3.25.5.jar (com.google.protobuf:protobuf-java-util:3.25.5) with MergeInstrumentationAnalysisTransform
[        ] Transforming grpc-protobuf-1.69.1.jar (io.grpc:grpc-protobuf:1.69.1) with InstrumentationAnalysisTransform
[        ] Transforming javapoet-1.10.0.jar (com.squareup:javapoet:1.10.0) with ExternalDependencyInstrumentingArtifactTransform
[        ] Transforming grpc-protobuf-1.69.1.jar (io.grpc:grpc-protobuf:1.69.1) with MergeInstrumentationAnalysisTransform
[        ] Transforming protobuf-java-util-3.25.5.jar (com.google.protobuf:protobuf-java-util:3.25.5) with ExternalDependencyInstrumentingArtifactTransform
[        ] Transforming tink-1.7.0.jar (com.google.crypto.tink:tink:1.7.0) with InstrumentationAnalysisTransform
[        ] Transforming grpc-protobuf-1.69.1.jar (io.grpc:grpc-protobuf:1.69.1) with ExternalDependencyInstrumentingArtifactTransform
[        ] Transforming tink-1.7.0.jar (com.google.crypto.tink:tink:1.7.0) with MergeInstrumentationAnalysisTransform
[        ] Transforming core-proto-0.0.9-alpha03.jar (com.google.testing.platform:core-proto:0.0.9-alpha03) with InstrumentationAnalysisTransform
[        ] Transforming core-proto-0.0.9-alpha03.jar (com.google.testing.platform:core-proto:0.0.9-alpha03) with MergeInstrumentationAnalysisTransform
[        ] Transforming protos-31.12.1.jar (com.android.tools.analytics-library:protos:31.12.1) with InstrumentationAnalysisTransform
[        ] Transforming tink-1.7.0.jar (com.google.crypto.tink:tink:1.7.0) with ExternalDependencyInstrumentingArtifactTransform
[        ] Transforming protos-31.12.1.jar (com.android.tools.analytics-library:protos:31.12.1) with MergeInstrumentationAnalysisTransform
[        ] Transforming proto-google-common-protos-2.48.0.jar (com.google.api.grpc:proto-google-common-protos:2.48.0) with InstrumentationAnalysisTransform
[        ] Transforming proto-google-common-protos-2.48.0.jar (com.google.api.grpc:proto-google-common-protos:2.48.0) with MergeInstrumentationAnalysisTransform
[        ] Transforming protobuf-java-3.25.5.jar (com.google.protobuf:protobuf-java:3.25.5) with InstrumentationAnalysisTransform
[        ] Transforming protos-31.12.1.jar (com.android.tools.analytics-library:protos:31.12.1) with ExternalDependencyInstrumentingArtifactTransform
[        ] Transforming core-proto-0.0.9-alpha03.jar (com.google.testing.platform:core-proto:0.0.9-alpha03) with ExternalDependencyInstrumentingArtifactTransform
[        ] Transforming proto-google-common-protos-2.48.0.jar (com.google.api.grpc:proto-google-common-protos:2.48.0) with ExternalDependencyInstrumentingArtifactTransform
[        ] Transforming protobuf-java-3.25.5.jar (com.google.protobuf:protobuf-java:3.25.5) with MergeInstrumentationAnalysisTransform
[        ] Transforming grpc-netty-1.69.1.jar (io.grpc:grpc-netty:1.69.1) with InstrumentationAnalysisTransform
[        ] Transforming grpc-netty-1.69.1.jar (io.grpc:grpc-netty:1.69.1) with MergeInstrumentationAnalysisTransform
[        ] Transforming grpc-inprocess-1.69.1.jar (io.grpc:grpc-inprocess:1.69.1) with InstrumentationAnalysisTransform
[        ] Transforming protobuf-java-3.25.5.jar (com.google.protobuf:protobuf-java:3.25.5) with ExternalDependencyInstrumentingArtifactTransform
[        ] Transforming grpc-inprocess-1.69.1.jar (io.grpc:grpc-inprocess:1.69.1) with MergeInstrumentationAnalysisTransform
[        ] Transforming grpc-netty-1.69.1.jar (io.grpc:grpc-netty:1.69.1) with ExternalDependencyInstrumentingArtifactTransform
[        ] Transforming grpc-util-1.69.1.jar (io.grpc:grpc-util:1.69.1) with InstrumentationAnalysisTransform
[        ] Transforming grpc-inprocess-1.69.1.jar (io.grpc:grpc-inprocess:1.69.1) with ExternalDependencyInstrumentingArtifactTransform
[        ] Transforming grpc-util-1.69.1.jar (io.grpc:grpc-util:1.69.1) with MergeInstrumentationAnalysisTransform
[        ] Transforming grpc-core-1.69.1.jar (io.grpc:grpc-core:1.69.1) with InstrumentationAnalysisTransform
[        ] Transforming grpc-core-1.69.1.jar (io.grpc:grpc-core:1.69.1) with MergeInstrumentationAnalysisTransform
[        ] Transforming gson-2.11.0.jar (com.google.code.gson:gson:2.11.0) with InstrumentationAnalysisTransform
[        ] Transforming gson-2.11.0.jar (com.google.code.gson:gson:2.11.0) with MergeInstrumentationAnalysisTransform
[        ] Transforming grpc-util-1.69.1.jar (io.grpc:grpc-util:1.69.1) with ExternalDependencyInstrumentingArtifactTransform
[        ] Transforming grpc-core-1.69.1.jar (io.grpc:grpc-core:1.69.1) with ExternalDependencyInstrumentingArtifactTransform
[        ] Transforming grpc-stub-1.69.1.jar (io.grpc:grpc-stub:1.69.1) with InstrumentationAnalysisTransform
[        ] Transforming gson-2.11.0.jar (com.google.code.gson:gson:2.11.0) with ExternalDependencyInstrumentingArtifactTransform
[        ] Transforming grpc-stub-1.69.1.jar (io.grpc:grpc-stub:1.69.1) with MergeInstrumentationAnalysisTransform
[        ] Transforming tensorflow-lite-metadata-0.2.0.jar (org.tensorflow:tensorflow-lite-metadata:0.2.0) with InstrumentationAnalysisTransform
[        ] Transforming tensorflow-lite-metadata-0.2.0.jar (org.tensorflow:tensorflow-lite-metadata:0.2.0) with MergeInstrumentationAnalysisTransform
[        ] Transforming flatbuffers-java-1.12.0.jar (com.google.flatbuffers:flatbuffers-java:1.12.0) with InstrumentationAnalysisTransform
[        ] Transforming grpc-stub-1.69.1.jar (io.grpc:grpc-stub:1.69.1) with ExternalDependencyInstrumentingArtifactTransform
[        ] Transforming tensorflow-lite-metadata-0.2.0.jar (org.tensorflow:tensorflow-lite-metadata:0.2.0) with ExternalDependencyInstrumentingArtifactTransform
[        ] Transforming flatbuffers-java-1.12.0.jar (com.google.flatbuffers:flatbuffers-java:1.12.0) with MergeInstrumentationAnalysisTransform
[        ] Transforming jimfs-1.1.jar (com.google.jimfs:jimfs:1.1) with InstrumentationAnalysisTransform
[        ] Transforming jimfs-1.1.jar (com.google.jimfs:jimfs:1.1) with MergeInstrumentationAnalysisTransform
[        ] Transforming flatbuffers-java-1.12.0.jar (com.google.flatbuffers:flatbuffers-java:1.12.0) with ExternalDependencyInstrumentingArtifactTransform
[        ] Transforming grpc-context-1.69.1.jar (io.grpc:grpc-context:1.69.1) with InstrumentationAnalysisTransform
[        ] Transforming grpc-context-1.69.1.jar (io.grpc:grpc-context:1.69.1) with MergeInstrumentationAnalysisTransform
[        ] Transforming grpc-protobuf-lite-1.69.1.jar (io.grpc:grpc-protobuf-lite:1.69.1) with InstrumentationAnalysisTransform
[        ] Transforming jimfs-1.1.jar (com.google.jimfs:jimfs:1.1) with ExternalDependencyInstrumentingArtifactTransform
[        ] Transforming grpc-protobuf-lite-1.69.1.jar (io.grpc:grpc-protobuf-lite:1.69.1) with MergeInstrumentationAnalysisTransform
[        ] Transforming grpc-api-1.69.1.jar (io.grpc:grpc-api:1.69.1) with InstrumentationAnalysisTransform
[        ] Transforming grpc-context-1.69.1.jar (io.grpc:grpc-context:1.69.1) with ExternalDependencyInstrumentingArtifactTransform
[        ] Transforming grpc-api-1.69.1.jar (io.grpc:grpc-api:1.69.1) with MergeInstrumentationAnalysisTransform
[        ] Transforming guava-33.3.1-jre.jar (com.google.guava:guava:33.3.1-jre) with InstrumentationAnalysisTransform
[        ] Transforming grpc-protobuf-lite-1.69.1.jar (io.grpc:grpc-protobuf-lite:1.69.1) with ExternalDependencyInstrumentingArtifactTransform
[        ] Transforming guava-33.3.1-jre.jar (com.google.guava:guava:33.3.1-jre) with MergeInstrumentationAnalysisTransform
[        ] Transforming grpc-api-1.69.1.jar (io.grpc:grpc-api:1.69.1) with ExternalDependencyInstrumentingArtifactTransform
[        ] Transforming dagger-2.28.3.jar (com.google.dagger:dagger:2.28.3) with InstrumentationAnalysisTransform
[        ] Transforming guava-33.3.1-jre.jar (com.google.guava:guava:33.3.1-jre) with ExternalDependencyInstrumentingArtifactTransform
[        ] Transforming dagger-2.28.3.jar (com.google.dagger:dagger:2.28.3) with MergeInstrumentationAnalysisTransform
[        ] Transforming javax.inject-1.jar (javax.inject:javax.inject:1) with InstrumentationAnalysisTransform
[        ] Transforming javax.inject-1.jar (javax.inject:javax.inject:1) with MergeInstrumentationAnalysisTransform
[        ] Transforming kxml2-2.3.0.jar (net.sf.kxml:kxml2:2.3.0) with InstrumentationAnalysisTransform
[        ] Transforming kxml2-2.3.0.jar (net.sf.kxml:kxml2:2.3.0) with MergeInstrumentationAnalysisTransform
[        ] Transforming dagger-2.28.3.jar (com.google.dagger:dagger:2.28.3) with ExternalDependencyInstrumentingArtifactTransform
[        ] Transforming javax.inject-1.jar (javax.inject:javax.inject:1) with ExternalDependencyInstrumentingArtifactTransform
[        ] Transforming commons-compress-1.21.jar (org.apache.commons:commons-compress:1.21) with InstrumentationAnalysisTransform
[        ] Transforming kxml2-2.3.0.jar (net.sf.kxml:kxml2:2.3.0) with ExternalDependencyInstrumentingArtifactTransform
[        ] Transforming commons-compress-1.21.jar (org.apache.commons:commons-compress:1.21) with MergeInstrumentationAnalysisTransform
[        ] Transforming bcutil-jdk18on-1.79.jar (org.bouncycastle:bcutil-jdk18on:1.79) with InstrumentationAnalysisTransform
[        ] Transforming bcutil-jdk18on-1.79.jar (org.bouncycastle:bcutil-jdk18on:1.79) with MergeInstrumentationAnalysisTransform
[        ] Transforming bcprov-jdk18on-1.79.jar (org.bouncycastle:bcprov-jdk18on:1.79) with InstrumentationAnalysisTransform
[        ] Transforming commons-compress-1.21.jar (org.apache.commons:commons-compress:1.21) with ExternalDependencyInstrumentingArtifactTransform
[        ] Transforming bcprov-jdk18on-1.79.jar (org.bouncycastle:bcprov-jdk18on:1.79) with MergeInstrumentationAnalysisTransform
[        ] Transforming bcutil-jdk18on-1.79.jar (org.bouncycastle:bcutil-jdk18on:1.79) with ExternalDependencyInstrumentingArtifactTransform
[        ] Transforming httpclient-4.5.14.jar (org.apache.httpcomponents:httpclient:4.5.14) with InstrumentationAnalysisTransform
[        ] Transforming bcprov-jdk18on-1.79.jar (org.bouncycastle:bcprov-jdk18on:1.79) with ExternalDependencyInstrumentingArtifactTransform
[        ] Transforming httpclient-4.5.14.jar (org.apache.httpcomponents:httpclient:4.5.14) with MergeInstrumentationAnalysisTransform
[        ] Transforming httpcore-4.4.16.jar (org.apache.httpcomponents:httpcore:4.4.16) with InstrumentationAnalysisTransform
[        ] Transforming httpcore-4.4.16.jar (org.apache.httpcomponents:httpcore:4.4.16) with MergeInstrumentationAnalysisTransform
[        ] Transforming javax.activation-1.2.0.jar (com.sun.activation:javax.activation:1.2.0) with InstrumentationAnalysisTransform
[        ] Transforming httpclient-4.5.14.jar (org.apache.httpcomponents:httpclient:4.5.14) with ExternalDependencyInstrumentingArtifactTransform
[        ] Transforming javax.activation-1.2.0.jar (com.sun.activation:javax.activation:1.2.0) with MergeInstrumentationAnalysisTransform
[        ] Transforming annotations-23.0.0.jar (org.jetbrains:annotations:23.0.0) with InstrumentationAnalysisTransform
[        ] Transforming httpcore-4.4.16.jar (org.apache.httpcomponents:httpcore:4.4.16) with ExternalDependencyInstrumentingArtifactTransform
[        ] Transforming annotations-23.0.0.jar (org.jetbrains:annotations:23.0.0) with MergeInstrumentationAnalysisTransform
[        ] Transforming signflinger-8.12.1.jar (com.android:signflinger:8.12.1) with InstrumentationAnalysisTransform
[        ] Transforming signflinger-8.12.1.jar (com.android:signflinger:8.12.1) with MergeInstrumentationAnalysisTransform
[        ] Transforming zipflinger-8.12.1.jar (com.android:zipflinger:8.12.1) with InstrumentationAnalysisTransform
[        ] Transforming javax.activation-1.2.0.jar (com.sun.activation:javax.activation:1.2.0) with ExternalDependencyInstrumentingArtifactTransform
[        ] Transforming annotations-23.0.0.jar (org.jetbrains:annotations:23.0.0) with ExternalDependencyInstrumentingArtifactTransform
[        ] Transforming zipflinger-8.12.1.jar (com.android:zipflinger:8.12.1) with MergeInstrumentationAnalysisTransform
[        ] Transforming signflinger-8.12.1.jar (com.android:signflinger:8.12.1) with ExternalDependencyInstrumentingArtifactTransform
[        ] Transforming annotations-31.12.1.jar (com.android.tools:annotations:31.12.1) with InstrumentationAnalysisTransform
[        ] Transforming annotations-31.12.1.jar (com.android.tools:annotations:31.12.1) with MergeInstrumentationAnalysisTransform
[        ] Transforming zipflinger-8.12.1.jar (com.android:zipflinger:8.12.1) with ExternalDependencyInstrumentingArtifactTransform
[        ] Transforming jna-platform-5.6.0.jar (net.java.dev.jna:jna-platform:5.6.0) with InstrumentationAnalysisTransform
[        ] Transforming annotations-31.12.1.jar (com.android.tools:annotations:31.12.1) with ExternalDependencyInstrumentingArtifactTransform
[        ] Transforming jna-platform-5.6.0.jar (net.java.dev.jna:jna-platform:5.6.0) with MergeInstrumentationAnalysisTransform
[        ] Transforming juniversalchardet-1.0.3.jar (com.googlecode.juniversalchardet:juniversalchardet:1.0.3) with InstrumentationAnalysisTransform
[        ] Transforming juniversalchardet-1.0.3.jar (com.googlecode.juniversalchardet:juniversalchardet:1.0.3) with MergeInstrumentationAnalysisTransform
[        ] Transforming jna-platform-5.6.0.jar (net.java.dev.jna:jna-platform:5.6.0) with ExternalDependencyInstrumentingArtifactTransform
[        ] Transforming javax.annotation-api-1.3.2.jar (javax.annotation:javax.annotation-api:1.3.2) with InstrumentationAnalysisTransform
[        ] Transforming juniversalchardet-1.0.3.jar (com.googlecode.juniversalchardet:juniversalchardet:1.0.3) with ExternalDependencyInstrumentingArtifactTransform
[        ] Transforming javax.annotation-api-1.3.2.jar (javax.annotation:javax.annotation-api:1.3.2) with MergeInstrumentationAnalysisTransform
[        ] Transforming stax-ex-1.8.1.jar (org.jvnet.staxex:stax-ex:1.8.1) with InstrumentationAnalysisTransform
[        ] Transforming stax-ex-1.8.1.jar (org.jvnet.staxex:stax-ex:1.8.1) with MergeInstrumentationAnalysisTransform
[        ] Transforming jakarta.xml.bind-api-2.3.2.jar (jakarta.xml.bind:jakarta.xml.bind-api:2.3.2) with InstrumentationAnalysisTransform
[        ] Transforming jakarta.xml.bind-api-2.3.2.jar (jakarta.xml.bind:jakarta.xml.bind-api:2.3.2) with MergeInstrumentationAnalysisTransform
[        ] Transforming txw2-2.3.2.jar (org.glassfish.jaxb:txw2:2.3.2) with InstrumentationAnalysisTransform
[        ] Transforming javax.annotation-api-1.3.2.jar (javax.annotation:javax.annotation-api:1.3.2) with ExternalDependencyInstrumentingArtifactTransform
[        ] Transforming txw2-2.3.2.jar (org.glassfish.jaxb:txw2:2.3.2) with MergeInstrumentationAnalysisTransform
[        ] Transforming jakarta.xml.bind-api-2.3.2.jar (jakarta.xml.bind:jakarta.xml.bind-api:2.3.2) with ExternalDependencyInstrumentingArtifactTransform
[        ] Transforming stax-ex-1.8.1.jar (org.jvnet.staxex:stax-ex:1.8.1) with ExternalDependencyInstrumentingArtifactTransform
[        ] Transforming txw2-2.3.2.jar (org.glassfish.jaxb:txw2:2.3.2) with ExternalDependencyInstrumentingArtifactTransform
[        ] Transforming istack-commons-runtime-3.0.8.jar (com.sun.istack:istack-commons-runtime:3.0.8) with InstrumentationAnalysisTransform
[        ] Transforming istack-commons-runtime-3.0.8.jar (com.sun.istack:istack-commons-runtime:3.0.8) with MergeInstrumentationAnalysisTransform
[        ] Transforming FastInfoset-1.2.16.jar (com.sun.xml.fastinfoset:FastInfoset:1.2.16) with InstrumentationAnalysisTransform
[        ] Transforming FastInfoset-1.2.16.jar (com.sun.xml.fastinfoset:FastInfoset:1.2.16) with MergeInstrumentationAnalysisTransform
[        ] Transforming jakarta.activation-api-1.2.1.jar (jakarta.activation:jakarta.activation-api:1.2.1) with InstrumentationAnalysisTransform
[        ] Transforming istack-commons-runtime-3.0.8.jar (com.sun.istack:istack-commons-runtime:3.0.8) with ExternalDependencyInstrumentingArtifactTransform
[        ] Transforming jakarta.activation-api-1.2.1.jar (jakarta.activation:jakarta.activation-api:1.2.1) with MergeInstrumentationAnalysisTransform
[        ] Transforming FastInfoset-1.2.16.jar (com.sun.xml.fastinfoset:FastInfoset:1.2.16) with ExternalDependencyInstrumentingArtifactTransform
[        ] Transforming auto-value-annotations-1.6.2.jar (com.google.auto.value:auto-value-annotations:1.6.2) with InstrumentationAnalysisTransform
[        ] Transforming auto-value-annotations-1.6.2.jar (com.google.auto.value:auto-value-annotations:1.6.2) with MergeInstrumentationAnalysisTransform
[        ] Transforming error_prone_annotations-2.30.0.jar (com.google.errorprone:error_prone_annotations:2.30.0) with InstrumentationAnalysisTransform
[        ] Transforming jakarta.activation-api-1.2.1.jar (jakarta.activation:jakarta.activation-api:1.2.1) with ExternalDependencyInstrumentingArtifactTransform
[        ] Transforming error_prone_annotations-2.30.0.jar (com.google.errorprone:error_prone_annotations:2.30.0) with MergeInstrumentationAnalysisTransform
[        ] Transforming auto-value-annotations-1.6.2.jar (com.google.auto.value:auto-value-annotations:1.6.2) with ExternalDependencyInstrumentingArtifactTransform
[        ] Transforming jose4j-0.9.5.jar (org.bitbucket.b_c:jose4j:0.9.5) with InstrumentationAnalysisTransform
[        ] Transforming jose4j-0.9.5.jar (org.bitbucket.b_c:jose4j:0.9.5) with MergeInstrumentationAnalysisTransform
[        ] Transforming slf4j-api-1.7.30.jar (org.slf4j:slf4j-api:1.7.30) with InstrumentationAnalysisTransform
[        ] Transforming error_prone_annotations-2.30.0.jar (com.google.errorprone:error_prone_annotations:2.30.0) with ExternalDependencyInstrumentingArtifactTransform
[        ] Transforming slf4j-api-1.7.30.jar (org.slf4j:slf4j-api:1.7.30) with MergeInstrumentationAnalysisTransform
[        ] Transforming jose4j-0.9.5.jar (org.bitbucket.b_c:jose4j:0.9.5) with ExternalDependencyInstrumentingArtifactTransform
[        ] Transforming jdom2-2.0.6.jar (org.jdom:jdom2:2.0.6) with InstrumentationAnalysisTransform
[        ] Transforming jdom2-2.0.6.jar (org.jdom:jdom2:2.0.6) with MergeInstrumentationAnalysisTransform
[        ] Transforming jsr305-3.0.2.jar (com.google.code.findbugs:jsr305:3.0.2) with InstrumentationAnalysisTransform
[        ] Transforming slf4j-api-1.7.30.jar (org.slf4j:slf4j-api:1.7.30) with ExternalDependencyInstrumentingArtifactTransform
[        ] Transforming jdom2-2.0.6.jar (org.jdom:jdom2:2.0.6) with ExternalDependencyInstrumentingArtifactTransform
[        ] Transforming jsr305-3.0.2.jar (com.google.code.findbugs:jsr305:3.0.2) with MergeInstrumentationAnalysisTransform
[        ] Transforming j2objc-annotations-3.0.0.jar (com.google.j2objc:j2objc-annotations:3.0.0) with InstrumentationAnalysisTransform
[        ] Transforming j2objc-annotations-3.0.0.jar (com.google.j2objc:j2objc-annotations:3.0.0) with MergeInstrumentationAnalysisTransform
[        ] Transforming annotations-4.1.1.4.jar (com.google.android:annotations:4.1.1.4) with InstrumentationAnalysisTransform
[        ] Transforming annotations-4.1.1.4.jar (com.google.android:annotations:4.1.1.4) with MergeInstrumentationAnalysisTransform
[        ] Transforming jsr305-3.0.2.jar (com.google.code.findbugs:jsr305:3.0.2) with ExternalDependencyInstrumentingArtifactTransform
[        ] Transforming j2objc-annotations-3.0.0.jar (com.google.j2objc:j2objc-annotations:3.0.0) with ExternalDependencyInstrumentingArtifactTransform
[        ] Transforming animal-sniffer-annotations-1.24.jar (org.codehaus.mojo:animal-sniffer-annotations:1.24) with InstrumentationAnalysisTransform
[        ] Transforming annotations-4.1.1.4.jar (com.google.android:annotations:4.1.1.4) with ExternalDependencyInstrumentingArtifactTransform
[        ] Transforming animal-sniffer-annotations-1.24.jar (org.codehaus.mojo:animal-sniffer-annotations:1.24) with MergeInstrumentationAnalysisTransform
[        ] Transforming perfmark-api-0.27.0.jar (io.perfmark:perfmark-api:0.27.0) with InstrumentationAnalysisTransform
[        ] Transforming perfmark-api-0.27.0.jar (io.perfmark:perfmark-api:0.27.0) with MergeInstrumentationAnalysisTransform
[        ] Transforming netty-codec-http2-4.1.110.Final.jar (io.netty:netty-codec-http2:4.1.110.Final) with InstrumentationAnalysisTransform
[        ] Transforming animal-sniffer-annotations-1.24.jar (org.codehaus.mojo:animal-sniffer-annotations:1.24) with ExternalDependencyInstrumentingArtifactTransform
[        ] Transforming perfmark-api-0.27.0.jar (io.perfmark:perfmark-api:0.27.0) with ExternalDependencyInstrumentingArtifactTransform
[        ] Transforming netty-codec-http2-4.1.110.Final.jar (io.netty:netty-codec-http2:4.1.110.Final) with MergeInstrumentationAnalysisTransform
[        ] Transforming netty-handler-proxy-4.1.110.Final.jar (io.netty:netty-handler-proxy:4.1.110.Final) with InstrumentationAnalysisTransform
[        ] Transforming netty-handler-proxy-4.1.110.Final.jar (io.netty:netty-handler-proxy:4.1.110.Final) with MergeInstrumentationAnalysisTransform
[        ] Transforming netty-codec-http-4.1.110.Final.jar (io.netty:netty-codec-http:4.1.110.Final) with InstrumentationAnalysisTransform
[        ] Transforming netty-codec-http2-4.1.110.Final.jar (io.netty:netty-codec-http2:4.1.110.Final) with ExternalDependencyInstrumentingArtifactTransform
[        ] Transforming netty-codec-http-4.1.110.Final.jar (io.netty:netty-codec-http:4.1.110.Final) with MergeInstrumentationAnalysisTransform
[        ] Transforming netty-handler-4.1.110.Final.jar (io.netty:netty-handler:4.1.110.Final) with InstrumentationAnalysisTransform
[        ] Transforming netty-handler-proxy-4.1.110.Final.jar (io.netty:netty-handler-proxy:4.1.110.Final) with ExternalDependencyInstrumentingArtifactTransform
[        ] Transforming netty-codec-http-4.1.110.Final.jar (io.netty:netty-codec-http:4.1.110.Final) with ExternalDependencyInstrumentingArtifactTransform
[        ] Transforming netty-handler-4.1.110.Final.jar (io.netty:netty-handler:4.1.110.Final) with MergeInstrumentationAnalysisTransform
[        ] Transforming netty-transport-native-unix-common-4.1.110.Final.jar (io.netty:netty-transport-native-unix-common:4.1.110.Final) with InstrumentationAnalysisTransform
[        ] Transforming netty-transport-native-unix-common-4.1.110.Final.jar (io.netty:netty-transport-native-unix-common:4.1.110.Final) with MergeInstrumentationAnalysisTransform
[        ] Transforming checker-qual-3.43.0.jar (org.checkerframework:checker-qual:3.43.0) with InstrumentationAnalysisTransform
[        ] Transforming checker-qual-3.43.0.jar (org.checkerframework:checker-qual:3.43.0) with MergeInstrumentationAnalysisTransform
[        ] Transforming apksig-8.12.1.jar (com.android.tools.build:apksig:8.12.1) with InstrumentationAnalysisTransform
[        ] Transforming netty-handler-4.1.110.Final.jar (io.netty:netty-handler:4.1.110.Final) with ExternalDependencyInstrumentingArtifactTransform
[        ] Transforming netty-transport-native-unix-common-4.1.110.Final.jar (io.netty:netty-transport-native-unix-common:4.1.110.Final) with ExternalDependencyInstrumentingArtifactTransform
[        ] Transforming apksig-8.12.1.jar (com.android.tools.build:apksig:8.12.1) with MergeInstrumentationAnalysisTransform
[        ] Transforming checker-qual-3.43.0.jar (org.checkerframework:checker-qual:3.43.0) with ExternalDependencyInstrumentingArtifactTransform
[        ] Transforming javawriter-2.5.0.jar (com.squareup:javawriter:2.5.0) with InstrumentationAnalysisTransform
[        ] Transforming apksig-8.12.1.jar (com.android.tools.build:apksig:8.12.1) with ExternalDependencyInstrumentingArtifactTransform
[        ] Transforming javawriter-2.5.0.jar (com.squareup:javawriter:2.5.0) with MergeInstrumentationAnalysisTransform
[        ] Transforming failureaccess-1.0.2.jar (com.google.guava:failureaccess:1.0.2) with InstrumentationAnalysisTransform
[        ] Transforming failureaccess-1.0.2.jar (com.google.guava:failureaccess:1.0.2) with MergeInstrumentationAnalysisTransform
[        ] Transforming listenablefuture-9999.0-empty-to-avoid-conflict-with-guava.jar (com.google.guava:listenablefuture:9999.0-empty-to-avoid-conflict-with-guava) with InstrumentationAnalysisTransform
[        ] Transforming listenablefuture-9999.0-empty-to-avoid-conflict-with-guava.jar (com.google.guava:listenablefuture:9999.0-empty-to-avoid-conflict-with-guava) with MergeInstrumentationAnalysisTransform
[        ] Transforming commons-logging-1.2.jar (commons-logging:commons-logging:1.2) with InstrumentationAnalysisTransform
[        ] Transforming failureaccess-1.0.2.jar (com.google.guava:failureaccess:1.0.2) with ExternalDependencyInstrumentingArtifactTransform
[        ] Transforming javawriter-2.5.0.jar (com.squareup:javawriter:2.5.0) with ExternalDependencyInstrumentingArtifactTransform
[        ] Transforming commons-logging-1.2.jar (commons-logging:commons-logging:1.2) with MergeInstrumentationAnalysisTransform
[        ] Transforming listenablefuture-9999.0-empty-to-avoid-conflict-with-guava.jar (com.google.guava:listenablefuture:9999.0-empty-to-avoid-conflict-with-guava) with ExternalDependencyInstrumentingArtifactTransform
[        ] Transforming commons-codec-1.11.jar (commons-codec:commons-codec:1.11) with InstrumentationAnalysisTransform
[        ] Transforming commons-logging-1.2.jar (commons-logging:commons-logging:1.2) with ExternalDependencyInstrumentingArtifactTransform
[        ] Transforming commons-codec-1.11.jar (commons-codec:commons-codec:1.11) with MergeInstrumentationAnalysisTransform
[        ] Transforming jna-5.6.0.jar (net.java.dev.jna:jna:5.6.0) with InstrumentationAnalysisTransform
[        ] Transforming jna-5.6.0.jar (net.java.dev.jna:jna:5.6.0) with MergeInstrumentationAnalysisTransform
[        ] Transforming netty-codec-socks-4.1.110.Final.jar (io.netty:netty-codec-socks:4.1.110.Final) with InstrumentationAnalysisTransform
[        ] Transforming commons-codec-1.11.jar (commons-codec:commons-codec:1.11) with ExternalDependencyInstrumentingArtifactTransform
[        ] Transforming netty-codec-socks-4.1.110.Final.jar (io.netty:netty-codec-socks:4.1.110.Final) with MergeInstrumentationAnalysisTransform
[        ] Transforming jna-5.6.0.jar (net.java.dev.jna:jna:5.6.0) with ExternalDependencyInstrumentingArtifactTransform
[        ] Transforming netty-codec-4.1.110.Final.jar (io.netty:netty-codec:4.1.110.Final) with InstrumentationAnalysisTransform
[        ] Transforming netty-codec-socks-4.1.110.Final.jar (io.netty:netty-codec-socks:4.1.110.Final) with ExternalDependencyInstrumentingArtifactTransform
[        ] Transforming netty-codec-4.1.110.Final.jar (io.netty:netty-codec:4.1.110.Final) with MergeInstrumentationAnalysisTransform
[        ] Transforming netty-transport-4.1.110.Final.jar (io.netty:netty-transport:4.1.110.Final) with InstrumentationAnalysisTransform
[        ] Transforming netty-transport-4.1.110.Final.jar (io.netty:netty-transport:4.1.110.Final) with MergeInstrumentationAnalysisTransform
[        ] Transforming netty-buffer-4.1.110.Final.jar (io.netty:netty-buffer:4.1.110.Final) with InstrumentationAnalysisTransform
[        ] Transforming netty-codec-4.1.110.Final.jar (io.netty:netty-codec:4.1.110.Final) with ExternalDependencyInstrumentingArtifactTransform
[        ] Transforming netty-transport-4.1.110.Final.jar (io.netty:netty-transport:4.1.110.Final) with ExternalDependencyInstrumentingArtifactTransform
[        ] Transforming netty-buffer-4.1.110.Final.jar (io.netty:netty-buffer:4.1.110.Final) with MergeInstrumentationAnalysisTransform
[        ] Transforming netty-resolver-4.1.110.Final.jar (io.netty:netty-resolver:4.1.110.Final) with InstrumentationAnalysisTransform
[        ] Transforming netty-resolver-4.1.110.Final.jar (io.netty:netty-resolver:4.1.110.Final) with MergeInstrumentationAnalysisTransform
[        ] Transforming netty-buffer-4.1.110.Final.jar (io.netty:netty-buffer:4.1.110.Final) with ExternalDependencyInstrumentingArtifactTransform
[        ] Transforming netty-common-4.1.110.Final.jar (io.netty:netty-common:4.1.110.Final) with InstrumentationAnalysisTransform
[        ] Transforming netty-resolver-4.1.110.Final.jar (io.netty:netty-resolver:4.1.110.Final) with ExternalDependencyInstrumentingArtifactTransform
[        ] Transforming netty-common-4.1.110.Final.jar (io.netty:netty-common:4.1.110.Final) with MergeInstrumentationAnalysisTransform
[        ] Transforming netty-common-4.1.110.Final.jar (io.netty:netty-common:4.1.110.Final) with ExternalDependencyInstrumentingArtifactTransform
[        ] Using default execution profile
[        ] > Configure project :permission_handler_android
[        ] Evaluating project ':permission_handler_android' using build file 'C:\Users\┼şug─▒r mami\AppData\Local\Pub\Cache\hosted\pub.dev\permission_handler_android-12.1.0\android\build.gradle'.
[        ] Transforming gradle-8.0.0.jar (com.android.tools.build:gradle:8.0.0) with InstrumentationAnalysisTransform
[        ] Transforming gradle-settings-api-8.0.0.jar (com.android.tools.build:gradle-settings-api:8.0.0) with InstrumentationAnalysisTransform
[        ] Transforming lint-model-31.0.0.jar (com.android.tools.lint:lint-model:31.0.0) with InstrumentationAnalysisTransform
[        ] Transforming builder-8.0.0.jar (com.android.tools.build:builder:8.0.0) with InstrumentationAnalysisTransform
[        ] Transforming manifest-merger-31.0.0.jar (com.android.tools.build:manifest-merger:31.0.0) with InstrumentationAnalysisTransform
[        ] Transforming sdk-common-31.0.0.jar (com.android.tools:sdk-common:31.0.0) with InstrumentationAnalysisTransform
[        ] Transforming sdklib-31.0.0.jar (com.android.tools:sdklib:31.0.0) with InstrumentationAnalysisTransform
[        ] Transforming repository-31.0.0.jar (com.android.tools:repository:31.0.0) with InstrumentationAnalysisTransform
[        ] Transforming gradle-api-8.0.0.jar (com.android.tools.build:gradle-api:8.0.0) with InstrumentationAnalysisTransform
[        ] Transforming builder-test-api-8.0.0.jar (com.android.tools.build:builder-test-api:8.0.0) with InstrumentationAnalysisTransform
[        ] Transforming ddmlib-31.0.0.jar (com.android.tools.ddms:ddmlib:31.0.0) with InstrumentationAnalysisTransform
[        ] Transforming aaptcompiler-8.0.0.jar (com.android.tools.build:aaptcompiler:8.0.0) with InstrumentationAnalysisTransform
[        ] Transforming bundletool-1.13.2.jar (com.android.tools.build:bundletool:1.13.2) with InstrumentationAnalysisTransform
[        ] Transforming aapt2-proto-8.0.0-9289358.jar (com.android.tools.build:aapt2-proto:8.0.0-9289358) with InstrumentationAnalysisTransform
[        ] Transforming crash-31.0.0.jar (com.android.tools.analytics-library:crash:31.0.0) with InstrumentationAnalysisTransform
[        ] Transforming tracker-31.0.0.jar (com.android.tools.analytics-library:tracker:31.0.0) with InstrumentationAnalysisTransform
[        ] Transforming shared-31.0.0.jar (com.android.tools.analytics-library:shared:31.0.0) with InstrumentationAnalysisTransform
[        ] Transforming lint-typedef-remover-31.0.0.jar (com.android.tools.lint:lint-typedef-remover:31.0.0) with InstrumentationAnalysisTransform
[        ] Transforming databinding-compiler-common-8.0.0.jar (androidx.databinding:databinding-compiler-common:8.0.0) with InstrumentationAnalysisTransform
[        ] Transforming databinding-common-8.0.0.jar (androidx.databinding:databinding-common:8.0.0) with InstrumentationAnalysisTransform
[        ] Transforming baseLibrary-8.0.0.jar (com.android.databinding:baseLibrary:8.0.0) with InstrumentationAnalysisTransform
[        ] Transforming layoutlib-api-31.0.0.jar (com.android.tools.layoutlib:layoutlib-api:31.0.0) with InstrumentationAnalysisTransform
[        ] Transforming android-device-provider-ddmlib-proto-31.0.0.jar (com.android.tools.utp:android-device-provider-ddmlib-proto:31.0.0) with InstrumentationAnalysisTransform
[        ] Transforming android-device-provider-gradle-proto-31.0.0.jar (com.android.tools.utp:android-device-provider-gradle-proto:31.0.0) with InstrumentationAnalysisTransform
[        ] Transforming android-test-plugin-host-additional-test-output-proto-31.0.0.jar (com.android.tools.utp:android-test-plugin-host-additional-test-output-proto:31.0.0) with InstrumentationAnalysisTransform
[        ] Transforming android-test-plugin-host-coverage-proto-31.0.0.jar (com.android.tools.utp:android-test-plugin-host-coverage-proto:31.0.0) with InstrumentationAnalysisTransform
[        ] Transforming android-test-plugin-host-logcat-proto-31.0.0.jar (com.android.tools.utp:android-test-plugin-host-logcat-proto:31.0.0) with InstrumentationAnalysisTransform
[        ] Transforming android-test-plugin-host-retention-proto-31.0.0.jar (com.android.tools.utp:android-test-plugin-host-retention-proto:31.0.0) with InstrumentationAnalysisTransform
[        ] Transforming android-test-plugin-result-listener-gradle-proto-31.0.0.jar (com.android.tools.utp:android-test-plugin-result-listener-gradle-proto:31.0.0) with InstrumentationAnalysisTransform
[        ] Transforming builder-model-8.0.0.jar (com.android.tools.build:builder-model:8.0.0) with InstrumentationAnalysisTransform
[        ] Transforming dvlib-31.0.0.jar (com.android.tools:dvlib:31.0.0) with InstrumentationAnalysisTransform
[        ] Transforming common-31.0.0.jar (com.android.tools:common:31.0.0) with InstrumentationAnalysisTransform
[        ] Transforming kotlin-stdlib-jdk8-1.7.10.jar (org.jetbrains.kotlin:kotlin-stdlib-jdk8:1.7.10) with InstrumentationAnalysisTransform
[        ] Transforming transform-api-2.0.0-deprecated-use-gradle-api.jar (com.android.tools.build:transform-api:2.0.0-deprecated-use-gradle-api) with InstrumentationAnalysisTransform
[        ] Transforming httpmime-4.5.6.jar (org.apache.httpcomponents:httpmime:4.5.6) with InstrumentationAnalysisTransform
[        ] Transforming commons-io-2.4.jar (commons-io:commons-io:2.4) with InstrumentationAnalysisTransform
[        ] Transforming jetifier-processor-1.0.0-beta10.jar (com.android.tools.build.jetifier:jetifier-processor:1.0.0-beta10) with InstrumentationAnalysisTransform
[        ] Transforming asm-commons-9.2.jar (org.ow2.asm:asm-commons:9.2) with InstrumentationAnalysisTransform
[        ] Transforming asm-util-9.2.jar (org.ow2.asm:asm-util:9.2) with InstrumentationAnalysisTransform
[        ] Transforming asm-analysis-9.2.jar (org.ow2.asm:asm-analysis:9.2) with InstrumentationAnalysisTransform
[        ] Transforming asm-tree-9.2.jar (org.ow2.asm:asm-tree:9.2) with InstrumentationAnalysisTransform
[        ] Transforming asm-9.2.jar (org.ow2.asm:asm:9.2) with InstrumentationAnalysisTransform
[        ] Transforming apkzlib-8.0.0.jar (com.android.tools.build:apkzlib:8.0.0) with InstrumentationAnalysisTransform
[        ] Transforming bcpkix-jdk15on-1.67.jar (org.bouncycastle:bcpkix-jdk15on:1.67) with InstrumentationAnalysisTransform
[        ] Transforming jaxb-runtime-2.3.2.jar (org.glassfish.jaxb:jaxb-runtime:2.3.2) with InstrumentationAnalysisTransform
[        ] Transforming jopt-simple-4.9.jar (net.sf.jopt-simple:jopt-simple:4.9) with InstrumentationAnalysisTransform
[        ] Transforming jetifier-core-1.0.0-beta10.jar (com.android.tools.build.jetifier:jetifier-core:1.0.0-beta10) with InstrumentationAnalysisTransform
[        ] Transforming javapoet-1.10.0.jar (com.squareup:javapoet:1.10.0) with InstrumentationAnalysisTransform
[        ] Transforming protobuf-java-util-3.19.3.jar (com.google.protobuf:protobuf-java-util:3.19.3) with InstrumentationAnalysisTransform
[        ] Transforming grpc-protobuf-1.45.1.jar (io.grpc:grpc-protobuf:1.45.1) with InstrumentationAnalysisTransform
[        ] Transforming tink-1.7.0.jar (com.google.crypto.tink:tink:1.7.0) with InstrumentationAnalysisTransform
[        ] Transforming protos-31.0.0.jar (com.android.tools.analytics-library:protos:31.0.0) with InstrumentationAnalysisTransform
[        ] Transforming proto-google-common-protos-2.0.1.jar (com.google.api.grpc:proto-google-common-protos:2.0.1) with InstrumentationAnalysisTransform
[        ] Transforming protobuf-java-3.19.3.jar (com.google.protobuf:protobuf-java:3.19.3) with InstrumentationAnalysisTransform
[        ] Transforming grpc-netty-1.45.1.jar (io.grpc:grpc-netty:1.45.1) with InstrumentationAnalysisTransform
[        ] Transforming grpc-core-1.45.1.jar (io.grpc:grpc-core:1.45.1) with InstrumentationAnalysisTransform
[        ] Transforming gson-2.8.9.jar (com.google.code.gson:gson:2.8.9) with InstrumentationAnalysisTransform
[        ] Transforming grpc-stub-1.45.1.jar (io.grpc:grpc-stub:1.45.1) with InstrumentationAnalysisTransform
[        ] Transforming core-proto-0.0.8-alpha08.jar (com.google.testing.platform:core-proto:0.0.8-alpha08) with InstrumentationAnalysisTransform
[        ] Transforming tensorflow-lite-metadata-0.1.0-rc2.jar (org.tensorflow:tensorflow-lite-metadata:0.1.0-rc2) with InstrumentationAnalysisTransform
[        ] Transforming flatbuffers-java-1.12.0.jar (com.google.flatbuffers:flatbuffers-java:1.12.0) with InstrumentationAnalysisTransform
[        ] Transforming jimfs-1.1.jar (com.google.jimfs:jimfs:1.1) with InstrumentationAnalysisTransform
[        ] Transforming grpc-protobuf-lite-1.45.1.jar (io.grpc:grpc-protobuf-lite:1.45.1) with InstrumentationAnalysisTransform
[        ] Transforming grpc-api-1.45.1.jar (io.grpc:grpc-api:1.45.1) with InstrumentationAnalysisTransform
[        ] Transforming guava-31.0.1-jre.jar (com.google.guava:guava:31.0.1-jre) with InstrumentationAnalysisTransform
[        ] Transforming dagger-2.28.3.jar (com.google.dagger:dagger:2.28.3) with InstrumentationAnalysisTransform
[        ] Transforming javax.inject-1.jar (javax.inject:javax.inject:1) with InstrumentationAnalysisTransform
[        ] Transforming kxml2-2.3.0.jar (net.sf.kxml:kxml2:2.3.0) with InstrumentationAnalysisTransform
[        ] Transforming bcprov-jdk15on-1.67.jar (org.bouncycastle:bcprov-jdk15on:1.67) with InstrumentationAnalysisTransform
[        ] Transforming trove4j-1.0.20200330.jar (org.jetbrains.intellij.deps:trove4j:1.0.20200330) with InstrumentationAnalysisTransform
[        ] Transforming kotlin-reflect-1.7.10.jar (org.jetbrains.kotlin:kotlin-reflect:1.7.10) with InstrumentationAnalysisTransform
[        ] Transforming xercesImpl-2.12.0.jar (xerces:xercesImpl:2.12.0) with InstrumentationAnalysisTransform
[        ] Transforming commons-compress-1.20.jar (org.apache.commons:commons-compress:1.20) with InstrumentationAnalysisTransform
[        ] Transforming httpclient-4.5.13.jar (org.apache.httpcomponents:httpclient:4.5.13) with InstrumentationAnalysisTransform
[        ] Transforming httpcore-4.4.15.jar (org.apache.httpcomponents:httpcore:4.4.15) with InstrumentationAnalysisTransform
[        ] Transforming javax.activation-1.2.0.jar (com.sun.activation:javax.activation:1.2.0) with InstrumentationAnalysisTransform
[        ] Transforming kotlin-stdlib-jdk7-1.7.10.jar (org.jetbrains.kotlin:kotlin-stdlib-jdk7:1.7.10) with InstrumentationAnalysisTransform
[        ] Transforming kotlin-stdlib-1.7.10.jar (org.jetbrains.kotlin:kotlin-stdlib:1.7.10) with InstrumentationAnalysisTransform
[        ] Transforming annotations-13.0.jar (org.jetbrains:annotations:13.0) with InstrumentationAnalysisTransform
[        ] Transforming signflinger-8.0.0.jar (com.android:signflinger:8.0.0) with InstrumentationAnalysisTransform
[        ] Transforming zipflinger-8.0.0.jar (com.android:zipflinger:8.0.0) with InstrumentationAnalysisTransform
[        ] Transforming annotations-31.0.0.jar (com.android.tools:annotations:31.0.0) with InstrumentationAnalysisTransform
[        ] Transforming jna-platform-5.6.0.jar (net.java.dev.jna:jna-platform:5.6.0) with InstrumentationAnalysisTransform
[        ] Transforming juniversalchardet-1.0.3.jar (com.googlecode.juniversalchardet:juniversalchardet:1.0.3) with InstrumentationAnalysisTransform
[        ] Transforming javax.annotation-api-1.3.2.jar (javax.annotation:javax.annotation-api:1.3.2) with InstrumentationAnalysisTransform
[        ] Transforming stax-ex-1.8.1.jar (org.jvnet.staxex:stax-ex:1.8.1) with InstrumentationAnalysisTransform
[        ] Transforming jakarta.xml.bind-api-2.3.2.jar (jakarta.xml.bind:jakarta.xml.bind-api:2.3.2) with InstrumentationAnalysisTransform
[        ] Transforming txw2-2.3.2.jar (org.glassfish.jaxb:txw2:2.3.2) with InstrumentationAnalysisTransform
[        ] Transforming istack-commons-runtime-3.0.8.jar (com.sun.istack:istack-commons-runtime:3.0.8) with InstrumentationAnalysisTransform
[        ] Transforming FastInfoset-1.2.16.jar (com.sun.xml.fastinfoset:FastInfoset:1.2.16) with InstrumentationAnalysisTransform
[        ] Transforming jakarta.activation-api-1.2.1.jar (jakarta.activation:jakarta.activation-api:1.2.1) with InstrumentationAnalysisTransform
[        ] Transforming auto-value-annotations-1.6.2.jar (com.google.auto.value:auto-value-annotations:1.6.2) with InstrumentationAnalysisTransform
[        ] Transforming error_prone_annotations-2.10.0.jar (com.google.errorprone:error_prone_annotations:2.10.0) with InstrumentationAnalysisTransform
[        ] Transforming jose4j-0.7.0.jar (org.bitbucket.b_c:jose4j:0.7.0) with InstrumentationAnalysisTransform
[        ] Transforming slf4j-api-1.7.30.jar (org.slf4j:slf4j-api:1.7.30) with InstrumentationAnalysisTransform
[        ] Transforming jdom2-2.0.6.jar (org.jdom:jdom2:2.0.6) with InstrumentationAnalysisTransform
[        ] Transforming j2objc-annotations-1.3.jar (com.google.j2objc:j2objc-annotations:1.3) with InstrumentationAnalysisTransform
[        ] Transforming jsr305-3.0.2.jar (com.google.code.findbugs:jsr305:3.0.2) with InstrumentationAnalysisTransform
[        ] Transforming annotations-4.1.1.4.jar (com.google.android:annotations:4.1.1.4) with InstrumentationAnalysisTransform
[        ] Transforming animal-sniffer-annotations-1.19.jar (org.codehaus.mojo:animal-sniffer-annotations:1.19) with InstrumentationAnalysisTransform
[        ] Transforming perfmark-api-0.23.0.jar (io.perfmark:perfmark-api:0.23.0) with InstrumentationAnalysisTransform
[        ] Transforming netty-codec-http2-4.1.72.Final.jar (io.netty:netty-codec-http2:4.1.72.Final) with InstrumentationAnalysisTransform
[        ] Transforming netty-handler-proxy-4.1.72.Final.jar (io.netty:netty-handler-proxy:4.1.72.Final) with InstrumentationAnalysisTransform
[        ] Transforming checker-qual-3.12.0.jar (org.checkerframework:checker-qual:3.12.0) with InstrumentationAnalysisTransform
[        ] Transforming commons-codec-1.11.jar (commons-codec:commons-codec:1.11) with InstrumentationAnalysisTransform
[        ] Transforming apksig-8.0.0.jar (com.android.tools.build:apksig:8.0.0) with InstrumentationAnalysisTransform
[        ] Transforming javawriter-2.5.0.jar (com.squareup:javawriter:2.5.0) with InstrumentationAnalysisTransform
[        ] Transforming failureaccess-1.0.1.jar (com.google.guava:failureaccess:1.0.1) with InstrumentationAnalysisTransform
[        ] Transforming listenablefuture-9999.0-empty-to-avoid-conflict-with-guava.jar (com.google.guava:listenablefuture:9999.0-empty-to-avoid-conflict-with-guava) with InstrumentationAnalysisTransform
[        ] Transforming xml-apis-1.4.01.jar (xml-apis:xml-apis:1.4.01) with InstrumentationAnalysisTransform
[        ] Transforming commons-logging-1.2.jar (commons-logging:commons-logging:1.2) with InstrumentationAnalysisTransform
[        ] Transforming jna-5.6.0.jar (net.java.dev.jna:jna:5.6.0) with InstrumentationAnalysisTransform
[        ] Transforming kotlin-stdlib-common-1.7.10.jar (org.jetbrains.kotlin:kotlin-stdlib-common:1.7.10) with InstrumentationAnalysisTransform
[        ] Transforming grpc-context-1.45.1.jar (io.grpc:grpc-context:1.45.1) with InstrumentationAnalysisTransform
[        ] Transforming netty-codec-http-4.1.72.Final.jar (io.netty:netty-codec-http:4.1.72.Final) with InstrumentationAnalysisTransform
[        ] Transforming netty-handler-4.1.72.Final.jar (io.netty:netty-handler:4.1.72.Final) with InstrumentationAnalysisTransform
[        ] Transforming netty-codec-socks-4.1.72.Final.jar (io.netty:netty-codec-socks:4.1.72.Final) with InstrumentationAnalysisTransform
[        ] Transforming netty-codec-4.1.72.Final.jar (io.netty:netty-codec:4.1.72.Final) with InstrumentationAnalysisTransform
[        ] Transforming netty-transport-4.1.72.Final.jar (io.netty:netty-transport:4.1.72.Final) with InstrumentationAnalysisTransform
[        ] Transforming netty-buffer-4.1.72.Final.jar (io.netty:netty-buffer:4.1.72.Final) with InstrumentationAnalysisTransform
[        ] Transforming netty-resolver-4.1.72.Final.jar (io.netty:netty-resolver:4.1.72.Final) with InstrumentationAnalysisTransform
[        ] Transforming netty-common-4.1.72.Final.jar (io.netty:netty-common:4.1.72.Final) with InstrumentationAnalysisTransform
[        ] Transforming netty-tcnative-classes-2.0.46.Final.jar (io.netty:netty-tcnative-classes:2.0.46.Final) with InstrumentationAnalysisTransform
[        ] Transforming gradle-8.0.0.jar (com.android.tools.build:gradle:8.0.0) with InstrumentationAnalysisTransform
[        ] Transforming gradle-8.0.0.jar (com.android.tools.build:gradle:8.0.0) with MergeInstrumentationAnalysisTransform
[        ] Transforming gradle-settings-api-8.0.0.jar (com.android.tools.build:gradle-settings-api:8.0.0) with InstrumentationAnalysisTransform
[        ] Transforming gradle-settings-api-8.0.0.jar (com.android.tools.build:gradle-settings-api:8.0.0) with MergeInstrumentationAnalysisTransform
[        ] Transforming lint-model-31.0.0.jar (com.android.tools.lint:lint-model:31.0.0) with InstrumentationAnalysisTransform
[        ] Transforming lint-model-31.0.0.jar (com.android.tools.lint:lint-model:31.0.0) with MergeInstrumentationAnalysisTransform
[        ] Transforming builder-8.0.0.jar (com.android.tools.build:builder:8.0.0) with InstrumentationAnalysisTransform
[        ] Transforming builder-8.0.0.jar (com.android.tools.build:builder:8.0.0) with MergeInstrumentationAnalysisTransform
[        ] Transforming gradle-8.0.0.jar (com.android.tools.build:gradle:8.0.0) with ExternalDependencyInstrumentingArtifactTransform
[        ] Transforming gradle-settings-api-8.0.0.jar (com.android.tools.build:gradle-settings-api:8.0.0) with ExternalDependencyInstrumentingArtifactTransform
[        ] Transforming manifest-merger-31.0.0.jar (com.android.tools.build:manifest-merger:31.0.0) with InstrumentationAnalysisTransform
[        ] Transforming lint-model-31.0.0.jar (com.android.tools.lint:lint-model:31.0.0) with ExternalDependencyInstrumentingArtifactTransform
[        ] Transforming builder-8.0.0.jar (com.android.tools.build:builder:8.0.0) with ExternalDependencyInstrumentingArtifactTransform
[        ] Transforming manifest-merger-31.0.0.jar (com.android.tools.build:manifest-merger:31.0.0) with MergeInstrumentationAnalysisTransform
[        ] Transforming sdk-common-31.0.0.jar (com.android.tools:sdk-common:31.0.0) with InstrumentationAnalysisTransform
[        ] Transforming sdk-common-31.0.0.jar (com.android.tools:sdk-common:31.0.0) with MergeInstrumentationAnalysisTransform
[        ] Transforming manifest-merger-31.0.0.jar (com.android.tools.build:manifest-merger:31.0.0) with ExternalDependencyInstrumentingArtifactTransform
[        ] Transforming sdklib-31.0.0.jar (com.android.tools:sdklib:31.0.0) with InstrumentationAnalysisTransform
[        ] Transforming sdk-common-31.0.0.jar (com.android.tools:sdk-common:31.0.0) with ExternalDependencyInstrumentingArtifactTransform
[        ] Transforming sdklib-31.0.0.jar (com.android.tools:sdklib:31.0.0) with MergeInstrumentationAnalysisTransform
[        ] Transforming repository-31.0.0.jar (com.android.tools:repository:31.0.0) with InstrumentationAnalysisTransform
[        ] Transforming repository-31.0.0.jar (com.android.tools:repository:31.0.0) with MergeInstrumentationAnalysisTransform
[        ] Transforming sdklib-31.0.0.jar (com.android.tools:sdklib:31.0.0) with ExternalDependencyInstrumentingArtifactTransform
[        ] Transforming gradle-api-8.0.0.jar (com.android.tools.build:gradle-api:8.0.0) with InstrumentationAnalysisTransform
[        ] Transforming gradle-api-8.0.0.jar (com.android.tools.build:gradle-api:8.0.0) with MergeInstrumentationAnalysisTransform
[        ] Transforming repository-31.0.0.jar (com.android.tools:repository:31.0.0) with ExternalDependencyInstrumentingArtifactTransform
[        ] Transforming builder-test-api-8.0.0.jar (com.android.tools.build:builder-test-api:8.0.0) with InstrumentationAnalysisTransform
[        ] Transforming gradle-api-8.0.0.jar (com.android.tools.build:gradle-api:8.0.0) with ExternalDependencyInstrumentingArtifactTransform
[        ] Transforming builder-test-api-8.0.0.jar (com.android.tools.build:builder-test-api:8.0.0) with MergeInstrumentationAnalysisTransform
[        ] Transforming ddmlib-31.0.0.jar (com.android.tools.ddms:ddmlib:31.0.0) with InstrumentationAnalysisTransform
[        ] Transforming ddmlib-31.0.0.jar (com.android.tools.ddms:ddmlib:31.0.0) with MergeInstrumentationAnalysisTransform
[        ] Transforming builder-test-api-8.0.0.jar (com.android.tools.build:builder-test-api:8.0.0) with ExternalDependencyInstrumentingArtifactTransform
[        ] Transforming aaptcompiler-8.0.0.jar (com.android.tools.build:aaptcompiler:8.0.0) with InstrumentationAnalysisTransform
[        ] Transforming ddmlib-31.0.0.jar (com.android.tools.ddms:ddmlib:31.0.0) with ExternalDependencyInstrumentingArtifactTransform
[        ] Transforming aaptcompiler-8.0.0.jar (com.android.tools.build:aaptcompiler:8.0.0) with MergeInstrumentationAnalysisTransform
[        ] Transforming bundletool-1.13.2.jar (com.android.tools.build:bundletool:1.13.2) with InstrumentationAnalysisTransform
[        ] Transforming bundletool-1.13.2.jar (com.android.tools.build:bundletool:1.13.2) with MergeInstrumentationAnalysisTransform
[        ] Transforming aapt2-proto-8.0.0-9289358.jar (com.android.tools.build:aapt2-proto:8.0.0-9289358) with InstrumentationAnalysisTransform
[        ] Transforming aaptcompiler-8.0.0.jar (com.android.tools.build:aaptcompiler:8.0.0) with ExternalDependencyInstrumentingArtifactTransform
[        ] Transforming aapt2-proto-8.0.0-9289358.jar (com.android.tools.build:aapt2-proto:8.0.0-9289358) with MergeInstrumentationAnalysisTransform
[        ] Transforming bundletool-1.13.2.jar (com.android.tools.build:bundletool:1.13.2) with ExternalDependencyInstrumentingArtifactTransform
[        ] Transforming crash-31.0.0.jar (com.android.tools.analytics-library:crash:31.0.0) with InstrumentationAnalysisTransform
[        ] Transforming crash-31.0.0.jar (com.android.tools.analytics-library:crash:31.0.0) with MergeInstrumentationAnalysisTransform
[        ] Transforming aapt2-proto-8.0.0-9289358.jar (com.android.tools.build:aapt2-proto:8.0.0-9289358) with ExternalDependencyInstrumentingArtifactTransform
[        ] Transforming tracker-31.0.0.jar (com.android.tools.analytics-library:tracker:31.0.0) with InstrumentationAnalysisTransform
[        ] Transforming crash-31.0.0.jar (com.android.tools.analytics-library:crash:31.0.0) with ExternalDependencyInstrumentingArtifactTransform
[        ] Transforming tracker-31.0.0.jar (com.android.tools.analytics-library:tracker:31.0.0) with MergeInstrumentationAnalysisTransform
[        ] Transforming shared-31.0.0.jar (com.android.tools.analytics-library:shared:31.0.0) with InstrumentationAnalysisTransform
[        ] Transforming shared-31.0.0.jar (com.android.tools.analytics-library:shared:31.0.0) with MergeInstrumentationAnalysisTransform
[        ] Transforming lint-typedef-remover-31.0.0.jar (com.android.tools.lint:lint-typedef-remover:31.0.0) with InstrumentationAnalysisTransform
[        ] Transforming tracker-31.0.0.jar (com.android.tools.analytics-library:tracker:31.0.0) with ExternalDependencyInstrumentingArtifactTransform
[        ] Transforming lint-typedef-remover-31.0.0.jar (com.android.tools.lint:lint-typedef-remover:31.0.0) with MergeInstrumentationAnalysisTransform
[        ] Transforming databinding-compiler-common-8.0.0.jar (androidx.databinding:databinding-compiler-common:8.0.0) with InstrumentationAnalysisTransform
[        ] Transforming databinding-compiler-common-8.0.0.jar (androidx.databinding:databinding-compiler-common:8.0.0) with MergeInstrumentationAnalysisTransform
[        ] Transforming shared-31.0.0.jar (com.android.tools.analytics-library:shared:31.0.0) with ExternalDependencyInstrumentingArtifactTransform
[        ] Transforming databinding-common-8.0.0.jar (androidx.databinding:databinding-common:8.0.0) with InstrumentationAnalysisTransform
[        ] Transforming databinding-compiler-common-8.0.0.jar (androidx.databinding:databinding-compiler-common:8.0.0) with ExternalDependencyInstrumentingArtifactTransform
[        ] Transforming lint-typedef-remover-31.0.0.jar (com.android.tools.lint:lint-typedef-remover:31.0.0) with ExternalDependencyInstrumentingArtifactTransform
[        ] Transforming databinding-common-8.0.0.jar (androidx.databinding:databinding-common:8.0.0) with MergeInstrumentationAnalysisTransform
[        ] Transforming baseLibrary-8.0.0.jar (com.android.databinding:baseLibrary:8.0.0) with InstrumentationAnalysisTransform
[        ] Transforming baseLibrary-8.0.0.jar (com.android.databinding:baseLibrary:8.0.0) with MergeInstrumentationAnalysisTransform
[        ] Transforming layoutlib-api-31.0.0.jar (com.android.tools.layoutlib:layoutlib-api:31.0.0) with InstrumentationAnalysisTransform
[        ] Transforming databinding-common-8.0.0.jar (androidx.databinding:databinding-common:8.0.0) with ExternalDependencyInstrumentingArtifactTransform
[        ] Transforming baseLibrary-8.0.0.jar (com.android.databinding:baseLibrary:8.0.0) with ExternalDependencyInstrumentingArtifactTransform
[        ] Transforming layoutlib-api-31.0.0.jar (com.android.tools.layoutlib:layoutlib-api:31.0.0) with MergeInstrumentationAnalysisTransform
[        ] Transforming android-device-provider-ddmlib-proto-31.0.0.jar (com.android.tools.utp:android-device-provider-ddmlib-proto:31.0.0) with InstrumentationAnalysisTransform
[        ] Transforming android-device-provider-ddmlib-proto-31.0.0.jar (com.android.tools.utp:android-device-provider-ddmlib-proto:31.0.0) with MergeInstrumentationAnalysisTransform
[        ] Transforming layoutlib-api-31.0.0.jar (com.android.tools.layoutlib:layoutlib-api:31.0.0) with ExternalDependencyInstrumentingArtifactTransform
[        ] Transforming android-device-provider-gradle-proto-31.0.0.jar (com.android.tools.utp:android-device-provider-gradle-proto:31.0.0) with InstrumentationAnalysisTransform
[        ] Transforming android-device-provider-ddmlib-proto-31.0.0.jar (com.android.tools.utp:android-device-provider-ddmlib-proto:31.0.0) with ExternalDependencyInstrumentingArtifactTransform
[        ] Transforming android-device-provider-gradle-proto-31.0.0.jar (com.android.tools.utp:android-device-provider-gradle-proto:31.0.0) with MergeInstrumentationAnalysisTransform
[        ] Transforming android-test-plugin-host-additional-test-output-proto-31.0.0.jar (com.android.tools.utp:android-test-plugin-host-additional-test-output-proto:31.0.0) with InstrumentationAnalysisTransform
[        ] Transforming android-test-plugin-host-additional-test-output-proto-31.0.0.jar (com.android.tools.utp:android-test-plugin-host-additional-test-output-proto:31.0.0) with MergeInstrumentationAnalysisTransform
[        ] Transforming android-test-plugin-host-coverage-proto-31.0.0.jar (com.android.tools.utp:android-test-plugin-host-coverage-proto:31.0.0) with InstrumentationAnalysisTransform
[        ] Transforming android-device-provider-gradle-proto-31.0.0.jar (com.android.tools.utp:android-device-provider-gradle-proto:31.0.0) with ExternalDependencyInstrumentingArtifactTransform
[        ] Transforming android-test-plugin-host-additional-test-output-proto-31.0.0.jar (com.android.tools.utp:android-test-plugin-host-additional-test-output-proto:31.0.0) with ExternalDependencyInstrumentingArtifactTransform
[        ] Transforming android-test-plugin-host-coverage-proto-31.0.0.jar (com.android.tools.utp:android-test-plugin-host-coverage-proto:31.0.0) with MergeInstrumentationAnalysisTransform
[        ] Transforming android-test-plugin-host-logcat-proto-31.0.0.jar (com.android.tools.utp:android-test-plugin-host-logcat-proto:31.0.0) with InstrumentationAnalysisTransform
[        ] Transforming android-test-plugin-host-logcat-proto-31.0.0.jar (com.android.tools.utp:android-test-plugin-host-logcat-proto:31.0.0) with MergeInstrumentationAnalysisTransform
[        ] Transforming android-test-plugin-host-retention-proto-31.0.0.jar (com.android.tools.utp:android-test-plugin-host-retention-proto:31.0.0) with InstrumentationAnalysisTransform
[        ] Transforming android-test-plugin-host-coverage-proto-31.0.0.jar (com.android.tools.utp:android-test-plugin-host-coverage-proto:31.0.0) with ExternalDependencyInstrumentingArtifactTransform
[        ] Transforming android-test-plugin-host-retention-proto-31.0.0.jar (com.android.tools.utp:android-test-plugin-host-retention-proto:31.0.0) with MergeInstrumentationAnalysisTransform
[        ] Transforming android-test-plugin-result-listener-gradle-proto-31.0.0.jar (com.android.tools.utp:android-test-plugin-result-listener-gradle-proto:31.0.0) with InstrumentationAnalysisTransform
[        ] Transforming android-test-plugin-host-logcat-proto-31.0.0.jar (com.android.tools.utp:android-test-plugin-host-logcat-proto:31.0.0) with ExternalDependencyInstrumentingArtifactTransform
[        ] Transforming android-test-plugin-host-retention-proto-31.0.0.jar (com.android.tools.utp:android-test-plugin-host-retention-proto:31.0.0) with ExternalDependencyInstrumentingArtifactTransform
[        ] Transforming android-test-plugin-result-listener-gradle-proto-31.0.0.jar (com.android.tools.utp:android-test-plugin-result-listener-gradle-proto:31.0.0) with MergeInstrumentationAnalysisTransform
[        ] Transforming builder-model-8.0.0.jar (com.android.tools.build:builder-model:8.0.0) with InstrumentationAnalysisTransform
[        ] Transforming builder-model-8.0.0.jar (com.android.tools.build:builder-model:8.0.0) with MergeInstrumentationAnalysisTransform
[        ] Transforming dvlib-31.0.0.jar (com.android.tools:dvlib:31.0.0) with InstrumentationAnalysisTransform
[        ] Transforming dvlib-31.0.0.jar (com.android.tools:dvlib:31.0.0) with MergeInstrumentationAnalysisTransform
[        ] Transforming android-test-plugin-result-listener-gradle-proto-31.0.0.jar (com.android.tools.utp:android-test-plugin-result-listener-gradle-proto:31.0.0) with ExternalDependencyInstrumentingArtifactTransform
[        ] Transforming builder-model-8.0.0.jar (com.android.tools.build:builder-model:8.0.0) with ExternalDependencyInstrumentingArtifactTransform
[        ] Transforming dvlib-31.0.0.jar (com.android.tools:dvlib:31.0.0) with ExternalDependencyInstrumentingArtifactTransform
[        ] Transforming common-31.0.0.jar (com.android.tools:common:31.0.0) with InstrumentationAnalysisTransform
[        ] Transforming common-31.0.0.jar (com.android.tools:common:31.0.0) with MergeInstrumentationAnalysisTransform
[        ] Transforming kotlin-stdlib-jdk8-1.7.10.jar (org.jetbrains.kotlin:kotlin-stdlib-jdk8:1.7.10) with InstrumentationAnalysisTransform
[        ] Transforming kotlin-stdlib-jdk8-1.7.10.jar (org.jetbrains.kotlin:kotlin-stdlib-jdk8:1.7.10) with MergeInstrumentationAnalysisTransform
[        ] Transforming transform-api-2.0.0-deprecated-use-gradle-api.jar (com.android.tools.build:transform-api:2.0.0-deprecated-use-gradle-api) with InstrumentationAnalysisTransform
[        ] Transforming transform-api-2.0.0-deprecated-use-gradle-api.jar (com.android.tools.build:transform-api:2.0.0-deprecated-use-gradle-api) with MergeInstrumentationAnalysisTransform
[        ] Transforming httpmime-4.5.6.jar (org.apache.httpcomponents:httpmime:4.5.6) with InstrumentationAnalysisTransform
[        ] Transforming common-31.0.0.jar (com.android.tools:common:31.0.0) with ExternalDependencyInstrumentingArtifactTransform
[        ] Transforming kotlin-stdlib-jdk8-1.7.10.jar (org.jetbrains.kotlin:kotlin-stdlib-jdk8:1.7.10) with ExternalDependencyInstrumentingArtifactTransform
[        ] Transforming httpmime-4.5.6.jar (org.apache.httpcomponents:httpmime:4.5.6) with MergeInstrumentationAnalysisTransform
[        ] Transforming commons-io-2.4.jar (commons-io:commons-io:2.4) with InstrumentationAnalysisTransform
[        ] Transforming transform-api-2.0.0-deprecated-use-gradle-api.jar (com.android.tools.build:transform-api:2.0.0-deprecated-use-gradle-api) with ExternalDependencyInstrumentingArtifactTransform
[        ] Transforming httpmime-4.5.6.jar (org.apache.httpcomponents:httpmime:4.5.6) with ExternalDependencyInstrumentingArtifactTransform
[        ] Transforming commons-io-2.4.jar (commons-io:commons-io:2.4) with MergeInstrumentationAnalysisTransform
[        ] Transforming jetifier-processor-1.0.0-beta10.jar (com.android.tools.build.jetifier:jetifier-processor:1.0.0-beta10) with InstrumentationAnalysisTransform
[        ] Transforming jetifier-processor-1.0.0-beta10.jar (com.android.tools.build.jetifier:jetifier-processor:1.0.0-beta10) with MergeInstrumentationAnalysisTransform
[        ] Transforming asm-commons-9.2.jar (org.ow2.asm:asm-commons:9.2) with InstrumentationAnalysisTransform
[        ] Transforming commons-io-2.4.jar (commons-io:commons-io:2.4) with ExternalDependencyInstrumentingArtifactTransform
[        ] Transforming asm-commons-9.2.jar (org.ow2.asm:asm-commons:9.2) with MergeInstrumentationAnalysisTransform
[        ] Transforming asm-util-9.2.jar (org.ow2.asm:asm-util:9.2) with InstrumentationAnalysisTransform
[        ] Transforming jetifier-processor-1.0.0-beta10.jar (com.android.tools.build.jetifier:jetifier-processor:1.0.0-beta10) with ExternalDependencyInstrumentingArtifactTransform
[        ] Transforming asm-commons-9.2.jar (org.ow2.asm:asm-commons:9.2) with ExternalDependencyInstrumentingArtifactTransform
[        ] Transforming asm-util-9.2.jar (org.ow2.asm:asm-util:9.2) with MergeInstrumentationAnalysisTransform
[        ] Transforming asm-analysis-9.2.jar (org.ow2.asm:asm-analysis:9.2) with InstrumentationAnalysisTransform
[        ] Transforming asm-analysis-9.2.jar (org.ow2.asm:asm-analysis:9.2) with MergeInstrumentationAnalysisTransform
[        ] Transforming asm-tree-9.2.jar (org.ow2.asm:asm-tree:9.2) with InstrumentationAnalysisTransform
[        ] Transforming asm-tree-9.2.jar (org.ow2.asm:asm-tree:9.2) with MergeInstrumentationAnalysisTransform
[        ] Transforming asm-util-9.2.jar (org.ow2.asm:asm-util:9.2) with ExternalDependencyInstrumentingArtifactTransform
[        ] Transforming asm-analysis-9.2.jar (org.ow2.asm:asm-analysis:9.2) with ExternalDependencyInstrumentingArtifactTransform
[        ] Transforming asm-9.2.jar (org.ow2.asm:asm:9.2) with InstrumentationAnalysisTransform
[        ] Transforming asm-tree-9.2.jar (org.ow2.asm:asm-tree:9.2) with ExternalDependencyInstrumentingArtifactTransform
[        ] Transforming asm-9.2.jar (org.ow2.asm:asm:9.2) with MergeInstrumentationAnalysisTransform
[        ] Transforming apkzlib-8.0.0.jar (com.android.tools.build:apkzlib:8.0.0) with InstrumentationAnalysisTransform
[        ] Transforming apkzlib-8.0.0.jar (com.android.tools.build:apkzlib:8.0.0) with MergeInstrumentationAnalysisTransform
[        ] Transforming asm-9.2.jar (org.ow2.asm:asm:9.2) with ExternalDependencyInstrumentingArtifactTransform
[        ] Transforming bcpkix-jdk15on-1.67.jar (org.bouncycastle:bcpkix-jdk15on:1.67) with InstrumentationAnalysisTransform
[        ] Transforming apkzlib-8.0.0.jar (com.android.tools.build:apkzlib:8.0.0) with ExternalDependencyInstrumentingArtifactTransform
[        ] Transforming bcpkix-jdk15on-1.67.jar (org.bouncycastle:bcpkix-jdk15on:1.67) with MergeInstrumentationAnalysisTransform
[        ] Transforming jaxb-runtime-2.3.2.jar (org.glassfish.jaxb:jaxb-runtime:2.3.2) with InstrumentationAnalysisTransform
[        ] Transforming jaxb-runtime-2.3.2.jar (org.glassfish.jaxb:jaxb-runtime:2.3.2) with MergeInstrumentationAnalysisTransform
[        ] Transforming jopt-simple-4.9.jar (net.sf.jopt-simple:jopt-simple:4.9) with InstrumentationAnalysisTransform
[        ] Transforming jopt-simple-4.9.jar (net.sf.jopt-simple:jopt-simple:4.9) with MergeInstrumentationAnalysisTransform
[        ] Transforming jetifier-core-1.0.0-beta10.jar (com.android.tools.build.jetifier:jetifier-core:1.0.0-beta10) with InstrumentationAnalysisTransform
[        ] Transforming bcpkix-jdk15on-1.67.jar (org.bouncycastle:bcpkix-jdk15on:1.67) with ExternalDependencyInstrumentingArtifactTransform
[        ] Transforming jaxb-runtime-2.3.2.jar (org.glassfish.jaxb:jaxb-runtime:2.3.2) with ExternalDependencyInstrumentingArtifactTransform
[        ] Transforming jopt-simple-4.9.jar (net.sf.jopt-simple:jopt-simple:4.9) with ExternalDependencyInstrumentingArtifactTransform
[        ] Transforming jetifier-core-1.0.0-beta10.jar (com.android.tools.build.jetifier:jetifier-core:1.0.0-beta10) with MergeInstrumentationAnalysisTransform
[        ] Transforming javapoet-1.10.0.jar (com.squareup:javapoet:1.10.0) with InstrumentationAnalysisTransform
[        ] Transforming javapoet-1.10.0.jar (com.squareup:javapoet:1.10.0) with MergeInstrumentationAnalysisTransform
[        ] Transforming protobuf-java-util-3.19.3.jar (com.google.protobuf:protobuf-java-util:3.19.3) with InstrumentationAnalysisTransform
[        ] Transforming jetifier-core-1.0.0-beta10.jar (com.android.tools.build.jetifier:jetifier-core:1.0.0-beta10) with ExternalDependencyInstrumentingArtifactTransform
[        ] Transforming javapoet-1.10.0.jar (com.squareup:javapoet:1.10.0) with ExternalDependencyInstrumentingArtifactTransform
[        ] Transforming protobuf-java-util-3.19.3.jar (com.google.protobuf:protobuf-java-util:3.19.3) with MergeInstrumentationAnalysisTransform
[        ] Transforming grpc-protobuf-1.45.1.jar (io.grpc:grpc-protobuf:1.45.1) with InstrumentationAnalysisTransform
[        ] Transforming grpc-protobuf-1.45.1.jar (io.grpc:grpc-protobuf:1.45.1) with MergeInstrumentationAnalysisTransform
[        ] Transforming tink-1.7.0.jar (com.google.crypto.tink:tink:1.7.0) with InstrumentationAnalysisTransform
[        ] Transforming tink-1.7.0.jar (com.google.crypto.tink:tink:1.7.0) with MergeInstrumentationAnalysisTransform
[        ] Transforming protos-31.0.0.jar (com.android.tools.analytics-library:protos:31.0.0) with InstrumentationAnalysisTransform
[        ] Transforming protobuf-java-util-3.19.3.jar (com.google.protobuf:protobuf-java-util:3.19.3) with ExternalDependencyInstrumentingArtifactTransform
[        ] Transforming grpc-protobuf-1.45.1.jar (io.grpc:grpc-protobuf:1.45.1) with ExternalDependencyInstrumentingArtifactTransform
[        ] Transforming tink-1.7.0.jar (com.google.crypto.tink:tink:1.7.0) with ExternalDependencyInstrumentingArtifactTransform
[        ] Transforming protos-31.0.0.jar (com.android.tools.analytics-library:protos:31.0.0) with MergeInstrumentationAnalysisTransform
[        ] Transforming proto-google-common-protos-2.0.1.jar (com.google.api.grpc:proto-google-common-protos:2.0.1) with InstrumentationAnalysisTransform
[        ] Transforming proto-google-common-protos-2.0.1.jar (com.google.api.grpc:proto-google-common-protos:2.0.1) with MergeInstrumentationAnalysisTransform
[        ] Transforming protobuf-java-3.19.3.jar (com.google.protobuf:protobuf-java:3.19.3) with InstrumentationAnalysisTransform
[        ] Transforming protobuf-java-3.19.3.jar (com.google.protobuf:protobuf-java:3.19.3) with MergeInstrumentationAnalysisTransform
[        ] Transforming protos-31.0.0.jar (com.android.tools.analytics-library:protos:31.0.0) with ExternalDependencyInstrumentingArtifactTransform
[        ] Transforming grpc-netty-1.45.1.jar (io.grpc:grpc-netty:1.45.1) with InstrumentationAnalysisTransform
[        ] Transforming protobuf-java-3.19.3.jar (com.google.protobuf:protobuf-java:3.19.3) with ExternalDependencyInstrumentingArtifactTransform
[        ] Transforming grpc-netty-1.45.1.jar (io.grpc:grpc-netty:1.45.1) with MergeInstrumentationAnalysisTransform
[        ] Transforming proto-google-common-protos-2.0.1.jar (com.google.api.grpc:proto-google-common-protos:2.0.1) with ExternalDependencyInstrumentingArtifactTransform
[        ] Transforming grpc-core-1.45.1.jar (io.grpc:grpc-core:1.45.1) with InstrumentationAnalysisTransform
[        ] Transforming grpc-netty-1.45.1.jar (io.grpc:grpc-netty:1.45.1) with ExternalDependencyInstrumentingArtifactTransform
[        ] Transforming grpc-core-1.45.1.jar (io.grpc:grpc-core:1.45.1) with MergeInstrumentationAnalysisTransform
[        ] Transforming gson-2.8.9.jar (com.google.code.gson:gson:2.8.9) with InstrumentationAnalysisTransform
[        ] Transforming gson-2.8.9.jar (com.google.code.gson:gson:2.8.9) with MergeInstrumentationAnalysisTransform
[        ] Transforming grpc-stub-1.45.1.jar (io.grpc:grpc-stub:1.45.1) with InstrumentationAnalysisTransform
[        ] Transforming grpc-stub-1.45.1.jar (io.grpc:grpc-stub:1.45.1) with MergeInstrumentationAnalysisTransform
[        ] Transforming grpc-core-1.45.1.jar (io.grpc:grpc-core:1.45.1) with ExternalDependencyInstrumentingArtifactTransform
[        ] Transforming gson-2.8.9.jar (com.google.code.gson:gson:2.8.9) with ExternalDependencyInstrumentingArtifactTransform
[        ] Transforming core-proto-0.0.8-alpha08.jar (com.google.testing.platform:core-proto:0.0.8-alpha08) with InstrumentationAnalysisTransform
[        ] Transforming core-proto-0.0.8-alpha08.jar (com.google.testing.platform:core-proto:0.0.8-alpha08) with MergeInstrumentationAnalysisTransform
[        ] Transforming grpc-stub-1.45.1.jar (io.grpc:grpc-stub:1.45.1) with ExternalDependencyInstrumentingArtifactTransform
[        ] Transforming tensorflow-lite-metadata-0.1.0-rc2.jar (org.tensorflow:tensorflow-lite-metadata:0.1.0-rc2) with InstrumentationAnalysisTransform
[        ] Transforming core-proto-0.0.8-alpha08.jar (com.google.testing.platform:core-proto:0.0.8-alpha08) with ExternalDependencyInstrumentingArtifactTransform
[        ] Transforming tensorflow-lite-metadata-0.1.0-rc2.jar (org.tensorflow:tensorflow-lite-metadata:0.1.0-rc2) with MergeInstrumentationAnalysisTransform
[        ] Transforming flatbuffers-java-1.12.0.jar (com.google.flatbuffers:flatbuffers-java:1.12.0) with InstrumentationAnalysisTransform
[        ] Transforming flatbuffers-java-1.12.0.jar (com.google.flatbuffers:flatbuffers-java:1.12.0) with MergeInstrumentationAnalysisTransform
[        ] Transforming jimfs-1.1.jar (com.google.jimfs:jimfs:1.1) with InstrumentationAnalysisTransform
[        ] Transforming jimfs-1.1.jar (com.google.jimfs:jimfs:1.1) with MergeInstrumentationAnalysisTransform
[        ] Transforming grpc-protobuf-lite-1.45.1.jar (io.grpc:grpc-protobuf-lite:1.45.1) with InstrumentationAnalysisTransform
[        ] Transforming tensorflow-lite-metadata-0.1.0-rc2.jar (org.tensorflow:tensorflow-lite-metadata:0.1.0-rc2) with ExternalDependencyInstrumentingArtifactTransform
[        ] Transforming grpc-protobuf-lite-1.45.1.jar (io.grpc:grpc-protobuf-lite:1.45.1) with MergeInstrumentationAnalysisTransform
[        ] Transforming jimfs-1.1.jar (com.google.jimfs:jimfs:1.1) with ExternalDependencyInstrumentingArtifactTransform
[        ] Transforming flatbuffers-java-1.12.0.jar (com.google.flatbuffers:flatbuffers-java:1.12.0) with ExternalDependencyInstrumentingArtifactTransform
[        ] Transforming grpc-protobuf-lite-1.45.1.jar (io.grpc:grpc-protobuf-lite:1.45.1) with ExternalDependencyInstrumentingArtifactTransform
[        ] Transforming grpc-api-1.45.1.jar (io.grpc:grpc-api:1.45.1) with InstrumentationAnalysisTransform
[        ] Transforming grpc-api-1.45.1.jar (io.grpc:grpc-api:1.45.1) with MergeInstrumentationAnalysisTransform
[        ] Transforming guava-31.0.1-jre.jar (com.google.guava:guava:31.0.1-jre) with InstrumentationAnalysisTransform
[        ] Transforming guava-31.0.1-jre.jar (com.google.guava:guava:31.0.1-jre) with MergeInstrumentationAnalysisTransform
[        ] Transforming dagger-2.28.3.jar (com.google.dagger:dagger:2.28.3) with InstrumentationAnalysisTransform
[        ] Transforming grpc-api-1.45.1.jar (io.grpc:grpc-api:1.45.1) with ExternalDependencyInstrumentingArtifactTransform
[        ] Transforming dagger-2.28.3.jar (com.google.dagger:dagger:2.28.3) with MergeInstrumentationAnalysisTransform
[        ] Transforming javax.inject-1.jar (javax.inject:javax.inject:1) with InstrumentationAnalysisTransform
[        ] Transforming guava-31.0.1-jre.jar (com.google.guava:guava:31.0.1-jre) with ExternalDependencyInstrumentingArtifactTransform
[        ] Transforming dagger-2.28.3.jar (com.google.dagger:dagger:2.28.3) with ExternalDependencyInstrumentingArtifactTransform
[        ] Transforming javax.inject-1.jar (javax.inject:javax.inject:1) with MergeInstrumentationAnalysisTransform
[        ] Transforming kxml2-2.3.0.jar (net.sf.kxml:kxml2:2.3.0) with InstrumentationAnalysisTransform
[        ] Transforming kxml2-2.3.0.jar (net.sf.kxml:kxml2:2.3.0) with MergeInstrumentationAnalysisTransform
[        ] Transforming bcprov-jdk15on-1.67.jar (org.bouncycastle:bcprov-jdk15on:1.67) with InstrumentationAnalysisTransform
[        ] Transforming javax.inject-1.jar (javax.inject:javax.inject:1) with ExternalDependencyInstrumentingArtifactTransform
[        ] Transforming bcprov-jdk15on-1.67.jar (org.bouncycastle:bcprov-jdk15on:1.67) with MergeInstrumentationAnalysisTransform
[        ] Transforming kxml2-2.3.0.jar (net.sf.kxml:kxml2:2.3.0) with ExternalDependencyInstrumentingArtifactTransform
[        ] Transforming trove4j-1.0.20200330.jar (org.jetbrains.intellij.deps:trove4j:1.0.20200330) with InstrumentationAnalysisTransform
[        ] Transforming bcprov-jdk15on-1.67.jar (org.bouncycastle:bcprov-jdk15on:1.67) with ExternalDependencyInstrumentingArtifactTransform
[        ] Transforming trove4j-1.0.20200330.jar (org.jetbrains.intellij.deps:trove4j:1.0.20200330) with MergeInstrumentationAnalysisTransform
[        ] Transforming kotlin-reflect-1.7.10.jar (org.jetbrains.kotlin:kotlin-reflect:1.7.10) with InstrumentationAnalysisTransform
[        ] Transforming kotlin-reflect-1.7.10.jar (org.jetbrains.kotlin:kotlin-reflect:1.7.10) with MergeInstrumentationAnalysisTransform
[        ] Transforming xercesImpl-2.12.0.jar (xerces:xercesImpl:2.12.0) with InstrumentationAnalysisTransform
[        ] Transforming trove4j-1.0.20200330.jar (org.jetbrains.intellij.deps:trove4j:1.0.20200330) with ExternalDependencyInstrumentingArtifactTransform
[        ] Transforming xercesImpl-2.12.0.jar (xerces:xercesImpl:2.12.0) with MergeInstrumentationAnalysisTransform
[        ] Transforming kotlin-reflect-1.7.10.jar (org.jetbrains.kotlin:kotlin-reflect:1.7.10) with ExternalDependencyInstrumentingArtifactTransform
[        ] Transforming commons-compress-1.20.jar (org.apache.commons:commons-compress:1.20) with InstrumentationAnalysisTransform
[        ] Transforming xercesImpl-2.12.0.jar (xerces:xercesImpl:2.12.0) with ExternalDependencyInstrumentingArtifactTransform
[        ] Transforming commons-compress-1.20.jar (org.apache.commons:commons-compress:1.20) with MergeInstrumentationAnalysisTransform
[        ] Transforming httpclient-4.5.13.jar (org.apache.httpcomponents:httpclient:4.5.13) with InstrumentationAnalysisTransform
[        ] Transforming httpclient-4.5.13.jar (org.apache.httpcomponents:httpclient:4.5.13) with MergeInstrumentationAnalysisTransform
[        ] Transforming httpcore-4.4.15.jar (org.apache.httpcomponents:httpcore:4.4.15) with InstrumentationAnalysisTransform
[        ] Transforming commons-compress-1.20.jar (org.apache.commons:commons-compress:1.20) with ExternalDependencyInstrumentingArtifactTransform
[        ] Transforming httpcore-4.4.15.jar (org.apache.httpcomponents:httpcore:4.4.15) with MergeInstrumentationAnalysisTransform
[        ] Transforming javax.activation-1.2.0.jar (com.sun.activation:javax.activation:1.2.0) with InstrumentationAnalysisTransform
[        ] Transforming httpclient-4.5.13.jar (org.apache.httpcomponents:httpclient:4.5.13) with ExternalDependencyInstrumentingArtifactTransform
[        ] Transforming httpcore-4.4.15.jar (org.apache.httpcomponents:httpcore:4.4.15) with ExternalDependencyInstrumentingArtifactTransform
[        ] Transforming javax.activation-1.2.0.jar (com.sun.activation:javax.activation:1.2.0) with MergeInstrumentationAnalysisTransform
[        ] Transforming kotlin-stdlib-jdk7-1.7.10.jar (org.jetbrains.kotlin:kotlin-stdlib-jdk7:1.7.10) with InstrumentationAnalysisTransform
[        ] Transforming kotlin-stdlib-jdk7-1.7.10.jar (org.jetbrains.kotlin:kotlin-stdlib-jdk7:1.7.10) with MergeInstrumentationAnalysisTransform
[        ] Transforming javax.activation-1.2.0.jar (com.sun.activation:javax.activation:1.2.0) with ExternalDependencyInstrumentingArtifactTransform
[        ] Transforming kotlin-stdlib-1.7.10.jar (org.jetbrains.kotlin:kotlin-stdlib:1.7.10) with InstrumentationAnalysisTransform
[        ] Transforming kotlin-stdlib-1.7.10.jar (org.jetbrains.kotlin:kotlin-stdlib:1.7.10) with MergeInstrumentationAnalysisTransform
[        ] Transforming annotations-13.0.jar (org.jetbrains:annotations:13.0) with InstrumentationAnalysisTransform
[        ] Transforming kotlin-stdlib-jdk7-1.7.10.jar (org.jetbrains.kotlin:kotlin-stdlib-jdk7:1.7.10) with ExternalDependencyInstrumentingArtifactTransform
[        ] Transforming kotlin-stdlib-1.7.10.jar (org.jetbrains.kotlin:kotlin-stdlib:1.7.10) with ExternalDependencyInstrumentingArtifactTransform
[        ] Transforming annotations-13.0.jar (org.jetbrains:annotations:13.0) with MergeInstrumentationAnalysisTransform
[        ] Transforming signflinger-8.0.0.jar (com.android:signflinger:8.0.0) with InstrumentationAnalysisTransform
[        ] Transforming signflinger-8.0.0.jar (com.android:signflinger:8.0.0) with MergeInstrumentationAnalysisTransform
[        ] Transforming annotations-13.0.jar (org.jetbrains:annotations:13.0) with ExternalDependencyInstrumentingArtifactTransform
[        ] Transforming zipflinger-8.0.0.jar (com.android:zipflinger:8.0.0) with InstrumentationAnalysisTransform
[        ] Transforming signflinger-8.0.0.jar (com.android:signflinger:8.0.0) with ExternalDependencyInstrumentingArtifactTransform
[        ] Transforming zipflinger-8.0.0.jar (com.android:zipflinger:8.0.0) with MergeInstrumentationAnalysisTransform
[        ] Transforming annotations-31.0.0.jar (com.android.tools:annotations:31.0.0) with InstrumentationAnalysisTransform
[        ] Transforming annotations-31.0.0.jar (com.android.tools:annotations:31.0.0) with MergeInstrumentationAnalysisTransform
[        ] Transforming zipflinger-8.0.0.jar (com.android:zipflinger:8.0.0) with ExternalDependencyInstrumentingArtifactTransform
[        ] Transforming jna-platform-5.6.0.jar (net.java.dev.jna:jna-platform:5.6.0) with InstrumentationAnalysisTransform
[        ] Transforming annotations-31.0.0.jar (com.android.tools:annotations:31.0.0) with ExternalDependencyInstrumentingArtifactTransform
[        ] Transforming jna-platform-5.6.0.jar (net.java.dev.jna:jna-platform:5.6.0) with MergeInstrumentationAnalysisTransform
[        ] Transforming juniversalchardet-1.0.3.jar (com.googlecode.juniversalchardet:juniversalchardet:1.0.3) with InstrumentationAnalysisTransform
[        ] Transforming juniversalchardet-1.0.3.jar (com.googlecode.juniversalchardet:juniversalchardet:1.0.3) with MergeInstrumentationAnalysisTransform
[        ] Transforming javax.annotation-api-1.3.2.jar (javax.annotation:javax.annotation-api:1.3.2) with InstrumentationAnalysisTransform
[        ] Transforming jna-platform-5.6.0.jar (net.java.dev.jna:jna-platform:5.6.0) with ExternalDependencyInstrumentingArtifactTransform
[        ] Transforming javax.annotation-api-1.3.2.jar (javax.annotation:javax.annotation-api:1.3.2) with MergeInstrumentationAnalysisTransform
[        ] Transforming stax-ex-1.8.1.jar (org.jvnet.staxex:stax-ex:1.8.1) with InstrumentationAnalysisTransform
[        ] Transforming stax-ex-1.8.1.jar (org.jvnet.staxex:stax-ex:1.8.1) with MergeInstrumentationAnalysisTransform
[        ] Transforming javax.annotation-api-1.3.2.jar (javax.annotation:javax.annotation-api:1.3.2) with ExternalDependencyInstrumentingArtifactTransform
[        ] Transforming juniversalchardet-1.0.3.jar (com.googlecode.juniversalchardet:juniversalchardet:1.0.3) with ExternalDependencyInstrumentingArtifactTransform
[        ] Transforming jakarta.xml.bind-api-2.3.2.jar (jakarta.xml.bind:jakarta.xml.bind-api:2.3.2) with InstrumentationAnalysisTransform
[        ] Transforming stax-ex-1.8.1.jar (org.jvnet.staxex:stax-ex:1.8.1) with ExternalDependencyInstrumentingArtifactTransform
[        ] Transforming jakarta.xml.bind-api-2.3.2.jar (jakarta.xml.bind:jakarta.xml.bind-api:2.3.2) with MergeInstrumentationAnalysisTransform
[        ] Transforming txw2-2.3.2.jar (org.glassfish.jaxb:txw2:2.3.2) with InstrumentationAnalysisTransform
[        ] Transforming txw2-2.3.2.jar (org.glassfish.jaxb:txw2:2.3.2) with MergeInstrumentationAnalysisTransform
[        ] Transforming istack-commons-runtime-3.0.8.jar (com.sun.istack:istack-commons-runtime:3.0.8) with InstrumentationAnalysisTransform
[        ] Transforming istack-commons-runtime-3.0.8.jar (com.sun.istack:istack-commons-runtime:3.0.8) with MergeInstrumentationAnalysisTransform
[        ] Transforming jakarta.xml.bind-api-2.3.2.jar (jakarta.xml.bind:jakarta.xml.bind-api:2.3.2) with ExternalDependencyInstrumentingArtifactTransform
[        ] Transforming txw2-2.3.2.jar (org.glassfish.jaxb:txw2:2.3.2) with ExternalDependencyInstrumentingArtifactTransform
[        ] Transforming FastInfoset-1.2.16.jar (com.sun.xml.fastinfoset:FastInfoset:1.2.16) with InstrumentationAnalysisTransform
[        ] Transforming istack-commons-runtime-3.0.8.jar (com.sun.istack:istack-commons-runtime:3.0.8) with ExternalDependencyInstrumentingArtifactTransform
[        ] Transforming FastInfoset-1.2.16.jar (com.sun.xml.fastinfoset:FastInfoset:1.2.16) with MergeInstrumentationAnalysisTransform
[        ] Transforming jakarta.activation-api-1.2.1.jar (jakarta.activation:jakarta.activation-api:1.2.1) with InstrumentationAnalysisTransform
[        ] Transforming jakarta.activation-api-1.2.1.jar (jakarta.activation:jakarta.activation-api:1.2.1) with MergeInstrumentationAnalysisTransform
[        ] Transforming auto-value-annotations-1.6.2.jar (com.google.auto.value:auto-value-annotations:1.6.2) with InstrumentationAnalysisTransform
[        ] Transforming auto-value-annotations-1.6.2.jar (com.google.auto.value:auto-value-annotations:1.6.2) with MergeInstrumentationAnalysisTransform
[        ] Transforming error_prone_annotations-2.10.0.jar (com.google.errorprone:error_prone_annotations:2.10.0) with InstrumentationAnalysisTransform
[        ] Transforming jakarta.activation-api-1.2.1.jar (jakarta.activation:jakarta.activation-api:1.2.1) with ExternalDependencyInstrumentingArtifactTransform
[        ] Transforming error_prone_annotations-2.10.0.jar (com.google.errorprone:error_prone_annotations:2.10.0) with MergeInstrumentationAnalysisTransform
[        ] Transforming FastInfoset-1.2.16.jar (com.sun.xml.fastinfoset:FastInfoset:1.2.16) with ExternalDependencyInstrumentingArtifactTransform
[        ] Transforming auto-value-annotations-1.6.2.jar (com.google.auto.value:auto-value-annotations:1.6.2) with ExternalDependencyInstrumentingArtifactTransform
[        ] Transforming error_prone_annotations-2.10.0.jar (com.google.errorprone:error_prone_annotations:2.10.0) with ExternalDependencyInstrumentingArtifactTransform
[        ] Transforming jose4j-0.7.0.jar (org.bitbucket.b_c:jose4j:0.7.0) with InstrumentationAnalysisTransform
[        ] Transforming jose4j-0.7.0.jar (org.bitbucket.b_c:jose4j:0.7.0) with MergeInstrumentationAnalysisTransform
[        ] Transforming slf4j-api-1.7.30.jar (org.slf4j:slf4j-api:1.7.30) with InstrumentationAnalysisTransform
[        ] Transforming slf4j-api-1.7.30.jar (org.slf4j:slf4j-api:1.7.30) with MergeInstrumentationAnalysisTransform
[        ] Transforming jdom2-2.0.6.jar (org.jdom:jdom2:2.0.6) with InstrumentationAnalysisTransform
[        ] Transforming jdom2-2.0.6.jar (org.jdom:jdom2:2.0.6) with MergeInstrumentationAnalysisTransform
[        ] Transforming jose4j-0.7.0.jar (org.bitbucket.b_c:jose4j:0.7.0) with ExternalDependencyInstrumentingArtifactTransform
[        ] Transforming slf4j-api-1.7.30.jar (org.slf4j:slf4j-api:1.7.30) with ExternalDependencyInstrumentingArtifactTransform
[        ] Transforming j2objc-annotations-1.3.jar (com.google.j2objc:j2objc-annotations:1.3) with InstrumentationAnalysisTransform
[        ] Transforming jdom2-2.0.6.jar (org.jdom:jdom2:2.0.6) with ExternalDependencyInstrumentingArtifactTransform
[        ] Transforming j2objc-annotations-1.3.jar (com.google.j2objc:j2objc-annotations:1.3) with MergeInstrumentationAnalysisTransform
[        ] Transforming jsr305-3.0.2.jar (com.google.code.findbugs:jsr305:3.0.2) with InstrumentationAnalysisTransform
[        ] Transforming jsr305-3.0.2.jar (com.google.code.findbugs:jsr305:3.0.2) with MergeInstrumentationAnalysisTransform
[        ] Transforming j2objc-annotations-1.3.jar (com.google.j2objc:j2objc-annotations:1.3) with ExternalDependencyInstrumentingArtifactTransform
[        ] Transforming annotations-4.1.1.4.jar (com.google.android:annotations:4.1.1.4) with InstrumentationAnalysisTransform
[        ] Transforming jsr305-3.0.2.jar (com.google.code.findbugs:jsr305:3.0.2) with ExternalDependencyInstrumentingArtifactTransform
[        ] Transforming annotations-4.1.1.4.jar (com.google.android:annotations:4.1.1.4) with MergeInstrumentationAnalysisTransform
[        ] Transforming animal-sniffer-annotations-1.19.jar (org.codehaus.mojo:animal-sniffer-annotations:1.19) with InstrumentationAnalysisTransform
[        ] Transforming annotations-4.1.1.4.jar (com.google.android:annotations:4.1.1.4) with ExternalDependencyInstrumentingArtifactTransform
[        ] Transforming animal-sniffer-annotations-1.19.jar (org.codehaus.mojo:animal-sniffer-annotations:1.19) with MergeInstrumentationAnalysisTransform
[        ] Transforming perfmark-api-0.23.0.jar (io.perfmark:perfmark-api:0.23.0) with InstrumentationAnalysisTransform
[        ] Transforming perfmark-api-0.23.0.jar (io.perfmark:perfmark-api:0.23.0) with MergeInstrumentationAnalysisTransform
[        ] Transforming animal-sniffer-annotations-1.19.jar (org.codehaus.mojo:animal-sniffer-annotations:1.19) with ExternalDependencyInstrumentingArtifactTransform
[        ] Transforming netty-codec-http2-4.1.72.Final.jar (io.netty:netty-codec-http2:4.1.72.Final) with InstrumentationAnalysisTransform
[        ] Transforming perfmark-api-0.23.0.jar (io.perfmark:perfmark-api:0.23.0) with ExternalDependencyInstrumentingArtifactTransform
[        ] Transforming netty-codec-http2-4.1.72.Final.jar (io.netty:netty-codec-http2:4.1.72.Final) with MergeInstrumentationAnalysisTransform
[        ] Transforming netty-handler-proxy-4.1.72.Final.jar (io.netty:netty-handler-proxy:4.1.72.Final) with InstrumentationAnalysisTransform
[        ] Transforming netty-handler-proxy-4.1.72.Final.jar (io.netty:netty-handler-proxy:4.1.72.Final) with MergeInstrumentationAnalysisTransform
[        ] Transforming checker-qual-3.12.0.jar (org.checkerframework:checker-qual:3.12.0) with InstrumentationAnalysisTransform
[        ] Transforming netty-codec-http2-4.1.72.Final.jar (io.netty:netty-codec-http2:4.1.72.Final) with ExternalDependencyInstrumentingArtifactTransform
[        ] Transforming checker-qual-3.12.0.jar (org.checkerframework:checker-qual:3.12.0) with MergeInstrumentationAnalysisTransform
[        ] Transforming commons-codec-1.11.jar (commons-codec:commons-codec:1.11) with InstrumentationAnalysisTransform
[        ] Transforming netty-handler-proxy-4.1.72.Final.jar (io.netty:netty-handler-proxy:4.1.72.Final) with ExternalDependencyInstrumentingArtifactTransform
[        ] Transforming checker-qual-3.12.0.jar (org.checkerframework:checker-qual:3.12.0) with ExternalDependencyInstrumentingArtifactTransform
[        ] Transforming commons-codec-1.11.jar (commons-codec:commons-codec:1.11) with MergeInstrumentationAnalysisTransform
[        ] Transforming apksig-8.0.0.jar (com.android.tools.build:apksig:8.0.0) with InstrumentationAnalysisTransform
[        ] Transforming apksig-8.0.0.jar (com.android.tools.build:apksig:8.0.0) with MergeInstrumentationAnalysisTransform
[        ] Transforming commons-codec-1.11.jar (commons-codec:commons-codec:1.11) with ExternalDependencyInstrumentingArtifactTransform
[        ] Transforming javawriter-2.5.0.jar (com.squareup:javawriter:2.5.0) with InstrumentationAnalysisTransform
[        ] Transforming apksig-8.0.0.jar (com.android.tools.build:apksig:8.0.0) with ExternalDependencyInstrumentingArtifactTransform
[        ] Transforming javawriter-2.5.0.jar (com.squareup:javawriter:2.5.0) with MergeInstrumentationAnalysisTransform
[        ] Transforming failureaccess-1.0.1.jar (com.google.guava:failureaccess:1.0.1) with InstrumentationAnalysisTransform
[        ] Transforming failureaccess-1.0.1.jar (com.google.guava:failureaccess:1.0.1) with MergeInstrumentationAnalysisTransform
[        ] Transforming listenablefuture-9999.0-empty-to-avoid-conflict-with-guava.jar (com.google.guava:listenablefuture:9999.0-empty-to-avoid-conflict-with-guava) with InstrumentationAnalysisTransform
[        ] Transforming javawriter-2.5.0.jar (com.squareup:javawriter:2.5.0) with ExternalDependencyInstrumentingArtifactTransform
[        ] Transforming listenablefuture-9999.0-empty-to-avoid-conflict-with-guava.jar (com.google.guava:listenablefuture:9999.0-empty-to-avoid-conflict-with-guava) with MergeInstrumentationAnalysisTransform
[        ] Transforming xml-apis-1.4.01.jar (xml-apis:xml-apis:1.4.01) with InstrumentationAnalysisTransform
[        ] Transforming failureaccess-1.0.1.jar (com.google.guava:failureaccess:1.0.1) with ExternalDependencyInstrumentingArtifactTransform
[        ] Transforming listenablefuture-9999.0-empty-to-avoid-conflict-with-guava.jar (com.google.guava:listenablefuture:9999.0-empty-to-avoid-conflict-with-guava) with ExternalDependencyInstrumentingArtifactTransform
[        ] Transforming xml-apis-1.4.01.jar (xml-apis:xml-apis:1.4.01) with MergeInstrumentationAnalysisTransform
[        ] Transforming commons-logging-1.2.jar (commons-logging:commons-logging:1.2) with InstrumentationAnalysisTransform
[        ] Transforming commons-logging-1.2.jar (commons-logging:commons-logging:1.2) with MergeInstrumentationAnalysisTransform
[        ] Transforming jna-5.6.0.jar (net.java.dev.jna:jna:5.6.0) with InstrumentationAnalysisTransform
[        ] Transforming xml-apis-1.4.01.jar (xml-apis:xml-apis:1.4.01) with ExternalDependencyInstrumentingArtifactTransform
[        ] Transforming jna-5.6.0.jar (net.java.dev.jna:jna:5.6.0) with MergeInstrumentationAnalysisTransform
[        ] Transforming kotlin-stdlib-common-1.7.10.jar (org.jetbrains.kotlin:kotlin-stdlib-common:1.7.10) with InstrumentationAnalysisTransform
[        ] Transforming commons-logging-1.2.jar (commons-logging:commons-logging:1.2) with ExternalDependencyInstrumentingArtifactTransform
[        ] Transforming kotlin-stdlib-common-1.7.10.jar (org.jetbrains.kotlin:kotlin-stdlib-common:1.7.10) with MergeInstrumentationAnalysisTransform
[        ] Transforming jna-5.6.0.jar (net.java.dev.jna:jna:5.6.0) with ExternalDependencyInstrumentingArtifactTransform
[        ] Transforming grpc-context-1.45.1.jar (io.grpc:grpc-context:1.45.1) with InstrumentationAnalysisTransform
[        ] Transforming kotlin-stdlib-common-1.7.10.jar (org.jetbrains.kotlin:kotlin-stdlib-common:1.7.10) with ExternalDependencyInstrumentingArtifactTransform
[        ] Transforming grpc-context-1.45.1.jar (io.grpc:grpc-context:1.45.1) with MergeInstrumentationAnalysisTransform
[        ] Transforming netty-codec-http-4.1.72.Final.jar (io.netty:netty-codec-http:4.1.72.Final) with InstrumentationAnalysisTransform
[        ] Transforming netty-codec-http-4.1.72.Final.jar (io.netty:netty-codec-http:4.1.72.Final) with MergeInstrumentationAnalysisTransform
[        ] Transforming netty-handler-4.1.72.Final.jar (io.netty:netty-handler:4.1.72.Final) with InstrumentationAnalysisTransform
[        ] Transforming grpc-context-1.45.1.jar (io.grpc:grpc-context:1.45.1) with ExternalDependencyInstrumentingArtifactTransform
[        ] Transforming netty-handler-4.1.72.Final.jar (io.netty:netty-handler:4.1.72.Final) with MergeInstrumentationAnalysisTransform
[        ] Transforming netty-codec-socks-4.1.72.Final.jar (io.netty:netty-codec-socks:4.1.72.Final) with InstrumentationAnalysisTransform
[        ] Transforming netty-codec-http-4.1.72.Final.jar (io.netty:netty-codec-http:4.1.72.Final) with ExternalDependencyInstrumentingArtifactTransform
[        ] Transforming netty-codec-socks-4.1.72.Final.jar (io.netty:netty-codec-socks:4.1.72.Final) with MergeInstrumentationAnalysisTransform
[        ] Transforming netty-codec-4.1.72.Final.jar (io.netty:netty-codec:4.1.72.Final) with InstrumentationAnalysisTransform
[        ] Transforming netty-handler-4.1.72.Final.jar (io.netty:netty-handler:4.1.72.Final) with ExternalDependencyInstrumentingArtifactTransform
[        ] Transforming netty-codec-socks-4.1.72.Final.jar (io.netty:netty-codec-socks:4.1.72.Final) with ExternalDependencyInstrumentingArtifactTransform
[        ] Transforming netty-codec-4.1.72.Final.jar (io.netty:netty-codec:4.1.72.Final) with MergeInstrumentationAnalysisTransform
[        ] Transforming netty-transport-4.1.72.Final.jar (io.netty:netty-transport:4.1.72.Final) with InstrumentationAnalysisTransform
[        ] Transforming netty-codec-4.1.72.Final.jar (io.netty:netty-codec:4.1.72.Final) with ExternalDependencyInstrumentingArtifactTransform
[        ] Transforming netty-transport-4.1.72.Final.jar (io.netty:netty-transport:4.1.72.Final) with MergeInstrumentationAnalysisTransform
[        ] Transforming netty-buffer-4.1.72.Final.jar (io.netty:netty-buffer:4.1.72.Final) with InstrumentationAnalysisTransform
[        ] Transforming netty-buffer-4.1.72.Final.jar (io.netty:netty-buffer:4.1.72.Final) with MergeInstrumentationAnalysisTransform
[        ] Transforming netty-resolver-4.1.72.Final.jar (io.netty:netty-resolver:4.1.72.Final) with InstrumentationAnalysisTransform
[        ] Transforming netty-transport-4.1.72.Final.jar (io.netty:netty-transport:4.1.72.Final) with ExternalDependencyInstrumentingArtifactTransform
[        ] Transforming netty-resolver-4.1.72.Final.jar (io.netty:netty-resolver:4.1.72.Final) with MergeInstrumentationAnalysisTransform
[        ] Transforming netty-common-4.1.72.Final.jar (io.netty:netty-common:4.1.72.Final) with InstrumentationAnalysisTransform
[        ] Transforming netty-common-4.1.72.Final.jar (io.netty:netty-common:4.1.72.Final) with MergeInstrumentationAnalysisTransform
[        ] Transforming netty-tcnative-classes-2.0.46.Final.jar (io.netty:netty-tcnative-classes:2.0.46.Final) with InstrumentationAnalysisTransform
[        ] Transforming netty-tcnative-classes-2.0.46.Final.jar (io.netty:netty-tcnative-classes:2.0.46.Final) with MergeInstrumentationAnalysisTransform
[        ] Transforming netty-buffer-4.1.72.Final.jar (io.netty:netty-buffer:4.1.72.Final) with ExternalDependencyInstrumentingArtifactTransform
[        ] Transforming netty-common-4.1.72.Final.jar (io.netty:netty-common:4.1.72.Final) with ExternalDependencyInstrumentingArtifactTransform
[        ] Transforming netty-resolver-4.1.72.Final.jar (io.netty:netty-resolver:4.1.72.Final) with ExternalDependencyInstrumentingArtifactTransform
[        ] Transforming netty-tcnative-classes-2.0.46.Final.jar (io.netty:netty-tcnative-classes:2.0.46.Final) with ExternalDependencyInstrumentingArtifactTransform
[        ] Using default execution profile
[  +47 ms] > Configure project :shared_preferences_android
[        ] Evaluating project ':shared_preferences_android' using build file 'C:\Users\┼şug─▒r mami\AppData\Local\Pub\Cache\hosted\pub.dev\shared_preferences_android-2.4.13\android\build.gradle'.
[        ] Transforming gradle-8.12.1.jar (com.android.tools.build:gradle:8.12.1) with InstrumentationAnalysisTransform
[        ] Transforming kotlin-gradle-plugin-model-2.2.10.jar (org.jetbrains.kotlin:kotlin-gradle-plugin-model:2.2.10) with InstrumentationAnalysisTransform
[        ] Transforming fus-statistics-gradle-plugin-2.2.10-gradle88.jar (org.jetbrains.kotlin:fus-statistics-gradle-plugin:2.2.10) with InstrumentationAnalysisTransform
[        ] Transforming kotlin-gradle-plugin-api-2.2.10.jar (org.jetbrains.kotlin:kotlin-gradle-plugin-api:2.2.10) with InstrumentationAnalysisTransform
[        ] Transforming kotlin-gradle-plugin-api-2.2.10-gradle88.jar (org.jetbrains.kotlin:kotlin-gradle-plugin-api:2.2.10) with InstrumentationAnalysisTransform
[        ] Transforming kotlin-gradle-plugin-2.2.10-gradle88.jar (org.jetbrains.kotlin:kotlin-gradle-plugin:2.2.10) with InstrumentationAnalysisTransform
[        ] Transforming gradle-settings-api-8.12.1.jar (com.android.tools.build:gradle-settings-api:8.12.1) with InstrumentationAnalysisTransform
[        ] Transforming lint-model-31.12.1.jar (com.android.tools.lint:lint-model:31.12.1) with InstrumentationAnalysisTransform
[        ] Transforming builder-8.12.1.jar (com.android.tools.build:builder:8.12.1) with InstrumentationAnalysisTransform
[        ] Transforming manifest-merger-31.12.1.jar (com.android.tools.build:manifest-merger:31.12.1) with InstrumentationAnalysisTransform
[        ] Transforming sdk-common-31.12.1.jar (com.android.tools:sdk-common:31.12.1) with InstrumentationAnalysisTransform
[        ] Transforming sdklib-31.12.1.jar (com.android.tools:sdklib:31.12.1) with InstrumentationAnalysisTransform
[        ] Transforming repository-31.12.1.jar (com.android.tools:repository:31.12.1) with InstrumentationAnalysisTransform
[        ] Transforming gradle-api-8.12.1.jar (com.android.tools.build:gradle-api:8.12.1) with InstrumentationAnalysisTransform
[        ] Transforming builder-test-api-8.12.1.jar (com.android.tools.build:builder-test-api:8.12.1) with InstrumentationAnalysisTransform
[        ] Transforming ddmlib-31.12.1.jar (com.android.tools.ddms:ddmlib:31.12.1) with InstrumentationAnalysisTransform
[        ] Transforming aaptcompiler-8.12.1.jar (com.android.tools.build:aaptcompiler:8.12.1) with InstrumentationAnalysisTransform
[        ] Transforming bundletool-1.18.1.jar (com.android.tools.build:bundletool:1.18.1) with InstrumentationAnalysisTransform
[        ] Transforming aapt2-proto-8.12.1-13700139.jar (com.android.tools.build:aapt2-proto:8.12.1-13700139) with InstrumentationAnalysisTransform
[        ] Transforming crash-31.12.1.jar (com.android.tools.analytics-library:crash:31.12.1) with InstrumentationAnalysisTransform
[        ] Transforming tracker-31.12.1.jar (com.android.tools.analytics-library:tracker:31.12.1) with InstrumentationAnalysisTransform
[        ] Transforming shared-31.12.1.jar (com.android.tools.analytics-library:shared:31.12.1) with InstrumentationAnalysisTransform
[        ] Transforming lint-typedef-remover-31.12.1.jar (com.android.tools.lint:lint-typedef-remover:31.12.1) with InstrumentationAnalysisTransform
[        ] Transforming databinding-compiler-common-8.12.1.jar (androidx.databinding:databinding-compiler-common:8.12.1) with InstrumentationAnalysisTransform
[        ] Transforming databinding-common-8.12.1.jar (androidx.databinding:databinding-common:8.12.1) with InstrumentationAnalysisTransform
[        ] Transforming baseLibrary-8.12.1.jar (com.android.databinding:baseLibrary:8.12.1) with InstrumentationAnalysisTransform
[        ] Transforming layoutlib-api-31.12.1.jar (com.android.tools.layoutlib:layoutlib-api:31.12.1) with InstrumentationAnalysisTransform
[        ] Transforming android-device-provider-ddmlib-proto-31.12.1.jar (com.android.tools.utp:android-device-provider-ddmlib-proto:31.12.1) with InstrumentationAnalysisTransform
[        ] Transforming android-device-provider-gradle-proto-31.12.1.jar (com.android.tools.utp:android-device-provider-gradle-proto:31.12.1) with InstrumentationAnalysisTransform
[        ] Transforming android-device-provider-profile-proto-31.12.1.jar (com.android.tools.utp:android-device-provider-profile-proto:31.12.1) with InstrumentationAnalysisTransform
[        ] Transforming android-test-plugin-host-additional-test-output-proto-31.12.1.jar (com.android.tools.utp:android-test-plugin-host-additional-test-output-proto:31.12.1) with InstrumentationAnalysisTransform
[        ] Transforming android-test-plugin-host-coverage-proto-31.12.1.jar (com.android.tools.utp:android-test-plugin-host-coverage-proto:31.12.1) with InstrumentationAnalysisTransform
[        ] Transforming android-test-plugin-host-emulator-control-proto-31.12.1.jar (com.android.tools.utp:android-test-plugin-host-emulator-control-proto:31.12.1) with InstrumentationAnalysisTransform
[        ] Transforming android-test-plugin-host-logcat-proto-31.12.1.jar (com.android.tools.utp:android-test-plugin-host-logcat-proto:31.12.1) with InstrumentationAnalysisTransform
[        ] Transforming android-test-plugin-host-apk-installer-proto-31.12.1.jar (com.android.tools.utp:android-test-plugin-host-apk-installer-proto:31.12.1) with InstrumentationAnalysisTransform
[        ] Transforming android-test-plugin-result-listener-gradle-proto-31.12.1.jar (com.android.tools.utp:android-test-plugin-result-listener-gradle-proto:31.12.1) with InstrumentationAnalysisTransform
[        ] Transforming jetifier-processor-1.0.0-beta10.jar (com.android.tools.build.jetifier:jetifier-processor:1.0.0-beta10) with InstrumentationAnalysisTransform
[        ] Transforming jetifier-core-1.0.0-beta10.jar (com.android.tools.build.jetifier:jetifier-core:1.0.0-beta10) with InstrumentationAnalysisTransform
[        ] Transforming builder-model-8.12.1.jar (com.android.tools.build:builder-model:8.12.1) with InstrumentationAnalysisTransform
[        ] Transforming kotlin-reflect-2.1.20.jar (org.jetbrains.kotlin:kotlin-reflect:2.1.20) with InstrumentationAnalysisTransform
[        ] Transforming dvlib-31.12.1.jar (com.android.tools:dvlib:31.12.1) with InstrumentationAnalysisTransform
[        ] Transforming common-31.12.1.jar (com.android.tools:common:31.12.1) with InstrumentationAnalysisTransform
[        ] Transforming kotlin-stdlib-jdk8-2.1.20.jar (org.jetbrains.kotlin:kotlin-stdlib-jdk8:2.1.20) with InstrumentationAnalysisTransform
[        ] Transforming kotlin-compiler-runner-2.2.10.jar (org.jetbrains.kotlin:kotlin-compiler-runner:2.2.10) with InstrumentationAnalysisTransform
[        ] Transforming kotlinx-coroutines-core-jvm-1.9.0.jar (org.jetbrains.kotlinx:kotlinx-coroutines-core-jvm:1.9.0) with InstrumentationAnalysisTransform
[        ] Transforming kotlin-stdlib-jdk7-2.1.20.jar (org.jetbrains.kotlin:kotlin-stdlib-jdk7:2.1.20) with InstrumentationAnalysisTransform
[        ] Transforming kotlin-stdlib-2.1.20.jar (org.jetbrains.kotlin:kotlin-stdlib:2.1.20) with InstrumentationAnalysisTransform
[        ] Transforming transform-api-2.0.0-deprecated-use-gradle-api.jar (com.android.tools.build:transform-api:2.0.0-deprecated-use-gradle-api) with InstrumentationAnalysisTransform
[        ] Transforming httpmime-4.5.6.jar (org.apache.httpcomponents:httpmime:4.5.6) with InstrumentationAnalysisTransform
[        ] Transforming commons-io-2.16.1.jar (commons-io:commons-io:2.16.1) with InstrumentationAnalysisTransform
[        ] Transforming asm-commons-9.7.1.jar (org.ow2.asm:asm-commons:9.7.1) with InstrumentationAnalysisTransform
[        ] Transforming asm-util-9.7.1.jar (org.ow2.asm:asm-util:9.7.1) with InstrumentationAnalysisTransform
[        ] Transforming asm-analysis-9.7.1.jar (org.ow2.asm:asm-analysis:9.7.1) with InstrumentationAnalysisTransform
[        ] Transforming asm-tree-9.7.1.jar (org.ow2.asm:asm-tree:9.7.1) with InstrumentationAnalysisTransform
[        ] Transforming asm-9.7.1.jar (org.ow2.asm:asm:9.7.1) with InstrumentationAnalysisTransform
[        ] Transforming apkzlib-8.12.1.jar (com.android.tools.build:apkzlib:8.12.1) with InstrumentationAnalysisTransform
[        ] Transforming bcpkix-jdk18on-1.79.jar (org.bouncycastle:bcpkix-jdk18on:1.79) with InstrumentationAnalysisTransform
[        ] Transforming jaxb-runtime-2.3.2.jar (org.glassfish.jaxb:jaxb-runtime:2.3.2) with InstrumentationAnalysisTransform
[        ] Transforming jopt-simple-4.9.jar (net.sf.jopt-simple:jopt-simple:4.9) with InstrumentationAnalysisTransform
[        ] Transforming javapoet-1.10.0.jar (com.squareup:javapoet:1.10.0) with InstrumentationAnalysisTransform
[        ] Transforming protobuf-java-util-3.25.5.jar (com.google.protobuf:protobuf-java-util:3.25.5) with InstrumentationAnalysisTransform
[        ] Transforming grpc-protobuf-1.69.1.jar (io.grpc:grpc-protobuf:1.69.1) with InstrumentationAnalysisTransform
[        ] Transforming tink-1.7.0.jar (com.google.crypto.tink:tink:1.7.0) with InstrumentationAnalysisTransform
[        ] Transforming core-proto-0.0.9-alpha03.jar (com.google.testing.platform:core-proto:0.0.9-alpha03) with InstrumentationAnalysisTransform
[        ] Transforming protos-31.12.1.jar (com.android.tools.analytics-library:protos:31.12.1) with InstrumentationAnalysisTransform
[        ] Transforming proto-google-common-protos-2.48.0.jar (com.google.api.grpc:proto-google-common-protos:2.48.0) with InstrumentationAnalysisTransform
[        ] Transforming protobuf-java-3.25.5.jar (com.google.protobuf:protobuf-java:3.25.5) with InstrumentationAnalysisTransform
[        ] Transforming grpc-netty-1.69.1.jar (io.grpc:grpc-netty:1.69.1) with InstrumentationAnalysisTransform
[        ] Transforming grpc-inprocess-1.69.1.jar (io.grpc:grpc-inprocess:1.69.1) with InstrumentationAnalysisTransform
[        ] Transforming grpc-util-1.69.1.jar (io.grpc:grpc-util:1.69.1) with InstrumentationAnalysisTransform
[        ] Transforming grpc-core-1.69.1.jar (io.grpc:grpc-core:1.69.1) with InstrumentationAnalysisTransform
[        ] Transforming kotlin-build-statistics-2.2.10.jar (org.jetbrains.kotlin:kotlin-build-statistics:2.2.10) with InstrumentationAnalysisTransform
[        ] Transforming gson-2.11.0.jar (com.google.code.gson:gson:2.11.0) with InstrumentationAnalysisTransform
[        ] Transforming grpc-stub-1.69.1.jar (io.grpc:grpc-stub:1.69.1) with InstrumentationAnalysisTransform
[        ] Transforming tensorflow-lite-metadata-0.2.0.jar (org.tensorflow:tensorflow-lite-metadata:0.2.0) with InstrumentationAnalysisTransform
[        ] Transforming flatbuffers-java-1.12.0.jar (com.google.flatbuffers:flatbuffers-java:1.12.0) with InstrumentationAnalysisTransform
[        ] Transforming kotlin-gradle-plugin-idea-proto-2.2.10.jar (org.jetbrains.kotlin:kotlin-gradle-plugin-idea-proto:2.2.10) with InstrumentationAnalysisTransform
[        ] Transforming kotlin-gradle-plugin-idea-2.2.10.jar (org.jetbrains.kotlin:kotlin-gradle-plugin-idea:2.2.10) with InstrumentationAnalysisTransform
[        ] Transforming kotlin-klib-commonizer-api-2.2.10.jar (org.jetbrains.kotlin:kotlin-klib-commonizer-api:2.2.10) with InstrumentationAnalysisTransform
[        ] Transforming kotlin-util-klib-metadata-2.2.10.jar (org.jetbrains.kotlin:kotlin-util-klib-metadata:2.2.10) with InstrumentationAnalysisTransform
[        ] Transforming abi-tools-api-2.2.10.jar (org.jetbrains.kotlin:abi-tools-api:2.2.10) with InstrumentationAnalysisTransform
[        ] Transforming jimfs-1.1.jar (com.google.jimfs:jimfs:1.1) with InstrumentationAnalysisTransform
[        ] Transforming grpc-context-1.69.1.jar (io.grpc:grpc-context:1.69.1) with InstrumentationAnalysisTransform
[        ] Transforming grpc-protobuf-lite-1.69.1.jar (io.grpc:grpc-protobuf-lite:1.69.1) with InstrumentationAnalysisTransform
[        ] Transforming grpc-api-1.69.1.jar (io.grpc:grpc-api:1.69.1) with InstrumentationAnalysisTransform
[        ] Transforming guava-33.3.1-jre.jar (com.google.guava:guava:33.3.1-jre) with InstrumentationAnalysisTransform
[        ] Transforming dagger-2.28.3.jar (com.google.dagger:dagger:2.28.3) with InstrumentationAnalysisTransform
[        ] Transforming javax.inject-1.jar (javax.inject:javax.inject:1) with InstrumentationAnalysisTransform
[        ] Transforming kxml2-2.3.0.jar (net.sf.kxml:kxml2:2.3.0) with InstrumentationAnalysisTransform
[        ] Transforming commons-compress-1.21.jar (org.apache.commons:commons-compress:1.21) with InstrumentationAnalysisTransform
[        ] Transforming bcutil-jdk18on-1.79.jar (org.bouncycastle:bcutil-jdk18on:1.79) with InstrumentationAnalysisTransform
[        ] Transforming bcprov-jdk18on-1.79.jar (org.bouncycastle:bcprov-jdk18on:1.79) with InstrumentationAnalysisTransform
[        ] Transforming httpclient-4.5.14.jar (org.apache.httpcomponents:httpclient:4.5.14) with InstrumentationAnalysisTransform
[        ] Transforming httpcore-4.4.16.jar (org.apache.httpcomponents:httpcore:4.4.16) with InstrumentationAnalysisTransform
[        ] Transforming javax.activation-1.2.0.jar (com.sun.activation:javax.activation:1.2.0) with InstrumentationAnalysisTransform
[        ] Transforming annotations-23.0.0.jar (org.jetbrains:annotations:23.0.0) with InstrumentationAnalysisTransform
[        ] Transforming signflinger-8.12.1.jar (com.android:signflinger:8.12.1) with InstrumentationAnalysisTransform
[        ] Transforming zipflinger-8.12.1.jar (com.android:zipflinger:8.12.1) with InstrumentationAnalysisTransform
[        ] Transforming annotations-31.12.1.jar (com.android.tools:annotations:31.12.1) with InstrumentationAnalysisTransform
[        ] Transforming jna-platform-5.6.0.jar (net.java.dev.jna:jna-platform:5.6.0) with InstrumentationAnalysisTransform
[        ] Transforming juniversalchardet-1.0.3.jar (com.googlecode.juniversalchardet:juniversalchardet:1.0.3) with InstrumentationAnalysisTransform
[        ] Transforming javax.annotation-api-1.3.2.jar (javax.annotation:javax.annotation-api:1.3.2) with InstrumentationAnalysisTransform
[        ] Transforming stax-ex-1.8.1.jar (org.jvnet.staxex:stax-ex:1.8.1) with InstrumentationAnalysisTransform
[        ] Transforming jakarta.xml.bind-api-2.3.2.jar (jakarta.xml.bind:jakarta.xml.bind-api:2.3.2) with InstrumentationAnalysisTransform
[        ] Transforming txw2-2.3.2.jar (org.glassfish.jaxb:txw2:2.3.2) with InstrumentationAnalysisTransform
[        ] Transforming istack-commons-runtime-3.0.8.jar (com.sun.istack:istack-commons-runtime:3.0.8) with InstrumentationAnalysisTransform
[        ] Transforming FastInfoset-1.2.16.jar (com.sun.xml.fastinfoset:FastInfoset:1.2.16) with InstrumentationAnalysisTransform
[        ] Transforming jakarta.activation-api-1.2.1.jar (jakarta.activation:jakarta.activation-api:1.2.1) with InstrumentationAnalysisTransform
[        ] Transforming auto-value-annotations-1.6.2.jar (com.google.auto.value:auto-value-annotations:1.6.2) with InstrumentationAnalysisTransform
[        ] Transforming error_prone_annotations-2.30.0.jar (com.google.errorprone:error_prone_annotations:2.30.0) with InstrumentationAnalysisTransform
[        ] Transforming jose4j-0.9.5.jar (org.bitbucket.b_c:jose4j:0.9.5) with InstrumentationAnalysisTransform
[        ] Transforming slf4j-api-1.7.30.jar (org.slf4j:slf4j-api:1.7.30) with InstrumentationAnalysisTransform
[        ] Transforming jdom2-2.0.6.jar (org.jdom:jdom2:2.0.6) with InstrumentationAnalysisTransform
[        ] Transforming jsr305-3.0.2.jar (com.google.code.findbugs:jsr305:3.0.2) with InstrumentationAnalysisTransform
[        ] Transforming j2objc-annotations-3.0.0.jar (com.google.j2objc:j2objc-annotations:3.0.0) with InstrumentationAnalysisTransform
[        ] Transforming annotations-4.1.1.4.jar (com.google.android:annotations:4.1.1.4) with InstrumentationAnalysisTransform
[        ] Transforming animal-sniffer-annotations-1.24.jar (org.codehaus.mojo:animal-sniffer-annotations:1.24) with InstrumentationAnalysisTransform
[        ] Transforming perfmark-api-0.27.0.jar (io.perfmark:perfmark-api:0.27.0) with InstrumentationAnalysisTransform
[        ] Transforming netty-codec-http2-4.1.110.Final.jar (io.netty:netty-codec-http2:4.1.110.Final) with InstrumentationAnalysisTransform
[        ] Transforming netty-handler-proxy-4.1.110.Final.jar (io.netty:netty-handler-proxy:4.1.110.Final) with InstrumentationAnalysisTransform
[        ] Transforming netty-codec-http-4.1.110.Final.jar (io.netty:netty-codec-http:4.1.110.Final) with InstrumentationAnalysisTransform
[        ] Transforming netty-handler-4.1.110.Final.jar (io.netty:netty-handler:4.1.110.Final) with InstrumentationAnalysisTransform
[        ] Transforming netty-transport-native-unix-common-4.1.110.Final.jar (io.netty:netty-transport-native-unix-common:4.1.110.Final) with InstrumentationAnalysisTransform
[        ] Transforming checker-qual-3.43.0.jar (org.checkerframework:checker-qual:3.43.0) with InstrumentationAnalysisTransform
[        ] Transforming apksig-8.12.1.jar (com.android.tools.build:apksig:8.12.1) with InstrumentationAnalysisTransform
[        ] Transforming javawriter-2.5.0.jar (com.squareup:javawriter:2.5.0) with InstrumentationAnalysisTransform
[        ] Transforming kotlin-gradle-plugin-annotations-2.2.10.jar (org.jetbrains.kotlin:kotlin-gradle-plugin-annotations:2.2.10) with InstrumentationAnalysisTransform
[        ] Transforming kotlin-native-utils-2.2.10.jar (org.jetbrains.kotlin:kotlin-native-utils:2.2.10) with InstrumentationAnalysisTransform
[        ] Transforming kotlin-tooling-core-2.2.10.jar (org.jetbrains.kotlin:kotlin-tooling-core:2.2.10) with InstrumentationAnalysisTransform
[        ] Transforming kotlin-build-tools-api-2.2.10.jar (org.jetbrains.kotlin:kotlin-build-tools-api:2.2.10) with InstrumentationAnalysisTransform
[        ] Transforming kotlin-util-klib-2.2.10.jar (org.jetbrains.kotlin:kotlin-util-klib:2.2.10) with InstrumentationAnalysisTransform
[        ] Transforming kotlin-util-io-2.2.10.jar (org.jetbrains.kotlin:kotlin-util-io:2.2.10) with InstrumentationAnalysisTransform
[        ] Transforming kotlin-daemon-client-2.2.10.jar (org.jetbrains.kotlin:kotlin-daemon-client:2.2.10) with InstrumentationAnalysisTransform
[        ] Transforming failureaccess-1.0.2.jar (com.google.guava:failureaccess:1.0.2) with InstrumentationAnalysisTransform
[        ] Transforming listenablefuture-9999.0-empty-to-avoid-conflict-with-guava.jar (com.google.guava:listenablefuture:9999.0-empty-to-avoid-conflict-with-guava) with InstrumentationAnalysisTransform
[        ] Transforming commons-logging-1.2.jar (commons-logging:commons-logging:1.2) with InstrumentationAnalysisTransform
[        ] Transforming commons-codec-1.11.jar (commons-codec:commons-codec:1.11) with InstrumentationAnalysisTransform
[        ] Transforming jna-5.6.0.jar (net.java.dev.jna:jna:5.6.0) with InstrumentationAnalysisTransform
[        ] Transforming netty-codec-socks-4.1.110.Final.jar (io.netty:netty-codec-socks:4.1.110.Final) with InstrumentationAnalysisTransform
[        ] Transforming netty-codec-4.1.110.Final.jar (io.netty:netty-codec:4.1.110.Final) with InstrumentationAnalysisTransform
[        ] Transforming netty-transport-4.1.110.Final.jar (io.netty:netty-transport:4.1.110.Final) with InstrumentationAnalysisTransform
[        ] Transforming netty-buffer-4.1.110.Final.jar (io.netty:netty-buffer:4.1.110.Final) with InstrumentationAnalysisTransform
[        ] Transforming netty-resolver-4.1.110.Final.jar (io.netty:netty-resolver:4.1.110.Final) with InstrumentationAnalysisTransform
[        ] Transforming netty-common-4.1.110.Final.jar (io.netty:netty-common:4.1.110.Final) with InstrumentationAnalysisTransform
[        ] Transforming gradle-8.12.1.jar (com.android.tools.build:gradle:8.12.1) with InstrumentationAnalysisTransform
[        ] Transforming gradle-8.12.1.jar (com.android.tools.build:gradle:8.12.1) with MergeInstrumentationAnalysisTransform
[        ] Transforming kotlin-gradle-plugin-model-2.2.10.jar (org.jetbrains.kotlin:kotlin-gradle-plugin-model:2.2.10) with InstrumentationAnalysisTransform
[        ] Transforming kotlin-gradle-plugin-model-2.2.10.jar (org.jetbrains.kotlin:kotlin-gradle-plugin-model:2.2.10) with MergeInstrumentationAnalysisTransform
[        ] Transforming fus-statistics-gradle-plugin-2.2.10-gradle88.jar (org.jetbrains.kotlin:fus-statistics-gradle-plugin:2.2.10) with InstrumentationAnalysisTransform
[        ] Transforming fus-statistics-gradle-plugin-2.2.10-gradle88.jar (org.jetbrains.kotlin:fus-statistics-gradle-plugin:2.2.10) with MergeInstrumentationAnalysisTransform
[        ] Transforming kotlin-gradle-plugin-api-2.2.10.jar (org.jetbrains.kotlin:kotlin-gradle-plugin-api:2.2.10) with InstrumentationAnalysisTransform
[        ] Transforming gradle-8.12.1.jar (com.android.tools.build:gradle:8.12.1) with ExternalDependencyInstrumentingArtifactTransform
[        ] Transforming kotlin-gradle-plugin-model-2.2.10.jar (org.jetbrains.kotlin:kotlin-gradle-plugin-model:2.2.10) with ExternalDependencyInstrumentingArtifactTransform
[        ] Transforming kotlin-gradle-plugin-api-2.2.10.jar (org.jetbrains.kotlin:kotlin-gradle-plugin-api:2.2.10) with MergeInstrumentationAnalysisTransform
[        ] Transforming fus-statistics-gradle-plugin-2.2.10-gradle88.jar (org.jetbrains.kotlin:fus-statistics-gradle-plugin:2.2.10) with ExternalDependencyInstrumentingArtifactTransform
[        ] Transforming kotlin-gradle-plugin-api-2.2.10-gradle88.jar (org.jetbrains.kotlin:kotlin-gradle-plugin-api:2.2.10) with InstrumentationAnalysisTransform
[        ] Transforming kotlin-gradle-plugin-api-2.2.10.jar (org.jetbrains.kotlin:kotlin-gradle-plugin-api:2.2.10) with ExternalDependencyInstrumentingArtifactTransform
[        ] Transforming kotlin-gradle-plugin-api-2.2.10-gradle88.jar (org.jetbrains.kotlin:kotlin-gradle-plugin-api:2.2.10) with MergeInstrumentationAnalysisTransform
[        ] Transforming kotlin-gradle-plugin-2.2.10-gradle88.jar (org.jetbrains.kotlin:kotlin-gradle-plugin:2.2.10) with InstrumentationAnalysisTransform
[        ] Transforming kotlin-gradle-plugin-2.2.10-gradle88.jar (org.jetbrains.kotlin:kotlin-gradle-plugin:2.2.10) with MergeInstrumentationAnalysisTransform
[        ] Transforming kotlin-gradle-plugin-api-2.2.10-gradle88.jar (org.jetbrains.kotlin:kotlin-gradle-plugin-api:2.2.10) with ExternalDependencyInstrumentingArtifactTransform
[        ] Transforming gradle-settings-api-8.12.1.jar (com.android.tools.build:gradle-settings-api:8.12.1) with InstrumentationAnalysisTransform
[        ] Transforming gradle-settings-api-8.12.1.jar (com.android.tools.build:gradle-settings-api:8.12.1) with MergeInstrumentationAnalysisTransform
[        ] Transforming kotlin-gradle-plugin-2.2.10-gradle88.jar (org.jetbrains.kotlin:kotlin-gradle-plugin:2.2.10) with ExternalDependencyInstrumentingArtifactTransform
[        ] Transforming lint-model-31.12.1.jar (com.android.tools.lint:lint-model:31.12.1) with InstrumentationAnalysisTransform
[        ] Transforming gradle-settings-api-8.12.1.jar (com.android.tools.build:gradle-settings-api:8.12.1) with ExternalDependencyInstrumentingArtifactTransform
[        ] Transforming lint-model-31.12.1.jar (com.android.tools.lint:lint-model:31.12.1) with MergeInstrumentationAnalysisTransform
[        ] Transforming builder-8.12.1.jar (com.android.tools.build:builder:8.12.1) with InstrumentationAnalysisTransform
[        ] Transforming builder-8.12.1.jar (com.android.tools.build:builder:8.12.1) with MergeInstrumentationAnalysisTransform
[        ] Transforming lint-model-31.12.1.jar (com.android.tools.lint:lint-model:31.12.1) with ExternalDependencyInstrumentingArtifactTransform
[        ] Transforming manifest-merger-31.12.1.jar (com.android.tools.build:manifest-merger:31.12.1) with InstrumentationAnalysisTransform
[        ] Transforming builder-8.12.1.jar (com.android.tools.build:builder:8.12.1) with ExternalDependencyInstrumentingArtifactTransform
[        ] Transforming manifest-merger-31.12.1.jar (com.android.tools.build:manifest-merger:31.12.1) with MergeInstrumentationAnalysisTransform
[        ] Transforming sdk-common-31.12.1.jar (com.android.tools:sdk-common:31.12.1) with InstrumentationAnalysisTransform
[        ] Transforming sdk-common-31.12.1.jar (com.android.tools:sdk-common:31.12.1) with MergeInstrumentationAnalysisTransform
[        ] Transforming manifest-merger-31.12.1.jar (com.android.tools.build:manifest-merger:31.12.1) with ExternalDependencyInstrumentingArtifactTransform
[        ] Transforming sdklib-31.12.1.jar (com.android.tools:sdklib:31.12.1) with InstrumentationAnalysisTransform
[        ] Transforming sdk-common-31.12.1.jar (com.android.tools:sdk-common:31.12.1) with ExternalDependencyInstrumentingArtifactTransform
[        ] Transforming sdklib-31.12.1.jar (com.android.tools:sdklib:31.12.1) with MergeInstrumentationAnalysisTransform
[        ] Transforming repository-31.12.1.jar (com.android.tools:repository:31.12.1) with InstrumentationAnalysisTransform
[        ] Transforming repository-31.12.1.jar (com.android.tools:repository:31.12.1) with MergeInstrumentationAnalysisTransform
[        ] Transforming gradle-api-8.12.1.jar (com.android.tools.build:gradle-api:8.12.1) with InstrumentationAnalysisTransform
[        ] Transforming sdklib-31.12.1.jar (com.android.tools:sdklib:31.12.1) with ExternalDependencyInstrumentingArtifactTransform
[        ] Transforming repository-31.12.1.jar (com.android.tools:repository:31.12.1) with ExternalDependencyInstrumentingArtifactTransform
[        ] Transforming gradle-api-8.12.1.jar (com.android.tools.build:gradle-api:8.12.1) with MergeInstrumentationAnalysisTransform
[        ] Transforming builder-test-api-8.12.1.jar (com.android.tools.build:builder-test-api:8.12.1) with InstrumentationAnalysisTransform
[        ] Transforming builder-test-api-8.12.1.jar (com.android.tools.build:builder-test-api:8.12.1) with MergeInstrumentationAnalysisTransform
[        ] Transforming ddmlib-31.12.1.jar (com.android.tools.ddms:ddmlib:31.12.1) with InstrumentationAnalysisTransform
[        ] Transforming gradle-api-8.12.1.jar (com.android.tools.build:gradle-api:8.12.1) with ExternalDependencyInstrumentingArtifactTransform
[        ] Transforming builder-test-api-8.12.1.jar (com.android.tools.build:builder-test-api:8.12.1) with ExternalDependencyInstrumentingArtifactTransform
[        ] Transforming ddmlib-31.12.1.jar (com.android.tools.ddms:ddmlib:31.12.1) with MergeInstrumentationAnalysisTransform
[        ] Transforming aaptcompiler-8.12.1.jar (com.android.tools.build:aaptcompiler:8.12.1) with InstrumentationAnalysisTransform
[        ] Transforming aaptcompiler-8.12.1.jar (com.android.tools.build:aaptcompiler:8.12.1) with MergeInstrumentationAnalysisTransform
[        ] Transforming bundletool-1.18.1.jar (com.android.tools.build:bundletool:1.18.1) with InstrumentationAnalysisTransform
[        ] Transforming ddmlib-31.12.1.jar (com.android.tools.ddms:ddmlib:31.12.1) with ExternalDependencyInstrumentingArtifactTransform
[        ] Transforming aaptcompiler-8.12.1.jar (com.android.tools.build:aaptcompiler:8.12.1) with ExternalDependencyInstrumentingArtifactTransform
[        ] Transforming bundletool-1.18.1.jar (com.android.tools.build:bundletool:1.18.1) with MergeInstrumentationAnalysisTransform
[        ] Transforming aapt2-proto-8.12.1-13700139.jar (com.android.tools.build:aapt2-proto:8.12.1-13700139) with InstrumentationAnalysisTransform
[        ] Transforming aapt2-proto-8.12.1-13700139.jar (com.android.tools.build:aapt2-proto:8.12.1-13700139) with MergeInstrumentationAnalysisTransform
[        ] Transforming crash-31.12.1.jar (com.android.tools.analytics-library:crash:31.12.1) with InstrumentationAnalysisTransform
[        ] Transforming crash-31.12.1.jar (com.android.tools.analytics-library:crash:31.12.1) with MergeInstrumentationAnalysisTransform
[        ] Transforming bundletool-1.18.1.jar (com.android.tools.build:bundletool:1.18.1) with ExternalDependencyInstrumentingArtifactTransform
[        ] Transforming aapt2-proto-8.12.1-13700139.jar (com.android.tools.build:aapt2-proto:8.12.1-13700139) with ExternalDependencyInstrumentingArtifactTransform
[        ] Transforming crash-31.12.1.jar (com.android.tools.analytics-library:crash:31.12.1) with ExternalDependencyInstrumentingArtifactTransform
[        ] Transforming tracker-31.12.1.jar (com.android.tools.analytics-library:tracker:31.12.1) with InstrumentationAnalysisTransform
[        ] Transforming tracker-31.12.1.jar (com.android.tools.analytics-library:tracker:31.12.1) with MergeInstrumentationAnalysisTransform
[        ] Transforming shared-31.12.1.jar (com.android.tools.analytics-library:shared:31.12.1) with InstrumentationAnalysisTransform
[        ] Transforming shared-31.12.1.jar (com.android.tools.analytics-library:shared:31.12.1) with MergeInstrumentationAnalysisTransform
[        ] Transforming lint-typedef-remover-31.12.1.jar (com.android.tools.lint:lint-typedef-remover:31.12.1) with InstrumentationAnalysisTransform
[        ] Transforming tracker-31.12.1.jar (com.android.tools.analytics-library:tracker:31.12.1) with ExternalDependencyInstrumentingArtifactTransform
[        ] Transforming lint-typedef-remover-31.12.1.jar (com.android.tools.lint:lint-typedef-remover:31.12.1) with MergeInstrumentationAnalysisTransform
[        ] Transforming shared-31.12.1.jar (com.android.tools.analytics-library:shared:31.12.1) with ExternalDependencyInstrumentingArtifactTransform
[        ] Transforming databinding-compiler-common-8.12.1.jar (androidx.databinding:databinding-compiler-common:8.12.1) with InstrumentationAnalysisTransform
[        ] Transforming databinding-compiler-common-8.12.1.jar (androidx.databinding:databinding-compiler-common:8.12.1) with MergeInstrumentationAnalysisTransform
[        ] Transforming databinding-common-8.12.1.jar (androidx.databinding:databinding-common:8.12.1) with InstrumentationAnalysisTransform
[        ] Transforming databinding-common-8.12.1.jar (androidx.databinding:databinding-common:8.12.1) with MergeInstrumentationAnalysisTransform
[        ] Transforming baseLibrary-8.12.1.jar (com.android.databinding:baseLibrary:8.12.1) with InstrumentationAnalysisTransform
[        ] Transforming lint-typedef-remover-31.12.1.jar (com.android.tools.lint:lint-typedef-remover:31.12.1) with ExternalDependencyInstrumentingArtifactTransform
[        ] Transforming databinding-common-8.12.1.jar (androidx.databinding:databinding-common:8.12.1) with ExternalDependencyInstrumentingArtifactTransform
[        ] Transforming databinding-compiler-common-8.12.1.jar (androidx.databinding:databinding-compiler-common:8.12.1) with ExternalDependencyInstrumentingArtifactTransform
[        ] Transforming baseLibrary-8.12.1.jar (com.android.databinding:baseLibrary:8.12.1) with MergeInstrumentationAnalysisTransform
[        ] Transforming layoutlib-api-31.12.1.jar (com.android.tools.layoutlib:layoutlib-api:31.12.1) with InstrumentationAnalysisTransform
[        ] Transforming layoutlib-api-31.12.1.jar (com.android.tools.layoutlib:layoutlib-api:31.12.1) with MergeInstrumentationAnalysisTransform
[        ] Transforming android-device-provider-ddmlib-proto-31.12.1.jar (com.android.tools.utp:android-device-provider-ddmlib-proto:31.12.1) with InstrumentationAnalysisTransform
[        ] Transforming baseLibrary-8.12.1.jar (com.android.databinding:baseLibrary:8.12.1) with ExternalDependencyInstrumentingArtifactTransform
[        ] Transforming android-device-provider-ddmlib-proto-31.12.1.jar (com.android.tools.utp:android-device-provider-ddmlib-proto:31.12.1) with MergeInstrumentationAnalysisTransform
[        ] Transforming android-device-provider-gradle-proto-31.12.1.jar (com.android.tools.utp:android-device-provider-gradle-proto:31.12.1) with InstrumentationAnalysisTransform
[        ] Transforming layoutlib-api-31.12.1.jar (com.android.tools.layoutlib:layoutlib-api:31.12.1) with ExternalDependencyInstrumentingArtifactTransform
[        ] Transforming android-device-provider-gradle-proto-31.12.1.jar (com.android.tools.utp:android-device-provider-gradle-proto:31.12.1) with MergeInstrumentationAnalysisTransform
[        ] Transforming android-device-provider-ddmlib-proto-31.12.1.jar (com.android.tools.utp:android-device-provider-ddmlib-proto:31.12.1) with ExternalDependencyInstrumentingArtifactTransform
[        ] Transforming android-device-provider-profile-proto-31.12.1.jar (com.android.tools.utp:android-device-provider-profile-proto:31.12.1) with InstrumentationAnalysisTransform
[        ] Transforming android-device-provider-profile-proto-31.12.1.jar (com.android.tools.utp:android-device-provider-profile-proto:31.12.1) with MergeInstrumentationAnalysisTransform
[        ] Transforming android-test-plugin-host-additional-test-output-proto-31.12.1.jar (com.android.tools.utp:android-test-plugin-host-additional-test-output-proto:31.12.1) with InstrumentationAnalysisTransform
[        ] Transforming android-device-provider-gradle-proto-31.12.1.jar (com.android.tools.utp:android-device-provider-gradle-proto:31.12.1) with ExternalDependencyInstrumentingArtifactTransform
[        ] Transforming android-test-plugin-host-additional-test-output-proto-31.12.1.jar (com.android.tools.utp:android-test-plugin-host-additional-test-output-proto:31.12.1) with MergeInstrumentationAnalysisTransform
[        ] Transforming android-test-plugin-host-coverage-proto-31.12.1.jar (com.android.tools.utp:android-test-plugin-host-coverage-proto:31.12.1) with InstrumentationAnalysisTransform
[        ] Transforming android-device-provider-profile-proto-31.12.1.jar (com.android.tools.utp:android-device-provider-profile-proto:31.12.1) with ExternalDependencyInstrumentingArtifactTransform
[        ] Transforming android-test-plugin-host-additional-test-output-proto-31.12.1.jar (com.android.tools.utp:android-test-plugin-host-additional-test-output-proto:31.12.1) with ExternalDependencyInstrumentingArtifactTransform
[        ] Transforming android-test-plugin-host-coverage-proto-31.12.1.jar (com.android.tools.utp:android-test-plugin-host-coverage-proto:31.12.1) with MergeInstrumentationAnalysisTransform
[        ] Transforming android-test-plugin-host-emulator-control-proto-31.12.1.jar (com.android.tools.utp:android-test-plugin-host-emulator-control-proto:31.12.1) with InstrumentationAnalysisTransform
[        ] Transforming android-test-plugin-host-emulator-control-proto-31.12.1.jar (com.android.tools.utp:android-test-plugin-host-emulator-control-proto:31.12.1) with MergeInstrumentationAnalysisTransform
[        ] Transforming android-test-plugin-host-coverage-proto-31.12.1.jar (com.android.tools.utp:android-test-plugin-host-coverage-proto:31.12.1) with ExternalDependencyInstrumentingArtifactTransform
[        ] Transforming android-test-plugin-host-logcat-proto-31.12.1.jar (com.android.tools.utp:android-test-plugin-host-logcat-proto:31.12.1) with InstrumentationAnalysisTransform
[        ] Transforming android-test-plugin-host-emulator-control-proto-31.12.1.jar (com.android.tools.utp:android-test-plugin-host-emulator-control-proto:31.12.1) with ExternalDependencyInstrumentingArtifactTransform
[        ] Transforming android-test-plugin-host-logcat-proto-31.12.1.jar (com.android.tools.utp:android-test-plugin-host-logcat-proto:31.12.1) with MergeInstrumentationAnalysisTransform
[        ] Transforming android-test-plugin-host-apk-installer-proto-31.12.1.jar (com.android.tools.utp:android-test-plugin-host-apk-installer-proto:31.12.1) with InstrumentationAnalysisTransform
[        ] Transforming android-test-plugin-host-apk-installer-proto-31.12.1.jar (com.android.tools.utp:android-test-plugin-host-apk-installer-proto:31.12.1) with MergeInstrumentationAnalysisTransform
[        ] Transforming android-test-plugin-result-listener-gradle-proto-31.12.1.jar (com.android.tools.utp:android-test-plugin-result-listener-gradle-proto:31.12.1) with InstrumentationAnalysisTransform
[        ] Transforming android-test-plugin-host-logcat-proto-31.12.1.jar (com.android.tools.utp:android-test-plugin-host-logcat-proto:31.12.1) with ExternalDependencyInstrumentingArtifactTransform
[        ] Transforming android-test-plugin-result-listener-gradle-proto-31.12.1.jar (com.android.tools.utp:android-test-plugin-result-listener-gradle-proto:31.12.1) with MergeInstrumentationAnalysisTransform
[        ] Transforming android-test-plugin-host-apk-installer-proto-31.12.1.jar (com.android.tools.utp:android-test-plugin-host-apk-installer-proto:31.12.1) with ExternalDependencyInstrumentingArtifactTransform
[        ] Transforming jetifier-processor-1.0.0-beta10.jar (com.android.tools.build.jetifier:jetifier-processor:1.0.0-beta10) with InstrumentationAnalysisTransform
[        ] Transforming android-test-plugin-result-listener-gradle-proto-31.12.1.jar (com.android.tools.utp:android-test-plugin-result-listener-gradle-proto:31.12.1) with ExternalDependencyInstrumentingArtifactTransform
[        ] Transforming jetifier-processor-1.0.0-beta10.jar (com.android.tools.build.jetifier:jetifier-processor:1.0.0-beta10) with MergeInstrumentationAnalysisTransform
[        ] Transforming jetifier-core-1.0.0-beta10.jar (com.android.tools.build.jetifier:jetifier-core:1.0.0-beta10) with InstrumentationAnalysisTransform
[        ] Transforming jetifier-core-1.0.0-beta10.jar (com.android.tools.build.jetifier:jetifier-core:1.0.0-beta10) with MergeInstrumentationAnalysisTransform
[        ] Transforming builder-model-8.12.1.jar (com.android.tools.build:builder-model:8.12.1) with InstrumentationAnalysisTransform
[        ] Transforming builder-model-8.12.1.jar (com.android.tools.build:builder-model:8.12.1) with MergeInstrumentationAnalysisTransform
[        ] Transforming kotlin-reflect-2.1.20.jar (org.jetbrains.kotlin:kotlin-reflect:2.1.20) with InstrumentationAnalysisTransform
[        ] Transforming jetifier-processor-1.0.0-beta10.jar (com.android.tools.build.jetifier:jetifier-processor:1.0.0-beta10) with ExternalDependencyInstrumentingArtifactTransform
[        ] Transforming kotlin-reflect-2.1.20.jar (org.jetbrains.kotlin:kotlin-reflect:2.1.20) with MergeInstrumentationAnalysisTransform
[        ] Transforming dvlib-31.12.1.jar (com.android.tools:dvlib:31.12.1) with InstrumentationAnalysisTransform
[        ] Transforming jetifier-core-1.0.0-beta10.jar (com.android.tools.build.jetifier:jetifier-core:1.0.0-beta10) with ExternalDependencyInstrumentingArtifactTransform
[        ] Transforming kotlin-reflect-2.1.20.jar (org.jetbrains.kotlin:kotlin-reflect:2.1.20) with ExternalDependencyInstrumentingArtifactTransform
[        ] Transforming dvlib-31.12.1.jar (com.android.tools:dvlib:31.12.1) with MergeInstrumentationAnalysisTransform
[        ] Transforming builder-model-8.12.1.jar (com.android.tools.build:builder-model:8.12.1) with ExternalDependencyInstrumentingArtifactTransform
[        ] Transforming common-31.12.1.jar (com.android.tools:common:31.12.1) with InstrumentationAnalysisTransform
[        ] Transforming dvlib-31.12.1.jar (com.android.tools:dvlib:31.12.1) with ExternalDependencyInstrumentingArtifactTransform
[        ] Transforming common-31.12.1.jar (com.android.tools:common:31.12.1) with MergeInstrumentationAnalysisTransform
[        ] Transforming kotlin-stdlib-jdk8-2.1.20.jar (org.jetbrains.kotlin:kotlin-stdlib-jdk8:2.1.20) with InstrumentationAnalysisTransform
[        ] Transforming kotlin-stdlib-jdk8-2.1.20.jar (org.jetbrains.kotlin:kotlin-stdlib-jdk8:2.1.20) with MergeInstrumentationAnalysisTransform
[        ] Transforming kotlin-compiler-runner-2.2.10.jar (org.jetbrains.kotlin:kotlin-compiler-runner:2.2.10) with InstrumentationAnalysisTransform
[        ] Transforming common-31.12.1.jar (com.android.tools:common:31.12.1) with ExternalDependencyInstrumentingArtifactTransform
[        ] Transforming kotlin-compiler-runner-2.2.10.jar (org.jetbrains.kotlin:kotlin-compiler-runner:2.2.10) with MergeInstrumentationAnalysisTransform
[        ] Transforming kotlin-stdlib-jdk8-2.1.20.jar (org.jetbrains.kotlin:kotlin-stdlib-jdk8:2.1.20) with ExternalDependencyInstrumentingArtifactTransform
[        ] Transforming kotlinx-coroutines-core-jvm-1.9.0.jar (org.jetbrains.kotlinx:kotlinx-coroutines-core-jvm:1.9.0) with InstrumentationAnalysisTransform
[        ] Transforming kotlin-compiler-runner-2.2.10.jar (org.jetbrains.kotlin:kotlin-compiler-runner:2.2.10) with ExternalDependencyInstrumentingArtifactTransform
[        ] Transforming kotlinx-coroutines-core-jvm-1.9.0.jar (org.jetbrains.kotlinx:kotlinx-coroutines-core-jvm:1.9.0) with MergeInstrumentationAnalysisTransform
[        ] Transforming kotlin-stdlib-jdk7-2.1.20.jar (org.jetbrains.kotlin:kotlin-stdlib-jdk7:2.1.20) with InstrumentationAnalysisTransform
[        ] Transforming kotlin-stdlib-jdk7-2.1.20.jar (org.jetbrains.kotlin:kotlin-stdlib-jdk7:2.1.20) with MergeInstrumentationAnalysisTransform
[        ] Transforming kotlin-stdlib-2.1.20.jar (org.jetbrains.kotlin:kotlin-stdlib:2.1.20) with InstrumentationAnalysisTransform
[        ] Transforming kotlin-stdlib-2.1.20.jar (org.jetbrains.kotlin:kotlin-stdlib:2.1.20) with MergeInstrumentationAnalysisTransform
[        ] Transforming transform-api-2.0.0-deprecated-use-gradle-api.jar (com.android.tools.build:transform-api:2.0.0-deprecated-use-gradle-api) with InstrumentationAnalysisTransform
[        ] Transforming kotlinx-coroutines-core-jvm-1.9.0.jar (org.jetbrains.kotlinx:kotlinx-coroutines-core-jvm:1.9.0) with ExternalDependencyInstrumentingArtifactTransform
[        ] Transforming kotlin-stdlib-2.1.20.jar (org.jetbrains.kotlin:kotlin-stdlib:2.1.20) with ExternalDependencyInstrumentingArtifactTransform
[        ] Transforming kotlin-stdlib-jdk7-2.1.20.jar (org.jetbrains.kotlin:kotlin-stdlib-jdk7:2.1.20) with ExternalDependencyInstrumentingArtifactTransform
[        ] Transforming transform-api-2.0.0-deprecated-use-gradle-api.jar (com.android.tools.build:transform-api:2.0.0-deprecated-use-gradle-api) with MergeInstrumentationAnalysisTransform
[        ] Transforming httpmime-4.5.6.jar (org.apache.httpcomponents:httpmime:4.5.6) with InstrumentationAnalysisTransform
[        ] Transforming httpmime-4.5.6.jar (org.apache.httpcomponents:httpmime:4.5.6) with MergeInstrumentationAnalysisTransform
[        ] Transforming commons-io-2.16.1.jar (commons-io:commons-io:2.16.1) with InstrumentationAnalysisTransform
[        ] Transforming transform-api-2.0.0-deprecated-use-gradle-api.jar (com.android.tools.build:transform-api:2.0.0-deprecated-use-gradle-api) with ExternalDependencyInstrumentingArtifactTransform
[        ] Transforming httpmime-4.5.6.jar (org.apache.httpcomponents:httpmime:4.5.6) with ExternalDependencyInstrumentingArtifactTransform
[        ] Transforming commons-io-2.16.1.jar (commons-io:commons-io:2.16.1) with MergeInstrumentationAnalysisTransform
[        ] Transforming asm-commons-9.7.1.jar (org.ow2.asm:asm-commons:9.7.1) with InstrumentationAnalysisTransform
[        ] Transforming asm-commons-9.7.1.jar (org.ow2.asm:asm-commons:9.7.1) with MergeInstrumentationAnalysisTransform
[        ] Transforming commons-io-2.16.1.jar (commons-io:commons-io:2.16.1) with ExternalDependencyInstrumentingArtifactTransform
[        ] Transforming asm-util-9.7.1.jar (org.ow2.asm:asm-util:9.7.1) with InstrumentationAnalysisTransform
[        ] Transforming asm-util-9.7.1.jar (org.ow2.asm:asm-util:9.7.1) with MergeInstrumentationAnalysisTransform
[        ] Transforming asm-analysis-9.7.1.jar (org.ow2.asm:asm-analysis:9.7.1) with InstrumentationAnalysisTransform
[        ] Transforming asm-analysis-9.7.1.jar (org.ow2.asm:asm-analysis:9.7.1) with MergeInstrumentationAnalysisTransform
[        ] Transforming asm-tree-9.7.1.jar (org.ow2.asm:asm-tree:9.7.1) with InstrumentationAnalysisTransform
[        ] Transforming asm-commons-9.7.1.jar (org.ow2.asm:asm-commons:9.7.1) with ExternalDependencyInstrumentingArtifactTransform
[        ] Transforming asm-analysis-9.7.1.jar (org.ow2.asm:asm-analysis:9.7.1) with ExternalDependencyInstrumentingArtifactTransform
[        ] Transforming asm-tree-9.7.1.jar (org.ow2.asm:asm-tree:9.7.1) with MergeInstrumentationAnalysisTransform
[        ] Transforming asm-util-9.7.1.jar (org.ow2.asm:asm-util:9.7.1) with ExternalDependencyInstrumentingArtifactTransform
[        ] Transforming asm-9.7.1.jar (org.ow2.asm:asm:9.7.1) with InstrumentationAnalysisTransform
[        ] Transforming asm-9.7.1.jar (org.ow2.asm:asm:9.7.1) with MergeInstrumentationAnalysisTransform
[        ] Transforming apkzlib-8.12.1.jar (com.android.tools.build:apkzlib:8.12.1) with InstrumentationAnalysisTransform
[        ] Transforming asm-tree-9.7.1.jar (org.ow2.asm:asm-tree:9.7.1) with ExternalDependencyInstrumentingArtifactTransform
[        ] Transforming apkzlib-8.12.1.jar (com.android.tools.build:apkzlib:8.12.1) with MergeInstrumentationAnalysisTransform
[        ] Transforming asm-9.7.1.jar (org.ow2.asm:asm:9.7.1) with ExternalDependencyInstrumentingArtifactTransform
[        ] Transforming bcpkix-jdk18on-1.79.jar (org.bouncycastle:bcpkix-jdk18on:1.79) with InstrumentationAnalysisTransform
[        ] Transforming apkzlib-8.12.1.jar (com.android.tools.build:apkzlib:8.12.1) with ExternalDependencyInstrumentingArtifactTransform
[        ] Transforming bcpkix-jdk18on-1.79.jar (org.bouncycastle:bcpkix-jdk18on:1.79) with MergeInstrumentationAnalysisTransform
[        ] Transforming jaxb-runtime-2.3.2.jar (org.glassfish.jaxb:jaxb-runtime:2.3.2) with InstrumentationAnalysisTransform
[        ] Transforming jaxb-runtime-2.3.2.jar (org.glassfish.jaxb:jaxb-runtime:2.3.2) with MergeInstrumentationAnalysisTransform
[        ] Transforming jopt-simple-4.9.jar (net.sf.jopt-simple:jopt-simple:4.9) with InstrumentationAnalysisTransform
[        ] Transforming jopt-simple-4.9.jar (net.sf.jopt-simple:jopt-simple:4.9) with MergeInstrumentationAnalysisTransform
[        ] Transforming javapoet-1.10.0.jar (com.squareup:javapoet:1.10.0) with InstrumentationAnalysisTransform
[        ] Transforming javapoet-1.10.0.jar (com.squareup:javapoet:1.10.0) with MergeInstrumentationAnalysisTransform
[        ] Transforming bcpkix-jdk18on-1.79.jar (org.bouncycastle:bcpkix-jdk18on:1.79) with ExternalDependencyInstrumentingArtifactTransform
[        ] Transforming jopt-simple-4.9.jar (net.sf.jopt-simple:jopt-simple:4.9) with ExternalDependencyInstrumentingArtifactTransform
[        ] Transforming protobuf-java-util-3.25.5.jar (com.google.protobuf:protobuf-java-util:3.25.5) with InstrumentationAnalysisTransform
[        ] Transforming jaxb-runtime-2.3.2.jar (org.glassfish.jaxb:jaxb-runtime:2.3.2) with ExternalDependencyInstrumentingArtifactTransform
[        ] Transforming protobuf-java-util-3.25.5.jar (com.google.protobuf:protobuf-java-util:3.25.5) with MergeInstrumentationAnalysisTransform
[        ] Transforming javapoet-1.10.0.jar (com.squareup:javapoet:1.10.0) with ExternalDependencyInstrumentingArtifactTransform
[        ] Transforming grpc-protobuf-1.69.1.jar (io.grpc:grpc-protobuf:1.69.1) with InstrumentationAnalysisTransform
[        ] Transforming grpc-protobuf-1.69.1.jar (io.grpc:grpc-protobuf:1.69.1) with MergeInstrumentationAnalysisTransform
[        ] Transforming protobuf-java-util-3.25.5.jar (com.google.protobuf:protobuf-java-util:3.25.5) with ExternalDependencyInstrumentingArtifactTransform
[        ] Transforming tink-1.7.0.jar (com.google.crypto.tink:tink:1.7.0) with InstrumentationAnalysisTransform
[        ] Transforming tink-1.7.0.jar (com.google.crypto.tink:tink:1.7.0) with MergeInstrumentationAnalysisTransform
[        ] Transforming core-proto-0.0.9-alpha03.jar (com.google.testing.platform:core-proto:0.0.9-alpha03) with InstrumentationAnalysisTransform
[        ] Transforming grpc-protobuf-1.69.1.jar (io.grpc:grpc-protobuf:1.69.1) with ExternalDependencyInstrumentingArtifactTransform
[        ] Transforming tink-1.7.0.jar (com.google.crypto.tink:tink:1.7.0) with ExternalDependencyInstrumentingArtifactTransform
[        ] Transforming core-proto-0.0.9-alpha03.jar (com.google.testing.platform:core-proto:0.0.9-alpha03) with MergeInstrumentationAnalysisTransform
[        ] Transforming protos-31.12.1.jar (com.android.tools.analytics-library:protos:31.12.1) with InstrumentationAnalysisTransform
[        ] Transforming protos-31.12.1.jar (com.android.tools.analytics-library:protos:31.12.1) with MergeInstrumentationAnalysisTransform
[        ] Transforming proto-google-common-protos-2.48.0.jar (com.google.api.grpc:proto-google-common-protos:2.48.0) with InstrumentationAnalysisTransform
[        ] Transforming core-proto-0.0.9-alpha03.jar (com.google.testing.platform:core-proto:0.0.9-alpha03) with ExternalDependencyInstrumentingArtifactTransform
[        ] Transforming proto-google-common-protos-2.48.0.jar (com.google.api.grpc:proto-google-common-protos:2.48.0) with MergeInstrumentationAnalysisTransform
[        ] Transforming protos-31.12.1.jar (com.android.tools.analytics-library:protos:31.12.1) with ExternalDependencyInstrumentingArtifactTransform
[        ] Transforming protobuf-java-3.25.5.jar (com.google.protobuf:protobuf-java:3.25.5) with InstrumentationAnalysisTransform
[        ] Transforming proto-google-common-protos-2.48.0.jar (com.google.api.grpc:proto-google-common-protos:2.48.0) with ExternalDependencyInstrumentingArtifactTransform
[        ] Transforming protobuf-java-3.25.5.jar (com.google.protobuf:protobuf-java:3.25.5) with MergeInstrumentationAnalysisTransform
[        ] Transforming grpc-netty-1.69.1.jar (io.grpc:grpc-netty:1.69.1) with InstrumentationAnalysisTransform
[        ] Transforming grpc-netty-1.69.1.jar (io.grpc:grpc-netty:1.69.1) with MergeInstrumentationAnalysisTransform
[        ] Transforming grpc-inprocess-1.69.1.jar (io.grpc:grpc-inprocess:1.69.1) with InstrumentationAnalysisTransform
[        ] Transforming grpc-inprocess-1.69.1.jar (io.grpc:grpc-inprocess:1.69.1) with MergeInstrumentationAnalysisTransform
[        ] Transforming grpc-util-1.69.1.jar (io.grpc:grpc-util:1.69.1) with InstrumentationAnalysisTransform
[        ] Transforming protobuf-java-3.25.5.jar (com.google.protobuf:protobuf-java:3.25.5) with ExternalDependencyInstrumentingArtifactTransform
[        ] Transforming grpc-netty-1.69.1.jar (io.grpc:grpc-netty:1.69.1) with ExternalDependencyInstrumentingArtifactTransform
[        ] Transforming grpc-util-1.69.1.jar (io.grpc:grpc-util:1.69.1) with MergeInstrumentationAnalysisTransform
[        ] Transforming grpc-core-1.69.1.jar (io.grpc:grpc-core:1.69.1) with InstrumentationAnalysisTransform
[        ] Transforming grpc-inprocess-1.69.1.jar (io.grpc:grpc-inprocess:1.69.1) with ExternalDependencyInstrumentingArtifactTransform
[        ] Transforming grpc-util-1.69.1.jar (io.grpc:grpc-util:1.69.1) with ExternalDependencyInstrumentingArtifactTransform
[        ] Transforming grpc-core-1.69.1.jar (io.grpc:grpc-core:1.69.1) with MergeInstrumentationAnalysisTransform
[        ] Transforming kotlin-build-statistics-2.2.10.jar (org.jetbrains.kotlin:kotlin-build-statistics:2.2.10) with InstrumentationAnalysisTransform
[        ] Transforming kotlin-build-statistics-2.2.10.jar (org.jetbrains.kotlin:kotlin-build-statistics:2.2.10) with MergeInstrumentationAnalysisTransform
[        ] Transforming gson-2.11.0.jar (com.google.code.gson:gson:2.11.0) with InstrumentationAnalysisTransform
[        ] Transforming grpc-core-1.69.1.jar (io.grpc:grpc-core:1.69.1) with ExternalDependencyInstrumentingArtifactTransform
[        ] Transforming gson-2.11.0.jar (com.google.code.gson:gson:2.11.0) with MergeInstrumentationAnalysisTransform
[        ] Transforming kotlin-build-statistics-2.2.10.jar (org.jetbrains.kotlin:kotlin-build-statistics:2.2.10) with ExternalDependencyInstrumentingArtifactTransform
[        ] Transforming grpc-stub-1.69.1.jar (io.grpc:grpc-stub:1.69.1) with InstrumentationAnalysisTransform
[        ] Transforming gson-2.11.0.jar (com.google.code.gson:gson:2.11.0) with ExternalDependencyInstrumentingArtifactTransform
[        ] Transforming grpc-stub-1.69.1.jar (io.grpc:grpc-stub:1.69.1) with MergeInstrumentationAnalysisTransform
[        ] Transforming tensorflow-lite-metadata-0.2.0.jar (org.tensorflow:tensorflow-lite-metadata:0.2.0) with InstrumentationAnalysisTransform
[        ] Transforming tensorflow-lite-metadata-0.2.0.jar (org.tensorflow:tensorflow-lite-metadata:0.2.0) with MergeInstrumentationAnalysisTransform
[        ] Transforming grpc-stub-1.69.1.jar (io.grpc:grpc-stub:1.69.1) with ExternalDependencyInstrumentingArtifactTransform
[        ] Transforming flatbuffers-java-1.12.0.jar (com.google.flatbuffers:flatbuffers-java:1.12.0) with InstrumentationAnalysisTransform
[        ] Transforming tensorflow-lite-metadata-0.2.0.jar (org.tensorflow:tensorflow-lite-metadata:0.2.0) with ExternalDependencyInstrumentingArtifactTransform
[        ] Transforming flatbuffers-java-1.12.0.jar (com.google.flatbuffers:flatbuffers-java:1.12.0) with MergeInstrumentationAnalysisTransform
[        ] Transforming kotlin-gradle-plugin-idea-proto-2.2.10.jar (org.jetbrains.kotlin:kotlin-gradle-plugin-idea-proto:2.2.10) with InstrumentationAnalysisTransform
[        ] Transforming kotlin-gradle-plugin-idea-proto-2.2.10.jar (org.jetbrains.kotlin:kotlin-gradle-plugin-idea-proto:2.2.10) with MergeInstrumentationAnalysisTransform
[        ] Transforming kotlin-gradle-plugin-idea-2.2.10.jar (org.jetbrains.kotlin:kotlin-gradle-plugin-idea:2.2.10) with InstrumentationAnalysisTransform
[        ] Transforming flatbuffers-java-1.12.0.jar (com.google.flatbuffers:flatbuffers-java:1.12.0) with ExternalDependencyInstrumentingArtifactTransform
[        ] Transforming kotlin-gradle-plugin-idea-proto-2.2.10.jar (org.jetbrains.kotlin:kotlin-gradle-plugin-idea-proto:2.2.10) with ExternalDependencyInstrumentingArtifactTransform
[        ] Transforming kotlin-gradle-plugin-idea-2.2.10.jar (org.jetbrains.kotlin:kotlin-gradle-plugin-idea:2.2.10) with MergeInstrumentationAnalysisTransform
[        ] Transforming kotlin-klib-commonizer-api-2.2.10.jar (org.jetbrains.kotlin:kotlin-klib-commonizer-api:2.2.10) with InstrumentationAnalysisTransform
[        ] Transforming kotlin-klib-commonizer-api-2.2.10.jar (org.jetbrains.kotlin:kotlin-klib-commonizer-api:2.2.10) with MergeInstrumentationAnalysisTransform
[        ] Transforming kotlin-util-klib-metadata-2.2.10.jar (org.jetbrains.kotlin:kotlin-util-klib-metadata:2.2.10) with InstrumentationAnalysisTransform
[        ] Transforming kotlin-util-klib-metadata-2.2.10.jar (org.jetbrains.kotlin:kotlin-util-klib-metadata:2.2.10) with MergeInstrumentationAnalysisTransform
[        ] Transforming kotlin-gradle-plugin-idea-2.2.10.jar (org.jetbrains.kotlin:kotlin-gradle-plugin-idea:2.2.10) with ExternalDependencyInstrumentingArtifactTransform
[        ] Transforming kotlin-klib-commonizer-api-2.2.10.jar (org.jetbrains.kotlin:kotlin-klib-commonizer-api:2.2.10) with ExternalDependencyInstrumentingArtifactTransform
[        ] Transforming kotlin-util-klib-metadata-2.2.10.jar (org.jetbrains.kotlin:kotlin-util-klib-metadata:2.2.10) with ExternalDependencyInstrumentingArtifactTransform
[        ] Transforming abi-tools-api-2.2.10.jar (org.jetbrains.kotlin:abi-tools-api:2.2.10) with InstrumentationAnalysisTransform
[        ] Transforming abi-tools-api-2.2.10.jar (org.jetbrains.kotlin:abi-tools-api:2.2.10) with MergeInstrumentationAnalysisTransform
[        ] Transforming jimfs-1.1.jar (com.google.jimfs:jimfs:1.1) with InstrumentationAnalysisTransform
[        ] Transforming jimfs-1.1.jar (com.google.jimfs:jimfs:1.1) with MergeInstrumentationAnalysisTransform
[        ] Transforming grpc-context-1.69.1.jar (io.grpc:grpc-context:1.69.1) with InstrumentationAnalysisTransform
[        ] Transforming grpc-context-1.69.1.jar (io.grpc:grpc-context:1.69.1) with MergeInstrumentationAnalysisTransform
[        ] Transforming abi-tools-api-2.2.10.jar (org.jetbrains.kotlin:abi-tools-api:2.2.10) with ExternalDependencyInstrumentingArtifactTransform
[        ] Transforming grpc-protobuf-lite-1.69.1.jar (io.grpc:grpc-protobuf-lite:1.69.1) with InstrumentationAnalysisTransform
[        ] Transforming grpc-protobuf-lite-1.69.1.jar (io.grpc:grpc-protobuf-lite:1.69.1) with MergeInstrumentationAnalysisTransform
[        ] Transforming grpc-api-1.69.1.jar (io.grpc:grpc-api:1.69.1) with InstrumentationAnalysisTransform
[        ] Transforming grpc-api-1.69.1.jar (io.grpc:grpc-api:1.69.1) with MergeInstrumentationAnalysisTransform
[        ] Transforming guava-33.3.1-jre.jar (com.google.guava:guava:33.3.1-jre) with InstrumentationAnalysisTransform
[        ] Transforming jimfs-1.1.jar (com.google.jimfs:jimfs:1.1) with ExternalDependencyInstrumentingArtifactTransform
[        ] Transforming grpc-protobuf-lite-1.69.1.jar (io.grpc:grpc-protobuf-lite:1.69.1) with ExternalDependencyInstrumentingArtifactTransform
[        ] Transforming grpc-context-1.69.1.jar (io.grpc:grpc-context:1.69.1) with ExternalDependencyInstrumentingArtifactTransform
[        ] Transforming grpc-api-1.69.1.jar (io.grpc:grpc-api:1.69.1) with ExternalDependencyInstrumentingArtifactTransform
[        ] Transforming guava-33.3.1-jre.jar (com.google.guava:guava:33.3.1-jre) with MergeInstrumentationAnalysisTransform
[        ] Transforming dagger-2.28.3.jar (com.google.dagger:dagger:2.28.3) with InstrumentationAnalysisTransform
[        ] Transforming dagger-2.28.3.jar (com.google.dagger:dagger:2.28.3) with MergeInstrumentationAnalysisTransform
[        ] Transforming javax.inject-1.jar (javax.inject:javax.inject:1) with InstrumentationAnalysisTransform
[        ] Transforming guava-33.3.1-jre.jar (com.google.guava:guava:33.3.1-jre) with ExternalDependencyInstrumentingArtifactTransform
[        ] Transforming javax.inject-1.jar (javax.inject:javax.inject:1) with MergeInstrumentationAnalysisTransform
[        ] Transforming kxml2-2.3.0.jar (net.sf.kxml:kxml2:2.3.0) with InstrumentationAnalysisTransform
[        ] Transforming kxml2-2.3.0.jar (net.sf.kxml:kxml2:2.3.0) with MergeInstrumentationAnalysisTransform
[        ] Transforming commons-compress-1.21.jar (org.apache.commons:commons-compress:1.21) with InstrumentationAnalysisTransform
[        ] Transforming dagger-2.28.3.jar (com.google.dagger:dagger:2.28.3) with ExternalDependencyInstrumentingArtifactTransform
[        ] Transforming kxml2-2.3.0.jar (net.sf.kxml:kxml2:2.3.0) with ExternalDependencyInstrumentingArtifactTransform
[        ] Transforming commons-compress-1.21.jar (org.apache.commons:commons-compress:1.21) with MergeInstrumentationAnalysisTransform
[        ] Transforming javax.inject-1.jar (javax.inject:javax.inject:1) with ExternalDependencyInstrumentingArtifactTransform
[        ] Transforming bcutil-jdk18on-1.79.jar (org.bouncycastle:bcutil-jdk18on:1.79) with InstrumentationAnalysisTransform
[        ] Transforming commons-compress-1.21.jar (org.apache.commons:commons-compress:1.21) with ExternalDependencyInstrumentingArtifactTransform
[        ] Transforming bcutil-jdk18on-1.79.jar (org.bouncycastle:bcutil-jdk18on:1.79) with MergeInstrumentationAnalysisTransform
[        ] Transforming bcprov-jdk18on-1.79.jar (org.bouncycastle:bcprov-jdk18on:1.79) with InstrumentationAnalysisTransform
[        ] Transforming bcprov-jdk18on-1.79.jar (org.bouncycastle:bcprov-jdk18on:1.79) with MergeInstrumentationAnalysisTransform
[        ] Transforming bcutil-jdk18on-1.79.jar (org.bouncycastle:bcutil-jdk18on:1.79) with ExternalDependencyInstrumentingArtifactTransform
[        ] Transforming httpclient-4.5.14.jar (org.apache.httpcomponents:httpclient:4.5.14) with InstrumentationAnalysisTransform
[        ] Transforming bcprov-jdk18on-1.79.jar (org.bouncycastle:bcprov-jdk18on:1.79) with ExternalDependencyInstrumentingArtifactTransform
[        ] Transforming httpclient-4.5.14.jar (org.apache.httpcomponents:httpclient:4.5.14) with MergeInstrumentationAnalysisTransform
[        ] Transforming httpcore-4.4.16.jar (org.apache.httpcomponents:httpcore:4.4.16) with InstrumentationAnalysisTransform
[        ] Transforming httpcore-4.4.16.jar (org.apache.httpcomponents:httpcore:4.4.16) with MergeInstrumentationAnalysisTransform
[        ] Transforming javax.activation-1.2.0.jar (com.sun.activation:javax.activation:1.2.0) with InstrumentationAnalysisTransform
[        ] Transforming httpclient-4.5.14.jar (org.apache.httpcomponents:httpclient:4.5.14) with ExternalDependencyInstrumentingArtifactTransform
[        ] Transforming javax.activation-1.2.0.jar (com.sun.activation:javax.activation:1.2.0) with MergeInstrumentationAnalysisTransform
[        ] Transforming httpcore-4.4.16.jar (org.apache.httpcomponents:httpcore:4.4.16) with ExternalDependencyInstrumentingArtifactTransform
[        ] Transforming annotations-23.0.0.jar (org.jetbrains:annotations:23.0.0) with InstrumentationAnalysisTransform
[        ] Transforming annotations-23.0.0.jar (org.jetbrains:annotations:23.0.0) with MergeInstrumentationAnalysisTransform
[        ] Transforming signflinger-8.12.1.jar (com.android:signflinger:8.12.1) with InstrumentationAnalysisTransform
[        ] Transforming signflinger-8.12.1.jar (com.android:signflinger:8.12.1) with MergeInstrumentationAnalysisTransform
[        ] Transforming zipflinger-8.12.1.jar (com.android:zipflinger:8.12.1) with InstrumentationAnalysisTransform
[        ] Transforming javax.activation-1.2.0.jar (com.sun.activation:javax.activation:1.2.0) with ExternalDependencyInstrumentingArtifactTransform
[        ] Transforming zipflinger-8.12.1.jar (com.android:zipflinger:8.12.1) with MergeInstrumentationAnalysisTransform
[        ] Transforming signflinger-8.12.1.jar (com.android:signflinger:8.12.1) with ExternalDependencyInstrumentingArtifactTransform
[        ] Transforming annotations-23.0.0.jar (org.jetbrains:annotations:23.0.0) with ExternalDependencyInstrumentingArtifactTransform
[        ] Transforming zipflinger-8.12.1.jar (com.android:zipflinger:8.12.1) with ExternalDependencyInstrumentingArtifactTransform
[        ] Transforming annotations-31.12.1.jar (com.android.tools:annotations:31.12.1) with InstrumentationAnalysisTransform
[        ] Transforming annotations-31.12.1.jar (com.android.tools:annotations:31.12.1) with MergeInstrumentationAnalysisTransform
[        ] Transforming jna-platform-5.6.0.jar (net.java.dev.jna:jna-platform:5.6.0) with InstrumentationAnalysisTransform
[        ] Transforming jna-platform-5.6.0.jar (net.java.dev.jna:jna-platform:5.6.0) with MergeInstrumentationAnalysisTransform
[        ] Transforming juniversalchardet-1.0.3.jar (com.googlecode.juniversalchardet:juniversalchardet:1.0.3) with InstrumentationAnalysisTransform
[        ] Transforming annotations-31.12.1.jar (com.android.tools:annotations:31.12.1) with ExternalDependencyInstrumentingArtifactTransform
[        ] Transforming jna-platform-5.6.0.jar (net.java.dev.jna:jna-platform:5.6.0) with ExternalDependencyInstrumentingArtifactTransform
[        ] Transforming juniversalchardet-1.0.3.jar (com.googlecode.juniversalchardet:juniversalchardet:1.0.3) with MergeInstrumentationAnalysisTransform
[        ] Transforming javax.annotation-api-1.3.2.jar (javax.annotation:javax.annotation-api:1.3.2) with InstrumentationAnalysisTransform
[        ] Transforming javax.annotation-api-1.3.2.jar (javax.annotation:javax.annotation-api:1.3.2) with MergeInstrumentationAnalysisTransform
[        ] Transforming stax-ex-1.8.1.jar (org.jvnet.staxex:stax-ex:1.8.1) with InstrumentationAnalysisTransform
[        ] Transforming juniversalchardet-1.0.3.jar (com.googlecode.juniversalchardet:juniversalchardet:1.0.3) with ExternalDependencyInstrumentingArtifactTransform
[        ] Transforming stax-ex-1.8.1.jar (org.jvnet.staxex:stax-ex:1.8.1) with MergeInstrumentationAnalysisTransform
[        ] Transforming javax.annotation-api-1.3.2.jar (javax.annotation:javax.annotation-api:1.3.2) with ExternalDependencyInstrumentingArtifactTransform
[        ] Transforming jakarta.xml.bind-api-2.3.2.jar (jakarta.xml.bind:jakarta.xml.bind-api:2.3.2) with InstrumentationAnalysisTransform
[        ] Transforming jakarta.xml.bind-api-2.3.2.jar (jakarta.xml.bind:jakarta.xml.bind-api:2.3.2) with MergeInstrumentationAnalysisTransform
[        ] Transforming txw2-2.3.2.jar (org.glassfish.jaxb:txw2:2.3.2) with InstrumentationAnalysisTransform
[        ] Transforming stax-ex-1.8.1.jar (org.jvnet.staxex:stax-ex:1.8.1) with ExternalDependencyInstrumentingArtifactTransform
[        ] Transforming txw2-2.3.2.jar (org.glassfish.jaxb:txw2:2.3.2) with MergeInstrumentationAnalysisTransform
[        ] Transforming istack-commons-runtime-3.0.8.jar (com.sun.istack:istack-commons-runtime:3.0.8) with InstrumentationAnalysisTransform
[        ] Transforming jakarta.xml.bind-api-2.3.2.jar (jakarta.xml.bind:jakarta.xml.bind-api:2.3.2) with ExternalDependencyInstrumentingArtifactTransform
[        ] Transforming txw2-2.3.2.jar (org.glassfish.jaxb:txw2:2.3.2) with ExternalDependencyInstrumentingArtifactTransform
[        ] Transforming istack-commons-runtime-3.0.8.jar (com.sun.istack:istack-commons-runtime:3.0.8) with MergeInstrumentationAnalysisTransform
[        ] Transforming FastInfoset-1.2.16.jar (com.sun.xml.fastinfoset:FastInfoset:1.2.16) with InstrumentationAnalysisTransform
[        ] Transforming FastInfoset-1.2.16.jar (com.sun.xml.fastinfoset:FastInfoset:1.2.16) with MergeInstrumentationAnalysisTransform
[        ] Transforming jakarta.activation-api-1.2.1.jar (jakarta.activation:jakarta.activation-api:1.2.1) with InstrumentationAnalysisTransform
[        ] Transforming istack-commons-runtime-3.0.8.jar (com.sun.istack:istack-commons-runtime:3.0.8) with ExternalDependencyInstrumentingArtifactTransform
[        ] Transforming jakarta.activation-api-1.2.1.jar (jakarta.activation:jakarta.activation-api:1.2.1) with MergeInstrumentationAnalysisTransform
[        ] Transforming FastInfoset-1.2.16.jar (com.sun.xml.fastinfoset:FastInfoset:1.2.16) with ExternalDependencyInstrumentingArtifactTransform
[        ] Transforming auto-value-annotations-1.6.2.jar (com.google.auto.value:auto-value-annotations:1.6.2) with InstrumentationAnalysisTransform
[        ] Transforming jakarta.activation-api-1.2.1.jar (jakarta.activation:jakarta.activation-api:1.2.1) with ExternalDependencyInstrumentingArtifactTransform
[        ] Transforming auto-value-annotations-1.6.2.jar (com.google.auto.value:auto-value-annotations:1.6.2) with MergeInstrumentationAnalysisTransform
[        ] Transforming error_prone_annotations-2.30.0.jar (com.google.errorprone:error_prone_annotations:2.30.0) with InstrumentationAnalysisTransform
[        ] Transforming error_prone_annotations-2.30.0.jar (com.google.errorprone:error_prone_annotations:2.30.0) with MergeInstrumentationAnalysisTransform
[  +11 ms] Transforming jose4j-0.9.5.jar (org.bitbucket.b_c:jose4j:0.9.5) with InstrumentationAnalysisTransform
[        ] Transforming jose4j-0.9.5.jar (org.bitbucket.b_c:jose4j:0.9.5) with MergeInstrumentationAnalysisTransform
[        ] Transforming slf4j-api-1.7.30.jar (org.slf4j:slf4j-api:1.7.30) with InstrumentationAnalysisTransform
[        ] Transforming error_prone_annotations-2.30.0.jar (com.google.errorprone:error_prone_annotations:2.30.0) with ExternalDependencyInstrumentingArtifactTransform
[        ] Transforming auto-value-annotations-1.6.2.jar (com.google.auto.value:auto-value-annotations:1.6.2) with ExternalDependencyInstrumentingArtifactTransform
[        ] Transforming jose4j-0.9.5.jar (org.bitbucket.b_c:jose4j:0.9.5) with ExternalDependencyInstrumentingArtifactTransform
[        ] Transforming slf4j-api-1.7.30.jar (org.slf4j:slf4j-api:1.7.30) with MergeInstrumentationAnalysisTransform
[        ] Transforming jdom2-2.0.6.jar (org.jdom:jdom2:2.0.6) with InstrumentationAnalysisTransform
[        ] Transforming jdom2-2.0.6.jar (org.jdom:jdom2:2.0.6) with MergeInstrumentationAnalysisTransform
[        ] Transforming slf4j-api-1.7.30.jar (org.slf4j:slf4j-api:1.7.30) with ExternalDependencyInstrumentingArtifactTransform
[        ] Transforming jsr305-3.0.2.jar (com.google.code.findbugs:jsr305:3.0.2) with InstrumentationAnalysisTransform
[        ] Transforming jsr305-3.0.2.jar (com.google.code.findbugs:jsr305:3.0.2) with MergeInstrumentationAnalysisTransform
[        ] Transforming jdom2-2.0.6.jar (org.jdom:jdom2:2.0.6) with ExternalDependencyInstrumentingArtifactTransform
[        ] Transforming j2objc-annotations-3.0.0.jar (com.google.j2objc:j2objc-annotations:3.0.0) with InstrumentationAnalysisTransform
[        ] Transforming jsr305-3.0.2.jar (com.google.code.findbugs:jsr305:3.0.2) with ExternalDependencyInstrumentingArtifactTransform
[        ] Transforming j2objc-annotations-3.0.0.jar (com.google.j2objc:j2objc-annotations:3.0.0) with MergeInstrumentationAnalysisTransform
[        ] Transforming annotations-4.1.1.4.jar (com.google.android:annotations:4.1.1.4) with InstrumentationAnalysisTransform
[        ] Transforming annotations-4.1.1.4.jar (com.google.android:annotations:4.1.1.4) with MergeInstrumentationAnalysisTransform
[        ] Transforming animal-sniffer-annotations-1.24.jar (org.codehaus.mojo:animal-sniffer-annotations:1.24) with InstrumentationAnalysisTransform
[        ] Transforming j2objc-annotations-3.0.0.jar (com.google.j2objc:j2objc-annotations:3.0.0) with ExternalDependencyInstrumentingArtifactTransform
[        ] Transforming animal-sniffer-annotations-1.24.jar (org.codehaus.mojo:animal-sniffer-annotations:1.24) with MergeInstrumentationAnalysisTransform
[        ] Transforming annotations-4.1.1.4.jar (com.google.android:annotations:4.1.1.4) with ExternalDependencyInstrumentingArtifactTransform
[        ] Transforming perfmark-api-0.27.0.jar (io.perfmark:perfmark-api:0.27.0) with InstrumentationAnalysisTransform
[        ] Transforming animal-sniffer-annotations-1.24.jar (org.codehaus.mojo:animal-sniffer-annotations:1.24) with ExternalDependencyInstrumentingArtifactTransform
[        ] Transforming perfmark-api-0.27.0.jar (io.perfmark:perfmark-api:0.27.0) with MergeInstrumentationAnalysisTransform
[        ] Transforming netty-codec-http2-4.1.110.Final.jar (io.netty:netty-codec-http2:4.1.110.Final) with InstrumentationAnalysisTransform
[        ] Transforming netty-codec-http2-4.1.110.Final.jar (io.netty:netty-codec-http2:4.1.110.Final) with MergeInstrumentationAnalysisTransform
[        ] Transforming perfmark-api-0.27.0.jar (io.perfmark:perfmark-api:0.27.0) with ExternalDependencyInstrumentingArtifactTransform
[        ] Transforming netty-handler-proxy-4.1.110.Final.jar (io.netty:netty-handler-proxy:4.1.110.Final) with InstrumentationAnalysisTransform
[        ] Transforming netty-handler-proxy-4.1.110.Final.jar (io.netty:netty-handler-proxy:4.1.110.Final) with MergeInstrumentationAnalysisTransform
[        ] Transforming netty-codec-http-4.1.110.Final.jar (io.netty:netty-codec-http:4.1.110.Final) with InstrumentationAnalysisTransform
[        ] Transforming netty-codec-http2-4.1.110.Final.jar (io.netty:netty-codec-http2:4.1.110.Final) with ExternalDependencyInstrumentingArtifactTransform
[        ] Transforming netty-codec-http-4.1.110.Final.jar (io.netty:netty-codec-http:4.1.110.Final) with MergeInstrumentationAnalysisTransform
[        ] Transforming netty-handler-4.1.110.Final.jar (io.netty:netty-handler:4.1.110.Final) with InstrumentationAnalysisTransform
[        ] Transforming netty-handler-proxy-4.1.110.Final.jar (io.netty:netty-handler-proxy:4.1.110.Final) with ExternalDependencyInstrumentingArtifactTransform
[        ] Transforming netty-codec-http-4.1.110.Final.jar (io.netty:netty-codec-http:4.1.110.Final) with ExternalDependencyInstrumentingArtifactTransform
[        ] Transforming netty-handler-4.1.110.Final.jar (io.netty:netty-handler:4.1.110.Final) with MergeInstrumentationAnalysisTransform
[        ] Transforming netty-transport-native-unix-common-4.1.110.Final.jar (io.netty:netty-transport-native-unix-common:4.1.110.Final) with InstrumentationAnalysisTransform
[        ] Transforming netty-transport-native-unix-common-4.1.110.Final.jar (io.netty:netty-transport-native-unix-common:4.1.110.Final) with MergeInstrumentationAnalysisTransform
[        ] Transforming netty-handler-4.1.110.Final.jar (io.netty:netty-handler:4.1.110.Final) with ExternalDependencyInstrumentingArtifactTransform
[        ] Transforming checker-qual-3.43.0.jar (org.checkerframework:checker-qual:3.43.0) with InstrumentationAnalysisTransform
[        ] Transforming checker-qual-3.43.0.jar (org.checkerframework:checker-qual:3.43.0) with MergeInstrumentationAnalysisTransform
[        ] Transforming apksig-8.12.1.jar (com.android.tools.build:apksig:8.12.1) with InstrumentationAnalysisTransform
[        ] Transforming netty-transport-native-unix-common-4.1.110.Final.jar (io.netty:netty-transport-native-unix-common:4.1.110.Final) with ExternalDependencyInstrumentingArtifactTransform
[        ] Transforming apksig-8.12.1.jar (com.android.tools.build:apksig:8.12.1) with MergeInstrumentationAnalysisTransform
[        ] Transforming javawriter-2.5.0.jar (com.squareup:javawriter:2.5.0) with InstrumentationAnalysisTransform
[        ] Transforming checker-qual-3.43.0.jar (org.checkerframework:checker-qual:3.43.0) with ExternalDependencyInstrumentingArtifactTransform
[        ] Transforming apksig-8.12.1.jar (com.android.tools.build:apksig:8.12.1) with ExternalDependencyInstrumentingArtifactTransform
[        ] Transforming javawriter-2.5.0.jar (com.squareup:javawriter:2.5.0) with MergeInstrumentationAnalysisTransform
[        ] Transforming kotlin-gradle-plugin-annotations-2.2.10.jar (org.jetbrains.kotlin:kotlin-gradle-plugin-annotations:2.2.10) with InstrumentationAnalysisTransform
[        ] Transforming kotlin-gradle-plugin-annotations-2.2.10.jar (org.jetbrains.kotlin:kotlin-gradle-plugin-annotations:2.2.10) with MergeInstrumentationAnalysisTransform
[        ] Transforming kotlin-native-utils-2.2.10.jar (org.jetbrains.kotlin:kotlin-native-utils:2.2.10) with InstrumentationAnalysisTransform
[        ] Transforming javawriter-2.5.0.jar (com.squareup:javawriter:2.5.0) with ExternalDependencyInstrumentingArtifactTransform
[        ] Transforming kotlin-native-utils-2.2.10.jar (org.jetbrains.kotlin:kotlin-native-utils:2.2.10) with MergeInstrumentationAnalysisTransform
[        ] Transforming kotlin-gradle-plugin-annotations-2.2.10.jar (org.jetbrains.kotlin:kotlin-gradle-plugin-annotations:2.2.10) with ExternalDependencyInstrumentingArtifactTransform
[        ] Transforming kotlin-tooling-core-2.2.10.jar (org.jetbrains.kotlin:kotlin-tooling-core:2.2.10) with InstrumentationAnalysisTransform
[        ] Transforming kotlin-native-utils-2.2.10.jar (org.jetbrains.kotlin:kotlin-native-utils:2.2.10) with ExternalDependencyInstrumentingArtifactTransform
[        ] Transforming kotlin-tooling-core-2.2.10.jar (org.jetbrains.kotlin:kotlin-tooling-core:2.2.10) with MergeInstrumentationAnalysisTransform
[        ] Transforming kotlin-build-tools-api-2.2.10.jar (org.jetbrains.kotlin:kotlin-build-tools-api:2.2.10) with InstrumentationAnalysisTransform
[        ] Transforming kotlin-tooling-core-2.2.10.jar (org.jetbrains.kotlin:kotlin-tooling-core:2.2.10) with ExternalDependencyInstrumentingArtifactTransform
[        ] Transforming kotlin-build-tools-api-2.2.10.jar (org.jetbrains.kotlin:kotlin-build-tools-api:2.2.10) with MergeInstrumentationAnalysisTransform
[        ] Transforming kotlin-util-klib-2.2.10.jar (org.jetbrains.kotlin:kotlin-util-klib:2.2.10) with InstrumentationAnalysisTransform
[        ] Transforming kotlin-build-tools-api-2.2.10.jar (org.jetbrains.kotlin:kotlin-build-tools-api:2.2.10) with ExternalDependencyInstrumentingArtifactTransform
[        ] Transforming kotlin-util-klib-2.2.10.jar (org.jetbrains.kotlin:kotlin-util-klib:2.2.10) with MergeInstrumentationAnalysisTransform
[        ] Transforming kotlin-util-io-2.2.10.jar (org.jetbrains.kotlin:kotlin-util-io:2.2.10) with InstrumentationAnalysisTransform
[        ] Transforming kotlin-util-io-2.2.10.jar (org.jetbrains.kotlin:kotlin-util-io:2.2.10) with MergeInstrumentationAnalysisTransform
[        ] Transforming kotlin-daemon-client-2.2.10.jar (org.jetbrains.kotlin:kotlin-daemon-client:2.2.10) with InstrumentationAnalysisTransform
[        ] Transforming kotlin-util-klib-2.2.10.jar (org.jetbrains.kotlin:kotlin-util-klib:2.2.10) with ExternalDependencyInstrumentingArtifactTransform
[        ] Transforming kotlin-daemon-client-2.2.10.jar (org.jetbrains.kotlin:kotlin-daemon-client:2.2.10) with MergeInstrumentationAnalysisTransform
[        ] Transforming kotlin-util-io-2.2.10.jar (org.jetbrains.kotlin:kotlin-util-io:2.2.10) with ExternalDependencyInstrumentingArtifactTransform
[        ] Transforming failureaccess-1.0.2.jar (com.google.guava:failureaccess:1.0.2) with InstrumentationAnalysisTransform
[        ] Transforming failureaccess-1.0.2.jar (com.google.guava:failureaccess:1.0.2) with MergeInstrumentationAnalysisTransform
[        ] Transforming listenablefuture-9999.0-empty-to-avoid-conflict-with-guava.jar (com.google.guava:listenablefuture:9999.0-empty-to-avoid-conflict-with-guava) with InstrumentationAnalysisTransform
[        ] Transforming kotlin-daemon-client-2.2.10.jar (org.jetbrains.kotlin:kotlin-daemon-client:2.2.10) with ExternalDependencyInstrumentingArtifactTransform
[        ] Transforming listenablefuture-9999.0-empty-to-avoid-conflict-with-guava.jar (com.google.guava:listenablefuture:9999.0-empty-to-avoid-conflict-with-guava) with MergeInstrumentationAnalysisTransform
[        ] Transforming failureaccess-1.0.2.jar (com.google.guava:failureaccess:1.0.2) with ExternalDependencyInstrumentingArtifactTransform
[        ] Transforming commons-logging-1.2.jar (commons-logging:commons-logging:1.2) with InstrumentationAnalysisTransform
[        ] Transforming listenablefuture-9999.0-empty-to-avoid-conflict-with-guava.jar (com.google.guava:listenablefuture:9999.0-empty-to-avoid-conflict-with-guava) with ExternalDependencyInstrumentingArtifactTransform
[        ] Transforming commons-logging-1.2.jar (commons-logging:commons-logging:1.2) with MergeInstrumentationAnalysisTransform
[        ] Transforming commons-codec-1.11.jar (commons-codec:commons-codec:1.11) with InstrumentationAnalysisTransform
[        ] Transforming commons-codec-1.11.jar (commons-codec:commons-codec:1.11) with MergeInstrumentationAnalysisTransform
[        ] Transforming jna-5.6.0.jar (net.java.dev.jna:jna:5.6.0) with InstrumentationAnalysisTransform
[        ] Transforming commons-logging-1.2.jar (commons-logging:commons-logging:1.2) with ExternalDependencyInstrumentingArtifactTransform
[        ] Transforming jna-5.6.0.jar (net.java.dev.jna:jna:5.6.0) with MergeInstrumentationAnalysisTransform
[        ] Transforming netty-codec-socks-4.1.110.Final.jar (io.netty:netty-codec-socks:4.1.110.Final) with InstrumentationAnalysisTransform
[        ] Transforming commons-codec-1.11.jar (commons-codec:commons-codec:1.11) with ExternalDependencyInstrumentingArtifactTransform
[        ] Transforming jna-5.6.0.jar (net.java.dev.jna:jna:5.6.0) with ExternalDependencyInstrumentingArtifactTransform
[        ] Transforming netty-codec-socks-4.1.110.Final.jar (io.netty:netty-codec-socks:4.1.110.Final) with MergeInstrumentationAnalysisTransform
[        ] Transforming netty-codec-4.1.110.Final.jar (io.netty:netty-codec:4.1.110.Final) with InstrumentationAnalysisTransform
[        ] Transforming netty-codec-4.1.110.Final.jar (io.netty:netty-codec:4.1.110.Final) with MergeInstrumentationAnalysisTransform
[        ] Transforming netty-transport-4.1.110.Final.jar (io.netty:netty-transport:4.1.110.Final) with InstrumentationAnalysisTransform
[        ] Transforming netty-codec-socks-4.1.110.Final.jar (io.netty:netty-codec-socks:4.1.110.Final) with ExternalDependencyInstrumentingArtifactTransform
[        ] Transforming netty-codec-4.1.110.Final.jar (io.netty:netty-codec:4.1.110.Final) with ExternalDependencyInstrumentingArtifactTransform
[        ] Transforming netty-transport-4.1.110.Final.jar (io.netty:netty-transport:4.1.110.Final) with MergeInstrumentationAnalysisTransform
[        ] Transforming netty-buffer-4.1.110.Final.jar (io.netty:netty-buffer:4.1.110.Final) with InstrumentationAnalysisTransform
[        ] Transforming netty-buffer-4.1.110.Final.jar (io.netty:netty-buffer:4.1.110.Final) with MergeInstrumentationAnalysisTransform
[        ] Transforming netty-resolver-4.1.110.Final.jar (io.netty:netty-resolver:4.1.110.Final) with InstrumentationAnalysisTransform
[        ] Transforming netty-resolver-4.1.110.Final.jar (io.netty:netty-resolver:4.1.110.Final) with MergeInstrumentationAnalysisTransform
[        ] Transforming netty-common-4.1.110.Final.jar (io.netty:netty-common:4.1.110.Final) with InstrumentationAnalysisTransform
[        ] Transforming netty-transport-4.1.110.Final.jar (io.netty:netty-transport:4.1.110.Final) with ExternalDependencyInstrumentingArtifactTransform
[        ] Transforming netty-buffer-4.1.110.Final.jar (io.netty:netty-buffer:4.1.110.Final) with ExternalDependencyInstrumentingArtifactTransform
[        ] Transforming netty-resolver-4.1.110.Final.jar (io.netty:netty-resolver:4.1.110.Final) with ExternalDependencyInstrumentingArtifactTransform
[        ] Transforming netty-common-4.1.110.Final.jar (io.netty:netty-common:4.1.110.Final) with MergeInstrumentationAnalysisTransform
[        ] Transforming netty-common-4.1.110.Final.jar (io.netty:netty-common:4.1.110.Final) with ExternalDependencyInstrumentingArtifactTransform
[        ] Using default execution profile
[        ] Using Kotlin Gradle Plugin gradle85 variant
[  +58 ms] > Configure project :webview_flutter_android
[        ] Evaluating project ':webview_flutter_android' using build file 'C:\Users\┼şug─▒r mami\AppData\Local\Pub\Cache\hosted\pub.dev\webview_flutter_android-4.13.0\android\build.gradle.kts'.
[        ] Transforming gradle-8.13.1.jar (com.android.tools.build:gradle:8.13.1) with InstrumentationAnalysisTransform
[        ] Transforming fus-statistics-gradle-plugin-2.3.0-gradle88.jar (org.jetbrains.kotlin:fus-statistics-gradle-plugin:2.3.0) with InstrumentationAnalysisTransform
[        ] Transforming kotlin-gradle-plugin-api-2.3.0-gradle88.jar (org.jetbrains.kotlin:kotlin-gradle-plugin-api:2.3.0) with InstrumentationAnalysisTransform
[        ] Transforming kotlin-gradle-plugin-2.3.0-gradle88.jar (org.jetbrains.kotlin:kotlin-gradle-plugin:2.3.0) with InstrumentationAnalysisTransform
[        ] Transforming gradle-api-8.13.1.jar (com.android.tools.build:gradle-api:8.13.1) with InstrumentationAnalysisTransform
[        ] Transforming gradle-common-api-8.13.1.jar (com.android.tools.build:gradle-common-api:8.13.1) with InstrumentationAnalysisTransform
[        ] Transforming gradle-settings-api-8.13.1.jar (com.android.tools.build:gradle-settings-api:8.13.1) with InstrumentationAnalysisTransform
[        ] Transforming aaptcompiler-8.13.1.jar (com.android.tools.build:aaptcompiler:8.13.1) with InstrumentationAnalysisTransform
[        ] Transforming databinding-compiler-common-8.13.1.jar (androidx.databinding:databinding-compiler-common:8.13.1) with InstrumentationAnalysisTransform
[        ] Transforming jetifier-processor-1.0.0-beta10.jar (com.android.tools.build.jetifier:jetifier-processor:1.0.0-beta10) with InstrumentationAnalysisTransform
[        ] Transforming jetifier-core-1.0.0-beta10.jar (com.android.tools.build.jetifier:jetifier-core:1.0.0-beta10) with InstrumentationAnalysisTransform
[        ] Transforming builder-8.13.1.jar (com.android.tools.build:builder:8.13.1) with InstrumentationAnalysisTransform
[        ] Transforming lint-model-31.13.1.jar (com.android.tools.lint:lint-model:31.13.1) with InstrumentationAnalysisTransform
[        ] Transforming builder-model-8.13.1.jar (com.android.tools.build:builder-model:8.13.1) with InstrumentationAnalysisTransform
[        ] Transforming manifest-merger-31.13.1.jar (com.android.tools.build:manifest-merger:31.13.1) with InstrumentationAnalysisTransform
[        ] Transforming sdk-common-31.13.1.jar (com.android.tools:sdk-common:31.13.1) with InstrumentationAnalysisTransform
[        ] Transforming sdklib-31.13.1.jar (com.android.tools:sdklib:31.13.1) with InstrumentationAnalysisTransform
[        ] Transforming repository-31.13.1.jar (com.android.tools:repository:31.13.1) with InstrumentationAnalysisTransform
[        ] Transforming tracker-31.13.1.jar (com.android.tools.analytics-library:tracker:31.13.1) with InstrumentationAnalysisTransform
[        ] Transforming shared-31.13.1.jar (com.android.tools.analytics-library:shared:31.13.1) with InstrumentationAnalysisTransform
[        ] Transforming android-test-plugin-host-emulator-control-proto-31.13.1.jar (com.android.tools.utp:android-test-plugin-host-emulator-control-proto:31.13.1) with InstrumentationAnalysisTransform
[        ] Transforming builder-test-api-8.13.1.jar (com.android.tools.build:builder-test-api:8.13.1) with InstrumentationAnalysisTransform
[        ] Transforming ddmlib-31.13.1.jar (com.android.tools.ddms:ddmlib:31.13.1) with InstrumentationAnalysisTransform
[        ] Transforming layoutlib-api-31.13.1.jar (com.android.tools.layoutlib:layoutlib-api:31.13.1) with InstrumentationAnalysisTransform
[        ] Transforming dvlib-31.13.1.jar (com.android.tools:dvlib:31.13.1) with InstrumentationAnalysisTransform
[        ] Transforming common-31.13.1.jar (com.android.tools:common:31.13.1) with InstrumentationAnalysisTransform
[        ] Transforming kotlin-stdlib-jdk8-2.2.0.jar (org.jetbrains.kotlin:kotlin-stdlib-jdk8:2.2.0) with InstrumentationAnalysisTransform
[        ] Transforming kotlin-reflect-1.9.24.jar (org.jetbrains.kotlin:kotlin-reflect:1.9.24) with InstrumentationAnalysisTransform
[        ] Transforming kotlin-compiler-runner-2.3.0.jar (org.jetbrains.kotlin:kotlin-compiler-runner:2.3.0) with InstrumentationAnalysisTransform
[        ] Transforming kotlinx-coroutines-core-jvm-1.9.0.jar (org.jetbrains.kotlinx:kotlinx-coroutines-core-jvm:1.9.0) with InstrumentationAnalysisTransform
[        ] Transforming kotlin-stdlib-jdk7-2.2.0.jar (org.jetbrains.kotlin:kotlin-stdlib-jdk7:2.2.0) with InstrumentationAnalysisTransform
[        ] Transforming kotlin-stdlib-1.9.24.jar (org.jetbrains.kotlin:kotlin-stdlib:1.9.24) with InstrumentationAnalysisTransform
[        ] Transforming annotations-13.0.jar (org.jetbrains:annotations:13.0) with InstrumentationAnalysisTransform
[        ] Transforming bundletool-1.18.1.jar (com.android.tools.build:bundletool:1.18.1) with InstrumentationAnalysisTransform
[        ] Transforming aapt2-proto-8.13.1-13719691.jar (com.android.tools.build:aapt2-proto:8.13.1-13719691) with InstrumentationAnalysisTransform
[        ] Transforming crash-31.13.1.jar (com.android.tools.analytics-library:crash:31.13.1) with InstrumentationAnalysisTransform
[        ] Transforming lint-typedef-remover-31.13.1.jar (com.android.tools.lint:lint-typedef-remover:31.13.1) with InstrumentationAnalysisTransform
[        ] Transforming databinding-common-8.13.1.jar (androidx.databinding:databinding-common:8.13.1) with InstrumentationAnalysisTransform
[        ] Transforming baseLibrary-8.13.1.jar (com.android.databinding:baseLibrary:8.13.1) with InstrumentationAnalysisTransform
[        ] Transforming android-device-provider-ddmlib-proto-31.13.1.jar (com.android.tools.utp:android-device-provider-ddmlib-proto:31.13.1) with InstrumentationAnalysisTransform
[        ] Transforming android-device-provider-profile-proto-31.13.1.jar (com.android.tools.utp:android-device-provider-profile-proto:31.13.1) with InstrumentationAnalysisTransform
[        ] Transforming android-test-plugin-host-additional-test-output-proto-31.13.1.jar (com.android.tools.utp:android-test-plugin-host-additional-test-output-proto:31.13.1) with InstrumentationAnalysisTransform
[        ] Transforming android-test-plugin-host-coverage-proto-31.13.1.jar (com.android.tools.utp:android-test-plugin-host-coverage-proto:31.13.1) with InstrumentationAnalysisTransform
[        ] Transforming android-test-plugin-host-logcat-proto-31.13.1.jar (com.android.tools.utp:android-test-plugin-host-logcat-proto:31.13.1) with InstrumentationAnalysisTransform
[        ] Transforming android-test-plugin-host-apk-installer-proto-31.13.1.jar (com.android.tools.utp:android-test-plugin-host-apk-installer-proto:31.13.1) with InstrumentationAnalysisTransform
[        ] Transforming android-test-plugin-result-listener-gradle-proto-31.13.1.jar (com.android.tools.utp:android-test-plugin-result-listener-gradle-proto:31.13.1) with InstrumentationAnalysisTransform
[        ] Transforming transform-api-2.0.0-deprecated-use-gradle-api.jar (com.android.tools.build:transform-api:2.0.0-deprecated-use-gradle-api) with InstrumentationAnalysisTransform
[        ] Transforming httpmime-4.5.6.jar (org.apache.httpcomponents:httpmime:4.5.6) with InstrumentationAnalysisTransform
[        ] Transforming commons-io-2.16.1.jar (commons-io:commons-io:2.16.1) with InstrumentationAnalysisTransform
[        ] Transforming asm-commons-9.8.jar (org.ow2.asm:asm-commons:9.8) with InstrumentationAnalysisTransform
[        ] Transforming asm-util-9.8.jar (org.ow2.asm:asm-util:9.8) with InstrumentationAnalysisTransform
[        ] Transforming asm-analysis-9.8.jar (org.ow2.asm:asm-analysis:9.8) with InstrumentationAnalysisTransform
[        ] Transforming asm-tree-9.8.jar (org.ow2.asm:asm-tree:9.8) with InstrumentationAnalysisTransform
[        ] Transforming asm-9.8.jar (org.ow2.asm:asm:9.8) with InstrumentationAnalysisTransform
[        ] Transforming apkzlib-8.13.1.jar (com.android.tools.build:apkzlib:8.13.1) with InstrumentationAnalysisTransform
[        ] Transforming bcpkix-jdk18on-1.79.jar (org.bouncycastle:bcpkix-jdk18on:1.79) with InstrumentationAnalysisTransform
[        ] Transforming jaxb-runtime-2.3.2.jar (org.glassfish.jaxb:jaxb-runtime:2.3.2) with InstrumentationAnalysisTransform
[        ] Transforming jopt-simple-4.9.jar (net.sf.jopt-simple:jopt-simple:4.9) with InstrumentationAnalysisTransform
[        ] Transforming javapoet-1.10.0.jar (com.squareup:javapoet:1.10.0) with InstrumentationAnalysisTransform
[        ] Transforming protobuf-java-util-3.25.5.jar (com.google.protobuf:protobuf-java-util:3.25.5) with InstrumentationAnalysisTransform
[        ] Transforming grpc-protobuf-1.69.1.jar (io.grpc:grpc-protobuf:1.69.1) with InstrumentationAnalysisTransform
[        ] Transforming tink-1.7.0.jar (com.google.crypto.tink:tink:1.7.0) with InstrumentationAnalysisTransform
[        ] Transforming core-proto-0.0.9-alpha03.jar (com.google.testing.platform:core-proto:0.0.9-alpha03) with InstrumentationAnalysisTransform
[        ] Transforming protos-31.13.1.jar (com.android.tools.analytics-library:protos:31.13.1) with InstrumentationAnalysisTransform
[        ] Transforming proto-google-common-protos-2.48.0.jar (com.google.api.grpc:proto-google-common-protos:2.48.0) with InstrumentationAnalysisTransform
[        ] Transforming protobuf-java-3.25.5.jar (com.google.protobuf:protobuf-java:3.25.5) with InstrumentationAnalysisTransform
[        ] Transforming grpc-netty-1.69.1.jar (io.grpc:grpc-netty:1.69.1) with InstrumentationAnalysisTransform
[        ] Transforming grpc-inprocess-1.69.1.jar (io.grpc:grpc-inprocess:1.69.1) with InstrumentationAnalysisTransform
[        ] Transforming grpc-util-1.69.1.jar (io.grpc:grpc-util:1.69.1) with InstrumentationAnalysisTransform
[        ] Transforming grpc-core-1.69.1.jar (io.grpc:grpc-core:1.69.1) with InstrumentationAnalysisTransform
[        ] Transforming kotlin-build-statistics-2.3.0.jar (org.jetbrains.kotlin:kotlin-build-statistics:2.3.0) with InstrumentationAnalysisTransform
[        ] Transforming gson-2.11.0.jar (com.google.code.gson:gson:2.11.0) with InstrumentationAnalysisTransform
[        ] Transforming grpc-stub-1.69.1.jar (io.grpc:grpc-stub:1.69.1) with InstrumentationAnalysisTransform
[        ] Transforming tensorflow-lite-metadata-0.2.0.jar (org.tensorflow:tensorflow-lite-metadata:0.2.0) with InstrumentationAnalysisTransform
[        ] Transforming flatbuffers-java-1.12.0.jar (com.google.flatbuffers:flatbuffers-java:1.12.0) with InstrumentationAnalysisTransform
[        ] Transforming kotlin-gradle-plugin-idea-proto-2.3.0.jar (org.jetbrains.kotlin:kotlin-gradle-plugin-idea-proto:2.3.0) with InstrumentationAnalysisTransform
[        ] Transforming kotlin-gradle-plugin-idea-2.3.0.jar (org.jetbrains.kotlin:kotlin-gradle-plugin-idea:2.3.0) with InstrumentationAnalysisTransform
[        ] Transforming kotlin-klib-commonizer-api-2.3.0.jar (org.jetbrains.kotlin:kotlin-klib-commonizer-api:2.3.0) with InstrumentationAnalysisTransform
[        ] Transforming kotlin-util-klib-metadata-2.3.0.jar (org.jetbrains.kotlin:kotlin-util-klib-metadata:2.3.0) with InstrumentationAnalysisTransform
[        ] Transforming abi-tools-api-2.3.0.jar (org.jetbrains.kotlin:abi-tools-api:2.3.0) with InstrumentationAnalysisTransform
[        ] Transforming jimfs-1.1.jar (com.google.jimfs:jimfs:1.1) with InstrumentationAnalysisTransform
[        ] Transforming grpc-context-1.69.1.jar (io.grpc:grpc-context:1.69.1) with InstrumentationAnalysisTransform
[        ] Transforming grpc-protobuf-lite-1.69.1.jar (io.grpc:grpc-protobuf-lite:1.69.1) with InstrumentationAnalysisTransform
[        ] Transforming grpc-api-1.69.1.jar (io.grpc:grpc-api:1.69.1) with InstrumentationAnalysisTransform
[        ] Transforming guava-33.3.1-jre.jar (com.google.guava:guava:33.3.1-jre) with InstrumentationAnalysisTransform
[        ] Transforming dagger-2.28.3.jar (com.google.dagger:dagger:2.28.3) with InstrumentationAnalysisTransform
[        ] Transforming javax.inject-1.jar (javax.inject:javax.inject:1) with InstrumentationAnalysisTransform
[        ] Transforming kxml2-2.3.0.jar (net.sf.kxml:kxml2:2.3.0) with InstrumentationAnalysisTransform
[        ] Transforming commons-compress-1.21.jar (org.apache.commons:commons-compress:1.21) with InstrumentationAnalysisTransform
[        ] Transforming bcutil-jdk18on-1.79.jar (org.bouncycastle:bcutil-jdk18on:1.79) with InstrumentationAnalysisTransform
[        ] Transforming bcprov-jdk18on-1.79.jar (org.bouncycastle:bcprov-jdk18on:1.79) with InstrumentationAnalysisTransform
[        ] Transforming httpclient-4.5.14.jar (org.apache.httpcomponents:httpclient:4.5.14) with InstrumentationAnalysisTransform
[        ] Transforming httpcore-4.4.16.jar (org.apache.httpcomponents:httpcore:4.4.16) with InstrumentationAnalysisTransform
[        ] Transforming javax.activation-1.2.0.jar (com.sun.activation:javax.activation:1.2.0) with InstrumentationAnalysisTransform
[        ] Transforming signflinger-8.13.1.jar (com.android:signflinger:8.13.1) with InstrumentationAnalysisTransform
[        ] Transforming zipflinger-8.13.1.jar (com.android:zipflinger:8.13.1) with InstrumentationAnalysisTransform
[        ] Transforming annotations-31.13.1.jar (com.android.tools:annotations:31.13.1) with InstrumentationAnalysisTransform
[        ] Transforming jna-platform-5.6.0.jar (net.java.dev.jna:jna-platform:5.6.0) with InstrumentationAnalysisTransform
[        ] Transforming juniversalchardet-1.0.3.jar (com.googlecode.juniversalchardet:juniversalchardet:1.0.3) with InstrumentationAnalysisTransform
[        ] Transforming javax.annotation-api-1.3.2.jar (javax.annotation:javax.annotation-api:1.3.2) with InstrumentationAnalysisTransform
[        ] Transforming stax-ex-1.8.1.jar (org.jvnet.staxex:stax-ex:1.8.1) with InstrumentationAnalysisTransform
[        ] Transforming jakarta.xml.bind-api-2.3.2.jar (jakarta.xml.bind:jakarta.xml.bind-api:2.3.2) with InstrumentationAnalysisTransform
[        ] Transforming txw2-2.3.2.jar (org.glassfish.jaxb:txw2:2.3.2) with InstrumentationAnalysisTransform
[        ] Transforming istack-commons-runtime-3.0.8.jar (com.sun.istack:istack-commons-runtime:3.0.8) with InstrumentationAnalysisTransform
[        ] Transforming FastInfoset-1.2.16.jar (com.sun.xml.fastinfoset:FastInfoset:1.2.16) with InstrumentationAnalysisTransform
[        ] Transforming jakarta.activation-api-1.2.1.jar (jakarta.activation:jakarta.activation-api:1.2.1) with InstrumentationAnalysisTransform
[        ] Transforming auto-value-annotations-1.6.2.jar (com.google.auto.value:auto-value-annotations:1.6.2) with InstrumentationAnalysisTransform
[        ] Transforming error_prone_annotations-2.30.0.jar (com.google.errorprone:error_prone_annotations:2.30.0) with InstrumentationAnalysisTransform
[        ] Transforming jose4j-0.9.5.jar (org.bitbucket.b_c:jose4j:0.9.5) with InstrumentationAnalysisTransform
[        ] Transforming slf4j-api-1.7.30.jar (org.slf4j:slf4j-api:1.7.30) with InstrumentationAnalysisTransform
[        ] Transforming jdom2-2.0.6.jar (org.jdom:jdom2:2.0.6) with InstrumentationAnalysisTransform
[        ] Transforming jsr305-3.0.2.jar (com.google.code.findbugs:jsr305:3.0.2) with InstrumentationAnalysisTransform
[        ] Transforming j2objc-annotations-3.0.0.jar (com.google.j2objc:j2objc-annotations:3.0.0) with InstrumentationAnalysisTransform
[        ] Transforming annotations-4.1.1.4.jar (com.google.android:annotations:4.1.1.4) with InstrumentationAnalysisTransform
[        ] Transforming animal-sniffer-annotations-1.24.jar (org.codehaus.mojo:animal-sniffer-annotations:1.24) with InstrumentationAnalysisTransform
[        ] Transforming perfmark-api-0.27.0.jar (io.perfmark:perfmark-api:0.27.0) with InstrumentationAnalysisTransform
[        ] Transforming netty-codec-http2-4.1.110.Final.jar (io.netty:netty-codec-http2:4.1.110.Final) with InstrumentationAnalysisTransform
[        ] Transforming netty-handler-proxy-4.1.110.Final.jar (io.netty:netty-handler-proxy:4.1.110.Final) with InstrumentationAnalysisTransform
[        ] Transforming netty-codec-http-4.1.110.Final.jar (io.netty:netty-codec-http:4.1.110.Final) with InstrumentationAnalysisTransform
[        ] Transforming netty-handler-4.1.110.Final.jar (io.netty:netty-handler:4.1.110.Final) with InstrumentationAnalysisTransform
[        ] Transforming netty-transport-native-unix-common-4.1.110.Final.jar (io.netty:netty-transport-native-unix-common:4.1.110.Final) with InstrumentationAnalysisTransform
[        ] Transforming checker-qual-3.43.0.jar (org.checkerframework:checker-qual:3.43.0) with InstrumentationAnalysisTransform
[        ] Transforming apksig-8.13.1.jar (com.android.tools.build:apksig:8.13.1) with InstrumentationAnalysisTransform
[        ] Transforming javawriter-2.5.0.jar (com.squareup:javawriter:2.5.0) with InstrumentationAnalysisTransform
[        ] Transforming kotlin-gradle-plugin-annotations-2.3.0.jar (org.jetbrains.kotlin:kotlin-gradle-plugin-annotations:2.3.0) with InstrumentationAnalysisTransform
[        ] Transforming kotlin-native-utils-2.3.0.jar (org.jetbrains.kotlin:kotlin-native-utils:2.3.0) with InstrumentationAnalysisTransform
[        ] Transforming kotlin-tooling-core-2.3.0.jar (org.jetbrains.kotlin:kotlin-tooling-core:2.3.0) with InstrumentationAnalysisTransform
[        ] Transforming kotlin-build-tools-api-2.3.0.jar (org.jetbrains.kotlin:kotlin-build-tools-api:2.3.0) with InstrumentationAnalysisTransform
[        ] Transforming kotlin-util-klib-2.3.0.jar (org.jetbrains.kotlin:kotlin-util-klib:2.3.0) with InstrumentationAnalysisTransform
[        ] Transforming kotlin-util-io-2.3.0.jar (org.jetbrains.kotlin:kotlin-util-io:2.3.0) with InstrumentationAnalysisTransform
[        ] Transforming kotlin-daemon-client-2.3.0.jar (org.jetbrains.kotlin:kotlin-daemon-client:2.3.0) with InstrumentationAnalysisTransform
[        ] Transforming failureaccess-1.0.2.jar (com.google.guava:failureaccess:1.0.2) with InstrumentationAnalysisTransform
[        ] Transforming listenablefuture-9999.0-empty-to-avoid-conflict-with-guava.jar (com.google.guava:listenablefuture:9999.0-empty-to-avoid-conflict-with-guava) with InstrumentationAnalysisTransform
[        ] Transforming commons-logging-1.2.jar (commons-logging:commons-logging:1.2) with InstrumentationAnalysisTransform
[        ] Transforming commons-codec-1.11.jar (commons-codec:commons-codec:1.11) with InstrumentationAnalysisTransform
[        ] Transforming jna-5.6.0.jar (net.java.dev.jna:jna:5.6.0) with InstrumentationAnalysisTransform
[        ] Transforming netty-codec-socks-4.1.110.Final.jar (io.netty:netty-codec-socks:4.1.110.Final) with InstrumentationAnalysisTransform
[        ] Transforming netty-codec-4.1.110.Final.jar (io.netty:netty-codec:4.1.110.Final) with InstrumentationAnalysisTransform
[        ] Transforming netty-transport-4.1.110.Final.jar (io.netty:netty-transport:4.1.110.Final) with InstrumentationAnalysisTransform
[        ] Transforming netty-buffer-4.1.110.Final.jar (io.netty:netty-buffer:4.1.110.Final) with InstrumentationAnalysisTransform
[        ] Transforming netty-resolver-4.1.110.Final.jar (io.netty:netty-resolver:4.1.110.Final) with InstrumentationAnalysisTransform
[        ] Transforming netty-common-4.1.110.Final.jar (io.netty:netty-common:4.1.110.Final) with InstrumentationAnalysisTransform
[        ] Transforming gradle-8.13.1.jar (com.android.tools.build:gradle:8.13.1) with InstrumentationAnalysisTransform
[        ] Transforming gradle-8.13.1.jar (com.android.tools.build:gradle:8.13.1) with MergeInstrumentationAnalysisTransform
[        ] Transforming fus-statistics-gradle-plugin-2.3.0-gradle88.jar (org.jetbrains.kotlin:fus-statistics-gradle-plugin:2.3.0) with InstrumentationAnalysisTransform
[        ] Transforming fus-statistics-gradle-plugin-2.3.0-gradle88.jar (org.jetbrains.kotlin:fus-statistics-gradle-plugin:2.3.0) with MergeInstrumentationAnalysisTransform
[        ] Transforming kotlin-gradle-plugin-api-2.3.0-gradle88.jar (org.jetbrains.kotlin:kotlin-gradle-plugin-api:2.3.0) with InstrumentationAnalysisTransform
[        ] Transforming kotlin-gradle-plugin-api-2.3.0-gradle88.jar (org.jetbrains.kotlin:kotlin-gradle-plugin-api:2.3.0) with MergeInstrumentationAnalysisTransform
[        ] Transforming kotlin-gradle-plugin-2.3.0-gradle88.jar (org.jetbrains.kotlin:kotlin-gradle-plugin:2.3.0) with InstrumentationAnalysisTransform
[        ] Transforming fus-statistics-gradle-plugin-2.3.0-gradle88.jar (org.jetbrains.kotlin:fus-statistics-gradle-plugin:2.3.0) with ExternalDependencyInstrumentingArtifactTransform
[        ] Transforming kotlin-gradle-plugin-api-2.3.0-gradle88.jar (org.jetbrains.kotlin:kotlin-gradle-plugin-api:2.3.0) with ExternalDependencyInstrumentingArtifactTransform
[        ] Transforming gradle-8.13.1.jar (com.android.tools.build:gradle:8.13.1) with ExternalDependencyInstrumentingArtifactTransform
[        ] Transforming kotlin-gradle-plugin-2.3.0-gradle88.jar (org.jetbrains.kotlin:kotlin-gradle-plugin:2.3.0) with MergeInstrumentationAnalysisTransform
[        ] Transforming gradle-api-8.13.1.jar (com.android.tools.build:gradle-api:8.13.1) with InstrumentationAnalysisTransform
[        ] Transforming gradle-api-8.13.1.jar (com.android.tools.build:gradle-api:8.13.1) with MergeInstrumentationAnalysisTransform
[        ] Transforming kotlin-gradle-plugin-2.3.0-gradle88.jar (org.jetbrains.kotlin:kotlin-gradle-plugin:2.3.0) with ExternalDependencyInstrumentingArtifactTransform
[        ] Transforming gradle-common-api-8.13.1.jar (com.android.tools.build:gradle-common-api:8.13.1) with InstrumentationAnalysisTransform
[        ] Transforming gradle-api-8.13.1.jar (com.android.tools.build:gradle-api:8.13.1) with ExternalDependencyInstrumentingArtifactTransform
[        ] Transforming gradle-common-api-8.13.1.jar (com.android.tools.build:gradle-common-api:8.13.1) with MergeInstrumentationAnalysisTransform
[        ] Transforming gradle-settings-api-8.13.1.jar (com.android.tools.build:gradle-settings-api:8.13.1) with InstrumentationAnalysisTransform
[        ] Transforming gradle-settings-api-8.13.1.jar (com.android.tools.build:gradle-settings-api:8.13.1) with MergeInstrumentationAnalysisTransform
[        ] Transforming aaptcompiler-8.13.1.jar (com.android.tools.build:aaptcompiler:8.13.1) with InstrumentationAnalysisTransform
[        ] Transforming gradle-common-api-8.13.1.jar (com.android.tools.build:gradle-common-api:8.13.1) with ExternalDependencyInstrumentingArtifactTransform
[        ] Transforming aaptcompiler-8.13.1.jar (com.android.tools.build:aaptcompiler:8.13.1) with MergeInstrumentationAnalysisTransform
[        ] Transforming gradle-settings-api-8.13.1.jar (com.android.tools.build:gradle-settings-api:8.13.1) with ExternalDependencyInstrumentingArtifactTransform
[        ] Transforming databinding-compiler-common-8.13.1.jar (androidx.databinding:databinding-compiler-common:8.13.1) with InstrumentationAnalysisTransform
[        ] Transforming databinding-compiler-common-8.13.1.jar (androidx.databinding:databinding-compiler-common:8.13.1) with MergeInstrumentationAnalysisTransform
[        ] Transforming aaptcompiler-8.13.1.jar (com.android.tools.build:aaptcompiler:8.13.1) with ExternalDependencyInstrumentingArtifactTransform
[        ] Transforming jetifier-processor-1.0.0-beta10.jar (com.android.tools.build.jetifier:jetifier-processor:1.0.0-beta10) with InstrumentationAnalysisTransform
[        ] Transforming databinding-compiler-common-8.13.1.jar (androidx.databinding:databinding-compiler-common:8.13.1) with ExternalDependencyInstrumentingArtifactTransform
[        ] Transforming jetifier-processor-1.0.0-beta10.jar (com.android.tools.build.jetifier:jetifier-processor:1.0.0-beta10) with MergeInstrumentationAnalysisTransform
[        ] Transforming jetifier-core-1.0.0-beta10.jar (com.android.tools.build.jetifier:jetifier-core:1.0.0-beta10) with InstrumentationAnalysisTransform
[        ] Transforming jetifier-core-1.0.0-beta10.jar (com.android.tools.build.jetifier:jetifier-core:1.0.0-beta10) with MergeInstrumentationAnalysisTransform
[        ] Transforming builder-8.13.1.jar (com.android.tools.build:builder:8.13.1) with InstrumentationAnalysisTransform
[        ] Transforming jetifier-processor-1.0.0-beta10.jar (com.android.tools.build.jetifier:jetifier-processor:1.0.0-beta10) with ExternalDependencyInstrumentingArtifactTransform
[        ] Transforming builder-8.13.1.jar (com.android.tools.build:builder:8.13.1) with MergeInstrumentationAnalysisTransform
[        ] Transforming jetifier-core-1.0.0-beta10.jar (com.android.tools.build.jetifier:jetifier-core:1.0.0-beta10) with ExternalDependencyInstrumentingArtifactTransform
[        ] Transforming lint-model-31.13.1.jar (com.android.tools.lint:lint-model:31.13.1) with InstrumentationAnalysisTransform
[        ] Transforming builder-8.13.1.jar (com.android.tools.build:builder:8.13.1) with ExternalDependencyInstrumentingArtifactTransform
[        ] Transforming lint-model-31.13.1.jar (com.android.tools.lint:lint-model:31.13.1) with MergeInstrumentationAnalysisTransform
[        ] Transforming builder-model-8.13.1.jar (com.android.tools.build:builder-model:8.13.1) with InstrumentationAnalysisTransform
[        ] Transforming builder-model-8.13.1.jar (com.android.tools.build:builder-model:8.13.1) with MergeInstrumentationAnalysisTransform
[        ] Transforming manifest-merger-31.13.1.jar (com.android.tools.build:manifest-merger:31.13.1) with InstrumentationAnalysisTransform
[        ] Transforming manifest-merger-31.13.1.jar (com.android.tools.build:manifest-merger:31.13.1) with MergeInstrumentationAnalysisTransform
[        ] Transforming lint-model-31.13.1.jar (com.android.tools.lint:lint-model:31.13.1) with ExternalDependencyInstrumentingArtifactTransform
[        ] Transforming builder-model-8.13.1.jar (com.android.tools.build:builder-model:8.13.1) with ExternalDependencyInstrumentingArtifactTransform
[        ] Transforming sdk-common-31.13.1.jar (com.android.tools:sdk-common:31.13.1) with InstrumentationAnalysisTransform
[        ] Transforming manifest-merger-31.13.1.jar (com.android.tools.build:manifest-merger:31.13.1) with ExternalDependencyInstrumentingArtifactTransform
[        ] Transforming sdk-common-31.13.1.jar (com.android.tools:sdk-common:31.13.1) with MergeInstrumentationAnalysisTransform
[        ] Transforming sdklib-31.13.1.jar (com.android.tools:sdklib:31.13.1) with InstrumentationAnalysisTransform
[        ] Transforming sdklib-31.13.1.jar (com.android.tools:sdklib:31.13.1) with MergeInstrumentationAnalysisTransform
[        ] Transforming repository-31.13.1.jar (com.android.tools:repository:31.13.1) with InstrumentationAnalysisTransform
[        ] Transforming repository-31.13.1.jar (com.android.tools:repository:31.13.1) with MergeInstrumentationAnalysisTransform
[        ] Transforming sdk-common-31.13.1.jar (com.android.tools:sdk-common:31.13.1) with ExternalDependencyInstrumentingArtifactTransform
[        ] Transforming sdklib-31.13.1.jar (com.android.tools:sdklib:31.13.1) with ExternalDependencyInstrumentingArtifactTransform
[        ] Transforming tracker-31.13.1.jar (com.android.tools.analytics-library:tracker:31.13.1) with InstrumentationAnalysisTransform
[        ] Transforming repository-31.13.1.jar (com.android.tools:repository:31.13.1) with ExternalDependencyInstrumentingArtifactTransform
[        ] Transforming tracker-31.13.1.jar (com.android.tools.analytics-library:tracker:31.13.1) with MergeInstrumentationAnalysisTransform
[        ] Transforming shared-31.13.1.jar (com.android.tools.analytics-library:shared:31.13.1) with InstrumentationAnalysisTransform
[        ] Transforming shared-31.13.1.jar (com.android.tools.analytics-library:shared:31.13.1) with MergeInstrumentationAnalysisTransform
[        ] Transforming android-test-plugin-host-emulator-control-proto-31.13.1.jar (com.android.tools.utp:android-test-plugin-host-emulator-control-proto:31.13.1) with InstrumentationAnalysisTransform
[        ] Transforming tracker-31.13.1.jar (com.android.tools.analytics-library:tracker:31.13.1) with ExternalDependencyInstrumentingArtifactTransform
[        ] Transforming android-test-plugin-host-emulator-control-proto-31.13.1.jar (com.android.tools.utp:android-test-plugin-host-emulator-control-proto:31.13.1) with MergeInstrumentationAnalysisTransform
[        ] Transforming shared-31.13.1.jar (com.android.tools.analytics-library:shared:31.13.1) with ExternalDependencyInstrumentingArtifactTransform
[        ] Transforming builder-test-api-8.13.1.jar (com.android.tools.build:builder-test-api:8.13.1) with InstrumentationAnalysisTransform
[        ] Transforming android-test-plugin-host-emulator-control-proto-31.13.1.jar (com.android.tools.utp:android-test-plugin-host-emulator-control-proto:31.13.1) with ExternalDependencyInstrumentingArtifactTransform
[        ] Transforming builder-test-api-8.13.1.jar (com.android.tools.build:builder-test-api:8.13.1) with MergeInstrumentationAnalysisTransform
[        ] Transforming ddmlib-31.13.1.jar (com.android.tools.ddms:ddmlib:31.13.1) with InstrumentationAnalysisTransform
[        ] Transforming ddmlib-31.13.1.jar (com.android.tools.ddms:ddmlib:31.13.1) with MergeInstrumentationAnalysisTransform
[        ] Transforming layoutlib-api-31.13.1.jar (com.android.tools.layoutlib:layoutlib-api:31.13.1) with InstrumentationAnalysisTransform
[        ] Transforming builder-test-api-8.13.1.jar (com.android.tools.build:builder-test-api:8.13.1) with ExternalDependencyInstrumentingArtifactTransform
[        ] Transforming layoutlib-api-31.13.1.jar (com.android.tools.layoutlib:layoutlib-api:31.13.1) with MergeInstrumentationAnalysisTransform
[        ] Transforming dvlib-31.13.1.jar (com.android.tools:dvlib:31.13.1) with InstrumentationAnalysisTransform
[        ] Transforming ddmlib-31.13.1.jar (com.android.tools.ddms:ddmlib:31.13.1) with ExternalDependencyInstrumentingArtifactTransform
[        ] Transforming dvlib-31.13.1.jar (com.android.tools:dvlib:31.13.1) with MergeInstrumentationAnalysisTransform
[        ] Transforming common-31.13.1.jar (com.android.tools:common:31.13.1) with InstrumentationAnalysisTransform
[        ] Transforming layoutlib-api-31.13.1.jar (com.android.tools.layoutlib:layoutlib-api:31.13.1) with ExternalDependencyInstrumentingArtifactTransform
[        ] Transforming common-31.13.1.jar (com.android.tools:common:31.13.1) with MergeInstrumentationAnalysisTransform
[        ] Transforming kotlin-stdlib-jdk8-2.2.0.jar (org.jetbrains.kotlin:kotlin-stdlib-jdk8:2.2.0) with InstrumentationAnalysisTransform
[        ] Transforming kotlin-stdlib-jdk8-2.2.0.jar (org.jetbrains.kotlin:kotlin-stdlib-jdk8:2.2.0) with MergeInstrumentationAnalysisTransform
[        ] Transforming kotlin-reflect-1.9.24.jar (org.jetbrains.kotlin:kotlin-reflect:1.9.24) with InstrumentationAnalysisTransform
[        ] Transforming dvlib-31.13.1.jar (com.android.tools:dvlib:31.13.1) with ExternalDependencyInstrumentingArtifactTransform
[        ] Transforming common-31.13.1.jar (com.android.tools:common:31.13.1) with ExternalDependencyInstrumentingArtifactTransform
[        ] Transforming kotlin-reflect-1.9.24.jar (org.jetbrains.kotlin:kotlin-reflect:1.9.24) with MergeInstrumentationAnalysisTransform
[        ] Transforming kotlin-stdlib-jdk8-2.2.0.jar (org.jetbrains.kotlin:kotlin-stdlib-jdk8:2.2.0) with ExternalDependencyInstrumentingArtifactTransform
[        ] Transforming kotlin-compiler-runner-2.3.0.jar (org.jetbrains.kotlin:kotlin-compiler-runner:2.3.0) with InstrumentationAnalysisTransform
[        ] Transforming kotlin-compiler-runner-2.3.0.jar (org.jetbrains.kotlin:kotlin-compiler-runner:2.3.0) with MergeInstrumentationAnalysisTransform
[        ] Transforming kotlinx-coroutines-core-jvm-1.9.0.jar (org.jetbrains.kotlinx:kotlinx-coroutines-core-jvm:1.9.0) with InstrumentationAnalysisTransform
[        ] Transforming kotlin-reflect-1.9.24.jar (org.jetbrains.kotlin:kotlin-reflect:1.9.24) with ExternalDependencyInstrumentingArtifactTransform
[        ] Transforming kotlinx-coroutines-core-jvm-1.9.0.jar (org.jetbrains.kotlinx:kotlinx-coroutines-core-jvm:1.9.0) with MergeInstrumentationAnalysisTransform
[        ] Transforming kotlin-compiler-runner-2.3.0.jar (org.jetbrains.kotlin:kotlin-compiler-runner:2.3.0) with ExternalDependencyInstrumentingArtifactTransform
[        ] Transforming kotlin-stdlib-jdk7-2.2.0.jar (org.jetbrains.kotlin:kotlin-stdlib-jdk7:2.2.0) with InstrumentationAnalysisTransform
[        ] Transforming kotlinx-coroutines-core-jvm-1.9.0.jar (org.jetbrains.kotlinx:kotlinx-coroutines-core-jvm:1.9.0) with ExternalDependencyInstrumentingArtifactTransform
[        ] Transforming kotlin-stdlib-jdk7-2.2.0.jar (org.jetbrains.kotlin:kotlin-stdlib-jdk7:2.2.0) with MergeInstrumentationAnalysisTransform
[        ] Transforming kotlin-stdlib-1.9.24.jar (org.jetbrains.kotlin:kotlin-stdlib:1.9.24) with InstrumentationAnalysisTransform
[        ] Transforming kotlin-stdlib-1.9.24.jar (org.jetbrains.kotlin:kotlin-stdlib:1.9.24) with MergeInstrumentationAnalysisTransform
[        ] Transforming kotlin-stdlib-jdk7-2.2.0.jar (org.jetbrains.kotlin:kotlin-stdlib-jdk7:2.2.0) with ExternalDependencyInstrumentingArtifactTransform
[        ] Transforming annotations-13.0.jar (org.jetbrains:annotations:13.0) with InstrumentationAnalysisTransform
[        ] Transforming kotlin-stdlib-1.9.24.jar (org.jetbrains.kotlin:kotlin-stdlib:1.9.24) with ExternalDependencyInstrumentingArtifactTransform
[        ] Transforming annotations-13.0.jar (org.jetbrains:annotations:13.0) with MergeInstrumentationAnalysisTransform
[        ] Transforming bundletool-1.18.1.jar (com.android.tools.build:bundletool:1.18.1) with InstrumentationAnalysisTransform
[        ] Transforming bundletool-1.18.1.jar (com.android.tools.build:bundletool:1.18.1) with MergeInstrumentationAnalysisTransform
[        ] Transforming aapt2-proto-8.13.1-13719691.jar (com.android.tools.build:aapt2-proto:8.13.1-13719691) with InstrumentationAnalysisTransform
[        ] Transforming aapt2-proto-8.13.1-13719691.jar (com.android.tools.build:aapt2-proto:8.13.1-13719691) with MergeInstrumentationAnalysisTransform
[        ] Transforming crash-31.13.1.jar (com.android.tools.analytics-library:crash:31.13.1) with InstrumentationAnalysisTransform
[        ] Transforming crash-31.13.1.jar (com.android.tools.analytics-library:crash:31.13.1) with MergeInstrumentationAnalysisTransform
[        ] Transforming bundletool-1.18.1.jar (com.android.tools.build:bundletool:1.18.1) with ExternalDependencyInstrumentingArtifactTransform
[        ] Transforming annotations-13.0.jar (org.jetbrains:annotations:13.0) with ExternalDependencyInstrumentingArtifactTransform
[        ] Transforming aapt2-proto-8.13.1-13719691.jar (com.android.tools.build:aapt2-proto:8.13.1-13719691) with ExternalDependencyInstrumentingArtifactTransform
[        ] Transforming lint-typedef-remover-31.13.1.jar (com.android.tools.lint:lint-typedef-remover:31.13.1) with InstrumentationAnalysisTransform
[        ] Transforming crash-31.13.1.jar (com.android.tools.analytics-library:crash:31.13.1) with ExternalDependencyInstrumentingArtifactTransform
[        ] Transforming lint-typedef-remover-31.13.1.jar (com.android.tools.lint:lint-typedef-remover:31.13.1) with MergeInstrumentationAnalysisTransform
[        ] Transforming databinding-common-8.13.1.jar (androidx.databinding:databinding-common:8.13.1) with InstrumentationAnalysisTransform
[        ] Transforming databinding-common-8.13.1.jar (androidx.databinding:databinding-common:8.13.1) with MergeInstrumentationAnalysisTransform
[        ] Transforming baseLibrary-8.13.1.jar (com.android.databinding:baseLibrary:8.13.1) with InstrumentationAnalysisTransform
[        ] Transforming lint-typedef-remover-31.13.1.jar (com.android.tools.lint:lint-typedef-remover:31.13.1) with ExternalDependencyInstrumentingArtifactTransform
[        ] Transforming baseLibrary-8.13.1.jar (com.android.databinding:baseLibrary:8.13.1) with MergeInstrumentationAnalysisTransform
[        ] Transforming databinding-common-8.13.1.jar (androidx.databinding:databinding-common:8.13.1) with ExternalDependencyInstrumentingArtifactTransform
[        ] Transforming baseLibrary-8.13.1.jar (com.android.databinding:baseLibrary:8.13.1) with ExternalDependencyInstrumentingArtifactTransform
[        ] Transforming android-device-provider-ddmlib-proto-31.13.1.jar (com.android.tools.utp:android-device-provider-ddmlib-proto:31.13.1) with InstrumentationAnalysisTransform
[        ] Transforming android-device-provider-ddmlib-proto-31.13.1.jar (com.android.tools.utp:android-device-provider-ddmlib-proto:31.13.1) with MergeInstrumentationAnalysisTransform
[        ] Transforming android-device-provider-profile-proto-31.13.1.jar (com.android.tools.utp:android-device-provider-profile-proto:31.13.1) with InstrumentationAnalysisTransform
[        ] Transforming android-device-provider-profile-proto-31.13.1.jar (com.android.tools.utp:android-device-provider-profile-proto:31.13.1) with MergeInstrumentationAnalysisTransform
[        ] Transforming android-test-plugin-host-additional-test-output-proto-31.13.1.jar (com.android.tools.utp:android-test-plugin-host-additional-test-output-proto:31.13.1) with InstrumentationAnalysisTransform
[        ] Transforming android-test-plugin-host-additional-test-output-proto-31.13.1.jar (com.android.tools.utp:android-test-plugin-host-additional-test-output-proto:31.13.1) with MergeInstrumentationAnalysisTransform
[        ] Transforming android-test-plugin-host-coverage-proto-31.13.1.jar (com.android.tools.utp:android-test-plugin-host-coverage-proto:31.13.1) with InstrumentationAnalysisTransform
[        ] Transforming android-device-provider-profile-proto-31.13.1.jar (com.android.tools.utp:android-device-provider-profile-proto:31.13.1) with ExternalDependencyInstrumentingArtifactTransform
[        ] Transforming android-device-provider-ddmlib-proto-31.13.1.jar (com.android.tools.utp:android-device-provider-ddmlib-proto:31.13.1) with ExternalDependencyInstrumentingArtifactTransform
[        ] Transforming android-test-plugin-host-additional-test-output-proto-31.13.1.jar (com.android.tools.utp:android-test-plugin-host-additional-test-output-proto:31.13.1) with ExternalDependencyInstrumentingArtifactTransform
[        ] Transforming android-test-plugin-host-coverage-proto-31.13.1.jar (com.android.tools.utp:android-test-plugin-host-coverage-proto:31.13.1) with MergeInstrumentationAnalysisTransform
[        ] Transforming android-test-plugin-host-logcat-proto-31.13.1.jar (com.android.tools.utp:android-test-plugin-host-logcat-proto:31.13.1) with InstrumentationAnalysisTransform
[        ] Transforming android-test-plugin-host-logcat-proto-31.13.1.jar (com.android.tools.utp:android-test-plugin-host-logcat-proto:31.13.1) with MergeInstrumentationAnalysisTransform
[        ] Transforming android-test-plugin-host-apk-installer-proto-31.13.1.jar (com.android.tools.utp:android-test-plugin-host-apk-installer-proto:31.13.1) with InstrumentationAnalysisTransform
[        ] Transforming android-test-plugin-host-coverage-proto-31.13.1.jar (com.android.tools.utp:android-test-plugin-host-coverage-proto:31.13.1) with ExternalDependencyInstrumentingArtifactTransform
[        ] Transforming android-test-plugin-host-apk-installer-proto-31.13.1.jar (com.android.tools.utp:android-test-plugin-host-apk-installer-proto:31.13.1) with MergeInstrumentationAnalysisTransform
[        ] Transforming android-test-plugin-result-listener-gradle-proto-31.13.1.jar (com.android.tools.utp:android-test-plugin-result-listener-gradle-proto:31.13.1) with InstrumentationAnalysisTransform
[        ] Transforming android-test-plugin-host-logcat-proto-31.13.1.jar (com.android.tools.utp:android-test-plugin-host-logcat-proto:31.13.1) with ExternalDependencyInstrumentingArtifactTransform
[        ] Transforming android-test-plugin-result-listener-gradle-proto-31.13.1.jar (com.android.tools.utp:android-test-plugin-result-listener-gradle-proto:31.13.1) with MergeInstrumentationAnalysisTransform
[        ] Transforming transform-api-2.0.0-deprecated-use-gradle-api.jar (com.android.tools.build:transform-api:2.0.0-deprecated-use-gradle-api) with InstrumentationAnalysisTransform
[        ] Transforming android-test-plugin-host-apk-installer-proto-31.13.1.jar (com.android.tools.utp:android-test-plugin-host-apk-installer-proto:31.13.1) with ExternalDependencyInstrumentingArtifactTransform
[        ] Transforming transform-api-2.0.0-deprecated-use-gradle-api.jar (com.android.tools.build:transform-api:2.0.0-deprecated-use-gradle-api) with MergeInstrumentationAnalysisTransform
[        ] Transforming httpmime-4.5.6.jar (org.apache.httpcomponents:httpmime:4.5.6) with InstrumentationAnalysisTransform
[        ] Transforming android-test-plugin-result-listener-gradle-proto-31.13.1.jar (com.android.tools.utp:android-test-plugin-result-listener-gradle-proto:31.13.1) with ExternalDependencyInstrumentingArtifactTransform
[        ] Transforming httpmime-4.5.6.jar (org.apache.httpcomponents:httpmime:4.5.6) with MergeInstrumentationAnalysisTransform
[        ] Transforming transform-api-2.0.0-deprecated-use-gradle-api.jar (com.android.tools.build:transform-api:2.0.0-deprecated-use-gradle-api) with ExternalDependencyInstrumentingArtifactTransform
[        ] Transforming commons-io-2.16.1.jar (commons-io:commons-io:2.16.1) with InstrumentationAnalysisTransform
[        ] Transforming httpmime-4.5.6.jar (org.apache.httpcomponents:httpmime:4.5.6) with ExternalDependencyInstrumentingArtifactTransform
[        ] Transforming commons-io-2.16.1.jar (commons-io:commons-io:2.16.1) with MergeInstrumentationAnalysisTransform
[        ] Transforming asm-commons-9.8.jar (org.ow2.asm:asm-commons:9.8) with InstrumentationAnalysisTransform
[        ] Transforming asm-commons-9.8.jar (org.ow2.asm:asm-commons:9.8) with MergeInstrumentationAnalysisTransform
[        ] Transforming asm-util-9.8.jar (org.ow2.asm:asm-util:9.8) with InstrumentationAnalysisTransform
[        ] Transforming commons-io-2.16.1.jar (commons-io:commons-io:2.16.1) with ExternalDependencyInstrumentingArtifactTransform
[        ] Transforming asm-util-9.8.jar (org.ow2.asm:asm-util:9.8) with MergeInstrumentationAnalysisTransform
[        ] Transforming asm-analysis-9.8.jar (org.ow2.asm:asm-analysis:9.8) with InstrumentationAnalysisTransform
[        ] Transforming asm-commons-9.8.jar (org.ow2.asm:asm-commons:9.8) with ExternalDependencyInstrumentingArtifactTransform
[        ] Transforming asm-util-9.8.jar (org.ow2.asm:asm-util:9.8) with ExternalDependencyInstrumentingArtifactTransform
[        ] Transforming asm-analysis-9.8.jar (org.ow2.asm:asm-analysis:9.8) with MergeInstrumentationAnalysisTransform
[        ] Transforming asm-tree-9.8.jar (org.ow2.asm:asm-tree:9.8) with InstrumentationAnalysisTransform
[        ] Transforming asm-tree-9.8.jar (org.ow2.asm:asm-tree:9.8) with MergeInstrumentationAnalysisTransform
[        ] Transforming asm-9.8.jar (org.ow2.asm:asm:9.8) with InstrumentationAnalysisTransform
[        ] Transforming asm-analysis-9.8.jar (org.ow2.asm:asm-analysis:9.8) with ExternalDependencyInstrumentingArtifactTransform
[        ] Transforming asm-9.8.jar (org.ow2.asm:asm:9.8) with MergeInstrumentationAnalysisTransform
[        ] Transforming apkzlib-8.13.1.jar (com.android.tools.build:apkzlib:8.13.1) with InstrumentationAnalysisTransform
[        ] Transforming asm-tree-9.8.jar (org.ow2.asm:asm-tree:9.8) with ExternalDependencyInstrumentingArtifactTransform
[        ] Transforming apkzlib-8.13.1.jar (com.android.tools.build:apkzlib:8.13.1) with MergeInstrumentationAnalysisTransform
[        ] Transforming asm-9.8.jar (org.ow2.asm:asm:9.8) with ExternalDependencyInstrumentingArtifactTransform
[        ] Transforming bcpkix-jdk18on-1.79.jar (org.bouncycastle:bcpkix-jdk18on:1.79) with InstrumentationAnalysisTransform
[        ] Transforming bcpkix-jdk18on-1.79.jar (org.bouncycastle:bcpkix-jdk18on:1.79) with MergeInstrumentationAnalysisTransform
[        ] Transforming jaxb-runtime-2.3.2.jar (org.glassfish.jaxb:jaxb-runtime:2.3.2) with InstrumentationAnalysisTransform
[        ] Transforming jaxb-runtime-2.3.2.jar (org.glassfish.jaxb:jaxb-runtime:2.3.2) with MergeInstrumentationAnalysisTransform
[        ] Transforming apkzlib-8.13.1.jar (com.android.tools.build:apkzlib:8.13.1) with ExternalDependencyInstrumentingArtifactTransform
[        ] Transforming bcpkix-jdk18on-1.79.jar (org.bouncycastle:bcpkix-jdk18on:1.79) with ExternalDependencyInstrumentingArtifactTransform
[        ] Transforming jopt-simple-4.9.jar (net.sf.jopt-simple:jopt-simple:4.9) with InstrumentationAnalysisTransform
[        ] Transforming jaxb-runtime-2.3.2.jar (org.glassfish.jaxb:jaxb-runtime:2.3.2) with ExternalDependencyInstrumentingArtifactTransform
[        ] Transforming jopt-simple-4.9.jar (net.sf.jopt-simple:jopt-simple:4.9) with MergeInstrumentationAnalysisTransform
[        ] Transforming javapoet-1.10.0.jar (com.squareup:javapoet:1.10.0) with InstrumentationAnalysisTransform
[        ] Transforming javapoet-1.10.0.jar (com.squareup:javapoet:1.10.0) with MergeInstrumentationAnalysisTransform
[        ] Transforming jopt-simple-4.9.jar (net.sf.jopt-simple:jopt-simple:4.9) with ExternalDependencyInstrumentingArtifactTransform
[        ] Transforming protobuf-java-util-3.25.5.jar (com.google.protobuf:protobuf-java-util:3.25.5) with InstrumentationAnalysisTransform
[        ] Transforming javapoet-1.10.0.jar (com.squareup:javapoet:1.10.0) with ExternalDependencyInstrumentingArtifactTransform
[        ] Transforming protobuf-java-util-3.25.5.jar (com.google.protobuf:protobuf-java-util:3.25.5) with MergeInstrumentationAnalysisTransform
[        ] Transforming grpc-protobuf-1.69.1.jar (io.grpc:grpc-protobuf:1.69.1) with InstrumentationAnalysisTransform
[        ] Transforming grpc-protobuf-1.69.1.jar (io.grpc:grpc-protobuf:1.69.1) with MergeInstrumentationAnalysisTransform
[        ] Transforming protobuf-java-util-3.25.5.jar (com.google.protobuf:protobuf-java-util:3.25.5) with ExternalDependencyInstrumentingArtifactTransform
[        ] Transforming tink-1.7.0.jar (com.google.crypto.tink:tink:1.7.0) with InstrumentationAnalysisTransform
[        ] Transforming grpc-protobuf-1.69.1.jar (io.grpc:grpc-protobuf:1.69.1) with ExternalDependencyInstrumentingArtifactTransform
[        ] Transforming tink-1.7.0.jar (com.google.crypto.tink:tink:1.7.0) with MergeInstrumentationAnalysisTransform
[        ] Transforming core-proto-0.0.9-alpha03.jar (com.google.testing.platform:core-proto:0.0.9-alpha03) with InstrumentationAnalysisTransform
[        ] Transforming core-proto-0.0.9-alpha03.jar (com.google.testing.platform:core-proto:0.0.9-alpha03) with MergeInstrumentationAnalysisTransform
[        ] Transforming tink-1.7.0.jar (com.google.crypto.tink:tink:1.7.0) with ExternalDependencyInstrumentingArtifactTransform
[        ] Transforming protos-31.13.1.jar (com.android.tools.analytics-library:protos:31.13.1) with InstrumentationAnalysisTransform
[        ] Transforming protos-31.13.1.jar (com.android.tools.analytics-library:protos:31.13.1) with MergeInstrumentationAnalysisTransform
[        ] Transforming proto-google-common-protos-2.48.0.jar (com.google.api.grpc:proto-google-common-protos:2.48.0) with InstrumentationAnalysisTransform
[        ] Transforming core-proto-0.0.9-alpha03.jar (com.google.testing.platform:core-proto:0.0.9-alpha03) with ExternalDependencyInstrumentingArtifactTransform
[        ] Transforming proto-google-common-protos-2.48.0.jar (com.google.api.grpc:proto-google-common-protos:2.48.0) with MergeInstrumentationAnalysisTransform
[        ] Transforming protos-31.13.1.jar (com.android.tools.analytics-library:protos:31.13.1) with ExternalDependencyInstrumentingArtifactTransform
[        ] Transforming protobuf-java-3.25.5.jar (com.google.protobuf:protobuf-java:3.25.5) with InstrumentationAnalysisTransform
[        ] Transforming protobuf-java-3.25.5.jar (com.google.protobuf:protobuf-java:3.25.5) with MergeInstrumentationAnalysisTransform
[        ] Transforming proto-google-common-protos-2.48.0.jar (com.google.api.grpc:proto-google-common-protos:2.48.0) with ExternalDependencyInstrumentingArtifactTransform
[        ] Transforming grpc-netty-1.69.1.jar (io.grpc:grpc-netty:1.69.1) with InstrumentationAnalysisTransform
[        ] Transforming protobuf-java-3.25.5.jar (com.google.protobuf:protobuf-java:3.25.5) with ExternalDependencyInstrumentingArtifactTransform
[        ] Transforming grpc-netty-1.69.1.jar (io.grpc:grpc-netty:1.69.1) with MergeInstrumentationAnalysisTransform
[        ] Transforming grpc-inprocess-1.69.1.jar (io.grpc:grpc-inprocess:1.69.1) with InstrumentationAnalysisTransform
[        ] Transforming grpc-inprocess-1.69.1.jar (io.grpc:grpc-inprocess:1.69.1) with MergeInstrumentationAnalysisTransform
[        ] Transforming grpc-netty-1.69.1.jar (io.grpc:grpc-netty:1.69.1) with ExternalDependencyInstrumentingArtifactTransform
[        ] Transforming grpc-util-1.69.1.jar (io.grpc:grpc-util:1.69.1) with InstrumentationAnalysisTransform
[        ] Transforming grpc-inprocess-1.69.1.jar (io.grpc:grpc-inprocess:1.69.1) with ExternalDependencyInstrumentingArtifactTransform
[        ] Transforming grpc-util-1.69.1.jar (io.grpc:grpc-util:1.69.1) with MergeInstrumentationAnalysisTransform
[        ] Transforming grpc-core-1.69.1.jar (io.grpc:grpc-core:1.69.1) with InstrumentationAnalysisTransform
[        ] Transforming grpc-core-1.69.1.jar (io.grpc:grpc-core:1.69.1) with MergeInstrumentationAnalysisTransform
[        ] Transforming kotlin-build-statistics-2.3.0.jar (org.jetbrains.kotlin:kotlin-build-statistics:2.3.0) with InstrumentationAnalysisTransform
[        ] Transforming kotlin-build-statistics-2.3.0.jar (org.jetbrains.kotlin:kotlin-build-statistics:2.3.0) with MergeInstrumentationAnalysisTransform
[        ] Transforming gson-2.11.0.jar (com.google.code.gson:gson:2.11.0) with InstrumentationAnalysisTransform
[        ] Transforming gson-2.11.0.jar (com.google.code.gson:gson:2.11.0) with MergeInstrumentationAnalysisTransform
[        ] Transforming grpc-stub-1.69.1.jar (io.grpc:grpc-stub:1.69.1) with InstrumentationAnalysisTransform
[        ] Transforming grpc-util-1.69.1.jar (io.grpc:grpc-util:1.69.1) with ExternalDependencyInstrumentingArtifactTransform
[        ] Transforming kotlin-build-statistics-2.3.0.jar (org.jetbrains.kotlin:kotlin-build-statistics:2.3.0) with ExternalDependencyInstrumentingArtifactTransform
[        ] Transforming gson-2.11.0.jar (com.google.code.gson:gson:2.11.0) with ExternalDependencyInstrumentingArtifactTransform
[        ] Transforming grpc-stub-1.69.1.jar (io.grpc:grpc-stub:1.69.1) with MergeInstrumentationAnalysisTransform
[        ] Transforming tensorflow-lite-metadata-0.2.0.jar (org.tensorflow:tensorflow-lite-metadata:0.2.0) with InstrumentationAnalysisTransform
[        ] Transforming grpc-core-1.69.1.jar (io.grpc:grpc-core:1.69.1) with ExternalDependencyInstrumentingArtifactTransform
[        ] Transforming grpc-stub-1.69.1.jar (io.grpc:grpc-stub:1.69.1) with ExternalDependencyInstrumentingArtifactTransform
[        ] Transforming tensorflow-lite-metadata-0.2.0.jar (org.tensorflow:tensorflow-lite-metadata:0.2.0) with MergeInstrumentationAnalysisTransform
[        ] Transforming flatbuffers-java-1.12.0.jar (com.google.flatbuffers:flatbuffers-java:1.12.0) with InstrumentationAnalysisTransform
[        ] Transforming flatbuffers-java-1.12.0.jar (com.google.flatbuffers:flatbuffers-java:1.12.0) with MergeInstrumentationAnalysisTransform
[        ] Transforming kotlin-gradle-plugin-idea-proto-2.3.0.jar (org.jetbrains.kotlin:kotlin-gradle-plugin-idea-proto:2.3.0) with InstrumentationAnalysisTransform
[        ] Transforming tensorflow-lite-metadata-0.2.0.jar (org.tensorflow:tensorflow-lite-metadata:0.2.0) with ExternalDependencyInstrumentingArtifactTransform
[        ] Transforming kotlin-gradle-plugin-idea-proto-2.3.0.jar (org.jetbrains.kotlin:kotlin-gradle-plugin-idea-proto:2.3.0) with MergeInstrumentationAnalysisTransform
[        ] Transforming kotlin-gradle-plugin-idea-2.3.0.jar (org.jetbrains.kotlin:kotlin-gradle-plugin-idea:2.3.0) with InstrumentationAnalysisTransform
[        ] Transforming flatbuffers-java-1.12.0.jar (com.google.flatbuffers:flatbuffers-java:1.12.0) with ExternalDependencyInstrumentingArtifactTransform
[        ] Transforming kotlin-gradle-plugin-idea-proto-2.3.0.jar (org.jetbrains.kotlin:kotlin-gradle-plugin-idea-proto:2.3.0) with ExternalDependencyInstrumentingArtifactTransform
[        ] Transforming kotlin-gradle-plugin-idea-2.3.0.jar (org.jetbrains.kotlin:kotlin-gradle-plugin-idea:2.3.0) with MergeInstrumentationAnalysisTransform
[        ] Transforming kotlin-klib-commonizer-api-2.3.0.jar (org.jetbrains.kotlin:kotlin-klib-commonizer-api:2.3.0) with InstrumentationAnalysisTransform
[        ] Transforming kotlin-klib-commonizer-api-2.3.0.jar (org.jetbrains.kotlin:kotlin-klib-commonizer-api:2.3.0) with MergeInstrumentationAnalysisTransform
[        ] Transforming kotlin-util-klib-metadata-2.3.0.jar (org.jetbrains.kotlin:kotlin-util-klib-metadata:2.3.0) with InstrumentationAnalysisTransform
[        ] Transforming kotlin-util-klib-metadata-2.3.0.jar (org.jetbrains.kotlin:kotlin-util-klib-metadata:2.3.0) with MergeInstrumentationAnalysisTransform
[        ] Transforming abi-tools-api-2.3.0.jar (org.jetbrains.kotlin:abi-tools-api:2.3.0) with InstrumentationAnalysisTransform
[        ] Transforming kotlin-klib-commonizer-api-2.3.0.jar (org.jetbrains.kotlin:kotlin-klib-commonizer-api:2.3.0) with ExternalDependencyInstrumentingArtifactTransform
[        ] Transforming kotlin-gradle-plugin-idea-2.3.0.jar (org.jetbrains.kotlin:kotlin-gradle-plugin-idea:2.3.0) with ExternalDependencyInstrumentingArtifactTransform
[        ] Transforming kotlin-util-klib-metadata-2.3.0.jar (org.jetbrains.kotlin:kotlin-util-klib-metadata:2.3.0) with ExternalDependencyInstrumentingArtifactTransform
[        ] Transforming abi-tools-api-2.3.0.jar (org.jetbrains.kotlin:abi-tools-api:2.3.0) with MergeInstrumentationAnalysisTransform
[        ] Transforming jimfs-1.1.jar (com.google.jimfs:jimfs:1.1) with InstrumentationAnalysisTransform
[        ] Transforming jimfs-1.1.jar (com.google.jimfs:jimfs:1.1) with MergeInstrumentationAnalysisTransform
[        ] Transforming abi-tools-api-2.3.0.jar (org.jetbrains.kotlin:abi-tools-api:2.3.0) with ExternalDependencyInstrumentingArtifactTransform
[        ] Transforming grpc-context-1.69.1.jar (io.grpc:grpc-context:1.69.1) with InstrumentationAnalysisTransform
[        ] Transforming jimfs-1.1.jar (com.google.jimfs:jimfs:1.1) with ExternalDependencyInstrumentingArtifactTransform
[        ] Transforming grpc-context-1.69.1.jar (io.grpc:grpc-context:1.69.1) with MergeInstrumentationAnalysisTransform
[        ] Transforming grpc-protobuf-lite-1.69.1.jar (io.grpc:grpc-protobuf-lite:1.69.1) with InstrumentationAnalysisTransform
[        ] Transforming grpc-protobuf-lite-1.69.1.jar (io.grpc:grpc-protobuf-lite:1.69.1) with MergeInstrumentationAnalysisTransform
[        ] Transforming grpc-api-1.69.1.jar (io.grpc:grpc-api:1.69.1) with InstrumentationAnalysisTransform
[        ] Transforming grpc-context-1.69.1.jar (io.grpc:grpc-context:1.69.1) with ExternalDependencyInstrumentingArtifactTransform
[        ] Transforming grpc-api-1.69.1.jar (io.grpc:grpc-api:1.69.1) with MergeInstrumentationAnalysisTransform
[        ] Transforming grpc-protobuf-lite-1.69.1.jar (io.grpc:grpc-protobuf-lite:1.69.1) with ExternalDependencyInstrumentingArtifactTransform
[        ] Transforming guava-33.3.1-jre.jar (com.google.guava:guava:33.3.1-jre) with InstrumentationAnalysisTransform
[        ] Transforming grpc-api-1.69.1.jar (io.grpc:grpc-api:1.69.1) with ExternalDependencyInstrumentingArtifactTransform
[        ] Transforming guava-33.3.1-jre.jar (com.google.guava:guava:33.3.1-jre) with MergeInstrumentationAnalysisTransform
[        ] Transforming dagger-2.28.3.jar (com.google.dagger:dagger:2.28.3) with InstrumentationAnalysisTransform
[        ] Transforming dagger-2.28.3.jar (com.google.dagger:dagger:2.28.3) with MergeInstrumentationAnalysisTransform
[        ] Transforming javax.inject-1.jar (javax.inject:javax.inject:1) with InstrumentationAnalysisTransform
[        ] Transforming javax.inject-1.jar (javax.inject:javax.inject:1) with MergeInstrumentationAnalysisTransform
[        ] Transforming kxml2-2.3.0.jar (net.sf.kxml:kxml2:2.3.0) with InstrumentationAnalysisTransform
[        ] Transforming dagger-2.28.3.jar (com.google.dagger:dagger:2.28.3) with ExternalDependencyInstrumentingArtifactTransform
[        ] Transforming guava-33.3.1-jre.jar (com.google.guava:guava:33.3.1-jre) with ExternalDependencyInstrumentingArtifactTransform
[        ] Transforming kxml2-2.3.0.jar (net.sf.kxml:kxml2:2.3.0) with MergeInstrumentationAnalysisTransform
[        ] Transforming javax.inject-1.jar (javax.inject:javax.inject:1) with ExternalDependencyInstrumentingArtifactTransform
[        ] Transforming commons-compress-1.21.jar (org.apache.commons:commons-compress:1.21) with InstrumentationAnalysisTransform
[        ] Transforming kxml2-2.3.0.jar (net.sf.kxml:kxml2:2.3.0) with ExternalDependencyInstrumentingArtifactTransform
[        ] Transforming commons-compress-1.21.jar (org.apache.commons:commons-compress:1.21) with MergeInstrumentationAnalysisTransform
[        ] Transforming bcutil-jdk18on-1.79.jar (org.bouncycastle:bcutil-jdk18on:1.79) with InstrumentationAnalysisTransform
[        ] Transforming bcutil-jdk18on-1.79.jar (org.bouncycastle:bcutil-jdk18on:1.79) with MergeInstrumentationAnalysisTransform
[        ] Transforming bcprov-jdk18on-1.79.jar (org.bouncycastle:bcprov-jdk18on:1.79) with InstrumentationAnalysisTransform
[        ] Transforming commons-compress-1.21.jar (org.apache.commons:commons-compress:1.21) with ExternalDependencyInstrumentingArtifactTransform
[        ] Transforming bcprov-jdk18on-1.79.jar (org.bouncycastle:bcprov-jdk18on:1.79) with MergeInstrumentationAnalysisTransform
[        ] Transforming httpclient-4.5.14.jar (org.apache.httpcomponents:httpclient:4.5.14) with InstrumentationAnalysisTransform
[        ] Transforming bcutil-jdk18on-1.79.jar (org.bouncycastle:bcutil-jdk18on:1.79) with ExternalDependencyInstrumentingArtifactTransform
[        ] Transforming httpclient-4.5.14.jar (org.apache.httpcomponents:httpclient:4.5.14) with MergeInstrumentationAnalysisTransform
[        ] Transforming httpcore-4.4.16.jar (org.apache.httpcomponents:httpcore:4.4.16) with InstrumentationAnalysisTransform
[        ] Transforming bcprov-jdk18on-1.79.jar (org.bouncycastle:bcprov-jdk18on:1.79) with ExternalDependencyInstrumentingArtifactTransform
[        ] Transforming httpcore-4.4.16.jar (org.apache.httpcomponents:httpcore:4.4.16) with MergeInstrumentationAnalysisTransform
[        ] Transforming httpclient-4.5.14.jar (org.apache.httpcomponents:httpclient:4.5.14) with ExternalDependencyInstrumentingArtifactTransform
[        ] Transforming javax.activation-1.2.0.jar (com.sun.activation:javax.activation:1.2.0) with InstrumentationAnalysisTransform
[        ] Transforming javax.activation-1.2.0.jar (com.sun.activation:javax.activation:1.2.0) with MergeInstrumentationAnalysisTransform
[        ] Transforming signflinger-8.13.1.jar (com.android:signflinger:8.13.1) with InstrumentationAnalysisTransform
[        ] Transforming httpcore-4.4.16.jar (org.apache.httpcomponents:httpcore:4.4.16) with ExternalDependencyInstrumentingArtifactTransform
[        ] Transforming signflinger-8.13.1.jar (com.android:signflinger:8.13.1) with MergeInstrumentationAnalysisTransform
[        ] Transforming javax.activation-1.2.0.jar (com.sun.activation:javax.activation:1.2.0) with ExternalDependencyInstrumentingArtifactTransform
[        ] Transforming zipflinger-8.13.1.jar (com.android:zipflinger:8.13.1) with InstrumentationAnalysisTransform
[        ] Transforming signflinger-8.13.1.jar (com.android:signflinger:8.13.1) with ExternalDependencyInstrumentingArtifactTransform
[        ] Transforming zipflinger-8.13.1.jar (com.android:zipflinger:8.13.1) with MergeInstrumentationAnalysisTransform
[        ] Transforming annotations-31.13.1.jar (com.android.tools:annotations:31.13.1) with InstrumentationAnalysisTransform
[        ] Transforming annotations-31.13.1.jar (com.android.tools:annotations:31.13.1) with MergeInstrumentationAnalysisTransform
[        ] Transforming jna-platform-5.6.0.jar (net.java.dev.jna:jna-platform:5.6.0) with InstrumentationAnalysisTransform
[        ] Transforming zipflinger-8.13.1.jar (com.android:zipflinger:8.13.1) with ExternalDependencyInstrumentingArtifactTransform
[        ] Transforming jna-platform-5.6.0.jar (net.java.dev.jna:jna-platform:5.6.0) with MergeInstrumentationAnalysisTransform
[        ] Transforming juniversalchardet-1.0.3.jar (com.googlecode.juniversalchardet:juniversalchardet:1.0.3) with InstrumentationAnalysisTransform
[        ] Transforming annotations-31.13.1.jar (com.android.tools:annotations:31.13.1) with ExternalDependencyInstrumentingArtifactTransform
[        ] Transforming juniversalchardet-1.0.3.jar (com.googlecode.juniversalchardet:juniversalchardet:1.0.3) with MergeInstrumentationAnalysisTransform
[        ] Transforming jna-platform-5.6.0.jar (net.java.dev.jna:jna-platform:5.6.0) with ExternalDependencyInstrumentingArtifactTransform
[        ] Transforming javax.annotation-api-1.3.2.jar (javax.annotation:javax.annotation-api:1.3.2) with InstrumentationAnalysisTransform
[        ] Transforming javax.annotation-api-1.3.2.jar (javax.annotation:javax.annotation-api:1.3.2) with MergeInstrumentationAnalysisTransform
[        ] Transforming juniversalchardet-1.0.3.jar (com.googlecode.juniversalchardet:juniversalchardet:1.0.3) with ExternalDependencyInstrumentingArtifactTransform
[        ] Transforming stax-ex-1.8.1.jar (org.jvnet.staxex:stax-ex:1.8.1) with InstrumentationAnalysisTransform
[        ] Transforming javax.annotation-api-1.3.2.jar (javax.annotation:javax.annotation-api:1.3.2) with ExternalDependencyInstrumentingArtifactTransform
[        ] Transforming stax-ex-1.8.1.jar (org.jvnet.staxex:stax-ex:1.8.1) with MergeInstrumentationAnalysisTransform
[        ] Transforming jakarta.xml.bind-api-2.3.2.jar (jakarta.xml.bind:jakarta.xml.bind-api:2.3.2) with InstrumentationAnalysisTransform
[        ] Transforming jakarta.xml.bind-api-2.3.2.jar (jakarta.xml.bind:jakarta.xml.bind-api:2.3.2) with MergeInstrumentationAnalysisTransform
[        ] Transforming txw2-2.3.2.jar (org.glassfish.jaxb:txw2:2.3.2) with InstrumentationAnalysisTransform
[        ] Transforming stax-ex-1.8.1.jar (org.jvnet.staxex:stax-ex:1.8.1) with ExternalDependencyInstrumentingArtifactTransform
[        ] Transforming txw2-2.3.2.jar (org.glassfish.jaxb:txw2:2.3.2) with MergeInstrumentationAnalysisTransform
[        ] Transforming jakarta.xml.bind-api-2.3.2.jar (jakarta.xml.bind:jakarta.xml.bind-api:2.3.2) with ExternalDependencyInstrumentingArtifactTransform
[        ] Transforming istack-commons-runtime-3.0.8.jar (com.sun.istack:istack-commons-runtime:3.0.8) with InstrumentationAnalysisTransform
[        ] Transforming istack-commons-runtime-3.0.8.jar (com.sun.istack:istack-commons-runtime:3.0.8) with MergeInstrumentationAnalysisTransform
[        ] Transforming FastInfoset-1.2.16.jar (com.sun.xml.fastinfoset:FastInfoset:1.2.16) with InstrumentationAnalysisTransform
[        ] Transforming txw2-2.3.2.jar (org.glassfish.jaxb:txw2:2.3.2) with ExternalDependencyInstrumentingArtifactTransform
[        ] Transforming istack-commons-runtime-3.0.8.jar (com.sun.istack:istack-commons-runtime:3.0.8) with ExternalDependencyInstrumentingArtifactTransform
[        ] Transforming FastInfoset-1.2.16.jar (com.sun.xml.fastinfoset:FastInfoset:1.2.16) with MergeInstrumentationAnalysisTransform
[        ] Transforming jakarta.activation-api-1.2.1.jar (jakarta.activation:jakarta.activation-api:1.2.1) with InstrumentationAnalysisTransform
[        ] Transforming jakarta.activation-api-1.2.1.jar (jakarta.activation:jakarta.activation-api:1.2.1) with MergeInstrumentationAnalysisTransform
[        ] Transforming auto-value-annotations-1.6.2.jar (com.google.auto.value:auto-value-annotations:1.6.2) with InstrumentationAnalysisTransform
[        ] Transforming FastInfoset-1.2.16.jar (com.sun.xml.fastinfoset:FastInfoset:1.2.16) with ExternalDependencyInstrumentingArtifactTransform
[        ] Transforming auto-value-annotations-1.6.2.jar (com.google.auto.value:auto-value-annotations:1.6.2) with MergeInstrumentationAnalysisTransform
[        ] Transforming error_prone_annotations-2.30.0.jar (com.google.errorprone:error_prone_annotations:2.30.0) with InstrumentationAnalysisTransform
[        ] Transforming jakarta.activation-api-1.2.1.jar (jakarta.activation:jakarta.activation-api:1.2.1) with ExternalDependencyInstrumentingArtifactTransform
[        ] Transforming error_prone_annotations-2.30.0.jar (com.google.errorprone:error_prone_annotations:2.30.0) with MergeInstrumentationAnalysisTransform
[        ] Transforming jose4j-0.9.5.jar (org.bitbucket.b_c:jose4j:0.9.5) with InstrumentationAnalysisTransform
[        ] Transforming jose4j-0.9.5.jar (org.bitbucket.b_c:jose4j:0.9.5) with MergeInstrumentationAnalysisTransform
[        ] Transforming slf4j-api-1.7.30.jar (org.slf4j:slf4j-api:1.7.30) with InstrumentationAnalysisTransform
[        ] Transforming auto-value-annotations-1.6.2.jar (com.google.auto.value:auto-value-annotations:1.6.2) with ExternalDependencyInstrumentingArtifactTransform
[        ] Transforming error_prone_annotations-2.30.0.jar (com.google.errorprone:error_prone_annotations:2.30.0) with ExternalDependencyInstrumentingArtifactTransform
[        ] Transforming jose4j-0.9.5.jar (org.bitbucket.b_c:jose4j:0.9.5) with ExternalDependencyInstrumentingArtifactTransform
[        ] Transforming slf4j-api-1.7.30.jar (org.slf4j:slf4j-api:1.7.30) with MergeInstrumentationAnalysisTransform
[        ] Transforming jdom2-2.0.6.jar (org.jdom:jdom2:2.0.6) with InstrumentationAnalysisTransform
[        ] Transforming jdom2-2.0.6.jar (org.jdom:jdom2:2.0.6) with MergeInstrumentationAnalysisTransform
[        ] Transforming jsr305-3.0.2.jar (com.google.code.findbugs:jsr305:3.0.2) with InstrumentationAnalysisTransform
[        ] Transforming slf4j-api-1.7.30.jar (org.slf4j:slf4j-api:1.7.30) with ExternalDependencyInstrumentingArtifactTransform
[        ] Transforming jsr305-3.0.2.jar (com.google.code.findbugs:jsr305:3.0.2) with MergeInstrumentationAnalysisTransform
[        ] Transforming j2objc-annotations-3.0.0.jar (com.google.j2objc:j2objc-annotations:3.0.0) with InstrumentationAnalysisTransform
[        ] Transforming jdom2-2.0.6.jar (org.jdom:jdom2:2.0.6) with ExternalDependencyInstrumentingArtifactTransform
[        ] Transforming jsr305-3.0.2.jar (com.google.code.findbugs:jsr305:3.0.2) with ExternalDependencyInstrumentingArtifactTransform
[        ] Transforming j2objc-annotations-3.0.0.jar (com.google.j2objc:j2objc-annotations:3.0.0) with MergeInstrumentationAnalysisTransform
[        ] Transforming annotations-4.1.1.4.jar (com.google.android:annotations:4.1.1.4) with InstrumentationAnalysisTransform
[        ] Transforming annotations-4.1.1.4.jar (com.google.android:annotations:4.1.1.4) with MergeInstrumentationAnalysisTransform
[        ] Transforming animal-sniffer-annotations-1.24.jar (org.codehaus.mojo:animal-sniffer-annotations:1.24) with InstrumentationAnalysisTransform
[        ] Transforming j2objc-annotations-3.0.0.jar (com.google.j2objc:j2objc-annotations:3.0.0) with ExternalDependencyInstrumentingArtifactTransform
[        ] Transforming animal-sniffer-annotations-1.24.jar (org.codehaus.mojo:animal-sniffer-annotations:1.24) with MergeInstrumentationAnalysisTransform
[        ] Transforming perfmark-api-0.27.0.jar (io.perfmark:perfmark-api:0.27.0) with InstrumentationAnalysisTransform
[        ] Transforming annotations-4.1.1.4.jar (com.google.android:annotations:4.1.1.4) with ExternalDependencyInstrumentingArtifactTransform
[        ] Transforming perfmark-api-0.27.0.jar (io.perfmark:perfmark-api:0.27.0) with MergeInstrumentationAnalysisTransform
[        ] Transforming netty-codec-http2-4.1.110.Final.jar (io.netty:netty-codec-http2:4.1.110.Final) with InstrumentationAnalysisTransform
[        ] Transforming netty-codec-http2-4.1.110.Final.jar (io.netty:netty-codec-http2:4.1.110.Final) with MergeInstrumentationAnalysisTransform
[        ] Transforming netty-handler-proxy-4.1.110.Final.jar (io.netty:netty-handler-proxy:4.1.110.Final) with InstrumentationAnalysisTransform
[        ] Transforming perfmark-api-0.27.0.jar (io.perfmark:perfmark-api:0.27.0) with ExternalDependencyInstrumentingArtifactTransform
[        ] Transforming animal-sniffer-annotations-1.24.jar (org.codehaus.mojo:animal-sniffer-annotations:1.24) with ExternalDependencyInstrumentingArtifactTransform
[        ] Transforming netty-codec-http2-4.1.110.Final.jar (io.netty:netty-codec-http2:4.1.110.Final) with ExternalDependencyInstrumentingArtifactTransform
[        ] Transforming netty-handler-proxy-4.1.110.Final.jar (io.netty:netty-handler-proxy:4.1.110.Final) with MergeInstrumentationAnalysisTransform
[        ] Transforming netty-codec-http-4.1.110.Final.jar (io.netty:netty-codec-http:4.1.110.Final) with InstrumentationAnalysisTransform
[        ] Transforming netty-codec-http-4.1.110.Final.jar (io.netty:netty-codec-http:4.1.110.Final) with MergeInstrumentationAnalysisTransform
[        ] Transforming netty-handler-4.1.110.Final.jar (io.netty:netty-handler:4.1.110.Final) with InstrumentationAnalysisTransform
[        ] Transforming netty-handler-proxy-4.1.110.Final.jar (io.netty:netty-handler-proxy:4.1.110.Final) with ExternalDependencyInstrumentingArtifactTransform
[        ] Transforming netty-handler-4.1.110.Final.jar (io.netty:netty-handler:4.1.110.Final) with MergeInstrumentationAnalysisTransform
[        ] Transforming netty-codec-http-4.1.110.Final.jar (io.netty:netty-codec-http:4.1.110.Final) with ExternalDependencyInstrumentingArtifactTransform
[        ] Transforming netty-transport-native-unix-common-4.1.110.Final.jar (io.netty:netty-transport-native-unix-common:4.1.110.Final) with InstrumentationAnalysisTransform
[        ] Transforming netty-handler-4.1.110.Final.jar (io.netty:netty-handler:4.1.110.Final) with ExternalDependencyInstrumentingArtifactTransform
[        ] Transforming netty-transport-native-unix-common-4.1.110.Final.jar (io.netty:netty-transport-native-unix-common:4.1.110.Final) with MergeInstrumentationAnalysisTransform
[        ] Transforming checker-qual-3.43.0.jar (org.checkerframework:checker-qual:3.43.0) with InstrumentationAnalysisTransform
[        ] Transforming checker-qual-3.43.0.jar (org.checkerframework:checker-qual:3.43.0) with MergeInstrumentationAnalysisTransform
[        ] Transforming apksig-8.13.1.jar (com.android.tools.build:apksig:8.13.1) with InstrumentationAnalysisTransform
[        ] Transforming netty-transport-native-unix-common-4.1.110.Final.jar (io.netty:netty-transport-native-unix-common:4.1.110.Final) with ExternalDependencyInstrumentingArtifactTransform
[        ] Transforming apksig-8.13.1.jar (com.android.tools.build:apksig:8.13.1) with MergeInstrumentationAnalysisTransform
[        ] Transforming javawriter-2.5.0.jar (com.squareup:javawriter:2.5.0) with InstrumentationAnalysisTransform
[        ] Transforming checker-qual-3.43.0.jar (org.checkerframework:checker-qual:3.43.0) with ExternalDependencyInstrumentingArtifactTransform
[        ] Transforming javawriter-2.5.0.jar (com.squareup:javawriter:2.5.0) with MergeInstrumentationAnalysisTransform
[        ] Transforming apksig-8.13.1.jar (com.android.tools.build:apksig:8.13.1) with ExternalDependencyInstrumentingArtifactTransform
[        ] Transforming kotlin-gradle-plugin-annotations-2.3.0.jar (org.jetbrains.kotlin:kotlin-gradle-plugin-annotations:2.3.0) with InstrumentationAnalysisTransform
[        ] Transforming javawriter-2.5.0.jar (com.squareup:javawriter:2.5.0) with ExternalDependencyInstrumentingArtifactTransform
[        ] Transforming kotlin-gradle-plugin-annotations-2.3.0.jar (org.jetbrains.kotlin:kotlin-gradle-plugin-annotations:2.3.0) with MergeInstrumentationAnalysisTransform
[        ] Transforming kotlin-native-utils-2.3.0.jar (org.jetbrains.kotlin:kotlin-native-utils:2.3.0) with InstrumentationAnalysisTransform
[        ] Transforming kotlin-native-utils-2.3.0.jar (org.jetbrains.kotlin:kotlin-native-utils:2.3.0) with MergeInstrumentationAnalysisTransform
[        ] Transforming kotlin-tooling-core-2.3.0.jar (org.jetbrains.kotlin:kotlin-tooling-core:2.3.0) with InstrumentationAnalysisTransform
[        ] Transforming kotlin-gradle-plugin-annotations-2.3.0.jar (org.jetbrains.kotlin:kotlin-gradle-plugin-annotations:2.3.0) with ExternalDependencyInstrumentingArtifactTransform
[        ] Transforming kotlin-native-utils-2.3.0.jar (org.jetbrains.kotlin:kotlin-native-utils:2.3.0) with ExternalDependencyInstrumentingArtifactTransform
[        ] Transforming kotlin-tooling-core-2.3.0.jar (org.jetbrains.kotlin:kotlin-tooling-core:2.3.0) with MergeInstrumentationAnalysisTransform
[        ] Transforming kotlin-build-tools-api-2.3.0.jar (org.jetbrains.kotlin:kotlin-build-tools-api:2.3.0) with InstrumentationAnalysisTransform
[        ] Transforming kotlin-build-tools-api-2.3.0.jar (org.jetbrains.kotlin:kotlin-build-tools-api:2.3.0) with MergeInstrumentationAnalysisTransform
[        ] Transforming kotlin-util-klib-2.3.0.jar (org.jetbrains.kotlin:kotlin-util-klib:2.3.0) with InstrumentationAnalysisTransform
[        ] Transforming kotlin-util-klib-2.3.0.jar (org.jetbrains.kotlin:kotlin-util-klib:2.3.0) with MergeInstrumentationAnalysisTransform
[        ] Transforming kotlin-util-io-2.3.0.jar (org.jetbrains.kotlin:kotlin-util-io:2.3.0) with InstrumentationAnalysisTransform
[        ] Transforming kotlin-tooling-core-2.3.0.jar (org.jetbrains.kotlin:kotlin-tooling-core:2.3.0) with ExternalDependencyInstrumentingArtifactTransform
[        ] Transforming kotlin-util-klib-2.3.0.jar (org.jetbrains.kotlin:kotlin-util-klib:2.3.0) with ExternalDependencyInstrumentingArtifactTransform
[        ] Transforming kotlin-build-tools-api-2.3.0.jar (org.jetbrains.kotlin:kotlin-build-tools-api:2.3.0) with ExternalDependencyInstrumentingArtifactTransform
[        ] Transforming kotlin-util-io-2.3.0.jar (org.jetbrains.kotlin:kotlin-util-io:2.3.0) with MergeInstrumentationAnalysisTransform
[        ] Transforming kotlin-daemon-client-2.3.0.jar (org.jetbrains.kotlin:kotlin-daemon-client:2.3.0) with InstrumentationAnalysisTransform
[        ] Transforming kotlin-daemon-client-2.3.0.jar (org.jetbrains.kotlin:kotlin-daemon-client:2.3.0) with MergeInstrumentationAnalysisTransform
[        ] Transforming failureaccess-1.0.2.jar (com.google.guava:failureaccess:1.0.2) with InstrumentationAnalysisTransform
[        ] Transforming failureaccess-1.0.2.jar (com.google.guava:failureaccess:1.0.2) with MergeInstrumentationAnalysisTransform
[        ] Transforming kotlin-util-io-2.3.0.jar (org.jetbrains.kotlin:kotlin-util-io:2.3.0) with ExternalDependencyInstrumentingArtifactTransform
[        ] Transforming listenablefuture-9999.0-empty-to-avoid-conflict-with-guava.jar (com.google.guava:listenablefuture:9999.0-empty-to-avoid-conflict-with-guava) with InstrumentationAnalysisTransform
[        ] Transforming kotlin-daemon-client-2.3.0.jar (org.jetbrains.kotlin:kotlin-daemon-client:2.3.0) with ExternalDependencyInstrumentingArtifactTransform
[        ] Transforming listenablefuture-9999.0-empty-to-avoid-conflict-with-guava.jar (com.google.guava:listenablefuture:9999.0-empty-to-avoid-conflict-with-guava) with MergeInstrumentationAnalysisTransform
[        ] Transforming commons-logging-1.2.jar (commons-logging:commons-logging:1.2) with InstrumentationAnalysisTransform
[        ] Transforming failureaccess-1.0.2.jar (com.google.guava:failureaccess:1.0.2) with ExternalDependencyInstrumentingArtifactTransform
[        ] Transforming commons-logging-1.2.jar (commons-logging:commons-logging:1.2) with MergeInstrumentationAnalysisTransform
[        ] Transforming commons-codec-1.11.jar (commons-codec:commons-codec:1.11) with InstrumentationAnalysisTransform
[        ] Transforming listenablefuture-9999.0-empty-to-avoid-conflict-with-guava.jar (com.google.guava:listenablefuture:9999.0-empty-to-avoid-conflict-with-guava) with ExternalDependencyInstrumentingArtifactTransform
[        ] Transforming commons-codec-1.11.jar (commons-codec:commons-codec:1.11) with MergeInstrumentationAnalysisTransform
[        ] Transforming commons-logging-1.2.jar (commons-logging:commons-logging:1.2) with ExternalDependencyInstrumentingArtifactTransform
[        ] Transforming jna-5.6.0.jar (net.java.dev.jna:jna:5.6.0) with InstrumentationAnalysisTransform
[        ] Transforming jna-5.6.0.jar (net.java.dev.jna:jna:5.6.0) with MergeInstrumentationAnalysisTransform
[        ] Transforming netty-codec-socks-4.1.110.Final.jar (io.netty:netty-codec-socks:4.1.110.Final) with InstrumentationAnalysisTransform
[        ] Transforming commons-codec-1.11.jar (commons-codec:commons-codec:1.11) with ExternalDependencyInstrumentingArtifactTransform
[        ] Transforming jna-5.6.0.jar (net.java.dev.jna:jna:5.6.0) with ExternalDependencyInstrumentingArtifactTransform
[        ] Transforming netty-codec-socks-4.1.110.Final.jar (io.netty:netty-codec-socks:4.1.110.Final) with MergeInstrumentationAnalysisTransform
[        ] Transforming netty-codec-4.1.110.Final.jar (io.netty:netty-codec:4.1.110.Final) with InstrumentationAnalysisTransform
[        ] Transforming netty-codec-4.1.110.Final.jar (io.netty:netty-codec:4.1.110.Final) with MergeInstrumentationAnalysisTransform
[        ] Transforming netty-codec-socks-4.1.110.Final.jar (io.netty:netty-codec-socks:4.1.110.Final) with ExternalDependencyInstrumentingArtifactTransform
[        ] Transforming netty-transport-4.1.110.Final.jar (io.netty:netty-transport:4.1.110.Final) with InstrumentationAnalysisTransform
[        ] Transforming netty-codec-4.1.110.Final.jar (io.netty:netty-codec:4.1.110.Final) with ExternalDependencyInstrumentingArtifactTransform
[        ] Transforming netty-transport-4.1.110.Final.jar (io.netty:netty-transport:4.1.110.Final) with MergeInstrumentationAnalysisTransform
[        ] Transforming netty-buffer-4.1.110.Final.jar (io.netty:netty-buffer:4.1.110.Final) with InstrumentationAnalysisTransform
[        ] Transforming netty-buffer-4.1.110.Final.jar (io.netty:netty-buffer:4.1.110.Final) with MergeInstrumentationAnalysisTransform
[        ] Transforming netty-resolver-4.1.110.Final.jar (io.netty:netty-resolver:4.1.110.Final) with InstrumentationAnalysisTransform
[        ] Transforming netty-transport-4.1.110.Final.jar (io.netty:netty-transport:4.1.110.Final) with ExternalDependencyInstrumentingArtifactTransform
[        ] Transforming netty-resolver-4.1.110.Final.jar (io.netty:netty-resolver:4.1.110.Final) with MergeInstrumentationAnalysisTransform
[        ] Transforming netty-buffer-4.1.110.Final.jar (io.netty:netty-buffer:4.1.110.Final) with ExternalDependencyInstrumentingArtifactTransform
[        ] Transforming netty-common-4.1.110.Final.jar (io.netty:netty-common:4.1.110.Final) with InstrumentationAnalysisTransform
[        ] Transforming netty-resolver-4.1.110.Final.jar (io.netty:netty-resolver:4.1.110.Final) with ExternalDependencyInstrumentingArtifactTransform
[        ] Transforming netty-common-4.1.110.Final.jar (io.netty:netty-common:4.1.110.Final) with MergeInstrumentationAnalysisTransform
[        ] Transforming netty-common-4.1.110.Final.jar (io.netty:netty-common:4.1.110.Final) with ExternalDependencyInstrumentingArtifactTransform
[        ] Using default execution profile
[        ] All projects evaluated.
[        ] WARNING: Your Android app project: app located at: C:\poke\color_world\android\app\build.gradle.kts
[        ] applies the Kotlin Gradle Plugin, which will cause build failures in future versions of Flutter. 
[        ] Please migrate your app to Built-in Kotlin using this guide: https://docs.flutter.dev/release/breaking-changes/migrate-to-built-in-kotlin/for-app-developers
[        ] WARNING: Your app uses the following plugins that apply Kotlin Gradle Plugin (KGP): shared_preferences_android
[        ] Future versions of Flutter will fail to build if your app uses plugins that apply KGP.
[        ] Please check the changelogs of these plugins and upgrade to a version that supports Built-in Kotlin.
[        ] If no such version exists, report the issue to the plugin. If necessary, here is a guide on filing 
[        ] an issue against a plugin: https://docs.flutter.dev/release/breaking-changes/migrate-to-built-in-kotlin/for-app-developers#report-incompatible-kotlin-gradle-plugin-usage-to-plugin-authors
[        ] If you are a plugin author, please migrate your plugin to Built-in Kotlin using this guide: https://docs.flutter.dev/release/breaking-changes/migrate-to-built-in-kotlin/for-plugin-authors
[        ] Task name matched 'assembleDebug'
[        ] Selected primary task 'assembleDebug' from project :
[        ] WARNING: We recommend using a newer Android Gradle plugin to use compileSdk = 36
[        ] This Android Gradle plugin (8.6.0) was tested up to compileSdk = 35.
[        ] You are strongly encouraged to update your project to use a newer
[        ] Android Gradle plugin that has been tested with compileSdk = 36.
[        ] If you are already using the latest version of the Android Gradle plugin,
[        ] you may need to wait until a newer version with support for compileSdk = 36 is available.
[        ] For more information refer to the compatibility table:
[        ] https://d.android.com/r/tools/api-level-support
[        ] To suppress this warning, add/update
[        ]     android.suppressUnsupportedCompileSdk=36
[        ] to this project's gradle.properties.
[  +87 ms] Tasks to be executed: [task ':app:DebugMinSdkCheck', task ':app:preBuild', task ':app:preDebugBuild', task ':app:mergeDebugNativeDebugMetadata', task ':app:checkKotlinGradlePluginConfigurationErrors', task ':gal:preBuild', task ':gal:preDebugBuild', task ':gal:writeDebugAarMetadata', task ':google_mobile_ads:preBuild', task ':google_mobile_ads:preDebugBuild', task ':google_mobile_ads:writeDebugAarMetadata', task ':path_provider_android:preBuild', task ':path_provider_android:preDebugBuild', task ':path_provider_android:writeDebugAarMetadata', task ':permission_handler_android:preBuild', task ':permission_handler_android:preDebugBuild', task ':permission_handler_android:writeDebugAarMetadata', task ':shared_preferences_android:preBuild', task ':shared_preferences_android:preDebugBuild', task ':shared_preferences_android:writeDebugAarMetadata', task ':webview_flutter_android:preBuild', task ':webview_flutter_android:preDebugBuild', task ':webview_flutter_android:writeDebugAarMetadata', task ':app:checkDebugAarMetadata', task ':app:cleanMergeDebugAssets', task ':app:compileFlutterBuildDebug', task ':app:mergeDebugShaders', task ':app:compileDebugShaders', task ':app:generateDebugAssets', task ':gal:mergeDebugShaders', task ':gal:compileDebugShaders', task ':gal:generateDebugAssets', task ':gal:packageDebugAssets', task ':google_mobile_ads:mergeDebugShaders', task ':google_mobile_ads:compileDebugShaders', task ':google_mobile_ads:generateDebugAssets', task ':google_mobile_ads:packageDebugAssets', task ':path_provider_android:mergeDebugShaders', task ':path_provider_android:compileDebugShaders', task ':path_provider_android:generateDebugAssets', task ':path_provider_android:packageDebugAssets', task ':permission_handler_android:mergeDebugShaders', task ':permission_handler_android:compileDebugShaders', task ':permission_handler_android:generateDebugAssets', task ':permission_handler_android:packageDebugAssets', task ':shared_preferences_android:mergeDebugShaders', task ':shared_preferences_android:compileDebugShaders', task ':shared_preferences_android:generateDebugAssets', task ':shared_preferences_android:packageDebugAssets', task ':webview_flutter_android:mergeDebugShaders', task ':webview_flutter_android:compileDebugShaders', task ':webview_flutter_android:generateDebugAssets', task ':webview_flutter_android:packageDebugAssets', task ':app:mergeDebugAssets', task ':app:copyFlutterAssetsDebug', task ':app:generateDebugResValues', task ':gal:generateDebugResValues', task ':gal:generateDebugResources', task ':gal:packageDebugResources', task ':google_mobile_ads:generateDebugResValues', task ':google_mobile_ads:generateDebugResources', task ':google_mobile_ads:packageDebugResources', task ':path_provider_android:generateDebugResValues', task ':path_provider_android:generateDebugResources', task ':path_provider_android:packageDebugResources', task ':permission_handler_android:generateDebugResValues', task ':permission_handler_android:generateDebugResources', task ':permission_handler_android:packageDebugResources', task ':shared_preferences_android:generateDebugResValues', task ':shared_preferences_android:generateDebugResources', task ':shared_preferences_android:packageDebugResources', task ':webview_flutter_android:generateDebugResValues', task ':webview_flutter_android:generateDebugResources', task ':webview_flutter_android:packageDebugResources', task ':app:mapDebugSourceSetPaths', task ':app:generateDebugResources', task ':app:mergeDebugResources', task ':app:packageDebugResources', task ':app:parseDebugLocalResources', task ':app:createDebugCompatibleScreenManifests', task ':app:extractDeepLinksDebug', task ':gal:extractDeepLinksDebug', task ':gal:processDebugManifest', task ':google_mobile_ads:extractDeepLinksDebug', task ':google_mobile_ads:processDebugManifest', task ':path_provider_android:extractDeepLinksDebug', task ':path_provider_android:processDebugManifest', task ':permission_handler_android:extractDeepLinksDebug', task ':permission_handler_android:processDebugManifest', task ':shared_preferences_android:extractDeepLinksDebug', task ':shared_preferences_android:processDebugManifest', task ':webview_flutter_android:extractDeepLinksDebug', task ':webview_flutter_android:processDebugManifest', task ':app:processDebugMainManifest', task ':app:outputDebugAppLinkSettings', task ':app:processDebugManifest', task ':app:processDebugManifestForPackage', task ':gal:compileDebugLibraryResources', task ':gal:parseDebugLocalResources', task ':gal:generateDebugRFile', task ':google_mobile_ads:compileDebugLibraryResources', task ':google_mobile_ads:parseDebugLocalResources', task ':google_mobile_ads:generateDebugRFile', task ':path_provider_android:compileDebugLibraryResources', task ':path_provider_android:parseDebugLocalResources', task ':path_provider_android:generateDebugRFile', task ':permission_handler_android:compileDebugLibraryResources', task ':permission_handler_android:parseDebugLocalResources', task ':permission_handler_android:generateDebugRFile', task ':shared_preferences_android:compileDebugLibraryResources', task ':shared_preferences_android:parseDebugLocalResources', task ':shared_preferences_android:generateDebugRFile', task ':webview_flutter_android:compileDebugLibraryResources', task ':webview_flutter_android:parseDebugLocalResources', task ':webview_flutter_android:generateDebugRFile', task ':app:processDebugResources', task ':gal:checkKotlinGradlePluginConfigurationErrors', task ':gal:compileDebugKotlin', task ':gal:javaPreCompileDebug', task ':gal:compileDebugJavaWithJavac', task ':gal:bundleLibCompileToJarDebug', task ':google_mobile_ads:checkKotlinGradlePluginConfigurationErrors', task ':webview_flutter_android:checkKotlinGradlePluginConfigurationErrors', task ':webview_flutter_android:compileDebugKotlin', task ':webview_flutter_android:javaPreCompileDebug', task ':webview_flutter_android:compileDebugJavaWithJavac', task ':webview_flutter_android:bundleLibCompileToJarDebug', task ':google_mobile_ads:compileDebugKotlin', task ':google_mobile_ads:javaPreCompileDebug', task ':google_mobile_ads:compileDebugJavaWithJavac', task ':google_mobile_ads:bundleLibCompileToJarDebug', task ':path_provider_android:checkKotlinGradlePluginConfigurationErrors', task ':path_provider_android:compileDebugKotlin', task ':path_provider_android:javaPreCompileDebug', task ':path_provider_android:compileDebugJavaWithJavac', task ':path_provider_android:bundleLibCompileToJarDebug', task ':permission_handler_android:checkKotlinGradlePluginConfigurationErrors', task ':permission_handler_android:compileDebugKotlin', task ':permission_handler_android:javaPreCompileDebug', task ':permission_handler_android:compileDebugJavaWithJavac', task ':permission_handler_android:bundleLibCompileToJarDebug', task ':shared_preferences_android:checkKotlinGradlePluginConfigurationErrors', task ':shared_preferences_android:compileDebugKotlin', task ':shared_preferences_android:javaPreCompileDebug', task ':shared_preferences_android:compileDebugJavaWithJavac', task ':shared_preferences_android:bundleLibCompileToJarDebug', task ':app:compileDebugKotlin', task ':app:javaPreCompileDebug', task ':app:compileDebugJavaWithJavac', task ':app:compressDebugAssets', task ':gal:bundleLibRuntimeToJarDebug', task ':google_mobile_ads:bundleLibRuntimeToJarDebug', task ':path_provider_android:bundleLibRuntimeToJarDebug', task ':permission_handler_android:bundleLibRuntimeToJarDebug', task ':shared_preferences_android:bundleLibRuntimeToJarDebug', task ':webview_flutter_android:bundleLibRuntimeToJarDebug', task ':app:desugarDebugFileDependencies', task ':app:dexBuilderDebug', task ':app:mergeDebugGlobalSynthetics', task ':app:processDebugJavaRes', task ':gal:processDebugJavaRes', task ':google_mobile_ads:processDebugJavaRes', task ':path_provider_android:processDebugJavaRes', task ':permission_handler_android:processDebugJavaRes', task ':shared_preferences_android:processDebugJavaRes', task ':webview_flutter_android:processDebugJavaRes', task ':app:mergeDebugJavaResource', task ':app:checkDebugDuplicateClasses', task ':app:mergeExtDexDebug', task ':gal:bundleLibRuntimeToDirDebug', task ':google_mobile_ads:bundleLibRuntimeToDirDebug', task ':path_provider_android:bundleLibRuntimeToDirDebug', task ':permission_handler_android:bundleLibRuntimeToDirDebug', task ':shared_preferences_android:bundleLibRuntimeToDirDebug', task ':webview_flutter_android:bundleLibRuntimeToDirDebug', task ':app:mergeLibDexDebug', task ':app:mergeProjectDexDebug', task ':app:configureCMakeDebug[arm64-v8a]', task ':app:buildCMakeDebug[arm64-v8a]', task ':app:configureCMakeDebug[armeabi-v7a]', task ':app:buildCMakeDebug[armeabi-v7a]', task ':app:configureCMakeDebug[x86_64]', task ':app:buildCMakeDebug[x86_64]', task ':app:copyJniLibsflutterBuildDebug', task ':app:mergeDebugJniLibFolders', task ':gal:mergeDebugJniLibFolders', task ':gal:mergeDebugNativeLibs', task ':gal:copyDebugJniLibsProjectOnly', task ':google_mobile_ads:mergeDebugJniLibFolders', task ':google_mobile_ads:mergeDebugNativeLibs', task ':google_mobile_ads:copyDebugJniLibsProjectOnly', task ':path_provider_android:mergeDebugJniLibFolders', task ':path_provider_android:mergeDebugNativeLibs', task ':path_provider_android:copyDebugJniLibsProjectOnly', task ':permission_handler_android:mergeDebugJniLibFolders', task ':permission_handler_android:mergeDebugNativeLibs', task ':permission_handler_android:copyDebugJniLibsProjectOnly', task ':shared_preferences_android:mergeDebugJniLibFolders', task ':shared_preferences_android:mergeDebugNativeLibs', task ':shared_preferences_android:copyDebugJniLibsProjectOnly', task ':webview_flutter_android:mergeDebugJniLibFolders', task ':webview_flutter_android:mergeDebugNativeLibs', task ':webview_flutter_android:copyDebugJniLibsProjectOnly', task ':app:mergeDebugNativeLibs', task ':app:stripDebugDebugSymbols', task ':app:validateSigningDebug', task ':app:writeDebugAppMetadata', task ':app:writeDebugSigningConfigVersions', task ':app:packageDebug', task ':app:createDebugApkListingFileRedirect', task ':app:assembleDebug', task ':gal:stripDebugDebugSymbols', task ':gal:copyDebugJniLibsProjectAndLocalJars', task ':gal:extractDebugAnnotations', task ':gal:extractDeepLinksForAarDebug', task ':gal:mergeDebugGeneratedProguardFiles', task ':gal:mergeDebugConsumerProguardFiles', task ':gal:prepareDebugArtProfile', task ':gal:prepareLintJarForPublish', task ':gal:mergeDebugJavaResource', task ':gal:syncDebugLibJars', task ':gal:bundleDebugAar', task ':gal:assembleDebug', task ':google_mobile_ads:stripDebugDebugSymbols', task ':google_mobile_ads:copyDebugJniLibsProjectAndLocalJars', task ':google_mobile_ads:extractDebugAnnotations', task ':google_mobile_ads:extractDeepLinksForAarDebug', task ':google_mobile_ads:mergeDebugGeneratedProguardFiles', task ':google_mobile_ads:mergeDebugConsumerProguardFiles', task ':google_mobile_ads:prepareDebugArtProfile', task ':google_mobile_ads:prepareLintJarForPublish', task ':google_mobile_ads:mergeDebugJavaResource', task ':google_mobile_ads:syncDebugLibJars', task ':google_mobile_ads:bundleDebugAar', task ':google_mobile_ads:assembleDebug', task ':path_provider_android:stripDebugDebugSymbols', task ':path_provider_android:copyDebugJniLibsProjectAndLocalJars', task ':path_provider_android:extractDebugAnnotations', task ':path_provider_android:extractDeepLinksForAarDebug', task ':path_provider_android:mergeDebugGeneratedProguardFiles', task ':path_provider_android:mergeDebugConsumerProguardFiles', task ':path_provider_android:prepareDebugArtProfile', task ':path_provider_android:prepareLintJarForPublish', task ':path_provider_android:mergeDebugJavaResource', task ':path_provider_android:syncDebugLibJars', task ':path_provider_android:bundleDebugAar', task ':path_provider_android:assembleDebug', task ':permission_handler_android:stripDebugDebugSymbols', task ':permission_handler_android:copyDebugJniLibsProjectAndLocalJars', task ':permission_handler_android:extractDebugAnnotations', task ':permission_handler_android:extractDeepLinksForAarDebug', task ':permission_handler_android:mergeDebugGeneratedProguardFiles', task ':permission_handler_android:mergeDebugConsumerProguardFiles', task ':permission_handler_android:prepareDebugArtProfile', task ':permission_handler_android:prepareLintJarForPublish', task ':permission_handler_android:mergeDebugJavaResource', task ':permission_handler_android:syncDebugLibJars', task ':permission_handler_android:bundleDebugAar', task ':permission_handler_android:assembleDebug', task ':shared_preferences_android:stripDebugDebugSymbols', task ':shared_preferences_android:copyDebugJniLibsProjectAndLocalJars', task ':shared_preferences_android:extractDebugAnnotations', task ':shared_preferences_android:extractDeepLinksForAarDebug', task ':shared_preferences_android:mergeDebugGeneratedProguardFiles', task ':shared_preferences_android:mergeDebugConsumerProguardFiles', task ':shared_preferences_android:prepareDebugArtProfile', task ':shared_preferences_android:prepareLintJarForPublish', task ':shared_preferences_android:mergeDebugJavaResource', task ':shared_preferences_android:syncDebugLibJars', task ':shared_preferences_android:bundleDebugAar', task ':shared_preferences_android:assembleDebug', task ':webview_flutter_android:stripDebugDebugSymbols', task ':webview_flutter_android:copyDebugJniLibsProjectAndLocalJars', task ':webview_flutter_android:extractDebugAnnotations', task ':webview_flutter_android:extractDeepLinksForAarDebug', task ':webview_flutter_android:mergeDebugGeneratedProguardFiles', task ':webview_flutter_android:mergeDebugConsumerProguardFiles', task ':webview_flutter_android:prepareDebugArtProfile', task ':webview_flutter_android:prepareLintJarForPublish', task ':webview_flutter_android:mergeDebugJavaResource', task ':webview_flutter_android:syncDebugLibJars', task ':webview_flutter_android:bundleDebugAar', task ':webview_flutter_android:assembleDebug']
[        ] Tasks that were excluded: []
[        ] work action Parameters of IdentityTransform (Thread[#8298,Execution worker Thread 16,5,main]) started.
[        ] work action Parameters of DexingNoClasspathTransform (Thread[#8298,Execution worker Thread 16,5,main]) started.
[        ] work action Parameters of DexingOutputSplitTransform (Thread[#8298,Execution worker Thread 16,5,main]) started.
[        ] work action Parameters of ClassesDirToClassesTransform (Thread[#8286,Execution worker Thread 4,5,main]) started.
[        ] work action Parameters of DexingOutputSplitTransform (Thread[#8303,Execution worker Thread 20,5,main]) started.
[        ] Resolve mutations for :app:DebugMinSdkCheck (Thread[#8300,Execution worker Thread 18,5,main]) started.
[        ] :app:DebugMinSdkCheck (Thread[#8302,Execution worker Thread 19,5,main]) started.
[        ] > Task :app:DebugMinSdkCheck
[        ] Caching disabled for task ':app:DebugMinSdkCheck' because:
[        ]   Build cache is disabled
[        ] Task ':app:DebugMinSdkCheck' is not up-to-date because:
[        ]   Task has not declared any outputs despite executing actions.
[        ] Resolve mutations for :app:preBuild (Thread[#8302,Execution worker Thread 19,5,main]) started.
[        ] :app:preBuild (Thread[#8302,Execution worker Thread 19,5,main]) started.
[        ] > Task :app:preBuild UP-TO-DATE
[        ] Skipping task ':app:preBuild' as it has no actions.
[        ] Resolve mutations for :app:preDebugBuild (Thread[#8302,Execution worker Thread 19,5,main]) started.
[        ] :app:preDebugBuild (Thread[#8290,Execution worker Thread 8,5,main]) started.
[        ] > Task :app:preDebugBuild UP-TO-DATE
[        ] Skipping task ':app:preDebugBuild' as it has no actions.
[        ] Resolve mutations for :app:mergeDebugNativeDebugMetadata (Thread[#8290,Execution worker Thread 8,5,main]) started.
[        ] :app:mergeDebugNativeDebugMetadata (Thread[#8290,Execution worker Thread 8,5,main]) started.
[        ] > Task :app:mergeDebugNativeDebugMetadata NO-SOURCE
[        ] Skipping task ':app:mergeDebugNativeDebugMetadata' as it has no source files and no previous output files.
[        ] Resolve mutations for :app:checkKotlinGradlePluginConfigurationErrors (Thread[#8290,Execution worker Thread 8,5,main]) started.
[        ] :app:checkKotlinGradlePluginConfigurationErrors (Thread[#8290,Execution worker Thread 8,5,main]) started.
[        ] > Task :app:checkKotlinGradlePluginConfigurationErrors SKIPPED
[        ] Skipping task ':app:checkKotlinGradlePluginConfigurationErrors' as task onlyIf 'errorDiagnostics are present' is false.
[        ] Resolve mutations for :gal:preBuild (Thread[#8290,Execution worker Thread 8,5,main]) started.
[        ] :gal:preBuild (Thread[#8304,Execution worker Thread 21,5,main]) started.
[        ] > Task :gal:preBuild UP-TO-DATE
[        ] Skipping task ':gal:preBuild' as it has no actions.
[        ] Resolve mutations for :gal:preDebugBuild (Thread[#8304,Execution worker Thread 21,5,main]) started.
[        ] :gal:preDebugBuild (Thread[#8304,Execution worker Thread 21,5,main]) started.
[        ] > Task :gal:preDebugBuild UP-TO-DATE
[        ] Skipping task ':gal:preDebugBuild' as it has no actions.
[        ] Resolve mutations for :gal:writeDebugAarMetadata (Thread[#8304,Execution worker Thread 21,5,main]) started.
[        ] :gal:writeDebugAarMetadata (Thread[#8299,Execution worker Thread 17,5,main]) started.
[        ] > Task :gal:writeDebugAarMetadata UP-TO-DATE
[        ] Caching disabled for task ':gal:writeDebugAarMetadata' because:
[        ]   Build cache is disabled
[        ]   Caching has been disabled for the task
[        ] Skipping task ':gal:writeDebugAarMetadata' as it is up-to-date.
[        ] work action resolve aar-metadata.properties (project :gal) (Thread[#8299,Execution worker Thread 17,5,main]) started.
[        ] Resolve mutations for :google_mobile_ads:preBuild (Thread[#8299,Execution worker Thread 17,5,main]) started.
[        ] :google_mobile_ads:preBuild (Thread[#8299,Execution worker Thread 17,5,main]) started.
[        ] > Task :google_mobile_ads:preBuild UP-TO-DATE
[        ] Skipping task ':google_mobile_ads:preBuild' as it has no actions.
[        ] Resolve mutations for :google_mobile_ads:preDebugBuild (Thread[#8299,Execution worker Thread 17,5,main]) started.
[        ] :google_mobile_ads:preDebugBuild (Thread[#8299,Execution worker Thread 17,5,main]) started.
[        ] > Task :google_mobile_ads:preDebugBuild UP-TO-DATE
[        ] Skipping task ':google_mobile_ads:preDebugBuild' as it has no actions.
[        ] Resolve mutations for :google_mobile_ads:writeDebugAarMetadata (Thread[#8299,Execution worker Thread 17,5,main]) started.
[        ] :google_mobile_ads:writeDebugAarMetadata (Thread[#8299,Execution worker Thread 17,5,main]) started.
[        ] > Task :google_mobile_ads:writeDebugAarMetadata UP-TO-DATE
[        ] Caching disabled for task ':google_mobile_ads:writeDebugAarMetadata' because:
[        ]   Build cache is disabled
[        ]   Caching has been disabled for the task
[        ] Skipping task ':google_mobile_ads:writeDebugAarMetadata' as it is up-to-date.
[        ] work action resolve aar-metadata.properties (project :google_mobile_ads) (Thread[#8299,Execution worker Thread 17,5,main]) started.
[        ] Resolve mutations for :path_provider_android:preBuild (Thread[#8299,Execution worker Thread 17,5,main]) started.
[        ] :path_provider_android:preBuild (Thread[#8299,Execution worker Thread 17,5,main]) started.
[        ] > Task :path_provider_android:preBuild UP-TO-DATE
[        ] Skipping task ':path_provider_android:preBuild' as it has no actions.
[        ] Resolve mutations for :path_provider_android:preDebugBuild (Thread[#8286,Execution worker Thread 4,5,main]) started.
[        ] :path_provider_android:preDebugBuild (Thread[#8283,Execution worker,5,main]) started.
[        ] > Task :path_provider_android:preDebugBuild UP-TO-DATE
[        ] Skipping task ':path_provider_android:preDebugBuild' as it has no actions.
[        ] Resolve mutations for :path_provider_android:writeDebugAarMetadata (Thread[#8283,Execution worker,5,main]) started.
[        ] :path_provider_android:writeDebugAarMetadata (Thread[#8305,Execution worker Thread 22,5,main]) started.
[        ] > Task :path_provider_android:writeDebugAarMetadata UP-TO-DATE
[        ] Caching disabled for task ':path_provider_android:writeDebugAarMetadata' because:
[        ]   Build cache is disabled
[        ]   Caching has been disabled for the task
[        ] Skipping task ':path_provider_android:writeDebugAarMetadata' as it is up-to-date.
[        ] work action resolve aar-metadata.properties (project :path_provider_android) (Thread[#8305,Execution worker Thread 22,5,main]) started.
[        ] Resolve mutations for :permission_handler_android:preBuild (Thread[#8299,Execution worker Thread 17,5,main]) started.
[        ] :permission_handler_android:preBuild (Thread[#8299,Execution worker Thread 17,5,main]) started.
[        ] > Task :permission_handler_android:preBuild UP-TO-DATE
[        ] Skipping task ':permission_handler_android:preBuild' as it has no actions.
[        ] Resolve mutations for :permission_handler_android:preDebugBuild (Thread[#8299,Execution worker Thread 17,5,main]) started.
[        ] :permission_handler_android:preDebugBuild (Thread[#8299,Execution worker Thread 17,5,main]) started.
[        ] > Task :permission_handler_android:preDebugBuild UP-TO-DATE
[        ] Skipping task ':permission_handler_android:preDebugBuild' as it has no actions.
[        ] Resolve mutations for :permission_handler_android:writeDebugAarMetadata (Thread[#8299,Execution worker Thread 17,5,main]) started.
[        ] :permission_handler_android:writeDebugAarMetadata (Thread[#8299,Execution worker Thread 17,5,main]) started.
[        ] > Task :permission_handler_android:writeDebugAarMetadata UP-TO-DATE
[        ] Caching disabled for task ':permission_handler_android:writeDebugAarMetadata' because:
[        ]   Build cache is disabled
[        ]   Caching has been disabled for the task
[        ] Skipping task ':permission_handler_android:writeDebugAarMetadata' as it is up-to-date.
[        ] work action resolve aar-metadata.properties (project :permission_handler_android) (Thread[#8299,Execution worker Thread 17,5,main]) started.
[        ] Resolve mutations for :shared_preferences_android:preBuild (Thread[#8299,Execution worker Thread 17,5,main]) started.
[        ] :shared_preferences_android:preBuild (Thread[#8299,Execution worker Thread 17,5,main]) started.
[        ] > Task :shared_preferences_android:preBuild UP-TO-DATE
[        ] Skipping task ':shared_preferences_android:preBuild' as it has no actions.
[        ] Resolve mutations for :shared_preferences_android:preDebugBuild (Thread[#8299,Execution worker Thread 17,5,main]) started.
[        ] :shared_preferences_android:preDebugBuild (Thread[#8299,Execution worker Thread 17,5,main]) started.
[        ] > Task :shared_preferences_android:preDebugBuild UP-TO-DATE
[        ] Skipping task ':shared_preferences_android:preDebugBuild' as it has no actions.
[        ] Resolve mutations for :shared_preferences_android:writeDebugAarMetadata (Thread[#8299,Execution worker Thread 17,5,main]) started.
[        ] :shared_preferences_android:writeDebugAarMetadata (Thread[#8299,Execution worker Thread 17,5,main]) started.
[        ] > Task :shared_preferences_android:writeDebugAarMetadata UP-TO-DATE
[        ] Caching disabled for task ':shared_preferences_android:writeDebugAarMetadata' because:
[        ]   Build cache is disabled
[        ]   Caching has been disabled for the task
[        ] Skipping task ':shared_preferences_android:writeDebugAarMetadata' as it is up-to-date.
[        ] work action resolve aar-metadata.properties (project :shared_preferences_android) (Thread[#8299,Execution worker Thread 17,5,main]) started.
[        ] Resolve mutations for :webview_flutter_android:preBuild (Thread[#8299,Execution worker Thread 17,5,main]) started.
[        ] :webview_flutter_android:preBuild (Thread[#8299,Execution worker Thread 17,5,main]) started.
[        ] > Task :webview_flutter_android:preBuild UP-TO-DATE
[        ] Skipping task ':webview_flutter_android:preBuild' as it has no actions.
[        ] Resolve mutations for :webview_flutter_android:preDebugBuild (Thread[#8299,Execution worker Thread 17,5,main]) started.
[        ] :webview_flutter_android:preDebugBuild (Thread[#8299,Execution worker Thread 17,5,main]) started.
[        ] > Task :webview_flutter_android:preDebugBuild UP-TO-DATE
[        ] Skipping task ':webview_flutter_android:preDebugBuild' as it has no actions.
[        ] Resolve mutations for :webview_flutter_android:writeDebugAarMetadata (Thread[#8299,Execution worker Thread 17,5,main]) started.
[        ] :webview_flutter_android:writeDebugAarMetadata (Thread[#8299,Execution worker Thread 17,5,main]) started.
[        ] > Task :webview_flutter_android:writeDebugAarMetadata UP-TO-DATE
[        ] Caching disabled for task ':webview_flutter_android:writeDebugAarMetadata' because:
[        ]   Build cache is disabled
[        ]   Caching has been disabled for the task
[        ] Skipping task ':webview_flutter_android:writeDebugAarMetadata' as it is up-to-date.
[        ] work action resolve aar-metadata.properties (project :webview_flutter_android) (Thread[#8299,Execution worker Thread 17,5,main]) started.
[        ] Resolve mutations for :app:checkDebugAarMetadata (Thread[#8299,Execution worker Thread 17,5,main]) started.
[        ] :app:checkDebugAarMetadata (Thread[#8299,Execution worker Thread 17,5,main]) started.
[        ] > Task :app:checkDebugAarMetadata UP-TO-DATE
[        ] Transforming play-services-ads-23.6.0.aar (com.google.android.gms:play-services-ads:23.6.0) with JetifyTransform
[        ] Transforming play-services-ads-23.6.0.aar (com.google.android.gms:play-services-ads:23.6.0) with ExtractAarTransform
[        ] Transforming play-services-ads-23.6.0.aar (com.google.android.gms:play-services-ads:23.6.0) with AarTransform
[        ] Transforming play-services-ads-lite-23.6.0.aar (com.google.android.gms:play-services-ads-lite:23.6.0) with JetifyTransform
[        ] Transforming play-services-ads-lite-23.6.0.aar (com.google.android.gms:play-services-ads-lite:23.6.0) with ExtractAarTransform
[        ] Transforming play-services-ads-lite-23.6.0.aar (com.google.android.gms:play-services-ads-lite:23.6.0) with AarTransform
[        ] Transforming play-services-measurement-sdk-api-20.1.2.aar (com.google.android.gms:play-services-measurement-sdk-api:20.1.2) with JetifyTransform
[        ] Transforming play-services-measurement-sdk-api-20.1.2.aar (com.google.android.gms:play-services-measurement-sdk-api:20.1.2) with ExtractAarTransform
[        ] Transforming play-services-measurement-sdk-api-20.1.2.aar (com.google.android.gms:play-services-measurement-sdk-api:20.1.2) with AarTransform
[        ] Transforming user-messaging-platform-3.1.0.aar (com.google.android.ump:user-messaging-platform:3.1.0) with JetifyTransform
[        ] Transforming user-messaging-platform-3.1.0.aar (com.google.android.ump:user-messaging-platform:3.1.0) with JetifyTransform
[        ] Transforming user-messaging-platform-3.1.0.aar (com.google.android.ump:user-messaging-platform:3.1.0) with ExtractAarTransform
[        ] Transforming user-messaging-platform-3.1.0.aar (com.google.android.ump:user-messaging-platform:3.1.0) with ExtractAarTransform
[        ] Transforming play-services-measurement-base-20.1.2.aar (com.google.android.gms:play-services-measurement-base:20.1.2) with JetifyTransform
[        ] Transforming user-messaging-platform-3.1.0.aar (com.google.android.ump:user-messaging-platform:3.1.0) with AarTransform
[        ] Transforming play-services-measurement-base-20.1.2.aar (com.google.android.gms:play-services-measurement-base:20.1.2) with ExtractAarTransform
[        ] Transforming user-messaging-platform-3.1.0.aar (com.google.android.ump:user-messaging-platform:3.1.0) with AarTransform
[        ] Transforming play-services-measurement-base-20.1.2.aar (com.google.android.gms:play-services-measurement-base:20.1.2) with AarTransform
[        ] Transforming play-services-ads-base-23.6.0.aar (com.google.android.gms:play-services-ads-base:23.6.0) with JetifyTransform
[        ] Transforming play-services-ads-base-23.6.0.aar (com.google.android.gms:play-services-ads-base:23.6.0) with JetifyTransform
[        ] Transforming play-services-ads-base-23.6.0.aar (com.google.android.gms:play-services-ads-base:23.6.0) with ExtractAarTransform
[        ] Transforming play-services-ads-base-23.6.0.aar (com.google.android.gms:play-services-ads-base:23.6.0) with ExtractAarTransform
[        ] Transforming play-services-ads-base-23.6.0.aar (com.google.android.gms:play-services-ads-base:23.6.0) with AarTransform
[        ] Transforming preference-1.2.1.aar (androidx.preference:preference:1.2.1) with JetifyTransform
[        ] Transforming play-services-ads-base-23.6.0.aar (com.google.android.gms:play-services-ads-base:23.6.0) with AarTransform
[        ] Transforming preference-1.2.1.aar (androidx.preference:preference:1.2.1) with ExtractAarTransform
[        ] Transforming preference-1.2.1.aar (androidx.preference:preference:1.2.1) with AarTransform
[        ] Transforming fragment-ktx-1.7.1.aar (androidx.fragment:fragment-ktx:1.7.1) with JetifyTransform
[        ] Transforming fragment-ktx-1.7.1.aar (androidx.fragment:fragment-ktx:1.7.1) with ExtractAarTransform
[        ] Transforming fragment-ktx-1.7.1.aar (androidx.fragment:fragment-ktx:1.7.1) with AarTransform
[        ] Transforming constraintlayout-2.1.4.aar (androidx.constraintlayout:constraintlayout:2.1.4) with JetifyTransform
[        ] Transforming constraintlayout-2.1.4.aar (androidx.constraintlayout:constraintlayout:2.1.4) with ExtractAarTransform
[        ] Transforming constraintlayout-2.1.4.aar (androidx.constraintlayout:constraintlayout:2.1.4) with AarTransform
[        ] Transforming webkit-1.15.0.aar (androidx.webkit:webkit:1.15.0) with JetifyTransform
[        ] Transforming webkit-1.15.0.aar (androidx.webkit:webkit:1.15.0) with ExtractAarTransform
[        ] Transforming webkit-1.15.0.aar (androidx.webkit:webkit:1.15.0) with AarTransform
[        ] Transforming play-services-base-18.0.0.aar (com.google.android.gms:play-services-base:18.0.0) with JetifyTransform
[        ] Transforming play-services-base-18.0.0.aar (com.google.android.gms:play-services-base:18.0.0) with ExtractAarTransform
[        ] Transforming play-services-base-18.0.0.aar (com.google.android.gms:play-services-base:18.0.0) with AarTransform
[        ] Transforming play-services-ads-identifier-18.0.0.aar (com.google.android.gms:play-services-ads-identifier:18.0.0) with JetifyTransform
[        ] Transforming play-services-ads-identifier-18.0.0.aar (com.google.android.gms:play-services-ads-identifier:18.0.0) with ExtractAarTransform
[        ] Transforming play-services-ads-identifier-18.0.0.aar (com.google.android.gms:play-services-ads-identifier:18.0.0) with AarTransform
[        ] Transforming play-services-appset-16.0.1.aar (com.google.android.gms:play-services-appset:16.0.1) with JetifyTransform
[        ] Transforming play-services-appset-16.0.1.aar (com.google.android.gms:play-services-appset:16.0.1) with ExtractAarTransform
[        ] Transforming play-services-appset-16.0.1.aar (com.google.android.gms:play-services-appset:16.0.1) with AarTransform
[        ] Transforming slidingpanelayout-1.2.0.aar (androidx.slidingpanelayout:slidingpanelayout:1.2.0) with JetifyTransform
[        ] Transforming slidingpanelayout-1.2.0.aar (androidx.slidingpanelayout:slidingpanelayout:1.2.0) with ExtractAarTransform
[        ] Transforming slidingpanelayout-1.2.0.aar (androidx.slidingpanelayout:slidingpanelayout:1.2.0) with AarTransform
[        ] Transforming window-1.2.0.aar (androidx.window:window:1.2.0) with JetifyTransform
[        ] Transforming window-1.2.0.aar (androidx.window:window:1.2.0) with ExtractAarTransform
[        ] Transforming window-1.2.0.aar (androidx.window:window:1.2.0) with AarTransform
[        ] Transforming window-java-1.2.0.aar (androidx.window:window-java:1.2.0) with JetifyTransform
[        ] Transforming window-java-1.2.0.aar (androidx.window:window-java:1.2.0) with ExtractAarTransform
[        ] Transforming window-java-1.2.0.aar (androidx.window:window-java:1.2.0) with AarTransform
[        ] Transforming legacy-support-core-ui-1.0.0.aar (androidx.legacy:legacy-support-core-ui:1.0.0) with JetifyTransform
[        ] Transforming legacy-support-core-ui-1.0.0.aar (androidx.legacy:legacy-support-core-ui:1.0.0) with ExtractAarTransform
[        ] Transforming legacy-support-core-ui-1.0.0.aar (androidx.legacy:legacy-support-core-ui:1.0.0) with AarTransform
[        ] Transforming play-services-basement-18.4.0.aar (com.google.android.gms:play-services-basement:18.4.0) with JetifyTransform
[        ] Transforming play-services-basement-18.4.0.aar (com.google.android.gms:play-services-basement:18.4.0) with JetifyTransform
[        ] Transforming play-services-basement-18.4.0.aar (com.google.android.gms:play-services-basement:18.4.0) with JetifyTransform
[        ] Transforming play-services-basement-18.4.0.aar (com.google.android.gms:play-services-basement:18.4.0) with JetifyTransform
[        ] Transforming play-services-basement-18.4.0.aar (com.google.android.gms:play-services-basement:18.4.0) with ExtractAarTransform
[        ] Transforming play-services-basement-18.4.0.aar (com.google.android.gms:play-services-basement:18.4.0) with JetifyTransform
[        ] Transforming play-services-basement-18.4.0.aar (com.google.android.gms:play-services-basement:18.4.0) with JetifyTransform
[        ] Transforming play-services-basement-18.4.0.aar (com.google.android.gms:play-services-basement:18.4.0) with JetifyTransform
[        ] Transforming play-services-basement-18.4.0.aar (com.google.android.gms:play-services-basement:18.4.0) with ExtractAarTransform
[        ] Transforming play-services-basement-18.4.0.aar (com.google.android.gms:play-services-basement:18.4.0) with ExtractAarTransform
[        ] Transforming play-services-basement-18.4.0.aar (com.google.android.gms:play-services-basement:18.4.0) with AarTransform
[        ] Transforming play-services-basement-18.4.0.aar (com.google.android.gms:play-services-basement:18.4.0) with ExtractAarTransform
[        ] Transforming play-services-basement-18.4.0.aar (com.google.android.gms:play-services-basement:18.4.0) with ExtractAarTransform
[        ] Transforming play-services-basement-18.4.0.aar (com.google.android.gms:play-services-basement:18.4.0) with AarTransform
[        ] Transforming play-services-basement-18.4.0.aar (com.google.android.gms:play-services-basement:18.4.0) with JetifyTransform
[        ] Transforming play-services-basement-18.4.0.aar (com.google.android.gms:play-services-basement:18.4.0) with AarTransform
[        ] Transforming play-services-basement-18.4.0.aar (com.google.android.gms:play-services-basement:18.4.0) with ExtractAarTransform
[        ] Transforming activity-1.8.1.aar (androidx.activity:activity:1.8.1) with JetifyTransform
[        ] Transforming play-services-basement-18.4.0.aar (com.google.android.gms:play-services-basement:18.4.0) with JetifyTransform
[        ] Transforming play-services-basement-18.4.0.aar (com.google.android.gms:play-services-basement:18.4.0) with JetifyTransform
[        ] Transforming play-services-basement-18.4.0.aar (com.google.android.gms:play-services-basement:18.4.0) with ExtractAarTransform
[        ] Transforming play-services-basement-18.4.0.aar (com.google.android.gms:play-services-basement:18.4.0) with ExtractAarTransform
[        ] Transforming play-services-basement-18.4.0.aar (com.google.android.gms:play-services-basement:18.4.0) with ExtractAarTransform
[        ] Transforming fragment-1.7.1.aar (androidx.fragment:fragment:1.7.1) with JetifyTransform
[        ] Transforming legacy-support-core-utils-1.0.0.aar (androidx.legacy:legacy-support-core-utils:1.0.0) with JetifyTransform
[        ] Transforming activity-1.8.1.aar (androidx.activity:activity:1.8.1) with ExtractAarTransform
[        ] Transforming legacy-support-core-utils-1.0.0.aar (androidx.legacy:legacy-support-core-utils:1.0.0) with ExtractAarTransform
[        ] Transforming play-services-basement-18.4.0.aar (com.google.android.gms:play-services-basement:18.4.0) with AarTransform
[        ] Transforming play-services-basement-18.4.0.aar (com.google.android.gms:play-services-basement:18.4.0) with ExtractAarTransform
[        ] Transforming appcompat-1.2.0.aar (androidx.appcompat:appcompat:1.2.0) with JetifyTransform
[        ] Transforming viewpager-1.0.0.aar (androidx.viewpager:viewpager:1.0.0) with JetifyTransform
[        ] Transforming appcompat-1.2.0.aar (androidx.appcompat:appcompat:1.2.0) with ExtractAarTransform
[        ] Transforming play-services-basement-18.4.0.aar (com.google.android.gms:play-services-basement:18.4.0) with AarTransform
[        ] Transforming appcompat-1.2.0.aar (androidx.appcompat:appcompat:1.2.0) with AarTransform
[        ] Transforming play-services-basement-18.4.0.aar (com.google.android.gms:play-services-basement:18.4.0) with AarTransform
[        ] Transforming webkit-1.15.0.aar (androidx.webkit:webkit:1.15.0) with JetifyTransform
[        ] Transforming viewpager-1.0.0.aar (androidx.viewpager:viewpager:1.0.0) with ExtractAarTransform
[        ] Transforming fragment-1.7.1.aar (androidx.fragment:fragment:1.7.1) with JetifyTransform
[        ] Transforming viewpager-1.0.0.aar (androidx.viewpager:viewpager:1.0.0) with JetifyTransform
[        ] Transforming play-services-basement-18.4.0.aar (com.google.android.gms:play-services-basement:18.4.0) with AarTransform
[        ] Transforming legacy-support-core-utils-1.0.0.aar (androidx.legacy:legacy-support-core-utils:1.0.0) with AarTransform
[        ] Transforming activity-1.8.1.aar (androidx.activity:activity:1.8.1) with AarTransform
[        ] Transforming fragment-1.7.1.aar (androidx.fragment:fragment:1.7.1) with ExtractAarTransform
[        ] Transforming play-services-basement-18.4.0.aar (com.google.android.gms:play-services-basement:18.4.0) with AarTransform
[        ] Transforming play-services-basement-18.4.0.aar (com.google.android.gms:play-services-basement:18.4.0) with AarTransform
[        ] Transforming play-services-basement-18.4.0.aar (com.google.android.gms:play-services-basement:18.4.0) with AarTransform
[        ] Transforming play-services-tasks-18.2.0.aar (com.google.android.gms:play-services-tasks:18.2.0) with JetifyTransform
[        ] Transforming ads-adservices-1.0.0-beta05.aar (androidx.privacysandbox.ads:ads-adservices:1.0.0-beta05) with JetifyTransform
[        ] Transforming play-services-tasks-18.2.0.aar (com.google.android.gms:play-services-tasks:18.2.0) with JetifyTransform
[        ] Transforming ads-adservices-1.0.0-beta05.aar (androidx.privacysandbox.ads:ads-adservices:1.0.0-beta05) with ExtractAarTransform
[        ] Transforming play-services-tasks-18.2.0.aar (com.google.android.gms:play-services-tasks:18.2.0) with JetifyTransform
[        ] Transforming fragment-1.7.1.aar (androidx.fragment:fragment:1.7.1) with AarTransform
[        ] Transforming ads-adservices-1.0.0-beta05.aar (androidx.privacysandbox.ads:ads-adservices:1.0.0-beta05) with JetifyTransform
[        ] Transforming viewpager-1.0.0.aar (androidx.viewpager:viewpager:1.0.0) with ExtractAarTransform
[        ] Transforming fragment-1.7.1.aar (androidx.fragment:fragment:1.7.1) with ExtractAarTransform
[        ] Transforming viewpager-1.0.0.aar (androidx.viewpager:viewpager:1.0.0) with AarTransform
[        ] Transforming fragment-1.7.1.aar (androidx.fragment:fragment:1.7.1) with AarTransform
[        ] Transforming webkit-1.15.0.aar (androidx.webkit:webkit:1.15.0) with ExtractAarTransform
[        ] Transforming fragment-1.7.1.aar (androidx.fragment:fragment:1.7.1) with JetifyTransform
[        ] Transforming webkit-1.15.0.aar (androidx.webkit:webkit:1.15.0) with AarTransform
[        ] Transforming fragment-1.7.1.aar (androidx.fragment:fragment:1.7.1) with ExtractAarTransform
[        ] Transforming lifecycle-viewmodel-ktx-2.7.0.aar (androidx.lifecycle:lifecycle-viewmodel-ktx:2.7.0) with JetifyTransform
[        ] Transforming viewpager-1.0.0.aar (androidx.viewpager:viewpager:1.0.0) with AarTransform
[        ] Transforming lifecycle-viewmodel-ktx-2.7.0.aar (androidx.lifecycle:lifecycle-viewmodel-ktx:2.7.0) with ExtractAarTransform
[        ] Transforming browser-1.8.0.aar (androidx.browser:browser:1.8.0) with JetifyTransform
[        ] Transforming ads-adservices-1.0.0-beta05.aar (androidx.privacysandbox.ads:ads-adservices:1.0.0-beta05) with ExtractAarTransform
[        ] Transforming play-services-tasks-18.2.0.aar (com.google.android.gms:play-services-tasks:18.2.0) with ExtractAarTransform
[        ] Transforming lifecycle-livedata-2.7.0.aar (androidx.lifecycle:lifecycle-livedata:2.7.0) with JetifyTransform
[        ] Transforming play-services-tasks-18.2.0.aar (com.google.android.gms:play-services-tasks:18.2.0) with AarTransform
[        ] Transforming lifecycle-livedata-2.7.0.aar (androidx.lifecycle:lifecycle-livedata:2.7.0) with ExtractAarTransform
[        ] Transforming ads-adservices-1.0.0-beta05.aar (androidx.privacysandbox.ads:ads-adservices:1.0.0-beta05) with AarTransform
[        ] Transforming play-services-tasks-18.2.0.aar (com.google.android.gms:play-services-tasks:18.2.0) with ExtractAarTransform
[        ] Transforming play-services-tasks-18.2.0.aar (com.google.android.gms:play-services-tasks:18.2.0) with ExtractAarTransform
[        ] Transforming play-services-tasks-18.2.0.aar (com.google.android.gms:play-services-tasks:18.2.0) with AarTransform
[        ] Transforming activity-ktx-1.8.1.aar (androidx.activity:activity-ktx:1.8.1) with JetifyTransform
[        ] Transforming lifecycle-livedata-2.7.0.aar (androidx.lifecycle:lifecycle-livedata:2.7.0) with AarTransform
[        ] Transforming recyclerview-1.0.0.aar (androidx.recyclerview:recyclerview:1.0.0) with JetifyTransform
[        ] Transforming ads-adservices-1.0.0-beta05.aar (androidx.privacysandbox.ads:ads-adservices:1.0.0-beta05) with AarTransform
[        ] Transforming browser-1.8.0.aar (androidx.browser:browser:1.8.0) with ExtractAarTransform
[        ] Transforming lifecycle-viewmodel-ktx-2.7.0.aar (androidx.lifecycle:lifecycle-viewmodel-ktx:2.7.0) with AarTransform
[        ] Transforming work-runtime-2.7.0.aar (androidx.work:work-runtime:2.7.0) with JetifyTransform
[        ] Transforming lifecycle-runtime-ktx-2.7.0.aar (androidx.lifecycle:lifecycle-runtime-ktx:2.7.0) with JetifyTransform
[        ] Transforming work-runtime-2.7.0.aar (androidx.work:work-runtime:2.7.0) with ExtractAarTransform
[        ] Transforming lifecycle-runtime-ktx-2.7.0.aar (androidx.lifecycle:lifecycle-runtime-ktx:2.7.0) with ExtractAarTransform
[        ] Transforming fragment-1.7.1.aar (androidx.fragment:fragment:1.7.1) with AarTransform
[        ] Transforming customview-1.1.0.aar (androidx.customview:customview:1.1.0) with JetifyTransform
[        ] Transforming lifecycle-runtime-ktx-2.7.0.aar (androidx.lifecycle:lifecycle-runtime-ktx:2.7.0) with AarTransform
[        ] Transforming customview-1.1.0.aar (androidx.customview:customview:1.1.0) with ExtractAarTransform
[        ] Transforming work-runtime-2.7.0.aar (androidx.work:work-runtime:2.7.0) with AarTransform
[        ] Transforming customview-1.1.0.aar (androidx.customview:customview:1.1.0) with JetifyTransform
[        ] Transforming browser-1.8.0.aar (androidx.browser:browser:1.8.0) with AarTransform
[        ] Transforming lifecycle-viewmodel-2.7.0.aar (androidx.lifecycle:lifecycle-viewmodel:2.7.0) with JetifyTransform
[        ] Transforming slidingpanelayout-1.2.0.aar (androidx.slidingpanelayout:slidingpanelayout:1.2.0) with JetifyTransform
[        ] Transforming lifecycle-viewmodel-2.7.0.aar (androidx.lifecycle:lifecycle-viewmodel:2.7.0) with ExtractAarTransform
[        ] Transforming recyclerview-1.0.0.aar (androidx.recyclerview:recyclerview:1.0.0) with ExtractAarTransform
[        ] Transforming coordinatorlayout-1.0.0.aar (androidx.coordinatorlayout:coordinatorlayout:1.0.0) with JetifyTransform
[        ] Transforming activity-ktx-1.8.1.aar (androidx.activity:activity-ktx:1.8.1) with ExtractAarTransform
[        ] Transforming coordinatorlayout-1.0.0.aar (androidx.coordinatorlayout:coordinatorlayout:1.0.0) with ExtractAarTransform
[        ] Transforming play-services-tasks-18.2.0.aar (com.google.android.gms:play-services-tasks:18.2.0) with AarTransform
[        ] Transforming coordinatorlayout-1.0.0.aar (androidx.coordinatorlayout:coordinatorlayout:1.0.0) with AarTransform
[        ] Transforming loader-1.0.0.aar (androidx.loader:loader:1.0.0) with JetifyTransform
[        ] Transforming activity-ktx-1.8.1.aar (androidx.activity:activity-ktx:1.8.1) with AarTransform
[        ] Transforming recyclerview-1.0.0.aar (androidx.recyclerview:recyclerview:1.0.0) with AarTransform
[        ] Transforming lifecycle-viewmodel-2.7.0.aar (androidx.lifecycle:lifecycle-viewmodel:2.7.0) with AarTransform
[        ] Transforming slidingpanelayout-1.2.0.aar (androidx.slidingpanelayout:slidingpanelayout:1.2.0) with ExtractAarTransform
[        ] Transforming customview-1.1.0.aar (androidx.customview:customview:1.1.0) with JetifyTransform
[        ] Transforming customview-1.1.0.aar (androidx.customview:customview:1.1.0) with ExtractAarTransform
[        ] Transforming customview-1.1.0.aar (androidx.customview:customview:1.1.0) with JetifyTransform
[        ] Transforming customview-1.1.0.aar (androidx.customview:customview:1.1.0) with AarTransform
[        ] Transforming customview-1.1.0.aar (androidx.customview:customview:1.1.0) with ExtractAarTransform
[        ] Transforming customview-1.1.0.aar (androidx.customview:customview:1.1.0) with JetifyTransform
[        ] Transforming customview-1.1.0.aar (androidx.customview:customview:1.1.0) with AarTransform
[        ] Transforming customview-1.1.0.aar (androidx.customview:customview:1.1.0) with ExtractAarTransform
[        ] Transforming customview-1.1.0.aar (androidx.customview:customview:1.1.0) with AarTransform
[        ] Transforming lifecycle-viewmodel-savedstate-2.7.0.aar (androidx.lifecycle:lifecycle-viewmodel-savedstate:2.7.0) with JetifyTransform
[        ] Transforming customview-1.1.0.aar (androidx.customview:customview:1.1.0) with ExtractAarTransform
[        ] Transforming slidingpanelayout-1.2.0.aar (androidx.slidingpanelayout:slidingpanelayout:1.2.0) with AarTransform
[        ] Transforming lifecycle-viewmodel-2.7.0.aar (androidx.lifecycle:lifecycle-viewmodel:2.7.0) with JetifyTransform
[        ] Transforming loader-1.0.0.aar (androidx.loader:loader:1.0.0) with ExtractAarTransform
[        ] Transforming loader-1.0.0.aar (androidx.loader:loader:1.0.0) with JetifyTransform
[        ] Transforming loader-1.0.0.aar (androidx.loader:loader:1.0.0) with AarTransform
[        ] Transforming loader-1.0.0.aar (androidx.loader:loader:1.0.0) with ExtractAarTransform
[        ] Transforming lifecycle-viewmodel-2.7.0.aar (androidx.lifecycle:lifecycle-viewmodel:2.7.0) with ExtractAarTransform
[        ] Transforming vectordrawable-1.1.0.aar (androidx.vectordrawable:vectordrawable:1.1.0) with JetifyTransform
[        ] Transforming lifecycle-viewmodel-2.7.0.aar (androidx.lifecycle:lifecycle-viewmodel:2.7.0) with AarTransform
[        ] Transforming core-ktx-1.13.1.aar (androidx.core:core-ktx:1.13.1) with JetifyTransform
[        ] Transforming customview-1.1.0.aar (androidx.customview:customview:1.1.0) with AarTransform
[        ] Transforming core-ktx-1.13.1.aar (androidx.core:core-ktx:1.13.1) with ExtractAarTransform
[        ] Transforming lifecycle-viewmodel-savedstate-2.7.0.aar (androidx.lifecycle:lifecycle-viewmodel-savedstate:2.7.0) with ExtractAarTransform
[        ] Transforming customview-1.1.0.aar (androidx.customview:customview:1.1.0) with AarTransform
[        ] Transforming lifecycle-livedata-2.7.0.aar (androidx.lifecycle:lifecycle-livedata:2.7.0) with JetifyTransform
[        ] Transforming lifecycle-viewmodel-savedstate-2.7.0.aar (androidx.lifecycle:lifecycle-viewmodel-savedstate:2.7.0) with AarTransform
[        ] Transforming core-ktx-1.13.1.aar (androidx.core:core-ktx:1.13.1) with AarTransform
[        ] Transforming lifecycle-livedata-core-2.7.0.aar (androidx.lifecycle:lifecycle-livedata-core:2.7.0) with JetifyTransform
[        ] Transforming vectordrawable-1.1.0.aar (androidx.vectordrawable:vectordrawable:1.1.0) with ExtractAarTransform
[        ] Transforming vectordrawable-1.1.0.aar (androidx.vectordrawable:vectordrawable:1.1.0) with JetifyTransform
[        ] Transforming vectordrawable-1.1.0.aar (androidx.vectordrawable:vectordrawable:1.1.0) with AarTransform
[        ] Transforming loader-1.0.0.aar (androidx.loader:loader:1.0.0) with AarTransform
[        ] Transforming vectordrawable-1.1.0.aar (androidx.vectordrawable:vectordrawable:1.1.0) with ExtractAarTransform
[        ] Transforming asynclayoutinflater-1.0.0.aar (androidx.asynclayoutinflater:asynclayoutinflater:1.0.0) with JetifyTransform
[        ] Transforming vectordrawable-1.1.0.aar (androidx.vectordrawable:vectordrawable:1.1.0) with AarTransform
[        ] Transforming lifecycle-livedata-core-2.7.0.aar (androidx.lifecycle:lifecycle-livedata-core:2.7.0) with ExtractAarTransform
[        ] Transforming swiperefreshlayout-1.0.0.aar (androidx.swiperefreshlayout:swiperefreshlayout:1.0.0) with JetifyTransform
[        ] Transforming lifecycle-livedata-2.7.0.aar (androidx.lifecycle:lifecycle-livedata:2.7.0) with ExtractAarTransform
[        ] Transforming swiperefreshlayout-1.0.0.aar (androidx.swiperefreshlayout:swiperefreshlayout:1.0.0) with ExtractAarTransform
[        ] Transforming core-1.13.1.aar (androidx.core:core:1.13.1) with JetifyTransform
[        ] Transforming core-1.13.1.aar (androidx.core:core:1.13.1) with JetifyTransform
[        ] Transforming core-1.13.1.aar (androidx.core:core:1.13.1) with ExtractAarTransform
[        ] Transforming core-1.13.1.aar (androidx.core:core:1.13.1) with ExtractAarTransform
[        ] Transforming core-1.13.1.aar (androidx.core:core:1.13.1) with JetifyTransform
[        ] Transforming lifecycle-livedata-core-2.7.0.aar (androidx.lifecycle:lifecycle-livedata-core:2.7.0) with AarTransform
[        ] Transforming asynclayoutinflater-1.0.0.aar (androidx.asynclayoutinflater:asynclayoutinflater:1.0.0) with ExtractAarTransform
[        ] Transforming lifecycle-livedata-core-ktx-2.7.0.aar (androidx.lifecycle:lifecycle-livedata-core-ktx:2.7.0) with JetifyTransform
[        ] Transforming core-1.13.1.aar (androidx.core:core:1.13.1) with JetifyTransform
[        ] Transforming core-1.13.1.aar (androidx.core:core:1.13.1) with JetifyTransform
[        ] Transforming core-1.13.1.aar (androidx.core:core:1.13.1) with ExtractAarTransform
[        ] Transforming drawerlayout-1.0.0.aar (androidx.drawerlayout:drawerlayout:1.0.0) with JetifyTransform
[        ] Transforming core-1.13.1.aar (androidx.core:core:1.13.1) with JetifyTransform
[        ] Transforming drawerlayout-1.0.0.aar (androidx.drawerlayout:drawerlayout:1.0.0) with JetifyTransform
[        ] Transforming core-1.13.1.aar (androidx.core:core:1.13.1) with JetifyTransform
[        ] Transforming core-1.13.1.aar (androidx.core:core:1.13.1) with JetifyTransform
[        ] Transforming core-1.13.1.aar (androidx.core:core:1.13.1) with AarTransform
[        ] Transforming core-1.13.1.aar (androidx.core:core:1.13.1) with JetifyTransform
[        ] Transforming core-1.13.1.aar (androidx.core:core:1.13.1) with AarTransform
[        ] Transforming core-1.13.1.aar (androidx.core:core:1.13.1) with ExtractAarTransform
[        ] Transforming core-1.13.1.aar (androidx.core:core:1.13.1) with JetifyTransform
[        ] Transforming appcompat-resources-1.2.0.aar (androidx.appcompat:appcompat-resources:1.2.0) with JetifyTransform
[        ] Transforming core-1.13.1.aar (androidx.core:core:1.13.1) with ExtractAarTransform
[        ] Transforming core-1.13.1.aar (androidx.core:core:1.13.1) with JetifyTransform
[        ] Transforming core-1.13.1.aar (androidx.core:core:1.13.1) with JetifyTransform
[        ] Transforming swiperefreshlayout-1.0.0.aar (androidx.swiperefreshlayout:swiperefreshlayout:1.0.0) with AarTransform
[        ] Transforming lifecycle-livedata-2.7.0.aar (androidx.lifecycle:lifecycle-livedata:2.7.0) with AarTransform
[        ] Transforming savedstate-ktx-1.2.1.aar (androidx.savedstate:savedstate-ktx:1.2.1) with JetifyTransform
[        ] Transforming core-1.13.1.aar (androidx.core:core:1.13.1) with ExtractAarTransform
[        ] Transforming core-1.13.1.aar (androidx.core:core:1.13.1) with ExtractAarTransform
[        ] Transforming appcompat-resources-1.2.0.aar (androidx.appcompat:appcompat-resources:1.2.0) with ExtractAarTransform
[        ] Transforming core-1.13.1.aar (androidx.core:core:1.13.1) with AarTransform
[        ] Transforming core-1.13.1.aar (androidx.core:core:1.13.1) with AarTransform
[        ] Transforming core-1.13.1.aar (androidx.core:core:1.13.1) with ExtractAarTransform
[        ] Transforming core-1.13.1.aar (androidx.core:core:1.13.1) with JetifyTransform
[        ] Transforming core-1.13.1.aar (androidx.core:core:1.13.1) with AarTransform
[        ] Transforming core-1.13.1.aar (androidx.core:core:1.13.1) with ExtractAarTransform
[        ] Transforming core-1.13.1.aar (androidx.core:core:1.13.1) with ExtractAarTransform
[        ] Transforming drawerlayout-1.0.0.aar (androidx.drawerlayout:drawerlayout:1.0.0) with ExtractAarTransform
[        ] Transforming core-1.13.1.aar (androidx.core:core:1.13.1) with ExtractAarTransform
[        ] Transforming drawerlayout-1.0.0.aar (androidx.drawerlayout:drawerlayout:1.0.0) with ExtractAarTransform
[        ] Transforming transition-1.4.1.aar (androidx.transition:transition:1.4.1) with JetifyTransform
[        ] Transforming core-1.13.1.aar (androidx.core:core:1.13.1) with AarTransform
[        ] Transforming core-1.13.1.aar (androidx.core:core:1.13.1) with ExtractAarTransform
[        ] Transforming core-1.13.1.aar (androidx.core:core:1.13.1) with ExtractAarTransform
[        ] Transforming lifecycle-livedata-core-ktx-2.7.0.aar (androidx.lifecycle:lifecycle-livedata-core-ktx:2.7.0) with ExtractAarTransform
[        ] Transforming asynclayoutinflater-1.0.0.aar (androidx.asynclayoutinflater:asynclayoutinflater:1.0.0) with AarTransform
[        ] Transforming core-1.13.1.aar (androidx.core:core:1.13.1) with AarTransform
[        ] Transforming core-1.13.1.aar (androidx.core:core:1.13.1) with AarTransform
[        ] Transforming vectordrawable-animated-1.1.0.aar (androidx.vectordrawable:vectordrawable-animated:1.1.0) with JetifyTransform
[        ] Transforming transition-1.4.1.aar (androidx.transition:transition:1.4.1) with ExtractAarTransform
[        ] Transforming drawerlayout-1.0.0.aar (androidx.drawerlayout:drawerlayout:1.0.0) with AarTransform
[        ] Transforming core-1.13.1.aar (androidx.core:core:1.13.1) with AarTransform
[        ] Transforming datastore-preferences-core-release.aar (androidx.datastore:datastore-preferences-core-android:1.1.7) with JetifyTransform
[        ] Transforming drawerlayout-1.0.0.aar (androidx.drawerlayout:drawerlayout:1.0.0) with AarTransform
[        ] Transforming core-1.13.1.aar (androidx.core:core:1.13.1) with AarTransform
[        ] Transforming core-1.13.1.aar (androidx.core:core:1.13.1) with AarTransform
[        ] Transforming lifecycle-service-2.7.0.aar (androidx.lifecycle:lifecycle-service:2.7.0) with JetifyTransform
[        ] Transforming appcompat-resources-1.2.0.aar (androidx.appcompat:appcompat-resources:1.2.0) with AarTransform
[        ] Transforming ads-adservices-java-1.0.0-beta05.aar (androidx.privacysandbox.ads:ads-adservices-java:1.0.0-beta05) with JetifyTransform
[        ] Transforming core-1.13.1.aar (androidx.core:core:1.13.1) with AarTransform
[        ] Transforming core-1.13.1.aar (androidx.core:core:1.13.1) with AarTransform
[        ] Transforming savedstate-ktx-1.2.1.aar (androidx.savedstate:savedstate-ktx:1.2.1) with ExtractAarTransform
[        ] Transforming ads-adservices-java-1.0.0-beta05.aar (androidx.privacysandbox.ads:ads-adservices-java:1.0.0-beta05) with ExtractAarTransform
[        ] Transforming exifinterface-1.4.1.aar (androidx.exifinterface:exifinterface:1.4.1) with JetifyTransform
[        ] Transforming core-runtime-2.2.0.aar (androidx.arch.core:core-runtime:2.2.0) with JetifyTransform
[        ] Transforming lifecycle-service-2.7.0.aar (androidx.lifecycle:lifecycle-service:2.7.0) with ExtractAarTransform
[        ] Transforming profileinstaller-1.3.1.aar (androidx.profileinstaller:profileinstaller:1.3.1) with JetifyTransform
[        ] Transforming lifecycle-process-2.7.0.aar (androidx.lifecycle:lifecycle-process:2.7.0) with JetifyTransform
[        ] Transforming profileinstaller-1.3.1.aar (androidx.profileinstaller:profileinstaller:1.3.1) with ExtractAarTransform
[        ] Transforming lifecycle-process-2.7.0.aar (androidx.lifecycle:lifecycle-process:2.7.0) with ExtractAarTransform
[        ] Transforming datastore-preferences-core-release.aar (androidx.datastore:datastore-preferences-core-android:1.1.7) with ExtractAarTransform
[        ] Transforming startup-runtime-1.1.1.aar (androidx.startup:startup-runtime:1.1.1) with JetifyTransform
[        ] Transforming datastore-core-release.aar (androidx.datastore:datastore-core-android:1.1.7) with JetifyTransform
[        ] Transforming transition-1.4.1.aar (androidx.transition:transition:1.4.1) with AarTransform
[        ] Transforming vectordrawable-animated-1.1.0.aar (androidx.vectordrawable:vectordrawable-animated:1.1.0) with ExtractAarTransform
[        ] Transforming lifecycle-runtime-2.7.0.aar (androidx.lifecycle:lifecycle-runtime:2.7.0) with JetifyTransform
[        ] Transforming vectordrawable-animated-1.1.0.aar (androidx.vectordrawable:vectordrawable-animated:1.1.0) with AarTransform
[        ] Transforming lifecycle-runtime-2.7.0.aar (androidx.lifecycle:lifecycle-runtime:2.7.0) with ExtractAarTransform
[        ] Transforming lifecycle-livedata-core-ktx-2.7.0.aar (androidx.lifecycle:lifecycle-livedata-core-ktx:2.7.0) with AarTransform
[        ] Transforming lifecycle-runtime-2.7.0.aar (androidx.lifecycle:lifecycle-runtime:2.7.0) with AarTransform
[        ] Transforming versionedparcelable-1.1.1.aar (androidx.versionedparcelable:versionedparcelable:1.1.1) with JetifyTransform
[        ] Transforming datastore-release.aar (androidx.datastore:datastore-android:1.1.7) with JetifyTransform
[        ] Transforming datastore-core-release.aar (androidx.datastore:datastore-core-android:1.1.7) with ExtractAarTransform
[        ] Transforming startup-runtime-1.1.1.aar (androidx.startup:startup-runtime:1.1.1) with ExtractAarTransform
[        ] Transforming datastore-preferences-core-release.aar (androidx.datastore:datastore-preferences-core-android:1.1.7) with AarTransform
[        ] Transforming datastore-preferences-release.aar (androidx.datastore:datastore-preferences-android:1.1.7) with JetifyTransform
[        ] Transforming lifecycle-process-2.7.0.aar (androidx.lifecycle:lifecycle-process:2.7.0) with AarTransform
[        ] Transforming profileinstaller-1.3.1.aar (androidx.profileinstaller:profileinstaller:1.3.1) with AarTransform
[        ] Transforming lifecycle-service-2.7.0.aar (androidx.lifecycle:lifecycle-service:2.7.0) with AarTransform
[        ] Transforming core-runtime-2.2.0.aar (androidx.arch.core:core-runtime:2.2.0) with ExtractAarTransform
[        ] Transforming interpolator-1.0.0.aar (androidx.interpolator:interpolator:1.0.0) with JetifyTransform
[        ] Transforming exifinterface-1.4.1.aar (androidx.exifinterface:exifinterface:1.4.1) with ExtractAarTransform
[        ] Transforming ads-adservices-java-1.0.0-beta05.aar (androidx.privacysandbox.ads:ads-adservices-java:1.0.0-beta05) with AarTransform
[        ] Transforming core-1.0.0.aar (androidx.window.extensions.core:core:1.0.0) with JetifyTransform
[        ] Transforming savedstate-ktx-1.2.1.aar (androidx.savedstate:savedstate-ktx:1.2.1) with AarTransform
[        ] Transforming core-1.0.0.aar (androidx.window.extensions.core:core:1.0.0) with ExtractAarTransform
[        ] Transforming exifinterface-1.4.1.aar (androidx.exifinterface:exifinterface:1.4.1) with AarTransform
[        ] Transforming interpolator-1.0.0.aar (androidx.interpolator:interpolator:1.0.0) with ExtractAarTransform
[        ] Transforming core-runtime-2.2.0.aar (androidx.arch.core:core-runtime:2.2.0) with AarTransform
[        ] Transforming interpolator-1.0.0.aar (androidx.interpolator:interpolator:1.0.0) with JetifyTransform
[        ] Transforming interpolator-1.0.0.aar (androidx.interpolator:interpolator:1.0.0) with JetifyTransform
[        ] Transforming interpolator-1.0.0.aar (androidx.interpolator:interpolator:1.0.0) with JetifyTransform
[        ] Transforming datastore-preferences-release.aar (androidx.datastore:datastore-preferences-android:1.1.7) with ExtractAarTransform
[        ] Transforming interpolator-1.0.0.aar (androidx.interpolator:interpolator:1.0.0) with ExtractAarTransform
[        ] Transforming datastore-preferences-release.aar (androidx.datastore:datastore-preferences-android:1.1.7) with AarTransform
[        ] Transforming startup-runtime-1.1.1.aar (androidx.startup:startup-runtime:1.1.1) with AarTransform
[        ] Transforming datastore-core-release.aar (androidx.datastore:datastore-core-android:1.1.7) with AarTransform
[        ] Transforming sqlite-framework-2.1.0.aar (androidx.sqlite:sqlite-framework:2.1.0) with JetifyTransform
[        ] Transforming datastore-release.aar (androidx.datastore:datastore-android:1.1.7) with ExtractAarTransform
[        ] Transforming versionedparcelable-1.1.1.aar (androidx.versionedparcelable:versionedparcelable:1.1.1) with ExtractAarTransform
[        ] Transforming documentfile-1.0.0.aar (androidx.documentfile:documentfile:1.0.0) with JetifyTransform
[        ] Transforming tracing-1.2.0.aar (androidx.tracing:tracing:1.2.0) with JetifyTransform
[        ] Transforming documentfile-1.0.0.aar (androidx.documentfile:documentfile:1.0.0) with ExtractAarTransform
[        ] Transforming versionedparcelable-1.1.1.aar (androidx.versionedparcelable:versionedparcelable:1.1.1) with AarTransform
[        ] Transforming datastore-release.aar (androidx.datastore:datastore-android:1.1.7) with AarTransform
[        ] Transforming sqlite-framework-2.1.0.aar (androidx.sqlite:sqlite-framework:2.1.0) with ExtractAarTransform
[        ] Transforming annotation-experimental-1.4.0.aar (androidx.annotation:annotation-experimental:1.4.0) with JetifyTransform
[        ] Transforming sqlite-framework-2.1.0.aar (androidx.sqlite:sqlite-framework:2.1.0) with JetifyTransform
[        ] Transforming interpolator-1.0.0.aar (androidx.interpolator:interpolator:1.0.0) with AarTransform
[        ] Transforming interpolator-1.0.0.aar (androidx.interpolator:interpolator:1.0.0) with ExtractAarTransform
[        ] Transforming cursoradapter-1.0.0.aar (androidx.cursoradapter:cursoradapter:1.0.0) with JetifyTransform
[        ] Transforming cursoradapter-1.0.0.aar (androidx.cursoradapter:cursoradapter:1.0.0) with JetifyTransform
[        ] Transforming interpolator-1.0.0.aar (androidx.interpolator:interpolator:1.0.0) with ExtractAarTransform
[        ] Transforming interpolator-1.0.0.aar (androidx.interpolator:interpolator:1.0.0) with AarTransform
[        ] Transforming core-1.0.0.aar (androidx.window.extensions.core:core:1.0.0) with AarTransform
[        ] Transforming core-runtime-2.2.0.aar (androidx.arch.core:core-runtime:2.2.0) with JetifyTransform
[        ] Transforming sqlite-2.1.0.aar (androidx.sqlite:sqlite:2.1.0) with JetifyTransform
[        ] Transforming core-runtime-2.2.0.aar (androidx.arch.core:core-runtime:2.2.0) with ExtractAarTransform
[        ] Transforming sqlite-2.1.0.aar (androidx.sqlite:sqlite:2.1.0) with JetifyTransform
[        ] Transforming interpolator-1.0.0.aar (androidx.interpolator:interpolator:1.0.0) with AarTransform
[        ] Transforming cursoradapter-1.0.0.aar (androidx.cursoradapter:cursoradapter:1.0.0) with ExtractAarTransform
[        ] Transforming cursoradapter-1.0.0.aar (androidx.cursoradapter:cursoradapter:1.0.0) with ExtractAarTransform
[        ] Transforming cursoradapter-1.0.0.aar (androidx.cursoradapter:cursoradapter:1.0.0) with AarTransform
[        ] Transforming interpolator-1.0.0.aar (androidx.interpolator:interpolator:1.0.0) with AarTransform
[        ] Transforming print-1.0.0.aar (androidx.print:print:1.0.0) with JetifyTransform
[        ] Transforming relinker-1.4.5.aar (com.getkeepsafe.relinker:relinker:1.4.5) with JetifyTransform
[        ] Transforming sqlite-framework-2.1.0.aar (androidx.sqlite:sqlite-framework:2.1.0) with ExtractAarTransform
[        ] Transforming annotation-experimental-1.4.0.aar (androidx.annotation:annotation-experimental:1.4.0) with ExtractAarTransform
[        ] Transforming sqlite-framework-2.1.0.aar (androidx.sqlite:sqlite-framework:2.1.0) with AarTransform
[        ] Transforming annotation-experimental-1.4.0.aar (androidx.annotation:annotation-experimental:1.4.0) with AarTransform
[        ] Transforming documentfile-1.0.0.aar (androidx.documentfile:documentfile:1.0.0) with AarTransform
[        ] Transforming tracing-1.2.0.aar (androidx.tracing:tracing:1.2.0) with ExtractAarTransform
[        ] Transforming room-runtime-2.2.5.aar (androidx.room:room-runtime:2.2.5) with JetifyTransform
[        ] Transforming localbroadcastmanager-1.0.0.aar (androidx.localbroadcastmanager:localbroadcastmanager:1.0.0) with JetifyTransform
[        ] Transforming sqlite-framework-2.1.0.aar (androidx.sqlite:sqlite-framework:2.1.0) with AarTransform
[        ] Transforming relinker-1.4.5.aar (com.getkeepsafe.relinker:relinker:1.4.5) with ExtractAarTransform
[        ] Transforming print-1.0.0.aar (androidx.print:print:1.0.0) with ExtractAarTransform
[        ] Transforming relinker-1.4.5.aar (com.getkeepsafe.relinker:relinker:1.4.5) with AarTransform
[        ] Transforming cursoradapter-1.0.0.aar (androidx.cursoradapter:cursoradapter:1.0.0) with AarTransform
[        ] Transforming savedstate-1.2.1.aar (androidx.savedstate:savedstate:1.2.1) with JetifyTransform
[        ] Transforming sqlite-2.1.0.aar (androidx.sqlite:sqlite:2.1.0) with ExtractAarTransform
[        ] Transforming sqlite-2.1.0.aar (androidx.sqlite:sqlite:2.1.0) with ExtractAarTransform
[        ] Transforming core-runtime-2.2.0.aar (androidx.arch.core:core-runtime:2.2.0) with AarTransform
[        ] Transforming sqlite-2.1.0.aar (androidx.sqlite:sqlite:2.1.0) with JetifyTransform
[        ] Transforming sqlite-2.1.0.aar (androidx.sqlite:sqlite:2.1.0) with AarTransform
[        ] Transforming sqlite-2.1.0.aar (androidx.sqlite:sqlite:2.1.0) with AarTransform
[        ] Transforming savedstate-1.2.1.aar (androidx.savedstate:savedstate:1.2.1) with ExtractAarTransform
[        ] Transforming print-1.0.0.aar (androidx.print:print:1.0.0) with AarTransform
[        ] Transforming savedstate-1.2.1.aar (androidx.savedstate:savedstate:1.2.1) with AarTransform
[        ] Transforming localbroadcastmanager-1.0.0.aar (androidx.localbroadcastmanager:localbroadcastmanager:1.0.0) with ExtractAarTransform
[        ] Transforming room-runtime-2.2.5.aar (androidx.room:room-runtime:2.2.5) with ExtractAarTransform
[        ] Transforming tracing-1.2.0.aar (androidx.tracing:tracing:1.2.0) with AarTransform
[        ] Transforming room-runtime-2.2.5.aar (androidx.room:room-runtime:2.2.5) with AarTransform
[        ] Transforming localbroadcastmanager-1.0.0.aar (androidx.localbroadcastmanager:localbroadcastmanager:1.0.0) with AarTransform
[        ] Transforming sqlite-2.1.0.aar (androidx.sqlite:sqlite:2.1.0) with ExtractAarTransform
[        ] Transforming sqlite-2.1.0.aar (androidx.sqlite:sqlite:2.1.0) with AarTransform
[        ] Caching disabled for task ':app:checkDebugAarMetadata' because:
[        ]   Build cache is disabled
[        ]   Caching has been disabled for the task
[        ] Skipping task ':app:checkDebugAarMetadata' as it is up-to-date.
[        ] Resolve mutations for :app:cleanMergeDebugAssets (Thread[#8299,Execution worker Thread 17,5,main]) started.
[        ] :app:cleanMergeDebugAssets (Thread[#8299,Execution worker Thread 17,5,main]) started.
[  +76 ms] > Task :app:cleanMergeDebugAssets
[        ] Caching disabled for task ':app:cleanMergeDebugAssets' because:
[        ]   Build cache is disabled
[        ] Task ':app:cleanMergeDebugAssets' is not up-to-date because:
[        ]   Task has not declared any outputs despite executing actions.
[        ] Resolve mutations for :app:compileFlutterBuildDebug (Thread[#8299,Execution worker Thread 17,5,main]) started.
[        ] :app:compileFlutterBuildDebug (Thread[#8299,Execution worker Thread 17,5,main]) started.
[+2006 ms] > Task :app:compileFlutterBuildDebug
[        ] Caching disabled for task ':app:compileFlutterBuildDebug' because:
[        ]   Build cache is disabled
[        ]   Caching has not been enabled for the task
[        ] Task ':app:compileFlutterBuildDebug' is not up-to-date because:
[        ]   Value of input property 'verbose' has changed for task ':app:compileFlutterBuildDebug'
[        ] Starting process 'command 'C:\src\flutter\bin\flutter.bat''. Working directory: C:\poke\color_world Command: C:\src\flutter\bin\flutter.bat --verbose assemble --no-version-check --depfile C:\poke\color_world\android\app\build\intermediates\flutter\debug/flutter_build.d --output C:\poke\color_world\android\app\build\intermediates\flutter\debug -dTargetFile=lib\main.dart -dTargetPlatform=android -dBuildMode=debug -dTrackWidgetCreation=true --DartDefines=RkxVVFRFUl9WRVJTSU9OPTMuNDQuMg==,RkxVVFRFUl9DSEFOTkVMPXN0YWJsZQ==,RkxVVFRFUl9HSVRfVVJMPWh0dHBzOi8vZ2l0aHViLmNvbS9mbHV0dGVyL2ZsdXR0ZXIuZ2l0,RkxVVFRFUl9GUkFNRVdPUktfUkVWSVNJT049YzlhNmM0ODQyMw==,RkxVVFRFUl9FTkdJTkVfUkVWSVNJT049NzdlMmU5NDc3Mg==,RkxVVFRFUl9EQVJUX1ZFUlNJT049My4xMi4y -dFlavor= -dAndroidArchs=android-arm android-arm64 android-x64 -dMinSdkVersion=24 debug_android_application
[        ] Successfully started process 'command 'C:\src\flutter\bin\flutter.bat''
[        ] [  +78 ms] Artifact Instance of 'MaterialFonts' is not required, skipping update.
[        ] [        ] Artifact Instance of 'GradleWrapper' is not required, skipping update.
[        ] [        ] Artifact Instance of 'AndroidGenSnapshotArtifacts' is not required, skipping update.
[        ] [        ] Artifact Instance of 'AndroidInternalBuildArtifacts' is not required, skipping update.
[        ] [        ] Artifact Instance of 'IOSEngineArtifacts' is not required, skipping update.
[        ] [        ] Artifact Instance of 'FlutterWebSdk' is not required, skipping update.
[        ] [        ] Artifact Instance of 'LegacyCanvasKitRemover' is not required, skipping update.
[        ] [        ] Artifact Instance of 'FlutterSdk' is not required, skipping update.
[        ] [        ] Artifact Instance of 'WindowsEngineArtifacts' is not required, skipping update.
[        ] [        ] Artifact Instance of 'MacOSEngineArtifacts' is not required, skipping update.
[        ] [        ] Artifact Instance of 'LinuxEngineArtifacts' is not required, skipping update.
[        ] [        ] Artifact Instance of 'LinuxFuchsiaSDKArtifacts' is not required, skipping update.
[        ] [        ] Artifact Instance of 'MacOSFuchsiaSDKArtifacts' is not required, skipping update.
[        ] [        ] Artifact Instance of 'FlutterRunnerSDKArtifacts' is not required, skipping update.
[        ] [        ] Artifact Instance of 'FlutterRunnerDebugSymbols' is not required, skipping update.
[        ] [        ] Artifact Instance of 'IosUsbArtifacts' is not required, skipping update.
[        ] [        ] Artifact Instance of 'IosUsbArtifacts' is not required, skipping update.
[        ] [        ] Artifact Instance of 'IosUsbArtifacts' is not required, skipping update.
[        ] [        ] Artifact Instance of 'IosUsbArtifacts' is not required, skipping update.
[        ] [        ] Artifact Instance of 'IosUsbArtifacts' is not required, skipping update.
[        ] [        ] Artifact Instance of 'IosUsbArtifacts' is not required, skipping update.
[        ] [        ] Artifact Instance of 'FontSubsetArtifacts' is not required, skipping update.
[        ] [        ] Artifact Instance of 'PubDependencies' is not required, skipping update.
[        ] [   +5 ms] Artifact Instance of 'AndroidGenSnapshotArtifacts' is not required, skipping update.
[        ] [        ] Artifact Instance of 'AndroidInternalBuildArtifacts' is not required, skipping update.
[        ] [        ] Artifact Instance of 'IOSEngineArtifacts' is not required, skipping update.
[        ] [        ] Artifact Instance of 'FlutterWebSdk' is not required, skipping update.
[        ] [        ] Artifact Instance of 'FlutterEngineStamp' is not required, skipping update.
[        ] [        ] Artifact Instance of 'LegacyCanvasKitRemover' is not required, skipping update.
[        ] [   +1 ms] Artifact Instance of 'WindowsEngineArtifacts' is not required, skipping update.
[        ] [        ] Artifact Instance of 'MacOSEngineArtifacts' is not required, skipping update.
[        ] [        ] Artifact Instance of 'LinuxEngineArtifacts' is not required, skipping update.
[        ] [        ] Artifact Instance of 'LinuxFuchsiaSDKArtifacts' is not required, skipping update.
[        ] [        ] Artifact Instance of 'MacOSFuchsiaSDKArtifacts' is not required, skipping update.
[        ] [        ] Artifact Instance of 'FlutterRunnerSDKArtifacts' is not required, skipping update.
[        ] [        ] Artifact Instance of 'FlutterRunnerDebugSymbols' is not required, skipping update.
[        ] [  +31 ms] Artifact Instance of 'MaterialFonts' is not required, skipping update.
[        ] [        ] Artifact Instance of 'GradleWrapper' is not required, skipping update.
[        ] [   +1 ms] Artifact Instance of 'AndroidInternalBuildArtifacts' is not required, skipping update.
[        ] [        ] Artifact Instance of 'IOSEngineArtifacts' is not required, skipping update.
[        ] [        ] Artifact Instance of 'FlutterWebSdk' is not required, skipping update.
[        ] [        ] Artifact Instance of 'FlutterEngineStamp' is not required, skipping update.
[        ] [        ] Artifact Instance of 'LegacyCanvasKitRemover' is not required, skipping update.
[        ] [        ] Artifact Instance of 'FlutterSdk' is not required, skipping update.
[        ] [        ] Artifact Instance of 'WindowsEngineArtifacts' is not required, skipping update.
[        ] [        ] Artifact Instance of 'MacOSEngineArtifacts' is not required, skipping update.
[        ] [        ] Artifact Instance of 'LinuxEngineArtifacts' is not required, skipping update.
[        ] [        ] Artifact Instance of 'LinuxFuchsiaSDKArtifacts' is not required, skipping update.
[        ] [        ] Artifact Instance of 'MacOSFuchsiaSDKArtifacts' is not required, skipping update.
[        ] [        ] Artifact Instance of 'FlutterRunnerSDKArtifacts' is not required, skipping update.
[        ] [        ] Artifact Instance of 'FlutterRunnerDebugSymbols' is not required, skipping update.
[        ] [        ] Artifact Instance of 'IosUsbArtifacts' is not required, skipping update.
[        ] [        ] Artifact Instance of 'IosUsbArtifacts' is not required, skipping update.
[        ] [        ] Artifact Instance of 'IosUsbArtifacts' is not required, skipping update.
[        ] [        ] Artifact Instance of 'IosUsbArtifacts' is not required, skipping update.
[        ] [        ] Artifact Instance of 'IosUsbArtifacts' is not required, skipping update.
[        ] [        ] Artifact Instance of 'IosUsbArtifacts' is not required, skipping update.
[        ] [        ] Artifact Instance of 'FontSubsetArtifacts' is not required, skipping update.
[        ] [        ] Artifact Instance of 'PubDependencies' is not required, skipping update.
[        ] [  +19 ms] Initializing file store
[        ] [  +12 ms] Done initializing file store
[        ] [  +39 ms] Skipping target: dart_build
[        ] [        ] Skipping target: gen_dart_plugin_registrant
[        ] [        ] Skipping target: install_code_assets
[        ] [        ] Skipping target: gen_localizations
[        ] [ +390 ms] Skipping target: kernel_snapshot_program
[        ] [  +24 ms] invalidated build due to missing files: C:\poke\color_world\DOES_NOT_EXIST_RERUN_FOR_WILDCARD329846872
[+1489 ms] [+2334 ms] debug_android_application: Starting due to {InvalidatedReasonKind.inputMissing: The following inputs were missing: C:\poke\color_world\DOES_NOT_EXIST_RERUN_FOR_WILDCARD329846872}
[ +204 ms] [ +200 ms] Manifest contained wildcard assets. Inserting missing file into build graph to force rerun. for more information see #56466.
[ +396 ms] [ +478 ms] impellerc command: [C:\src\flutter\bin\cache\artifacts\engine\windows-x64\impellerc.exe, --sksl, --runtime-stage-gles, --runtime-stage-gles3, --runtime-stage-vulkan, --iplr, --sl=C:\poke\color_world\android\app\build\intermediates\flutter\debug\flutter_assets\shaders/ink_sparkle.frag, --spirv=C:\poke\color_world\android\app\build\intermediates\flutter\debug\flutter_assets\shaders/ink_sparkle.frag.spirv, --input=C:\src\flutter\packages\flutter\lib\src\material\shaders\ink_sparkle.frag, --input-type=frag, --include=C:\src\flutter\packages\flutter\lib\src\material\shaders, --include=C:\src\flutter\bin\cache\artifacts\engine\windows-x64\shader_lib]
[        ] [   +1 ms] impellerc command: [C:\src\flutter\bin\cache\artifacts\engine\windows-x64\impellerc.exe, --sksl, --runtime-stage-gles, --runtime-stage-gles3, --runtime-stage-vulkan, --iplr, --sl=C:\poke\color_world\android\app\build\intermediates\flutter\debug\flutter_assets\shaders/stretch_effect.frag, --spirv=C:\poke\color_world\android\app\build\intermediates\flutter\debug\flutter_assets\shaders/stretch_effect.frag.spirv, --input=C:\src\flutter\packages\flutter\lib\src\material\shaders\stretch_effect.frag, --input-type=frag, --include=C:\src\flutter\packages\flutter\lib\src\material\shaders, --include=C:\src\flutter\bin\cache\artifacts\engine\windows-x64\shader_lib]
[ +506 ms] [ +440 ms] debug_android_application: Complete
[+1494 ms] [+1568 ms] Persisting file store
[  +95 ms] [   +8 ms] Done persisting file store
[        ] [  +12 ms] build succeeded.
[        ] [   +3 ms] "flutter assemble" took 5.578ms.
[        ] [  +52 ms] Running 1 shutdown hook
[        ] [        ] Shutdown hooks complete
[ +207 ms] [ +147 ms] exiting with code 0
[        ] Resolve mutations for :app:mergeDebugShaders (Thread[#8299,Execution worker Thread 17,5,main]) started.
[        ] :app:mergeDebugShaders (Thread[#8286,Execution worker Thread 4,5,main]) started.
[        ] > Task :app:mergeDebugShaders UP-TO-DATE
[        ] Caching disabled for task ':app:mergeDebugShaders' because:
[        ]   Build cache is disabled
[        ]   Simple merging task
[        ] Skipping task ':app:mergeDebugShaders' as it is up-to-date.
[        ] Resolve mutations for :app:compileDebugShaders (Thread[#8286,Execution worker Thread 4,5,main]) started.
[        ] :app:compileDebugShaders (Thread[#8286,Execution worker Thread 4,5,main]) started.
[        ] > Task :app:compileDebugShaders NO-SOURCE
[        ] Skipping task ':app:compileDebugShaders' as it has no source files and no previous output files.
[        ] Resolve mutations for :app:generateDebugAssets (Thread[#8286,Execution worker Thread 4,5,main]) started.
[        ] :app:generateDebugAssets (Thread[#8286,Execution worker Thread 4,5,main]) started.
[        ] > Task :app:generateDebugAssets UP-TO-DATE
[        ] Skipping task ':app:generateDebugAssets' as it has no actions.
[        ] Resolve mutations for :gal:mergeDebugShaders (Thread[#8286,Execution worker Thread 4,5,main]) started.
[        ] :gal:mergeDebugShaders (Thread[#8286,Execution worker Thread 4,5,main]) started.
[        ] > Task :gal:mergeDebugShaders UP-TO-DATE
[        ] Caching disabled for task ':gal:mergeDebugShaders' because:
[        ]   Build cache is disabled
[        ]   Simple merging task
[        ] Skipping task ':gal:mergeDebugShaders' as it is up-to-date.
[        ] Resolve mutations for :gal:compileDebugShaders (Thread[#8286,Execution worker Thread 4,5,main]) started.
[        ] :gal:compileDebugShaders (Thread[#8294,Execution worker Thread 12,5,main]) started.
[        ] > Task :gal:compileDebugShaders NO-SOURCE
[        ] Skipping task ':gal:compileDebugShaders' as it has no source files and no previous output files.
[        ] Resolve mutations for :gal:generateDebugAssets (Thread[#8294,Execution worker Thread 12,5,main]) started.
[        ] :gal:generateDebugAssets (Thread[#8294,Execution worker Thread 12,5,main]) started.
[        ] > Task :gal:generateDebugAssets UP-TO-DATE
[        ] Skipping task ':gal:generateDebugAssets' as it has no actions.
[        ] Resolve mutations for :gal:packageDebugAssets (Thread[#8294,Execution worker Thread 12,5,main]) started.
[        ] :gal:packageDebugAssets (Thread[#8295,Execution worker Thread 13,5,main]) started.
[        ] > Task :gal:packageDebugAssets UP-TO-DATE
[        ] Caching disabled for task ':gal:packageDebugAssets' because:
[        ]   Build cache is disabled
[        ]   Simple merging task
[        ] Skipping task ':gal:packageDebugAssets' as it is up-to-date.
[        ] work action resolve out (project :gal) (Thread[#8295,Execution worker Thread 13,5,main]) started.
[        ] Resolve mutations for :google_mobile_ads:mergeDebugShaders (Thread[#8295,Execution worker Thread 13,5,main]) started.
[        ] :google_mobile_ads:mergeDebugShaders (Thread[#8295,Execution worker Thread 13,5,main]) started.
[        ] > Task :google_mobile_ads:mergeDebugShaders UP-TO-DATE
[        ] Caching disabled for task ':google_mobile_ads:mergeDebugShaders' because:
[        ]   Build cache is disabled
[        ]   Simple merging task
[        ] Skipping task ':google_mobile_ads:mergeDebugShaders' as it is up-to-date.
[        ] Resolve mutations for :google_mobile_ads:compileDebugShaders (Thread[#8295,Execution worker Thread 13,5,main]) started.
[        ] :google_mobile_ads:compileDebugShaders (Thread[#8295,Execution worker Thread 13,5,main]) started.
[        ] > Task :google_mobile_ads:compileDebugShaders NO-SOURCE
[        ] Skipping task ':google_mobile_ads:compileDebugShaders' as it has no source files and no previous output files.
[        ] Resolve mutations for :google_mobile_ads:generateDebugAssets (Thread[#8295,Execution worker Thread 13,5,main]) started.
[        ] :google_mobile_ads:generateDebugAssets (Thread[#8295,Execution worker Thread 13,5,main]) started.
[        ] > Task :google_mobile_ads:generateDebugAssets UP-TO-DATE
[        ] Skipping task ':google_mobile_ads:generateDebugAssets' as it has no actions.
[        ] Resolve mutations for :google_mobile_ads:packageDebugAssets (Thread[#8295,Execution worker Thread 13,5,main]) started.
[        ] :google_mobile_ads:packageDebugAssets (Thread[#8295,Execution worker Thread 13,5,main]) started.
[        ] > Task :google_mobile_ads:packageDebugAssets UP-TO-DATE
[        ] Caching disabled for task ':google_mobile_ads:packageDebugAssets' because:
[        ]   Build cache is disabled
[        ]   Simple merging task
[        ] Skipping task ':google_mobile_ads:packageDebugAssets' as it is up-to-date.
[        ] work action resolve out (project :google_mobile_ads) (Thread[#8295,Execution worker Thread 13,5,main]) started.
[        ] Resolve mutations for :path_provider_android:mergeDebugShaders (Thread[#8295,Execution worker Thread 13,5,main]) started.
[        ] :path_provider_android:mergeDebugShaders (Thread[#8295,Execution worker Thread 13,5,main]) started.
[        ] > Task :path_provider_android:mergeDebugShaders UP-TO-DATE
[        ] Caching disabled for task ':path_provider_android:mergeDebugShaders' because:
[        ]   Build cache is disabled
[        ]   Simple merging task
[        ] Skipping task ':path_provider_android:mergeDebugShaders' as it is up-to-date.
[        ] Resolve mutations for :path_provider_android:compileDebugShaders (Thread[#8295,Execution worker Thread 13,5,main]) started.
[        ] :path_provider_android:compileDebugShaders (Thread[#8295,Execution worker Thread 13,5,main]) started.
[        ] > Task :path_provider_android:compileDebugShaders NO-SOURCE
[        ] Skipping task ':path_provider_android:compileDebugShaders' as it has no source files and no previous output files.
[        ] Resolve mutations for :path_provider_android:generateDebugAssets (Thread[#8295,Execution worker Thread 13,5,main]) started.
[        ] :path_provider_android:generateDebugAssets (Thread[#8295,Execution worker Thread 13,5,main]) started.
[        ] > Task :path_provider_android:generateDebugAssets UP-TO-DATE
[        ] Skipping task ':path_provider_android:generateDebugAssets' as it has no actions.
[        ] Resolve mutations for :path_provider_android:packageDebugAssets (Thread[#8295,Execution worker Thread 13,5,main]) started.
[        ] :path_provider_android:packageDebugAssets (Thread[#8295,Execution worker Thread 13,5,main]) started.
[        ] > Task :path_provider_android:packageDebugAssets UP-TO-DATE
[        ] Caching disabled for task ':path_provider_android:packageDebugAssets' because:
[        ]   Build cache is disabled
[        ]   Simple merging task
[        ] Skipping task ':path_provider_android:packageDebugAssets' as it is up-to-date.
[        ] work action resolve out (project :path_provider_android) (Thread[#8295,Execution worker Thread 13,5,main]) started.
[        ] Resolve mutations for :permission_handler_android:mergeDebugShaders (Thread[#8295,Execution worker Thread 13,5,main]) started.
[        ] :permission_handler_android:mergeDebugShaders (Thread[#8286,Execution worker Thread 4,5,main]) started.
[        ] > Task :permission_handler_android:mergeDebugShaders UP-TO-DATE
[        ] Caching disabled for task ':permission_handler_android:mergeDebugShaders' because:
[        ]   Build cache is disabled
[        ]   Simple merging task
[        ] Skipping task ':permission_handler_android:mergeDebugShaders' as it is up-to-date.
[        ] Resolve mutations for :permission_handler_android:compileDebugShaders (Thread[#8286,Execution worker Thread 4,5,main]) started.
[        ] :permission_handler_android:compileDebugShaders (Thread[#8286,Execution worker Thread 4,5,main]) started.
[        ] > Task :permission_handler_android:compileDebugShaders NO-SOURCE
[        ] Skipping task ':permission_handler_android:compileDebugShaders' as it has no source files and no previous output files.
[        ] Resolve mutations for :permission_handler_android:generateDebugAssets (Thread[#8286,Execution worker Thread 4,5,main]) started.
[        ] :permission_handler_android:generateDebugAssets (Thread[#8286,Execution worker Thread 4,5,main]) started.
[        ] > Task :permission_handler_android:generateDebugAssets UP-TO-DATE
[        ] Skipping task ':permission_handler_android:generateDebugAssets' as it has no actions.
[        ] Resolve mutations for :permission_handler_android:packageDebugAssets (Thread[#8286,Execution worker Thread 4,5,main]) started.
[        ] :permission_handler_android:packageDebugAssets (Thread[#8286,Execution worker Thread 4,5,main]) started.
[        ] > Task :permission_handler_android:packageDebugAssets UP-TO-DATE
[        ] Caching disabled for task ':permission_handler_android:packageDebugAssets' because:
[        ]   Build cache is disabled
[        ]   Simple merging task
[        ] Skipping task ':permission_handler_android:packageDebugAssets' as it is up-to-date.
[        ] work action resolve out (project :permission_handler_android) (Thread[#8286,Execution worker Thread 4,5,main]) started.
[        ] Resolve mutations for :shared_preferences_android:mergeDebugShaders (Thread[#8286,Execution worker Thread 4,5,main]) started.
[        ] :shared_preferences_android:mergeDebugShaders (Thread[#8286,Execution worker Thread 4,5,main]) started.
[        ] > Task :shared_preferences_android:mergeDebugShaders UP-TO-DATE
[        ] Caching disabled for task ':shared_preferences_android:mergeDebugShaders' because:
[        ]   Build cache is disabled
[        ]   Simple merging task
[        ] Skipping task ':shared_preferences_android:mergeDebugShaders' as it is up-to-date.
[        ] Resolve mutations for :shared_preferences_android:compileDebugShaders (Thread[#8286,Execution worker Thread 4,5,main]) started.
[        ] :shared_preferences_android:compileDebugShaders (Thread[#8286,Execution worker Thread 4,5,main]) started.
[        ] > Task :shared_preferences_android:compileDebugShaders NO-SOURCE
[        ] Skipping task ':shared_preferences_android:compileDebugShaders' as it has no source files and no previous output files.
[        ] Resolve mutations for :shared_preferences_android:generateDebugAssets (Thread[#8286,Execution worker Thread 4,5,main]) started.
[        ] :shared_preferences_android:generateDebugAssets (Thread[#8286,Execution worker Thread 4,5,main]) started.
[        ] > Task :shared_preferences_android:generateDebugAssets UP-TO-DATE
[        ] Skipping task ':shared_preferences_android:generateDebugAssets' as it has no actions.
[        ] Resolve mutations for :shared_preferences_android:packageDebugAssets (Thread[#8286,Execution worker Thread 4,5,main]) started.
[        ] :shared_preferences_android:packageDebugAssets (Thread[#8298,Execution worker Thread 16,5,main]) started.
[        ] > Task :shared_preferences_android:packageDebugAssets UP-TO-DATE
[        ] Caching disabled for task ':shared_preferences_android:packageDebugAssets' because:
[        ]   Build cache is disabled
[        ]   Simple merging task
[        ] Skipping task ':shared_preferences_android:packageDebugAssets' as it is up-to-date.
[        ] work action resolve out (project :shared_preferences_android) (Thread[#8298,Execution worker Thread 16,5,main]) started.
[        ] Resolve mutations for :webview_flutter_android:mergeDebugShaders (Thread[#8298,Execution worker Thread 16,5,main]) started.
[        ] :webview_flutter_android:mergeDebugShaders (Thread[#8298,Execution worker Thread 16,5,main]) started.
[        ] > Task :webview_flutter_android:mergeDebugShaders UP-TO-DATE
[        ] Caching disabled for task ':webview_flutter_android:mergeDebugShaders' because:
[        ]   Build cache is disabled
[        ]   Simple merging task
[        ] Skipping task ':webview_flutter_android:mergeDebugShaders' as it is up-to-date.
[        ] Resolve mutations for :webview_flutter_android:compileDebugShaders (Thread[#8298,Execution worker Thread 16,5,main]) started.
[        ] :webview_flutter_android:compileDebugShaders (Thread[#8299,Execution worker Thread 17,5,main]) started.
[        ] > Task :webview_flutter_android:compileDebugShaders NO-SOURCE
[        ] Skipping task ':webview_flutter_android:compileDebugShaders' as it has no source files and no previous output files.
[        ] Resolve mutations for :webview_flutter_android:generateDebugAssets (Thread[#8299,Execution worker Thread 17,5,main]) started.
[        ] :webview_flutter_android:generateDebugAssets (Thread[#8299,Execution worker Thread 17,5,main]) started.
[        ] > Task :webview_flutter_android:generateDebugAssets UP-TO-DATE
[        ] Skipping task ':webview_flutter_android:generateDebugAssets' as it has no actions.
[        ] Resolve mutations for :webview_flutter_android:packageDebugAssets (Thread[#8299,Execution worker Thread 17,5,main]) started.
[        ] :webview_flutter_android:packageDebugAssets (Thread[#8299,Execution worker Thread 17,5,main]) started.
[        ] > Task :webview_flutter_android:packageDebugAssets UP-TO-DATE
[        ] Caching disabled for task ':webview_flutter_android:packageDebugAssets' because:
[        ]   Build cache is disabled
[        ]   Simple merging task
[        ] Skipping task ':webview_flutter_android:packageDebugAssets' as it is up-to-date.
[        ] work action resolve out (project :webview_flutter_android) (Thread[#8299,Execution worker Thread 17,5,main]) started.
[        ] Resolve mutations for :app:mergeDebugAssets (Thread[#8299,Execution worker Thread 17,5,main]) started.
[        ] :app:mergeDebugAssets (Thread[#8299,Execution worker Thread 17,5,main]) started.
[        ] > Task :app:mergeDebugAssets
[        ] Transforming play-services-ads-23.6.0.aar (com.google.android.gms:play-services-ads:23.6.0) with JetifyTransform
[        ] Transforming play-services-ads-23.6.0.aar (com.google.android.gms:play-services-ads:23.6.0) with ExtractAarTransform
[        ] Transforming play-services-ads-23.6.0.aar (com.google.android.gms:play-services-ads:23.6.0) with AarTransform
[        ] Transforming play-services-ads-lite-23.6.0.aar (com.google.android.gms:play-services-ads-lite:23.6.0) with JetifyTransform
[        ] Transforming play-services-ads-lite-23.6.0.aar (com.google.android.gms:play-services-ads-lite:23.6.0) with ExtractAarTransform
[        ] Transforming play-services-ads-lite-23.6.0.aar (com.google.android.gms:play-services-ads-lite:23.6.0) with AarTransform
[        ] Transforming user-messaging-platform-3.1.0.aar (com.google.android.ump:user-messaging-platform:3.1.0) with JetifyTransform
[        ] Transforming user-messaging-platform-3.1.0.aar (com.google.android.ump:user-messaging-platform:3.1.0) with ExtractAarTransform
[        ] Transforming user-messaging-platform-3.1.0.aar (com.google.android.ump:user-messaging-platform:3.1.0) with AarTransform
[        ] Transforming user-messaging-platform-3.1.0.aar (com.google.android.ump:user-messaging-platform:3.1.0) with JetifyTransform
[        ] Transforming user-messaging-platform-3.1.0.aar (com.google.android.ump:user-messaging-platform:3.1.0) with ExtractAarTransform
[        ] Transforming user-messaging-platform-3.1.0.aar (com.google.android.ump:user-messaging-platform:3.1.0) with AarTransform
[        ] Transforming play-services-ads-base-23.6.0.aar (com.google.android.gms:play-services-ads-base:23.6.0) with JetifyTransform
[        ] Transforming play-services-ads-base-23.6.0.aar (com.google.android.gms:play-services-ads-base:23.6.0) with ExtractAarTransform
[        ] Transforming play-services-ads-base-23.6.0.aar (com.google.android.gms:play-services-ads-base:23.6.0) with AarTransform
[        ] Transforming play-services-ads-identifier-18.0.0.aar (com.google.android.gms:play-services-ads-identifier:18.0.0) with JetifyTransform
[        ] Transforming play-services-ads-identifier-18.0.0.aar (com.google.android.gms:play-services-ads-identifier:18.0.0) with ExtractAarTransform
[        ] Transforming play-services-ads-identifier-18.0.0.aar (com.google.android.gms:play-services-ads-identifier:18.0.0) with AarTransform
[        ] Transforming play-services-appset-16.0.1.aar (com.google.android.gms:play-services-appset:16.0.1) with JetifyTransform
[        ] Transforming play-services-appset-16.0.1.aar (com.google.android.gms:play-services-appset:16.0.1) with ExtractAarTransform
[        ] Transforming play-services-appset-16.0.1.aar (com.google.android.gms:play-services-appset:16.0.1) with AarTransform
[        ] Transforming play-services-base-18.0.0.aar (com.google.android.gms:play-services-base:18.0.0) with JetifyTransform
[        ] Transforming play-services-base-18.0.0.aar (com.google.android.gms:play-services-base:18.0.0) with ExtractAarTransform
[        ] Transforming play-services-base-18.0.0.aar (com.google.android.gms:play-services-base:18.0.0) with AarTransform
[        ] Transforming play-services-tasks-18.2.0.aar (com.google.android.gms:play-services-tasks:18.2.0) with JetifyTransform
[        ] Transforming play-services-tasks-18.2.0.aar (com.google.android.gms:play-services-tasks:18.2.0) with ExtractAarTransform
[        ] Transforming play-services-tasks-18.2.0.aar (com.google.android.gms:play-services-tasks:18.2.0) with AarTransform
[        ] Transforming play-services-measurement-sdk-api-20.1.2.aar (com.google.android.gms:play-services-measurement-sdk-api:20.1.2) with JetifyTransform
[        ] Transforming play-services-measurement-sdk-api-20.1.2.aar (com.google.android.gms:play-services-measurement-sdk-api:20.1.2) with ExtractAarTransform
[        ] Transforming play-services-measurement-sdk-api-20.1.2.aar (com.google.android.gms:play-services-measurement-sdk-api:20.1.2) with AarTransform
[        ] Transforming play-services-measurement-base-20.1.2.aar (com.google.android.gms:play-services-measurement-base:20.1.2) with JetifyTransform
[        ] Transforming play-services-measurement-base-20.1.2.aar (com.google.android.gms:play-services-measurement-base:20.1.2) with ExtractAarTransform
[        ] Transforming play-services-measurement-base-20.1.2.aar (com.google.android.gms:play-services-measurement-base:20.1.2) with AarTransform
[        ] Transforming play-services-basement-18.4.0.aar (com.google.android.gms:play-services-basement:18.4.0) with JetifyTransform
[        ] Transforming play-services-basement-18.4.0.aar (com.google.android.gms:play-services-basement:18.4.0) with ExtractAarTransform
[        ] Transforming play-services-basement-18.4.0.aar (com.google.android.gms:play-services-basement:18.4.0) with AarTransform
[        ] Transforming constraintlayout-2.1.4.aar (androidx.constraintlayout:constraintlayout:2.1.4) with JetifyTransform
[        ] Transforming constraintlayout-2.1.4.aar (androidx.constraintlayout:constraintlayout:2.1.4) with ExtractAarTransform
[        ] Transforming constraintlayout-2.1.4.aar (androidx.constraintlayout:constraintlayout:2.1.4) with AarTransform
[        ] Transforming preference-1.2.1.aar (androidx.preference:preference:1.2.1) with JetifyTransform
[        ] Transforming preference-1.2.1.aar (androidx.preference:preference:1.2.1) with ExtractAarTransform
[        ] Transforming preference-1.2.1.aar (androidx.preference:preference:1.2.1) with AarTransform
[        ] Transforming appcompat-1.2.0.aar (androidx.appcompat:appcompat:1.2.0) with JetifyTransform
[        ] Transforming appcompat-1.2.0.aar (androidx.appcompat:appcompat:1.2.0) with ExtractAarTransform
[        ] Transforming appcompat-1.2.0.aar (androidx.appcompat:appcompat:1.2.0) with AarTransform
[        ] Transforming fragment-ktx-1.7.1.aar (androidx.fragment:fragment-ktx:1.7.1) with JetifyTransform
[        ] Transforming fragment-ktx-1.7.1.aar (androidx.fragment:fragment-ktx:1.7.1) with ExtractAarTransform
[        ] Transforming fragment-ktx-1.7.1.aar (androidx.fragment:fragment-ktx:1.7.1) with AarTransform
[        ] Transforming fragment-1.7.1.aar (androidx.fragment:fragment:1.7.1) with JetifyTransform
[        ] Transforming fragment-1.7.1.aar (androidx.fragment:fragment:1.7.1) with ExtractAarTransform
[        ] Transforming fragment-1.7.1.aar (androidx.fragment:fragment:1.7.1) with AarTransform
[        ] Transforming fragment-1.7.1.aar (androidx.fragment:fragment:1.7.1) with JetifyTransform
[        ] Transforming fragment-1.7.1.aar (androidx.fragment:fragment:1.7.1) with ExtractAarTransform
[        ] Transforming fragment-1.7.1.aar (androidx.fragment:fragment:1.7.1) with AarTransform
[        ] Transforming webkit-1.15.0.aar (androidx.webkit:webkit:1.15.0) with JetifyTransform
[        ] Transforming webkit-1.15.0.aar (androidx.webkit:webkit:1.15.0) with ExtractAarTransform
[        ] Transforming webkit-1.15.0.aar (androidx.webkit:webkit:1.15.0) with AarTransform
[        ] Transforming webkit-1.15.0.aar (androidx.webkit:webkit:1.15.0) with JetifyTransform
[        ] Transforming webkit-1.15.0.aar (androidx.webkit:webkit:1.15.0) with ExtractAarTransform
[        ] Transforming webkit-1.15.0.aar (androidx.webkit:webkit:1.15.0) with AarTransform
[        ] Transforming recyclerview-1.0.0.aar (androidx.recyclerview:recyclerview:1.0.0) with JetifyTransform
[        ] Transforming recyclerview-1.0.0.aar (androidx.recyclerview:recyclerview:1.0.0) with ExtractAarTransform
[        ] Transforming recyclerview-1.0.0.aar (androidx.recyclerview:recyclerview:1.0.0) with AarTransform
[        ] Transforming legacy-support-core-ui-1.0.0.aar (androidx.legacy:legacy-support-core-ui:1.0.0) with JetifyTransform
[        ] Transforming legacy-support-core-ui-1.0.0.aar (androidx.legacy:legacy-support-core-ui:1.0.0) with ExtractAarTransform
[        ] Transforming legacy-support-core-ui-1.0.0.aar (androidx.legacy:legacy-support-core-ui:1.0.0) with AarTransform
[        ] Transforming slidingpanelayout-1.2.0.aar (androidx.slidingpanelayout:slidingpanelayout:1.2.0) with JetifyTransform
[        ] Transforming slidingpanelayout-1.2.0.aar (androidx.slidingpanelayout:slidingpanelayout:1.2.0) with ExtractAarTransform
[        ] Transforming slidingpanelayout-1.2.0.aar (androidx.slidingpanelayout:slidingpanelayout:1.2.0) with AarTransform
[        ] Transforming slidingpanelayout-1.2.0.aar (androidx.slidingpanelayout:slidingpanelayout:1.2.0) with JetifyTransform
[        ] Transforming slidingpanelayout-1.2.0.aar (androidx.slidingpanelayout:slidingpanelayout:1.2.0) with ExtractAarTransform
[        ] Transforming slidingpanelayout-1.2.0.aar (androidx.slidingpanelayout:slidingpanelayout:1.2.0) with AarTransform
[        ] Transforming window-1.2.0.aar (androidx.window:window:1.2.0) with JetifyTransform
[        ] Transforming window-1.2.0.aar (androidx.window:window:1.2.0) with ExtractAarTransform
[        ] Transforming window-1.2.0.aar (androidx.window:window:1.2.0) with AarTransform
[        ] Transforming window-java-1.2.0.aar (androidx.window:window-java:1.2.0) with JetifyTransform
[        ] Transforming window-java-1.2.0.aar (androidx.window:window-java:1.2.0) with ExtractAarTransform
[        ] Transforming window-java-1.2.0.aar (androidx.window:window-java:1.2.0) with AarTransform
[        ] Transforming browser-1.8.0.aar (androidx.browser:browser:1.8.0) with JetifyTransform
[        ] Transforming browser-1.8.0.aar (androidx.browser:browser:1.8.0) with ExtractAarTransform
[        ] Transforming browser-1.8.0.aar (androidx.browser:browser:1.8.0) with AarTransform
[        ] Transforming activity-ktx-1.8.1.aar (androidx.activity:activity-ktx:1.8.1) with JetifyTransform
[        ] Transforming activity-ktx-1.8.1.aar (androidx.activity:activity-ktx:1.8.1) with ExtractAarTransform
[        ] Transforming activity-ktx-1.8.1.aar (androidx.activity:activity-ktx:1.8.1) with AarTransform
[        ] Transforming activity-1.8.1.aar (androidx.activity:activity:1.8.1) with JetifyTransform
[        ] Transforming activity-1.8.1.aar (androidx.activity:activity:1.8.1) with ExtractAarTransform
[        ] Transforming activity-1.8.1.aar (androidx.activity:activity:1.8.1) with AarTransform
[        ] Transforming legacy-support-core-utils-1.0.0.aar (androidx.legacy:legacy-support-core-utils:1.0.0) with JetifyTransform
[        ] Transforming legacy-support-core-utils-1.0.0.aar (androidx.legacy:legacy-support-core-utils:1.0.0) with ExtractAarTransform
[        ] Transforming legacy-support-core-utils-1.0.0.aar (androidx.legacy:legacy-support-core-utils:1.0.0) with AarTransform
[        ] Transforming loader-1.0.0.aar (androidx.loader:loader:1.0.0) with JetifyTransform
[        ] Transforming loader-1.0.0.aar (androidx.loader:loader:1.0.0) with ExtractAarTransform
[        ] Transforming loader-1.0.0.aar (androidx.loader:loader:1.0.0) with AarTransform
[        ] Transforming loader-1.0.0.aar (androidx.loader:loader:1.0.0) with JetifyTransform
[        ] Transforming loader-1.0.0.aar (androidx.loader:loader:1.0.0) with ExtractAarTransform
[        ] Transforming loader-1.0.0.aar (androidx.loader:loader:1.0.0) with AarTransform
[        ] Transforming viewpager-1.0.0.aar (androidx.viewpager:viewpager:1.0.0) with JetifyTransform
[        ] Transforming viewpager-1.0.0.aar (androidx.viewpager:viewpager:1.0.0) with ExtractAarTransform
[        ] Transforming viewpager-1.0.0.aar (androidx.viewpager:viewpager:1.0.0) with AarTransform
[        ] Transforming viewpager-1.0.0.aar (androidx.viewpager:viewpager:1.0.0) with JetifyTransform
[        ] Transforming viewpager-1.0.0.aar (androidx.viewpager:viewpager:1.0.0) with ExtractAarTransform
[        ] Transforming viewpager-1.0.0.aar (androidx.viewpager:viewpager:1.0.0) with AarTransform
[        ] Transforming ads-adservices-java-1.0.0-beta05.aar (androidx.privacysandbox.ads:ads-adservices-java:1.0.0-beta05) with JetifyTransform
[        ] Transforming ads-adservices-java-1.0.0-beta05.aar (androidx.privacysandbox.ads:ads-adservices-java:1.0.0-beta05) with ExtractAarTransform
[        ] Transforming ads-adservices-java-1.0.0-beta05.aar (androidx.privacysandbox.ads:ads-adservices-java:1.0.0-beta05) with AarTransform
[        ] Transforming ads-adservices-1.0.0-beta05.aar (androidx.privacysandbox.ads:ads-adservices:1.0.0-beta05) with JetifyTransform
[        ] Transforming ads-adservices-1.0.0-beta05.aar (androidx.privacysandbox.ads:ads-adservices:1.0.0-beta05) with ExtractAarTransform
[        ] Transforming ads-adservices-1.0.0-beta05.aar (androidx.privacysandbox.ads:ads-adservices:1.0.0-beta05) with AarTransform
[        ] Transforming ads-adservices-1.0.0-beta05.aar (androidx.privacysandbox.ads:ads-adservices:1.0.0-beta05) with JetifyTransform
[        ] Transforming ads-adservices-1.0.0-beta05.aar (androidx.privacysandbox.ads:ads-adservices:1.0.0-beta05) with ExtractAarTransform
[        ] Transforming ads-adservices-1.0.0-beta05.aar (androidx.privacysandbox.ads:ads-adservices:1.0.0-beta05) with AarTransform
[        ] Transforming work-runtime-2.7.0.aar (androidx.work:work-runtime:2.7.0) with JetifyTransform
[        ] Transforming work-runtime-2.7.0.aar (androidx.work:work-runtime:2.7.0) with ExtractAarTransform
[        ] Transforming work-runtime-2.7.0.aar (androidx.work:work-runtime:2.7.0) with AarTransform
[        ] Transforming lifecycle-runtime-ktx-2.7.0.aar (androidx.lifecycle:lifecycle-runtime-ktx:2.7.0) with JetifyTransform
[        ] Transforming lifecycle-runtime-ktx-2.7.0.aar (androidx.lifecycle:lifecycle-runtime-ktx:2.7.0) with ExtractAarTransform
[        ] Transforming lifecycle-runtime-ktx-2.7.0.aar (androidx.lifecycle:lifecycle-runtime-ktx:2.7.0) with AarTransform
[        ] Transforming lifecycle-service-2.7.0.aar (androidx.lifecycle:lifecycle-service:2.7.0) with JetifyTransform
[        ] Transforming lifecycle-service-2.7.0.aar (androidx.lifecycle:lifecycle-service:2.7.0) with ExtractAarTransform
[        ] Transforming lifecycle-service-2.7.0.aar (androidx.lifecycle:lifecycle-service:2.7.0) with AarTransform
[        ] Transforming lifecycle-livedata-2.7.0.aar (androidx.lifecycle:lifecycle-livedata:2.7.0) with JetifyTransform
[        ] Transforming lifecycle-livedata-2.7.0.aar (androidx.lifecycle:lifecycle-livedata:2.7.0) with ExtractAarTransform
[        ] Transforming lifecycle-livedata-2.7.0.aar (androidx.lifecycle:lifecycle-livedata:2.7.0) with AarTransform
[        ] Transforming lifecycle-livedata-2.7.0.aar (androidx.lifecycle:lifecycle-livedata:2.7.0) with JetifyTransform
[        ] Transforming lifecycle-livedata-2.7.0.aar (androidx.lifecycle:lifecycle-livedata:2.7.0) with ExtractAarTransform
[        ] Transforming lifecycle-livedata-2.7.0.aar (androidx.lifecycle:lifecycle-livedata:2.7.0) with AarTransform
[        ] Transforming lifecycle-livedata-core-ktx-2.7.0.aar (androidx.lifecycle:lifecycle-livedata-core-ktx:2.7.0) with JetifyTransform
[        ] Transforming lifecycle-livedata-core-ktx-2.7.0.aar (androidx.lifecycle:lifecycle-livedata-core-ktx:2.7.0) with ExtractAarTransform
[        ] Transforming lifecycle-livedata-core-ktx-2.7.0.aar (androidx.lifecycle:lifecycle-livedata-core-ktx:2.7.0) with AarTransform
[        ] Transforming lifecycle-viewmodel-ktx-2.7.0.aar (androidx.lifecycle:lifecycle-viewmodel-ktx:2.7.0) with JetifyTransform
[        ] Transforming lifecycle-viewmodel-ktx-2.7.0.aar (androidx.lifecycle:lifecycle-viewmodel-ktx:2.7.0) with ExtractAarTransform
[        ] Transforming lifecycle-viewmodel-ktx-2.7.0.aar (androidx.lifecycle:lifecycle-viewmodel-ktx:2.7.0) with AarTransform
[        ] Transforming lifecycle-viewmodel-2.7.0.aar (androidx.lifecycle:lifecycle-viewmodel:2.7.0) with JetifyTransform
[        ] Transforming lifecycle-viewmodel-2.7.0.aar (androidx.lifecycle:lifecycle-viewmodel:2.7.0) with ExtractAarTransform
[        ] Transforming lifecycle-viewmodel-2.7.0.aar (androidx.lifecycle:lifecycle-viewmodel:2.7.0) with AarTransform
[        ] Transforming lifecycle-viewmodel-2.7.0.aar (androidx.lifecycle:lifecycle-viewmodel:2.7.0) with JetifyTransform
[        ] Transforming lifecycle-viewmodel-2.7.0.aar (androidx.lifecycle:lifecycle-viewmodel:2.7.0) with ExtractAarTransform
[        ] Transforming lifecycle-viewmodel-2.7.0.aar (androidx.lifecycle:lifecycle-viewmodel:2.7.0) with AarTransform
[        ] Transforming lifecycle-livedata-core-2.7.0.aar (androidx.lifecycle:lifecycle-livedata-core:2.7.0) with JetifyTransform
[        ] Transforming lifecycle-livedata-core-2.7.0.aar (androidx.lifecycle:lifecycle-livedata-core:2.7.0) with ExtractAarTransform
[        ] Transforming lifecycle-livedata-core-2.7.0.aar (androidx.lifecycle:lifecycle-livedata-core:2.7.0) with AarTransform
[        ] Transforming lifecycle-viewmodel-savedstate-2.7.0.aar (androidx.lifecycle:lifecycle-viewmodel-savedstate:2.7.0) with JetifyTransform
[        ] Transforming lifecycle-viewmodel-savedstate-2.7.0.aar (androidx.lifecycle:lifecycle-viewmodel-savedstate:2.7.0) with ExtractAarTransform
[        ] Transforming lifecycle-viewmodel-savedstate-2.7.0.aar (androidx.lifecycle:lifecycle-viewmodel-savedstate:2.7.0) with AarTransform
[        ] Transforming core-ktx-1.13.1.aar (androidx.core:core-ktx:1.13.1) with JetifyTransform
[        ] Transforming core-ktx-1.13.1.aar (androidx.core:core-ktx:1.13.1) with ExtractAarTransform
[        ] Transforming core-ktx-1.13.1.aar (androidx.core:core-ktx:1.13.1) with AarTransform
[        ] Transforming appcompat-resources-1.2.0.aar (androidx.appcompat:appcompat-resources:1.2.0) with JetifyTransform
[        ] Transforming appcompat-resources-1.2.0.aar (androidx.appcompat:appcompat-resources:1.2.0) with ExtractAarTransform
[        ] Transforming appcompat-resources-1.2.0.aar (androidx.appcompat:appcompat-resources:1.2.0) with AarTransform
[        ] Transforming drawerlayout-1.0.0.aar (androidx.drawerlayout:drawerlayout:1.0.0) with JetifyTransform
[        ] Transforming drawerlayout-1.0.0.aar (androidx.drawerlayout:drawerlayout:1.0.0) with ExtractAarTransform
[        ] Transforming drawerlayout-1.0.0.aar (androidx.drawerlayout:drawerlayout:1.0.0) with AarTransform
[        ] Transforming drawerlayout-1.0.0.aar (androidx.drawerlayout:drawerlayout:1.0.0) with JetifyTransform
[        ] Transforming drawerlayout-1.0.0.aar (androidx.drawerlayout:drawerlayout:1.0.0) with ExtractAarTransform
[        ] Transforming drawerlayout-1.0.0.aar (androidx.drawerlayout:drawerlayout:1.0.0) with AarTransform
[        ] Transforming coordinatorlayout-1.0.0.aar (androidx.coordinatorlayout:coordinatorlayout:1.0.0) with JetifyTransform
[        ] Transforming coordinatorlayout-1.0.0.aar (androidx.coordinatorlayout:coordinatorlayout:1.0.0) with ExtractAarTransform
[        ] Transforming coordinatorlayout-1.0.0.aar (androidx.coordinatorlayout:coordinatorlayout:1.0.0) with AarTransform
[        ] Transforming customview-1.1.0.aar (androidx.customview:customview:1.1.0) with JetifyTransform
[        ] Transforming customview-1.1.0.aar (androidx.customview:customview:1.1.0) with ExtractAarTransform
[        ] Transforming customview-1.1.0.aar (androidx.customview:customview:1.1.0) with AarTransform
[        ] Transforming customview-1.1.0.aar (androidx.customview:customview:1.1.0) with JetifyTransform
[        ] Transforming customview-1.1.0.aar (androidx.customview:customview:1.1.0) with ExtractAarTransform
[        ] Transforming customview-1.1.0.aar (androidx.customview:customview:1.1.0) with AarTransform
[        ] Transforming transition-1.4.1.aar (androidx.transition:transition:1.4.1) with JetifyTransform
[        ] Transforming transition-1.4.1.aar (androidx.transition:transition:1.4.1) with ExtractAarTransform
[        ] Transforming transition-1.4.1.aar (androidx.transition:transition:1.4.1) with AarTransform
[        ] Transforming vectordrawable-animated-1.1.0.aar (androidx.vectordrawable:vectordrawable-animated:1.1.0) with JetifyTransform
[        ] Transforming vectordrawable-animated-1.1.0.aar (androidx.vectordrawable:vectordrawable-animated:1.1.0) with ExtractAarTransform
[        ] Transforming vectordrawable-animated-1.1.0.aar (androidx.vectordrawable:vectordrawable-animated:1.1.0) with AarTransform
[        ] Transforming vectordrawable-1.1.0.aar (androidx.vectordrawable:vectordrawable:1.1.0) with JetifyTransform
[        ] Transforming vectordrawable-1.1.0.aar (androidx.vectordrawable:vectordrawable:1.1.0) with ExtractAarTransform
[        ] Transforming vectordrawable-1.1.0.aar (androidx.vectordrawable:vectordrawable:1.1.0) with AarTransform
[        ] Transforming vectordrawable-1.1.0.aar (androidx.vectordrawable:vectordrawable:1.1.0) with JetifyTransform
[        ] Transforming vectordrawable-1.1.0.aar (androidx.vectordrawable:vectordrawable:1.1.0) with ExtractAarTransform
[        ] Transforming vectordrawable-1.1.0.aar (androidx.vectordrawable:vectordrawable:1.1.0) with AarTransform
[        ] Transforming swiperefreshlayout-1.0.0.aar (androidx.swiperefreshlayout:swiperefreshlayout:1.0.0) with JetifyTransform
[        ] Transforming swiperefreshlayout-1.0.0.aar (androidx.swiperefreshlayout:swiperefreshlayout:1.0.0) with ExtractAarTransform
[        ] Transforming swiperefreshlayout-1.0.0.aar (androidx.swiperefreshlayout:swiperefreshlayout:1.0.0) with AarTransform
[        ] Transforming asynclayoutinflater-1.0.0.aar (androidx.asynclayoutinflater:asynclayoutinflater:1.0.0) with JetifyTransform
[        ] Transforming asynclayoutinflater-1.0.0.aar (androidx.asynclayoutinflater:asynclayoutinflater:1.0.0) with ExtractAarTransform
[        ] Transforming asynclayoutinflater-1.0.0.aar (androidx.asynclayoutinflater:asynclayoutinflater:1.0.0) with AarTransform
[        ] Transforming core-1.13.1.aar (androidx.core:core:1.13.1) with JetifyTransform
[        ] Transforming core-1.13.1.aar (androidx.core:core:1.13.1) with ExtractAarTransform
[        ] Transforming core-1.13.1.aar (androidx.core:core:1.13.1) with AarTransform
[        ] Transforming core-1.13.1.aar (androidx.core:core:1.13.1) with JetifyTransform
[        ] Transforming core-1.13.1.aar (androidx.core:core:1.13.1) with ExtractAarTransform
[        ] Transforming core-1.13.1.aar (androidx.core:core:1.13.1) with AarTransform
[        ] Transforming lifecycle-runtime-2.7.0.aar (androidx.lifecycle:lifecycle-runtime:2.7.0) with JetifyTransform
[        ] Transforming lifecycle-runtime-2.7.0.aar (androidx.lifecycle:lifecycle-runtime:2.7.0) with ExtractAarTransform
[        ] Transforming lifecycle-runtime-2.7.0.aar (androidx.lifecycle:lifecycle-runtime:2.7.0) with AarTransform
[        ] Transforming savedstate-ktx-1.2.1.aar (androidx.savedstate:savedstate-ktx:1.2.1) with JetifyTransform
[        ] Transforming savedstate-ktx-1.2.1.aar (androidx.savedstate:savedstate-ktx:1.2.1) with ExtractAarTransform
[        ] Transforming savedstate-ktx-1.2.1.aar (androidx.savedstate:savedstate-ktx:1.2.1) with AarTransform
[        ] Transforming savedstate-1.2.1.aar (androidx.savedstate:savedstate:1.2.1) with JetifyTransform
[        ] Transforming savedstate-1.2.1.aar (androidx.savedstate:savedstate:1.2.1) with ExtractAarTransform
[        ] Transforming savedstate-1.2.1.aar (androidx.savedstate:savedstate:1.2.1) with AarTransform
[        ] Transforming lifecycle-process-2.7.0.aar (androidx.lifecycle:lifecycle-process:2.7.0) with JetifyTransform
[        ] Transforming lifecycle-process-2.7.0.aar (androidx.lifecycle:lifecycle-process:2.7.0) with ExtractAarTransform
[        ] Transforming lifecycle-process-2.7.0.aar (androidx.lifecycle:lifecycle-process:2.7.0) with AarTransform
[        ] Transforming datastore-preferences-core-release.aar (androidx.datastore:datastore-preferences-core-android:1.1.7) with JetifyTransform
[        ] Transforming datastore-preferences-core-release.aar (androidx.datastore:datastore-preferences-core-android:1.1.7) with ExtractAarTransform
[        ] Transforming datastore-preferences-core-release.aar (androidx.datastore:datastore-preferences-core-android:1.1.7) with AarTransform
[        ] Transforming datastore-core-release.aar (androidx.datastore:datastore-core-android:1.1.7) with JetifyTransform
[        ] Transforming datastore-core-release.aar (androidx.datastore:datastore-core-android:1.1.7) with ExtractAarTransform
[        ] Transforming datastore-core-release.aar (androidx.datastore:datastore-core-android:1.1.7) with AarTransform
[        ] Transforming datastore-preferences-release.aar (androidx.datastore:datastore-preferences-android:1.1.7) with JetifyTransform
[        ] Transforming datastore-preferences-release.aar (androidx.datastore:datastore-preferences-android:1.1.7) with ExtractAarTransform
[        ] Transforming datastore-preferences-release.aar (androidx.datastore:datastore-preferences-android:1.1.7) with AarTransform
[        ] Transforming datastore-release.aar (androidx.datastore:datastore-android:1.1.7) with JetifyTransform
[        ] Transforming datastore-release.aar (androidx.datastore:datastore-android:1.1.7) with ExtractAarTransform
[        ] Transforming datastore-release.aar (androidx.datastore:datastore-android:1.1.7) with AarTransform
[        ] Transforming profileinstaller-1.3.1.aar (androidx.profileinstaller:profileinstaller:1.3.1) with JetifyTransform
[        ] Transforming profileinstaller-1.3.1.aar (androidx.profileinstaller:profileinstaller:1.3.1) with ExtractAarTransform
[        ] Transforming profileinstaller-1.3.1.aar (androidx.profileinstaller:profileinstaller:1.3.1) with AarTransform
[        ] Transforming startup-runtime-1.1.1.aar (androidx.startup:startup-runtime:1.1.1) with JetifyTransform
[        ] Transforming startup-runtime-1.1.1.aar (androidx.startup:startup-runtime:1.1.1) with ExtractAarTransform
[        ] Transforming startup-runtime-1.1.1.aar (androidx.startup:startup-runtime:1.1.1) with AarTransform
[        ] Transforming tracing-1.2.0.aar (androidx.tracing:tracing:1.2.0) with JetifyTransform
[        ] Transforming tracing-1.2.0.aar (androidx.tracing:tracing:1.2.0) with ExtractAarTransform
[        ] Transforming tracing-1.2.0.aar (androidx.tracing:tracing:1.2.0) with AarTransform
[        ] Transforming exifinterface-1.4.1.aar (androidx.exifinterface:exifinterface:1.4.1) with JetifyTransform
[        ] Transforming exifinterface-1.4.1.aar (androidx.exifinterface:exifinterface:1.4.1) with ExtractAarTransform
[        ] Transforming exifinterface-1.4.1.aar (androidx.exifinterface:exifinterface:1.4.1) with AarTransform
[        ] Transforming room-runtime-2.2.5.aar (androidx.room:room-runtime:2.2.5) with JetifyTransform
[        ] Transforming room-runtime-2.2.5.aar (androidx.room:room-runtime:2.2.5) with ExtractAarTransform
[        ] Transforming room-runtime-2.2.5.aar (androidx.room:room-runtime:2.2.5) with AarTransform
[        ] Transforming core-runtime-2.2.0.aar (androidx.arch.core:core-runtime:2.2.0) with JetifyTransform
[        ] Transforming core-runtime-2.2.0.aar (androidx.arch.core:core-runtime:2.2.0) with ExtractAarTransform
[        ] Transforming core-runtime-2.2.0.aar (androidx.arch.core:core-runtime:2.2.0) with AarTransform
[        ] Transforming core-runtime-2.2.0.aar (androidx.arch.core:core-runtime:2.2.0) with JetifyTransform
[        ] Transforming core-runtime-2.2.0.aar (androidx.arch.core:core-runtime:2.2.0) with ExtractAarTransform
[        ] Transforming core-runtime-2.2.0.aar (androidx.arch.core:core-runtime:2.2.0) with AarTransform
[        ] Transforming versionedparcelable-1.1.1.aar (androidx.versionedparcelable:versionedparcelable:1.1.1) with JetifyTransform
[        ] Transforming versionedparcelable-1.1.1.aar (androidx.versionedparcelable:versionedparcelable:1.1.1) with ExtractAarTransform
[        ] Transforming versionedparcelable-1.1.1.aar (androidx.versionedparcelable:versionedparcelable:1.1.1) with AarTransform
[        ] Transforming interpolator-1.0.0.aar (androidx.interpolator:interpolator:1.0.0) with JetifyTransform
[        ] Transforming interpolator-1.0.0.aar (androidx.interpolator:interpolator:1.0.0) with ExtractAarTransform
[        ] Transforming interpolator-1.0.0.aar (androidx.interpolator:interpolator:1.0.0) with AarTransform
[        ] Transforming interpolator-1.0.0.aar (androidx.interpolator:interpolator:1.0.0) with JetifyTransform
[        ] Transforming interpolator-1.0.0.aar (androidx.interpolator:interpolator:1.0.0) with ExtractAarTransform
[        ] Transforming interpolator-1.0.0.aar (androidx.interpolator:interpolator:1.0.0) with AarTransform
[        ] Transforming cursoradapter-1.0.0.aar (androidx.cursoradapter:cursoradapter:1.0.0) with JetifyTransform
[        ] Transforming cursoradapter-1.0.0.aar (androidx.cursoradapter:cursoradapter:1.0.0) with ExtractAarTransform
[        ] Transforming cursoradapter-1.0.0.aar (androidx.cursoradapter:cursoradapter:1.0.0) with AarTransform
[        ] Transforming cursoradapter-1.0.0.aar (androidx.cursoradapter:cursoradapter:1.0.0) with JetifyTransform
[        ] Transforming cursoradapter-1.0.0.aar (androidx.cursoradapter:cursoradapter:1.0.0) with ExtractAarTransform
[        ] Transforming cursoradapter-1.0.0.aar (androidx.cursoradapter:cursoradapter:1.0.0) with AarTransform
[        ] Transforming core-1.0.0.aar (androidx.window.extensions.core:core:1.0.0) with JetifyTransform
[        ] Transforming core-1.0.0.aar (androidx.window.extensions.core:core:1.0.0) with ExtractAarTransform
[        ] Transforming core-1.0.0.aar (androidx.window.extensions.core:core:1.0.0) with AarTransform
[        ] Transforming sqlite-framework-2.1.0.aar (androidx.sqlite:sqlite-framework:2.1.0) with JetifyTransform
[        ] Transforming sqlite-framework-2.1.0.aar (androidx.sqlite:sqlite-framework:2.1.0) with ExtractAarTransform
[        ] Transforming sqlite-framework-2.1.0.aar (androidx.sqlite:sqlite-framework:2.1.0) with AarTransform
[        ] Transforming sqlite-framework-2.1.0.aar (androidx.sqlite:sqlite-framework:2.1.0) with JetifyTransform
[        ] Transforming sqlite-framework-2.1.0.aar (androidx.sqlite:sqlite-framework:2.1.0) with ExtractAarTransform
[        ] Transforming sqlite-framework-2.1.0.aar (androidx.sqlite:sqlite-framework:2.1.0) with AarTransform
[        ] Transforming sqlite-2.1.0.aar (androidx.sqlite:sqlite:2.1.0) with JetifyTransform
[        ] Transforming sqlite-2.1.0.aar (androidx.sqlite:sqlite:2.1.0) with ExtractAarTransform
[        ] Transforming sqlite-2.1.0.aar (androidx.sqlite:sqlite:2.1.0) with AarTransform
[        ] Transforming sqlite-2.1.0.aar (androidx.sqlite:sqlite:2.1.0) with JetifyTransform
[        ] Transforming sqlite-2.1.0.aar (androidx.sqlite:sqlite:2.1.0) with ExtractAarTransform
[        ] Transforming sqlite-2.1.0.aar (androidx.sqlite:sqlite:2.1.0) with AarTransform
[        ] Transforming documentfile-1.0.0.aar (androidx.documentfile:documentfile:1.0.0) with JetifyTransform
[        ] Transforming documentfile-1.0.0.aar (androidx.documentfile:documentfile:1.0.0) with ExtractAarTransform
[        ] Transforming documentfile-1.0.0.aar (androidx.documentfile:documentfile:1.0.0) with AarTransform
[        ] Transforming localbroadcastmanager-1.0.0.aar (androidx.localbroadcastmanager:localbroadcastmanager:1.0.0) with JetifyTransform
[        ] Transforming localbroadcastmanager-1.0.0.aar (androidx.localbroadcastmanager:localbroadcastmanager:1.0.0) with ExtractAarTransform
[        ] Transforming localbroadcastmanager-1.0.0.aar (androidx.localbroadcastmanager:localbroadcastmanager:1.0.0) with AarTransform
[        ] Transforming print-1.0.0.aar (androidx.print:print:1.0.0) with JetifyTransform
[        ] Transforming print-1.0.0.aar (androidx.print:print:1.0.0) with ExtractAarTransform
[        ] Transforming print-1.0.0.aar (androidx.print:print:1.0.0) with AarTransform
[        ] Transforming annotation-experimental-1.4.0.aar (androidx.annotation:annotation-experimental:1.4.0) with JetifyTransform
[        ] Transforming annotation-experimental-1.4.0.aar (androidx.annotation:annotation-experimental:1.4.0) with ExtractAarTransform
[        ] Transforming annotation-experimental-1.4.0.aar (androidx.annotation:annotation-experimental:1.4.0) with AarTransform
[        ] Transforming relinker-1.4.5.aar (com.getkeepsafe.relinker:relinker:1.4.5) with JetifyTransform
[        ] Transforming relinker-1.4.5.aar (com.getkeepsafe.relinker:relinker:1.4.5) with ExtractAarTransform
[        ] Transforming relinker-1.4.5.aar (com.getkeepsafe.relinker:relinker:1.4.5) with AarTransform
[        ] Caching disabled for task ':app:mergeDebugAssets' because:
[        ]   Build cache is disabled
[        ]   Simple merging task
[        ] Task ':app:mergeDebugAssets' is not up-to-date because:
[        ]   Output property 'outputDir' file C:\poke\color_world\android\app\build\intermediates\assets\debug\mergeDebugAssets has been removed.
[        ] The input changes require a full rebuild for incremental task ':app:mergeDebugAssets'.
[        ] Resolve mutations for :app:copyFlutterAssetsDebug (Thread[#8299,Execution worker Thread 17,5,main]) started.
[        ] :app:copyFlutterAssetsDebug (Thread[#8299,Execution worker Thread 17,5,main]) started.
[+1176 ms] > Task :app:copyFlutterAssetsDebug
[        ] Caching disabled for task ':app:copyFlutterAssetsDebug' because:
[        ]   Build cache is disabled
[        ]   Not worth caching
[        ] Task ':app:copyFlutterAssetsDebug' is not up-to-date because:
[        ]   Output property 'destinationDir' file C:\poke\color_world\android\app\build\intermediates\assets\debug\mergeDebugAssets\flutter_assets has been removed.
[        ]   Output property 'destinationDir' file C:\poke\color_world\android\app\build\intermediates\assets\debug\mergeDebugAssets\flutter_assets\AssetManifest.bin has been removed.
[        ]   Output property 'destinationDir' file C:\poke\color_world\android\app\build\intermediates\assets\debug\mergeDebugAssets\flutter_assets\FontManifest.json has been removed.
[        ]   and more...
[        ] Resolve mutations for :app:generateDebugResValues (Thread[#8299,Execution worker Thread 17,5,main]) started.
[        ] :app:generateDebugResValues (Thread[#8299,Execution worker Thread 17,5,main]) started.
[        ] > Task :app:generateDebugResValues UP-TO-DATE
[        ] Caching disabled for task ':app:generateDebugResValues' because:
[        ]   Build cache is disabled
[        ] Skipping task ':app:generateDebugResValues' as it is up-to-date.
[        ] Resolve mutations for :gal:generateDebugResValues (Thread[#8299,Execution worker Thread 17,5,main]) started.
[        ] :gal:generateDebugResValues (Thread[#8285,Execution worker Thread 3,5,main]) started.
[        ] > Task :gal:generateDebugResValues UP-TO-DATE
[        ] Caching disabled for task ':gal:generateDebugResValues' because:
[        ]   Build cache is disabled
[        ] Skipping task ':gal:generateDebugResValues' as it is up-to-date.
[        ] Resolve mutations for :gal:generateDebugResources (Thread[#8285,Execution worker Thread 3,5,main]) started.
[        ] :gal:generateDebugResources (Thread[#8285,Execution worker Thread 3,5,main]) started.
[        ] > Task :gal:generateDebugResources UP-TO-DATE
[        ] Caching disabled for task ':gal:generateDebugResources' because:
[        ]   Build cache is disabled
[        ] Skipping task ':gal:generateDebugResources' as it is up-to-date.
[        ] Resolve mutations for :gal:packageDebugResources (Thread[#8285,Execution worker Thread 3,5,main]) started.
[        ] :gal:packageDebugResources (Thread[#8285,Execution worker Thread 3,5,main]) started.
[        ] > Task :gal:packageDebugResources UP-TO-DATE
[        ] Caching disabled for task ':gal:packageDebugResources' because:
[        ]   Build cache is disabled
[        ] Skipping task ':gal:packageDebugResources' as it is up-to-date.
[        ] work action resolve packageDebugResources (project :gal) (Thread[#8285,Execution worker Thread 3,5,main]) started.
[        ] Resolve mutations for :google_mobile_ads:generateDebugResValues (Thread[#8285,Execution worker Thread 3,5,main]) started.
[        ] :google_mobile_ads:generateDebugResValues (Thread[#8285,Execution worker Thread 3,5,main]) started.
[        ] > Task :google_mobile_ads:generateDebugResValues UP-TO-DATE
[        ] Caching disabled for task ':google_mobile_ads:generateDebugResValues' because:
[        ]   Build cache is disabled
[        ] Skipping task ':google_mobile_ads:generateDebugResValues' as it is up-to-date.
[        ] Resolve mutations for :google_mobile_ads:generateDebugResources (Thread[#8285,Execution worker Thread 3,5,main]) started.
[        ] :google_mobile_ads:generateDebugResources (Thread[#8285,Execution worker Thread 3,5,main]) started.
[        ] > Task :google_mobile_ads:generateDebugResources UP-TO-DATE
[        ] Caching disabled for task ':google_mobile_ads:generateDebugResources' because:
[        ]   Build cache is disabled
[        ] Skipping task ':google_mobile_ads:generateDebugResources' as it is up-to-date.
[        ] Resolve mutations for :google_mobile_ads:packageDebugResources (Thread[#8285,Execution worker Thread 3,5,main]) started.
[        ] :google_mobile_ads:packageDebugResources (Thread[#8285,Execution worker Thread 3,5,main]) started.
[        ] > Task :google_mobile_ads:packageDebugResources UP-TO-DATE
[        ] Caching disabled for task ':google_mobile_ads:packageDebugResources' because:
[        ]   Build cache is disabled
[        ] Skipping task ':google_mobile_ads:packageDebugResources' as it is up-to-date.
[        ] work action resolve packageDebugResources (project :google_mobile_ads) (Thread[#8285,Execution worker Thread 3,5,main]) started.
[        ] Resolve mutations for :path_provider_android:generateDebugResValues (Thread[#8285,Execution worker Thread 3,5,main]) started.
[        ] :path_provider_android:generateDebugResValues (Thread[#8290,Execution worker Thread 8,5,main]) started.
[        ] > Task :path_provider_android:generateDebugResValues UP-TO-DATE
[        ] Caching disabled for task ':path_provider_android:generateDebugResValues' because:
[        ]   Build cache is disabled
[        ] Skipping task ':path_provider_android:generateDebugResValues' as it is up-to-date.
[        ] Resolve mutations for :path_provider_android:generateDebugResources (Thread[#8290,Execution worker Thread 8,5,main]) started.
[        ] :path_provider_android:generateDebugResources (Thread[#8290,Execution worker Thread 8,5,main]) started.
[        ] > Task :path_provider_android:generateDebugResources UP-TO-DATE
[        ] Caching disabled for task ':path_provider_android:generateDebugResources' because:
[        ]   Build cache is disabled
[        ] Skipping task ':path_provider_android:generateDebugResources' as it is up-to-date.
[        ] Resolve mutations for :path_provider_android:packageDebugResources (Thread[#8290,Execution worker Thread 8,5,main]) started.
[        ] :path_provider_android:packageDebugResources (Thread[#8296,Execution worker Thread 14,5,main]) started.
[        ] > Task :path_provider_android:packageDebugResources UP-TO-DATE
[        ] Caching disabled for task ':path_provider_android:packageDebugResources' because:
[        ]   Build cache is disabled
[        ] Skipping task ':path_provider_android:packageDebugResources' as it is up-to-date.
[        ] work action resolve packageDebugResources (project :path_provider_android) (Thread[#8296,Execution worker Thread 14,5,main]) started.
[        ] Resolve mutations for :permission_handler_android:generateDebugResValues (Thread[#8300,Execution worker Thread 18,5,main]) started.
[        ] :permission_handler_android:generateDebugResValues (Thread[#8304,Execution worker Thread 21,5,main]) started.
[        ] > Task :permission_handler_android:generateDebugResValues UP-TO-DATE
[        ] Caching disabled for task ':permission_handler_android:generateDebugResValues' because:
[        ]   Build cache is disabled
[        ] Skipping task ':permission_handler_android:generateDebugResValues' as it is up-to-date.
[        ] Resolve mutations for :permission_handler_android:generateDebugResources (Thread[#8304,Execution worker Thread 21,5,main]) started.
[        ] :permission_handler_android:generateDebugResources (Thread[#8304,Execution worker Thread 21,5,main]) started.
[        ] > Task :permission_handler_android:generateDebugResources UP-TO-DATE
[        ] Caching disabled for task ':permission_handler_android:generateDebugResources' because:
[        ]   Build cache is disabled
[        ] Skipping task ':permission_handler_android:generateDebugResources' as it is up-to-date.
[        ] Resolve mutations for :permission_handler_android:packageDebugResources (Thread[#8304,Execution worker Thread 21,5,main]) started.
[        ] :permission_handler_android:packageDebugResources (Thread[#8289,Execution worker Thread 7,5,main]) started.
[        ] > Task :permission_handler_android:packageDebugResources UP-TO-DATE
[        ] Caching disabled for task ':permission_handler_android:packageDebugResources' because:
[        ]   Build cache is disabled
[        ] Skipping task ':permission_handler_android:packageDebugResources' as it is up-to-date.
[        ] work action resolve packageDebugResources (project :permission_handler_android) (Thread[#8289,Execution worker Thread 7,5,main]) started.
[        ] Resolve mutations for :shared_preferences_android:generateDebugResValues (Thread[#8289,Execution worker Thread 7,5,main]) started.
[        ] :shared_preferences_android:generateDebugResValues (Thread[#8289,Execution worker Thread 7,5,main]) started.
[        ] > Task :shared_preferences_android:generateDebugResValues UP-TO-DATE
[        ] Caching disabled for task ':shared_preferences_android:generateDebugResValues' because:
[        ]   Build cache is disabled
[        ] Skipping task ':shared_preferences_android:generateDebugResValues' as it is up-to-date.
[        ] Resolve mutations for :shared_preferences_android:generateDebugResources (Thread[#8289,Execution worker Thread 7,5,main]) started.
[        ] :shared_preferences_android:generateDebugResources (Thread[#8289,Execution worker Thread 7,5,main]) started.
[        ] > Task :shared_preferences_android:generateDebugResources UP-TO-DATE
[        ] Caching disabled for task ':shared_preferences_android:generateDebugResources' because:
[        ]   Build cache is disabled
[        ] Skipping task ':shared_preferences_android:generateDebugResources' as it is up-to-date.
[        ] Resolve mutations for :shared_preferences_android:packageDebugResources (Thread[#8289,Execution worker Thread 7,5,main]) started.
[        ] :shared_preferences_android:packageDebugResources (Thread[#8289,Execution worker Thread 7,5,main]) started.
[        ] > Task :shared_preferences_android:packageDebugResources UP-TO-DATE
[        ] Caching disabled for task ':shared_preferences_android:packageDebugResources' because:
[        ]   Build cache is disabled
[        ] Skipping task ':shared_preferences_android:packageDebugResources' as it is up-to-date.
[        ] work action resolve packageDebugResources (project :shared_preferences_android) (Thread[#8289,Execution worker Thread 7,5,main]) started.
[        ] Resolve mutations for :webview_flutter_android:generateDebugResValues (Thread[#8289,Execution worker Thread 7,5,main]) started.
[        ] :webview_flutter_android:generateDebugResValues (Thread[#8294,Execution worker Thread 12,5,main]) started.
[        ] > Task :webview_flutter_android:generateDebugResValues UP-TO-DATE
[        ] Caching disabled for task ':webview_flutter_android:generateDebugResValues' because:
[        ]   Build cache is disabled
[        ] Skipping task ':webview_flutter_android:generateDebugResValues' as it is up-to-date.
[        ] Resolve mutations for :webview_flutter_android:generateDebugResources (Thread[#8294,Execution worker Thread 12,5,main]) started.
[        ] :webview_flutter_android:generateDebugResources (Thread[#8306,Execution worker Thread 23,5,main]) started.
[        ] > Task :webview_flutter_android:generateDebugResources UP-TO-DATE
[        ] Caching disabled for task ':webview_flutter_android:generateDebugResources' because:
[        ]   Build cache is disabled
[        ] Skipping task ':webview_flutter_android:generateDebugResources' as it is up-to-date.
[        ] Resolve mutations for :webview_flutter_android:packageDebugResources (Thread[#8306,Execution worker Thread 23,5,main]) started.
[        ] :webview_flutter_android:packageDebugResources (Thread[#8300,Execution worker Thread 18,5,main]) started.
[        ] > Task :webview_flutter_android:packageDebugResources UP-TO-DATE
[        ] Caching disabled for task ':webview_flutter_android:packageDebugResources' because:
[        ]   Build cache is disabled
[        ] Skipping task ':webview_flutter_android:packageDebugResources' as it is up-to-date.
[        ] work action resolve packageDebugResources (project :webview_flutter_android) (Thread[#8300,Execution worker Thread 18,5,main]) started.
[        ] Resolve mutations for :app:mapDebugSourceSetPaths (Thread[#8300,Execution worker Thread 18,5,main]) started.
[        ] :app:mapDebugSourceSetPaths (Thread[#8300,Execution worker Thread 18,5,main]) started.
[        ] > Task :app:mapDebugSourceSetPaths UP-TO-DATE
[        ] Transforming play-services-ads-23.6.0.aar (com.google.android.gms:play-services-ads:23.6.0) with JetifyTransform
[        ] Transforming play-services-ads-23.6.0.aar (com.google.android.gms:play-services-ads:23.6.0) with ExtractAarTransform
[        ] Transforming play-services-ads-23.6.0.aar (com.google.android.gms:play-services-ads:23.6.0) with AarTransform
[        ] Transforming play-services-ads-lite-23.6.0.aar (com.google.android.gms:play-services-ads-lite:23.6.0) with JetifyTransform
[        ] Transforming play-services-ads-lite-23.6.0.aar (com.google.android.gms:play-services-ads-lite:23.6.0) with ExtractAarTransform
[        ] Transforming play-services-ads-lite-23.6.0.aar (com.google.android.gms:play-services-ads-lite:23.6.0) with AarTransform
[        ] Transforming user-messaging-platform-3.1.0.aar (com.google.android.ump:user-messaging-platform:3.1.0) with JetifyTransform
[        ] Transforming user-messaging-platform-3.1.0.aar (com.google.android.ump:user-messaging-platform:3.1.0) with ExtractAarTransform
[        ] Transforming user-messaging-platform-3.1.0.aar (com.google.android.ump:user-messaging-platform:3.1.0) with AarTransform
[        ] Transforming user-messaging-platform-3.1.0.aar (com.google.android.ump:user-messaging-platform:3.1.0) with JetifyTransform
[        ] Transforming user-messaging-platform-3.1.0.aar (com.google.android.ump:user-messaging-platform:3.1.0) with ExtractAarTransform
[        ] Transforming user-messaging-platform-3.1.0.aar (com.google.android.ump:user-messaging-platform:3.1.0) with AarTransform
[        ] Transforming play-services-ads-base-23.6.0.aar (com.google.android.gms:play-services-ads-base:23.6.0) with JetifyTransform
[        ] Transforming play-services-ads-base-23.6.0.aar (com.google.android.gms:play-services-ads-base:23.6.0) with ExtractAarTransform
[        ] Transforming play-services-ads-base-23.6.0.aar (com.google.android.gms:play-services-ads-base:23.6.0) with AarTransform
[        ] Transforming play-services-ads-identifier-18.0.0.aar (com.google.android.gms:play-services-ads-identifier:18.0.0) with JetifyTransform
[        ] Transforming play-services-ads-identifier-18.0.0.aar (com.google.android.gms:play-services-ads-identifier:18.0.0) with ExtractAarTransform
[        ] Transforming play-services-ads-identifier-18.0.0.aar (com.google.android.gms:play-services-ads-identifier:18.0.0) with AarTransform
[        ] Transforming play-services-appset-16.0.1.aar (com.google.android.gms:play-services-appset:16.0.1) with JetifyTransform
[        ] Transforming play-services-appset-16.0.1.aar (com.google.android.gms:play-services-appset:16.0.1) with ExtractAarTransform
[        ] Transforming play-services-appset-16.0.1.aar (com.google.android.gms:play-services-appset:16.0.1) with AarTransform
[        ] Transforming play-services-base-18.0.0.aar (com.google.android.gms:play-services-base:18.0.0) with JetifyTransform
[        ] Transforming play-services-base-18.0.0.aar (com.google.android.gms:play-services-base:18.0.0) with ExtractAarTransform
[        ] Transforming play-services-base-18.0.0.aar (com.google.android.gms:play-services-base:18.0.0) with AarTransform
[        ] Transforming play-services-tasks-18.2.0.aar (com.google.android.gms:play-services-tasks:18.2.0) with JetifyTransform
[        ] Transforming play-services-tasks-18.2.0.aar (com.google.android.gms:play-services-tasks:18.2.0) with ExtractAarTransform
[        ] Transforming play-services-tasks-18.2.0.aar (com.google.android.gms:play-services-tasks:18.2.0) with AarTransform
[        ] Transforming play-services-measurement-sdk-api-20.1.2.aar (com.google.android.gms:play-services-measurement-sdk-api:20.1.2) with JetifyTransform
[        ] Transforming play-services-measurement-sdk-api-20.1.2.aar (com.google.android.gms:play-services-measurement-sdk-api:20.1.2) with ExtractAarTransform
[        ] Transforming play-services-measurement-sdk-api-20.1.2.aar (com.google.android.gms:play-services-measurement-sdk-api:20.1.2) with AarTransform
[        ] Transforming play-services-measurement-base-20.1.2.aar (com.google.android.gms:play-services-measurement-base:20.1.2) with JetifyTransform
[        ] Transforming play-services-measurement-base-20.1.2.aar (com.google.android.gms:play-services-measurement-base:20.1.2) with ExtractAarTransform
[        ] Transforming play-services-measurement-base-20.1.2.aar (com.google.android.gms:play-services-measurement-base:20.1.2) with AarTransform
[        ] Transforming play-services-basement-18.4.0.aar (com.google.android.gms:play-services-basement:18.4.0) with JetifyTransform
[        ] Transforming play-services-basement-18.4.0.aar (com.google.android.gms:play-services-basement:18.4.0) with ExtractAarTransform
[        ] Transforming play-services-basement-18.4.0.aar (com.google.android.gms:play-services-basement:18.4.0) with AarTransform
[        ] Transforming constraintlayout-2.1.4.aar (androidx.constraintlayout:constraintlayout:2.1.4) with JetifyTransform
[        ] Transforming constraintlayout-2.1.4.aar (androidx.constraintlayout:constraintlayout:2.1.4) with ExtractAarTransform
[        ] Transforming constraintlayout-2.1.4.aar (androidx.constraintlayout:constraintlayout:2.1.4) with AarTransform
[        ] Transforming preference-1.2.1.aar (androidx.preference:preference:1.2.1) with JetifyTransform
[        ] Transforming preference-1.2.1.aar (androidx.preference:preference:1.2.1) with ExtractAarTransform
[        ] Transforming preference-1.2.1.aar (androidx.preference:preference:1.2.1) with AarTransform
[        ] Transforming appcompat-1.2.0.aar (androidx.appcompat:appcompat:1.2.0) with JetifyTransform
[        ] Transforming appcompat-1.2.0.aar (androidx.appcompat:appcompat:1.2.0) with ExtractAarTransform
[        ] Transforming appcompat-1.2.0.aar (androidx.appcompat:appcompat:1.2.0) with AarTransform
[        ] Transforming fragment-ktx-1.7.1.aar (androidx.fragment:fragment-ktx:1.7.1) with JetifyTransform
[        ] Transforming fragment-ktx-1.7.1.aar (androidx.fragment:fragment-ktx:1.7.1) with ExtractAarTransform
[        ] Transforming fragment-ktx-1.7.1.aar (androidx.fragment:fragment-ktx:1.7.1) with AarTransform
[        ] Transforming fragment-1.7.1.aar (androidx.fragment:fragment:1.7.1) with JetifyTransform
[        ] Transforming fragment-1.7.1.aar (androidx.fragment:fragment:1.7.1) with ExtractAarTransform
[        ] Transforming fragment-1.7.1.aar (androidx.fragment:fragment:1.7.1) with AarTransform
[        ] Transforming fragment-1.7.1.aar (androidx.fragment:fragment:1.7.1) with JetifyTransform
[        ] Transforming fragment-1.7.1.aar (androidx.fragment:fragment:1.7.1) with ExtractAarTransform
[        ] Transforming fragment-1.7.1.aar (androidx.fragment:fragment:1.7.1) with AarTransform
[        ] Transforming webkit-1.15.0.aar (androidx.webkit:webkit:1.15.0) with JetifyTransform
[        ] Transforming webkit-1.15.0.aar (androidx.webkit:webkit:1.15.0) with ExtractAarTransform
[        ] Transforming webkit-1.15.0.aar (androidx.webkit:webkit:1.15.0) with AarTransform
[        ] Transforming webkit-1.15.0.aar (androidx.webkit:webkit:1.15.0) with JetifyTransform
[        ] Transforming webkit-1.15.0.aar (androidx.webkit:webkit:1.15.0) with ExtractAarTransform
[        ] Transforming webkit-1.15.0.aar (androidx.webkit:webkit:1.15.0) with AarTransform
[        ] Transforming recyclerview-1.0.0.aar (androidx.recyclerview:recyclerview:1.0.0) with JetifyTransform
[        ] Transforming recyclerview-1.0.0.aar (androidx.recyclerview:recyclerview:1.0.0) with ExtractAarTransform
[        ] Transforming recyclerview-1.0.0.aar (androidx.recyclerview:recyclerview:1.0.0) with AarTransform
[        ] Transforming legacy-support-core-ui-1.0.0.aar (androidx.legacy:legacy-support-core-ui:1.0.0) with JetifyTransform
[        ] Transforming legacy-support-core-ui-1.0.0.aar (androidx.legacy:legacy-support-core-ui:1.0.0) with ExtractAarTransform
[        ] Transforming legacy-support-core-ui-1.0.0.aar (androidx.legacy:legacy-support-core-ui:1.0.0) with AarTransform
[        ] Transforming slidingpanelayout-1.2.0.aar (androidx.slidingpanelayout:slidingpanelayout:1.2.0) with JetifyTransform
[        ] Transforming slidingpanelayout-1.2.0.aar (androidx.slidingpanelayout:slidingpanelayout:1.2.0) with ExtractAarTransform
[        ] Transforming slidingpanelayout-1.2.0.aar (androidx.slidingpanelayout:slidingpanelayout:1.2.0) with AarTransform
[        ] Transforming slidingpanelayout-1.2.0.aar (androidx.slidingpanelayout:slidingpanelayout:1.2.0) with JetifyTransform
[        ] Transforming slidingpanelayout-1.2.0.aar (androidx.slidingpanelayout:slidingpanelayout:1.2.0) with ExtractAarTransform
[        ] Transforming slidingpanelayout-1.2.0.aar (androidx.slidingpanelayout:slidingpanelayout:1.2.0) with AarTransform
[        ] Transforming window-1.2.0.aar (androidx.window:window:1.2.0) with JetifyTransform
[        ] Transforming window-1.2.0.aar (androidx.window:window:1.2.0) with ExtractAarTransform
[        ] Transforming window-1.2.0.aar (androidx.window:window:1.2.0) with AarTransform
[        ] Transforming window-java-1.2.0.aar (androidx.window:window-java:1.2.0) with JetifyTransform
[        ] Transforming window-java-1.2.0.aar (androidx.window:window-java:1.2.0) with ExtractAarTransform
[        ] Transforming window-java-1.2.0.aar (androidx.window:window-java:1.2.0) with AarTransform
[        ] Transforming browser-1.8.0.aar (androidx.browser:browser:1.8.0) with JetifyTransform
[        ] Transforming browser-1.8.0.aar (androidx.browser:browser:1.8.0) with ExtractAarTransform
[        ] Transforming browser-1.8.0.aar (androidx.browser:browser:1.8.0) with AarTransform
[        ] Transforming activity-ktx-1.8.1.aar (androidx.activity:activity-ktx:1.8.1) with JetifyTransform
[        ] Transforming activity-ktx-1.8.1.aar (androidx.activity:activity-ktx:1.8.1) with ExtractAarTransform
[        ] Transforming activity-ktx-1.8.1.aar (androidx.activity:activity-ktx:1.8.1) with AarTransform
[        ] Transforming activity-1.8.1.aar (androidx.activity:activity:1.8.1) with JetifyTransform
[        ] Transforming activity-1.8.1.aar (androidx.activity:activity:1.8.1) with ExtractAarTransform
[        ] Transforming activity-1.8.1.aar (androidx.activity:activity:1.8.1) with AarTransform
[        ] Transforming legacy-support-core-utils-1.0.0.aar (androidx.legacy:legacy-support-core-utils:1.0.0) with JetifyTransform
[        ] Transforming legacy-support-core-utils-1.0.0.aar (androidx.legacy:legacy-support-core-utils:1.0.0) with ExtractAarTransform
[        ] Transforming legacy-support-core-utils-1.0.0.aar (androidx.legacy:legacy-support-core-utils:1.0.0) with AarTransform
[        ] Transforming loader-1.0.0.aar (androidx.loader:loader:1.0.0) with JetifyTransform
[        ] Transforming loader-1.0.0.aar (androidx.loader:loader:1.0.0) with ExtractAarTransform
[        ] Transforming loader-1.0.0.aar (androidx.loader:loader:1.0.0) with AarTransform
[        ] Transforming loader-1.0.0.aar (androidx.loader:loader:1.0.0) with JetifyTransform
[        ] Transforming loader-1.0.0.aar (androidx.loader:loader:1.0.0) with ExtractAarTransform
[        ] Transforming loader-1.0.0.aar (androidx.loader:loader:1.0.0) with AarTransform
[        ] Transforming viewpager-1.0.0.aar (androidx.viewpager:viewpager:1.0.0) with JetifyTransform
[        ] Transforming viewpager-1.0.0.aar (androidx.viewpager:viewpager:1.0.0) with ExtractAarTransform
[        ] Transforming viewpager-1.0.0.aar (androidx.viewpager:viewpager:1.0.0) with AarTransform
[        ] Transforming viewpager-1.0.0.aar (androidx.viewpager:viewpager:1.0.0) with JetifyTransform
[        ] Transforming viewpager-1.0.0.aar (androidx.viewpager:viewpager:1.0.0) with ExtractAarTransform
[        ] Transforming viewpager-1.0.0.aar (androidx.viewpager:viewpager:1.0.0) with AarTransform
[        ] Transforming ads-adservices-java-1.0.0-beta05.aar (androidx.privacysandbox.ads:ads-adservices-java:1.0.0-beta05) with JetifyTransform
[        ] Transforming ads-adservices-java-1.0.0-beta05.aar (androidx.privacysandbox.ads:ads-adservices-java:1.0.0-beta05) with ExtractAarTransform
[        ] Transforming ads-adservices-java-1.0.0-beta05.aar (androidx.privacysandbox.ads:ads-adservices-java:1.0.0-beta05) with AarTransform
[        ] Transforming ads-adservices-1.0.0-beta05.aar (androidx.privacysandbox.ads:ads-adservices:1.0.0-beta05) with JetifyTransform
[        ] Transforming ads-adservices-1.0.0-beta05.aar (androidx.privacysandbox.ads:ads-adservices:1.0.0-beta05) with ExtractAarTransform
[        ] Transforming ads-adservices-1.0.0-beta05.aar (androidx.privacysandbox.ads:ads-adservices:1.0.0-beta05) with AarTransform
[        ] Transforming ads-adservices-1.0.0-beta05.aar (androidx.privacysandbox.ads:ads-adservices:1.0.0-beta05) with JetifyTransform
[        ] Transforming ads-adservices-1.0.0-beta05.aar (androidx.privacysandbox.ads:ads-adservices:1.0.0-beta05) with ExtractAarTransform
[        ] Transforming ads-adservices-1.0.0-beta05.aar (androidx.privacysandbox.ads:ads-adservices:1.0.0-beta05) with AarTransform
[        ] Transforming work-runtime-2.7.0.aar (androidx.work:work-runtime:2.7.0) with JetifyTransform
[        ] Transforming work-runtime-2.7.0.aar (androidx.work:work-runtime:2.7.0) with ExtractAarTransform
[        ] Transforming work-runtime-2.7.0.aar (androidx.work:work-runtime:2.7.0) with AarTransform
[        ] Transforming lifecycle-runtime-ktx-2.7.0.aar (androidx.lifecycle:lifecycle-runtime-ktx:2.7.0) with JetifyTransform
[        ] Transforming lifecycle-runtime-ktx-2.7.0.aar (androidx.lifecycle:lifecycle-runtime-ktx:2.7.0) with ExtractAarTransform
[        ] Transforming lifecycle-runtime-ktx-2.7.0.aar (androidx.lifecycle:lifecycle-runtime-ktx:2.7.0) with AarTransform
[        ] Transforming lifecycle-service-2.7.0.aar (androidx.lifecycle:lifecycle-service:2.7.0) with JetifyTransform
[        ] Transforming lifecycle-service-2.7.0.aar (androidx.lifecycle:lifecycle-service:2.7.0) with ExtractAarTransform
[        ] Transforming lifecycle-service-2.7.0.aar (androidx.lifecycle:lifecycle-service:2.7.0) with AarTransform
[        ] Transforming lifecycle-livedata-2.7.0.aar (androidx.lifecycle:lifecycle-livedata:2.7.0) with JetifyTransform
[        ] Transforming lifecycle-livedata-2.7.0.aar (androidx.lifecycle:lifecycle-livedata:2.7.0) with ExtractAarTransform
[        ] Transforming lifecycle-livedata-2.7.0.aar (androidx.lifecycle:lifecycle-livedata:2.7.0) with AarTransform
[        ] Transforming lifecycle-livedata-2.7.0.aar (androidx.lifecycle:lifecycle-livedata:2.7.0) with JetifyTransform
[        ] Transforming lifecycle-livedata-2.7.0.aar (androidx.lifecycle:lifecycle-livedata:2.7.0) with ExtractAarTransform
[        ] Transforming lifecycle-livedata-2.7.0.aar (androidx.lifecycle:lifecycle-livedata:2.7.0) with AarTransform
[        ] Transforming lifecycle-livedata-core-ktx-2.7.0.aar (androidx.lifecycle:lifecycle-livedata-core-ktx:2.7.0) with JetifyTransform
[        ] Transforming lifecycle-livedata-core-ktx-2.7.0.aar (androidx.lifecycle:lifecycle-livedata-core-ktx:2.7.0) with ExtractAarTransform
[        ] Transforming lifecycle-livedata-core-ktx-2.7.0.aar (androidx.lifecycle:lifecycle-livedata-core-ktx:2.7.0) with AarTransform
[        ] Transforming lifecycle-viewmodel-ktx-2.7.0.aar (androidx.lifecycle:lifecycle-viewmodel-ktx:2.7.0) with JetifyTransform
[        ] Transforming lifecycle-viewmodel-ktx-2.7.0.aar (androidx.lifecycle:lifecycle-viewmodel-ktx:2.7.0) with ExtractAarTransform
[        ] Transforming lifecycle-viewmodel-ktx-2.7.0.aar (androidx.lifecycle:lifecycle-viewmodel-ktx:2.7.0) with AarTransform
[        ] Transforming lifecycle-viewmodel-2.7.0.aar (androidx.lifecycle:lifecycle-viewmodel:2.7.0) with JetifyTransform
[        ] Transforming lifecycle-viewmodel-2.7.0.aar (androidx.lifecycle:lifecycle-viewmodel:2.7.0) with ExtractAarTransform
[        ] Transforming lifecycle-viewmodel-2.7.0.aar (androidx.lifecycle:lifecycle-viewmodel:2.7.0) with AarTransform
[        ] Transforming lifecycle-viewmodel-2.7.0.aar (androidx.lifecycle:lifecycle-viewmodel:2.7.0) with JetifyTransform
[        ] Transforming lifecycle-viewmodel-2.7.0.aar (androidx.lifecycle:lifecycle-viewmodel:2.7.0) with ExtractAarTransform
[        ] Transforming lifecycle-viewmodel-2.7.0.aar (androidx.lifecycle:lifecycle-viewmodel:2.7.0) with AarTransform
[        ] Transforming lifecycle-livedata-core-2.7.0.aar (androidx.lifecycle:lifecycle-livedata-core:2.7.0) with JetifyTransform
[        ] Transforming lifecycle-livedata-core-2.7.0.aar (androidx.lifecycle:lifecycle-livedata-core:2.7.0) with ExtractAarTransform
[        ] Transforming lifecycle-livedata-core-2.7.0.aar (androidx.lifecycle:lifecycle-livedata-core:2.7.0) with AarTransform
[        ] Transforming lifecycle-viewmodel-savedstate-2.7.0.aar (androidx.lifecycle:lifecycle-viewmodel-savedstate:2.7.0) with JetifyTransform
[        ] Transforming lifecycle-viewmodel-savedstate-2.7.0.aar (androidx.lifecycle:lifecycle-viewmodel-savedstate:2.7.0) with ExtractAarTransform
[        ] Transforming lifecycle-viewmodel-savedstate-2.7.0.aar (androidx.lifecycle:lifecycle-viewmodel-savedstate:2.7.0) with AarTransform
[        ] Transforming core-ktx-1.13.1.aar (androidx.core:core-ktx:1.13.1) with JetifyTransform
[        ] Transforming core-ktx-1.13.1.aar (androidx.core:core-ktx:1.13.1) with ExtractAarTransform
[        ] Transforming core-ktx-1.13.1.aar (androidx.core:core-ktx:1.13.1) with AarTransform
[        ] Transforming appcompat-resources-1.2.0.aar (androidx.appcompat:appcompat-resources:1.2.0) with JetifyTransform
[        ] Transforming appcompat-resources-1.2.0.aar (androidx.appcompat:appcompat-resources:1.2.0) with ExtractAarTransform
[        ] Transforming appcompat-resources-1.2.0.aar (androidx.appcompat:appcompat-resources:1.2.0) with AarTransform
[        ] Transforming drawerlayout-1.0.0.aar (androidx.drawerlayout:drawerlayout:1.0.0) with JetifyTransform
[        ] Transforming drawerlayout-1.0.0.aar (androidx.drawerlayout:drawerlayout:1.0.0) with ExtractAarTransform
[        ] Transforming drawerlayout-1.0.0.aar (androidx.drawerlayout:drawerlayout:1.0.0) with AarTransform
[        ] Transforming drawerlayout-1.0.0.aar (androidx.drawerlayout:drawerlayout:1.0.0) with JetifyTransform
[        ] Transforming drawerlayout-1.0.0.aar (androidx.drawerlayout:drawerlayout:1.0.0) with ExtractAarTransform
[        ] Transforming drawerlayout-1.0.0.aar (androidx.drawerlayout:drawerlayout:1.0.0) with AarTransform
[        ] Transforming coordinatorlayout-1.0.0.aar (androidx.coordinatorlayout:coordinatorlayout:1.0.0) with JetifyTransform
[        ] Transforming coordinatorlayout-1.0.0.aar (androidx.coordinatorlayout:coordinatorlayout:1.0.0) with ExtractAarTransform
[        ] Transforming coordinatorlayout-1.0.0.aar (androidx.coordinatorlayout:coordinatorlayout:1.0.0) with AarTransform
[        ] Transforming customview-1.1.0.aar (androidx.customview:customview:1.1.0) with JetifyTransform
[        ] Transforming customview-1.1.0.aar (androidx.customview:customview:1.1.0) with ExtractAarTransform
[        ] Transforming customview-1.1.0.aar (androidx.customview:customview:1.1.0) with AarTransform
[        ] Transforming customview-1.1.0.aar (androidx.customview:customview:1.1.0) with JetifyTransform
[        ] Transforming customview-1.1.0.aar (androidx.customview:customview:1.1.0) with ExtractAarTransform
[        ] Transforming customview-1.1.0.aar (androidx.customview:customview:1.1.0) with AarTransform
[        ] Transforming transition-1.4.1.aar (androidx.transition:transition:1.4.1) with JetifyTransform
[        ] Transforming transition-1.4.1.aar (androidx.transition:transition:1.4.1) with ExtractAarTransform
[        ] Transforming transition-1.4.1.aar (androidx.transition:transition:1.4.1) with AarTransform
[        ] Transforming vectordrawable-animated-1.1.0.aar (androidx.vectordrawable:vectordrawable-animated:1.1.0) with JetifyTransform
[        ] Transforming vectordrawable-animated-1.1.0.aar (androidx.vectordrawable:vectordrawable-animated:1.1.0) with ExtractAarTransform
[        ] Transforming vectordrawable-animated-1.1.0.aar (androidx.vectordrawable:vectordrawable-animated:1.1.0) with AarTransform
[        ] Transforming vectordrawable-1.1.0.aar (androidx.vectordrawable:vectordrawable:1.1.0) with JetifyTransform
[        ] Transforming vectordrawable-1.1.0.aar (androidx.vectordrawable:vectordrawable:1.1.0) with ExtractAarTransform
[        ] Transforming vectordrawable-1.1.0.aar (androidx.vectordrawable:vectordrawable:1.1.0) with AarTransform
[        ] Transforming vectordrawable-1.1.0.aar (androidx.vectordrawable:vectordrawable:1.1.0) with JetifyTransform
[        ] Transforming vectordrawable-1.1.0.aar (androidx.vectordrawable:vectordrawable:1.1.0) with ExtractAarTransform
[        ] Transforming vectordrawable-1.1.0.aar (androidx.vectordrawable:vectordrawable:1.1.0) with AarTransform
[        ] Transforming swiperefreshlayout-1.0.0.aar (androidx.swiperefreshlayout:swiperefreshlayout:1.0.0) with JetifyTransform
[        ] Transforming swiperefreshlayout-1.0.0.aar (androidx.swiperefreshlayout:swiperefreshlayout:1.0.0) with ExtractAarTransform
[        ] Transforming swiperefreshlayout-1.0.0.aar (androidx.swiperefreshlayout:swiperefreshlayout:1.0.0) with AarTransform
[        ] Transforming asynclayoutinflater-1.0.0.aar (androidx.asynclayoutinflater:asynclayoutinflater:1.0.0) with JetifyTransform
[        ] Transforming asynclayoutinflater-1.0.0.aar (androidx.asynclayoutinflater:asynclayoutinflater:1.0.0) with ExtractAarTransform
[        ] Transforming asynclayoutinflater-1.0.0.aar (androidx.asynclayoutinflater:asynclayoutinflater:1.0.0) with AarTransform
[        ] Transforming core-1.13.1.aar (androidx.core:core:1.13.1) with JetifyTransform
[        ] Transforming core-1.13.1.aar (androidx.core:core:1.13.1) with ExtractAarTransform
[        ] Transforming core-1.13.1.aar (androidx.core:core:1.13.1) with AarTransform
[        ] Transforming core-1.13.1.aar (androidx.core:core:1.13.1) with JetifyTransform
[        ] Transforming core-1.13.1.aar (androidx.core:core:1.13.1) with ExtractAarTransform
[        ] Transforming core-1.13.1.aar (androidx.core:core:1.13.1) with AarTransform
[        ] Transforming lifecycle-runtime-2.7.0.aar (androidx.lifecycle:lifecycle-runtime:2.7.0) with JetifyTransform
[        ] Transforming lifecycle-runtime-2.7.0.aar (androidx.lifecycle:lifecycle-runtime:2.7.0) with ExtractAarTransform
[        ] Transforming lifecycle-runtime-2.7.0.aar (androidx.lifecycle:lifecycle-runtime:2.7.0) with AarTransform
[        ] Transforming savedstate-ktx-1.2.1.aar (androidx.savedstate:savedstate-ktx:1.2.1) with JetifyTransform
[        ] Transforming savedstate-ktx-1.2.1.aar (androidx.savedstate:savedstate-ktx:1.2.1) with ExtractAarTransform
[        ] Transforming savedstate-ktx-1.2.1.aar (androidx.savedstate:savedstate-ktx:1.2.1) with AarTransform
[        ] Transforming savedstate-1.2.1.aar (androidx.savedstate:savedstate:1.2.1) with JetifyTransform
[        ] Transforming savedstate-1.2.1.aar (androidx.savedstate:savedstate:1.2.1) with ExtractAarTransform
[        ] Transforming savedstate-1.2.1.aar (androidx.savedstate:savedstate:1.2.1) with AarTransform
[        ] Transforming lifecycle-process-2.7.0.aar (androidx.lifecycle:lifecycle-process:2.7.0) with JetifyTransform
[        ] Transforming lifecycle-process-2.7.0.aar (androidx.lifecycle:lifecycle-process:2.7.0) with ExtractAarTransform
[        ] Transforming lifecycle-process-2.7.0.aar (androidx.lifecycle:lifecycle-process:2.7.0) with AarTransform
[        ] Transforming datastore-preferences-core-release.aar (androidx.datastore:datastore-preferences-core-android:1.1.7) with JetifyTransform
[        ] Transforming datastore-preferences-core-release.aar (androidx.datastore:datastore-preferences-core-android:1.1.7) with ExtractAarTransform
[        ] Transforming datastore-preferences-core-release.aar (androidx.datastore:datastore-preferences-core-android:1.1.7) with AarTransform
[        ] Transforming datastore-core-release.aar (androidx.datastore:datastore-core-android:1.1.7) with JetifyTransform
[        ] Transforming datastore-core-release.aar (androidx.datastore:datastore-core-android:1.1.7) with ExtractAarTransform
[        ] Transforming datastore-core-release.aar (androidx.datastore:datastore-core-android:1.1.7) with AarTransform
[        ] Transforming datastore-preferences-release.aar (androidx.datastore:datastore-preferences-android:1.1.7) with JetifyTransform
[        ] Transforming datastore-preferences-release.aar (androidx.datastore:datastore-preferences-android:1.1.7) with ExtractAarTransform
[        ] Transforming datastore-preferences-release.aar (androidx.datastore:datastore-preferences-android:1.1.7) with AarTransform
[        ] Transforming datastore-release.aar (androidx.datastore:datastore-android:1.1.7) with JetifyTransform
[        ] Transforming datastore-release.aar (androidx.datastore:datastore-android:1.1.7) with ExtractAarTransform
[        ] Transforming datastore-release.aar (androidx.datastore:datastore-android:1.1.7) with AarTransform
[        ] Transforming profileinstaller-1.3.1.aar (androidx.profileinstaller:profileinstaller:1.3.1) with JetifyTransform
[        ] Transforming profileinstaller-1.3.1.aar (androidx.profileinstaller:profileinstaller:1.3.1) with ExtractAarTransform
[        ] Transforming profileinstaller-1.3.1.aar (androidx.profileinstaller:profileinstaller:1.3.1) with AarTransform
[        ] Transforming startup-runtime-1.1.1.aar (androidx.startup:startup-runtime:1.1.1) with JetifyTransform
[        ] Transforming startup-runtime-1.1.1.aar (androidx.startup:startup-runtime:1.1.1) with ExtractAarTransform
[        ] Transforming startup-runtime-1.1.1.aar (androidx.startup:startup-runtime:1.1.1) with AarTransform
[        ] Transforming tracing-1.2.0.aar (androidx.tracing:tracing:1.2.0) with JetifyTransform
[        ] Transforming tracing-1.2.0.aar (androidx.tracing:tracing:1.2.0) with ExtractAarTransform
[        ] Transforming tracing-1.2.0.aar (androidx.tracing:tracing:1.2.0) with AarTransform
[        ] Transforming exifinterface-1.4.1.aar (androidx.exifinterface:exifinterface:1.4.1) with JetifyTransform
[        ] Transforming exifinterface-1.4.1.aar (androidx.exifinterface:exifinterface:1.4.1) with ExtractAarTransform
[        ] Transforming exifinterface-1.4.1.aar (androidx.exifinterface:exifinterface:1.4.1) with AarTransform
[        ] Transforming room-runtime-2.2.5.aar (androidx.room:room-runtime:2.2.5) with JetifyTransform
[        ] Transforming room-runtime-2.2.5.aar (androidx.room:room-runtime:2.2.5) with ExtractAarTransform
[        ] Transforming room-runtime-2.2.5.aar (androidx.room:room-runtime:2.2.5) with AarTransform
[        ] Transforming core-runtime-2.2.0.aar (androidx.arch.core:core-runtime:2.2.0) with JetifyTransform
[        ] Transforming core-runtime-2.2.0.aar (androidx.arch.core:core-runtime:2.2.0) with ExtractAarTransform
[        ] Transforming core-runtime-2.2.0.aar (androidx.arch.core:core-runtime:2.2.0) with AarTransform
[        ] Transforming core-runtime-2.2.0.aar (androidx.arch.core:core-runtime:2.2.0) with JetifyTransform
[        ] Transforming core-runtime-2.2.0.aar (androidx.arch.core:core-runtime:2.2.0) with ExtractAarTransform
[        ] Transforming core-runtime-2.2.0.aar (androidx.arch.core:core-runtime:2.2.0) with AarTransform
[        ] Transforming versionedparcelable-1.1.1.aar (androidx.versionedparcelable:versionedparcelable:1.1.1) with JetifyTransform
[        ] Transforming versionedparcelable-1.1.1.aar (androidx.versionedparcelable:versionedparcelable:1.1.1) with ExtractAarTransform
[        ] Transforming versionedparcelable-1.1.1.aar (androidx.versionedparcelable:versionedparcelable:1.1.1) with AarTransform
[        ] Transforming interpolator-1.0.0.aar (androidx.interpolator:interpolator:1.0.0) with JetifyTransform
[        ] Transforming interpolator-1.0.0.aar (androidx.interpolator:interpolator:1.0.0) with ExtractAarTransform
[        ] Transforming interpolator-1.0.0.aar (androidx.interpolator:interpolator:1.0.0) with AarTransform
[        ] Transforming interpolator-1.0.0.aar (androidx.interpolator:interpolator:1.0.0) with JetifyTransform
[        ] Transforming interpolator-1.0.0.aar (androidx.interpolator:interpolator:1.0.0) with ExtractAarTransform
[        ] Transforming interpolator-1.0.0.aar (androidx.interpolator:interpolator:1.0.0) with AarTransform
[        ] Transforming cursoradapter-1.0.0.aar (androidx.cursoradapter:cursoradapter:1.0.0) with JetifyTransform
[        ] Transforming cursoradapter-1.0.0.aar (androidx.cursoradapter:cursoradapter:1.0.0) with ExtractAarTransform
[        ] Transforming cursoradapter-1.0.0.aar (androidx.cursoradapter:cursoradapter:1.0.0) with AarTransform
[        ] Transforming cursoradapter-1.0.0.aar (androidx.cursoradapter:cursoradapter:1.0.0) with JetifyTransform
[        ] Transforming cursoradapter-1.0.0.aar (androidx.cursoradapter:cursoradapter:1.0.0) with ExtractAarTransform
[        ] Transforming cursoradapter-1.0.0.aar (androidx.cursoradapter:cursoradapter:1.0.0) with AarTransform
[        ] Transforming core-1.0.0.aar (androidx.window.extensions.core:core:1.0.0) with JetifyTransform
[        ] Transforming core-1.0.0.aar (androidx.window.extensions.core:core:1.0.0) with ExtractAarTransform
[        ] Transforming core-1.0.0.aar (androidx.window.extensions.core:core:1.0.0) with AarTransform
[        ] Transforming sqlite-framework-2.1.0.aar (androidx.sqlite:sqlite-framework:2.1.0) with JetifyTransform
[        ] Transforming sqlite-framework-2.1.0.aar (androidx.sqlite:sqlite-framework:2.1.0) with ExtractAarTransform
[        ] Transforming sqlite-framework-2.1.0.aar (androidx.sqlite:sqlite-framework:2.1.0) with AarTransform
[        ] Transforming sqlite-framework-2.1.0.aar (androidx.sqlite:sqlite-framework:2.1.0) with JetifyTransform
[        ] Transforming sqlite-framework-2.1.0.aar (androidx.sqlite:sqlite-framework:2.1.0) with ExtractAarTransform
[        ] Transforming sqlite-framework-2.1.0.aar (androidx.sqlite:sqlite-framework:2.1.0) with AarTransform
[        ] Transforming sqlite-2.1.0.aar (androidx.sqlite:sqlite:2.1.0) with JetifyTransform
[        ] Transforming sqlite-2.1.0.aar (androidx.sqlite:sqlite:2.1.0) with ExtractAarTransform
[        ] Transforming sqlite-2.1.0.aar (androidx.sqlite:sqlite:2.1.0) with AarTransform
[        ] Transforming sqlite-2.1.0.aar (androidx.sqlite:sqlite:2.1.0) with JetifyTransform
[        ] Transforming sqlite-2.1.0.aar (androidx.sqlite:sqlite:2.1.0) with ExtractAarTransform
[        ] Transforming sqlite-2.1.0.aar (androidx.sqlite:sqlite:2.1.0) with AarTransform
[        ] Transforming documentfile-1.0.0.aar (androidx.documentfile:documentfile:1.0.0) with JetifyTransform
[        ] Transforming documentfile-1.0.0.aar (androidx.documentfile:documentfile:1.0.0) with ExtractAarTransform
[        ] Transforming documentfile-1.0.0.aar (androidx.documentfile:documentfile:1.0.0) with AarTransform
[        ] Transforming localbroadcastmanager-1.0.0.aar (androidx.localbroadcastmanager:localbroadcastmanager:1.0.0) with JetifyTransform
[        ] Transforming localbroadcastmanager-1.0.0.aar (androidx.localbroadcastmanager:localbroadcastmanager:1.0.0) with ExtractAarTransform
[        ] Transforming localbroadcastmanager-1.0.0.aar (androidx.localbroadcastmanager:localbroadcastmanager:1.0.0) with AarTransform
[        ] Transforming print-1.0.0.aar (androidx.print:print:1.0.0) with JetifyTransform
[        ] Transforming print-1.0.0.aar (androidx.print:print:1.0.0) with ExtractAarTransform
[        ] Transforming print-1.0.0.aar (androidx.print:print:1.0.0) with AarTransform
[        ] Transforming annotation-experimental-1.4.0.aar (androidx.annotation:annotation-experimental:1.4.0) with JetifyTransform
[        ] Transforming annotation-experimental-1.4.0.aar (androidx.annotation:annotation-experimental:1.4.0) with ExtractAarTransform
[        ] Transforming annotation-experimental-1.4.0.aar (androidx.annotation:annotation-experimental:1.4.0) with AarTransform
[        ] Transforming relinker-1.4.5.aar (com.getkeepsafe.relinker:relinker:1.4.5) with JetifyTransform
[        ] Transforming relinker-1.4.5.aar (com.getkeepsafe.relinker:relinker:1.4.5) with ExtractAarTransform
[        ] Transforming relinker-1.4.5.aar (com.getkeepsafe.relinker:relinker:1.4.5) with AarTransform
[        ] Caching disabled for task ':app:mapDebugSourceSetPaths' because:
[        ]   Build cache is disabled
[        ]   Caching has been disabled for the task
[        ] Skipping task ':app:mapDebugSourceSetPaths' as it is up-to-date.
[        ] Resolve mutations for :app:generateDebugResources (Thread[#8300,Execution worker Thread 18,5,main]) started.
[        ] :app:generateDebugResources (Thread[#8300,Execution worker Thread 18,5,main]) started.
[        ] > Task :app:generateDebugResources UP-TO-DATE
[        ] Caching disabled for task ':app:generateDebugResources' because:
[        ]   Build cache is disabled
[        ] Skipping task ':app:generateDebugResources' as it is up-to-date.
[        ] Resolve mutations for :app:mergeDebugResources (Thread[#8300,Execution worker Thread 18,5,main]) started.
[        ] :app:mergeDebugResources (Thread[#8295,Execution worker Thread 13,5,main]) started.
[        ] > Task :app:mergeDebugResources UP-TO-DATE
[        ] Caching disabled for task ':app:mergeDebugResources' because:
[        ]   Build cache is disabled
[        ] Skipping task ':app:mergeDebugResources' as it is up-to-date.
[        ] Resolve mutations for :app:packageDebugResources (Thread[#8295,Execution worker Thread 13,5,main]) started.
[        ] :app:packageDebugResources (Thread[#8295,Execution worker Thread 13,5,main]) started.
[        ] > Task :app:packageDebugResources UP-TO-DATE
[        ] Caching disabled for task ':app:packageDebugResources' because:
[        ]   Build cache is disabled
[        ] Skipping task ':app:packageDebugResources' as it is up-to-date.
[        ] Resolve mutations for :app:parseDebugLocalResources (Thread[#8295,Execution worker Thread 13,5,main]) started.
[        ] :app:parseDebugLocalResources (Thread[#8295,Execution worker Thread 13,5,main]) started.
[        ] > Task :app:parseDebugLocalResources UP-TO-DATE
[        ] Transforming android.jar with PlatformAttrTransform
[        ] Transforming android.jar with PlatformAttrTransform
[        ] Caching disabled for task ':app:parseDebugLocalResources' because:
[        ]   Build cache is disabled
[        ] Skipping task ':app:parseDebugLocalResources' as it is up-to-date.
[        ] Resolve mutations for :app:createDebugCompatibleScreenManifests (Thread[#8295,Execution worker Thread 13,5,main]) started.
[        ] :app:createDebugCompatibleScreenManifests (Thread[#8295,Execution worker Thread 13,5,main]) started.
[        ] > Task :app:createDebugCompatibleScreenManifests UP-TO-DATE
[        ] Caching disabled for task ':app:createDebugCompatibleScreenManifests' because:
[        ]   Build cache is disabled
[        ]   Caching has been disabled for the task
[        ] Skipping task ':app:createDebugCompatibleScreenManifests' as it is up-to-date.
[        ] Resolve mutations for :app:extractDeepLinksDebug (Thread[#8295,Execution worker Thread 13,5,main]) started.
[        ] :app:extractDeepLinksDebug (Thread[#8292,Execution worker Thread 10,5,main]) started.
[        ] > Task :app:extractDeepLinksDebug UP-TO-DATE
[        ] Caching disabled for task ':app:extractDeepLinksDebug' because:
[        ]   Build cache is disabled
[        ] Skipping task ':app:extractDeepLinksDebug' as it is up-to-date.
[        ] Resolve mutations for :gal:extractDeepLinksDebug (Thread[#8292,Execution worker Thread 10,5,main]) started.
[        ] :gal:extractDeepLinksDebug (Thread[#8292,Execution worker Thread 10,5,main]) started.
[        ] > Task :gal:extractDeepLinksDebug UP-TO-DATE
[        ] Caching disabled for task ':gal:extractDeepLinksDebug' because:
[        ]   Build cache is disabled
[        ] Skipping task ':gal:extractDeepLinksDebug' as it is up-to-date.
[        ] work action resolve navigation.json (project :gal) (Thread[#8292,Execution worker Thread 10,5,main]) started.
[        ] Resolve mutations for :gal:processDebugManifest (Thread[#8292,Execution worker Thread 10,5,main]) started.
[        ] :gal:processDebugManifest (Thread[#8296,Execution worker Thread 14,5,main]) started.
[        ] > Task :gal:processDebugManifest UP-TO-DATE
[        ] Caching disabled for task ':gal:processDebugManifest' because:
[        ]   Build cache is disabled
[        ] Skipping task ':gal:processDebugManifest' as it is up-to-date.
[        ] work action resolve AndroidManifest.xml (project :gal) (Thread[#8296,Execution worker Thread 14,5,main]) started.
[        ] Resolve mutations for :google_mobile_ads:extractDeepLinksDebug (Thread[#8296,Execution worker Thread 14,5,main]) started.
[        ] :google_mobile_ads:extractDeepLinksDebug (Thread[#8296,Execution worker Thread 14,5,main]) started.
[        ] > Task :google_mobile_ads:extractDeepLinksDebug UP-TO-DATE
[        ] Caching disabled for task ':google_mobile_ads:extractDeepLinksDebug' because:
[        ]   Build cache is disabled
[        ] Skipping task ':google_mobile_ads:extractDeepLinksDebug' as it is up-to-date.
[        ] work action resolve navigation.json (project :google_mobile_ads) (Thread[#8296,Execution worker Thread 14,5,main]) started.
[        ] Resolve mutations for :google_mobile_ads:processDebugManifest (Thread[#8296,Execution worker Thread 14,5,main]) started.
[        ] :google_mobile_ads:processDebugManifest (Thread[#8291,Execution worker Thread 9,5,main]) started.
[        ] > Task :google_mobile_ads:processDebugManifest UP-TO-DATE
[        ] Caching disabled for task ':google_mobile_ads:processDebugManifest' because:
[        ]   Build cache is disabled
[        ] Skipping task ':google_mobile_ads:processDebugManifest' as it is up-to-date.
[        ] work action resolve AndroidManifest.xml (project :google_mobile_ads) (Thread[#8291,Execution worker Thread 9,5,main]) started.
[        ] Resolve mutations for :path_provider_android:extractDeepLinksDebug (Thread[#8291,Execution worker Thread 9,5,main]) started.
[        ] :path_provider_android:extractDeepLinksDebug (Thread[#8291,Execution worker Thread 9,5,main]) started.
[        ] > Task :path_provider_android:extractDeepLinksDebug UP-TO-DATE
[        ] Caching disabled for task ':path_provider_android:extractDeepLinksDebug' because:
[        ]   Build cache is disabled
[        ] Skipping task ':path_provider_android:extractDeepLinksDebug' as it is up-to-date.
[        ] work action resolve navigation.json (project :path_provider_android) (Thread[#8291,Execution worker Thread 9,5,main]) started.
[        ] Resolve mutations for :path_provider_android:processDebugManifest (Thread[#8291,Execution worker Thread 9,5,main]) started.
[        ] :path_provider_android:processDebugManifest (Thread[#8291,Execution worker Thread 9,5,main]) started.
[        ] > Task :path_provider_android:processDebugManifest UP-TO-DATE
[        ] Caching disabled for task ':path_provider_android:processDebugManifest' because:
[        ]   Build cache is disabled
[        ] Skipping task ':path_provider_android:processDebugManifest' as it is up-to-date.
[        ] work action resolve AndroidManifest.xml (project :path_provider_android) (Thread[#8291,Execution worker Thread 9,5,main]) started.
[        ] Resolve mutations for :permission_handler_android:extractDeepLinksDebug (Thread[#8291,Execution worker Thread 9,5,main]) started.
[        ] :permission_handler_android:extractDeepLinksDebug (Thread[#8291,Execution worker Thread 9,5,main]) started.
[        ] > Task :permission_handler_android:extractDeepLinksDebug UP-TO-DATE
[        ] Caching disabled for task ':permission_handler_android:extractDeepLinksDebug' because:
[        ]   Build cache is disabled
[        ] Skipping task ':permission_handler_android:extractDeepLinksDebug' as it is up-to-date.
[        ] work action resolve navigation.json (project :permission_handler_android) (Thread[#8291,Execution worker Thread 9,5,main]) started.
[        ] Resolve mutations for :permission_handler_android:processDebugManifest (Thread[#8291,Execution worker Thread 9,5,main]) started.
[        ] :permission_handler_android:processDebugManifest (Thread[#8303,Execution worker Thread 20,5,main]) started.
[        ] > Task :permission_handler_android:processDebugManifest UP-TO-DATE
[        ] Caching disabled for task ':permission_handler_android:processDebugManifest' because:
[        ]   Build cache is disabled
[        ] Skipping task ':permission_handler_android:processDebugManifest' as it is up-to-date.
[        ] work action resolve AndroidManifest.xml (project :permission_handler_android) (Thread[#8303,Execution worker Thread 20,5,main]) started.
[        ] Resolve mutations for :shared_preferences_android:extractDeepLinksDebug (Thread[#8303,Execution worker Thread 20,5,main]) started.
[        ] :shared_preferences_android:extractDeepLinksDebug (Thread[#8303,Execution worker Thread 20,5,main]) started.
[        ] > Task :shared_preferences_android:extractDeepLinksDebug UP-TO-DATE
[        ] Caching disabled for task ':shared_preferences_android:extractDeepLinksDebug' because:
[        ]   Build cache is disabled
[        ] Skipping task ':shared_preferences_android:extractDeepLinksDebug' as it is up-to-date.
[        ] work action resolve navigation.json (project :shared_preferences_android) (Thread[#8303,Execution worker Thread 20,5,main]) started.
[        ] Resolve mutations for :shared_preferences_android:processDebugManifest (Thread[#8291,Execution worker Thread 9,5,main]) started.
[        ] :shared_preferences_android:processDebugManifest (Thread[#8283,Execution worker,5,main]) started.
[        ] > Task :shared_preferences_android:processDebugManifest UP-TO-DATE
[        ] Caching disabled for task ':shared_preferences_android:processDebugManifest' because:
[        ]   Build cache is disabled
[        ] Skipping task ':shared_preferences_android:processDebugManifest' as it is up-to-date.
[        ] work action resolve AndroidManifest.xml (project :shared_preferences_android) (Thread[#8283,Execution worker,5,main]) started.
[        ] Resolve mutations for :webview_flutter_android:extractDeepLinksDebug (Thread[#8283,Execution worker,5,main]) started.
[        ] :webview_flutter_android:extractDeepLinksDebug (Thread[#8300,Execution worker Thread 18,5,main]) started.
[        ] > Task :webview_flutter_android:extractDeepLinksDebug UP-TO-DATE
[        ] Caching disabled for task ':webview_flutter_android:extractDeepLinksDebug' because:
[        ]   Build cache is disabled
[        ] Skipping task ':webview_flutter_android:extractDeepLinksDebug' as it is up-to-date.
[        ] work action resolve navigation.json (project :webview_flutter_android) (Thread[#8300,Execution worker Thread 18,5,main]) started.
[        ] Resolve mutations for :webview_flutter_android:processDebugManifest (Thread[#8300,Execution worker Thread 18,5,main]) started.
[        ] :webview_flutter_android:processDebugManifest (Thread[#8302,Execution worker Thread 19,5,main]) started.
[        ] > Task :webview_flutter_android:processDebugManifest UP-TO-DATE
[        ] Caching disabled for task ':webview_flutter_android:processDebugManifest' because:
[        ]   Build cache is disabled
[        ] Skipping task ':webview_flutter_android:processDebugManifest' as it is up-to-date.
[        ] work action resolve AndroidManifest.xml (project :webview_flutter_android) (Thread[#8302,Execution worker Thread 19,5,main]) started.
[        ] Resolve mutations for :app:processDebugMainManifest (Thread[#8302,Execution worker Thread 19,5,main]) started.
[        ] :app:processDebugMainManifest (Thread[#8289,Execution worker Thread 7,5,main]) started.
[        ] > Task :app:processDebugMainManifest UP-TO-DATE
[        ] Transforming play-services-ads-23.6.0.aar (com.google.android.gms:play-services-ads:23.6.0) with JetifyTransform
[        ] Transforming play-services-ads-23.6.0.aar (com.google.android.gms:play-services-ads:23.6.0) with ExtractAarTransform
[        ] Transforming play-services-ads-23.6.0.aar (com.google.android.gms:play-services-ads:23.6.0) with AarTransform
[        ] Transforming play-services-ads-lite-23.6.0.aar (com.google.android.gms:play-services-ads-lite:23.6.0) with JetifyTransform
[        ] Transforming play-services-ads-lite-23.6.0.aar (com.google.android.gms:play-services-ads-lite:23.6.0) with ExtractAarTransform
[        ] Transforming play-services-ads-lite-23.6.0.aar (com.google.android.gms:play-services-ads-lite:23.6.0) with AarTransform
[        ] Transforming user-messaging-platform-3.1.0.aar (com.google.android.ump:user-messaging-platform:3.1.0) with JetifyTransform
[        ] Transforming user-messaging-platform-3.1.0.aar (com.google.android.ump:user-messaging-platform:3.1.0) with ExtractAarTransform
[        ] Transforming user-messaging-platform-3.1.0.aar (com.google.android.ump:user-messaging-platform:3.1.0) with AarTransform
[        ] Transforming user-messaging-platform-3.1.0.aar (com.google.android.ump:user-messaging-platform:3.1.0) with JetifyTransform
[        ] Transforming user-messaging-platform-3.1.0.aar (com.google.android.ump:user-messaging-platform:3.1.0) with ExtractAarTransform
[        ] Transforming user-messaging-platform-3.1.0.aar (com.google.android.ump:user-messaging-platform:3.1.0) with AarTransform
[        ] Transforming play-services-ads-base-23.6.0.aar (com.google.android.gms:play-services-ads-base:23.6.0) with JetifyTransform
[        ] Transforming play-services-ads-base-23.6.0.aar (com.google.android.gms:play-services-ads-base:23.6.0) with ExtractAarTransform
[        ] Transforming play-services-ads-base-23.6.0.aar (com.google.android.gms:play-services-ads-base:23.6.0) with AarTransform
[        ] Transforming play-services-ads-identifier-18.0.0.aar (com.google.android.gms:play-services-ads-identifier:18.0.0) with JetifyTransform
[        ] Transforming play-services-ads-identifier-18.0.0.aar (com.google.android.gms:play-services-ads-identifier:18.0.0) with ExtractAarTransform
[        ] Transforming play-services-ads-identifier-18.0.0.aar (com.google.android.gms:play-services-ads-identifier:18.0.0) with AarTransform
[        ] Transforming play-services-appset-16.0.1.aar (com.google.android.gms:play-services-appset:16.0.1) with JetifyTransform
[        ] Transforming play-services-appset-16.0.1.aar (com.google.android.gms:play-services-appset:16.0.1) with ExtractAarTransform
[        ] Transforming play-services-appset-16.0.1.aar (com.google.android.gms:play-services-appset:16.0.1) with AarTransform
[        ] Transforming play-services-base-18.0.0.aar (com.google.android.gms:play-services-base:18.0.0) with JetifyTransform
[        ] Transforming play-services-base-18.0.0.aar (com.google.android.gms:play-services-base:18.0.0) with ExtractAarTransform
[        ] Transforming play-services-base-18.0.0.aar (com.google.android.gms:play-services-base:18.0.0) with AarTransform
[        ] Transforming play-services-tasks-18.2.0.aar (com.google.android.gms:play-services-tasks:18.2.0) with JetifyTransform
[        ] Transforming play-services-tasks-18.2.0.aar (com.google.android.gms:play-services-tasks:18.2.0) with ExtractAarTransform
[        ] Transforming play-services-tasks-18.2.0.aar (com.google.android.gms:play-services-tasks:18.2.0) with AarTransform
[        ] Transforming play-services-measurement-sdk-api-20.1.2.aar (com.google.android.gms:play-services-measurement-sdk-api:20.1.2) with JetifyTransform
[        ] Transforming play-services-measurement-sdk-api-20.1.2.aar (com.google.android.gms:play-services-measurement-sdk-api:20.1.2) with ExtractAarTransform
[        ] Transforming play-services-measurement-sdk-api-20.1.2.aar (com.google.android.gms:play-services-measurement-sdk-api:20.1.2) with AarTransform
[        ] Transforming play-services-measurement-base-20.1.2.aar (com.google.android.gms:play-services-measurement-base:20.1.2) with JetifyTransform
[        ] Transforming play-services-measurement-base-20.1.2.aar (com.google.android.gms:play-services-measurement-base:20.1.2) with ExtractAarTransform
[        ] Transforming play-services-measurement-base-20.1.2.aar (com.google.android.gms:play-services-measurement-base:20.1.2) with AarTransform
[        ] Transforming play-services-basement-18.4.0.aar (com.google.android.gms:play-services-basement:18.4.0) with JetifyTransform
[        ] Transforming play-services-basement-18.4.0.aar (com.google.android.gms:play-services-basement:18.4.0) with ExtractAarTransform
[        ] Transforming play-services-basement-18.4.0.aar (com.google.android.gms:play-services-basement:18.4.0) with AarTransform
[        ] Transforming constraintlayout-2.1.4.aar (androidx.constraintlayout:constraintlayout:2.1.4) with JetifyTransform
[        ] Transforming constraintlayout-2.1.4.aar (androidx.constraintlayout:constraintlayout:2.1.4) with ExtractAarTransform
[        ] Transforming constraintlayout-2.1.4.aar (androidx.constraintlayout:constraintlayout:2.1.4) with AarTransform
[        ] Transforming preference-1.2.1.aar (androidx.preference:preference:1.2.1) with JetifyTransform
[        ] Transforming preference-1.2.1.aar (androidx.preference:preference:1.2.1) with ExtractAarTransform
[        ] Transforming preference-1.2.1.aar (androidx.preference:preference:1.2.1) with AarTransform
[        ] Transforming appcompat-1.2.0.aar (androidx.appcompat:appcompat:1.2.0) with JetifyTransform
[        ] Transforming appcompat-1.2.0.aar (androidx.appcompat:appcompat:1.2.0) with ExtractAarTransform
[        ] Transforming appcompat-1.2.0.aar (androidx.appcompat:appcompat:1.2.0) with AarTransform
[        ] Transforming fragment-ktx-1.7.1.aar (androidx.fragment:fragment-ktx:1.7.1) with JetifyTransform
[        ] Transforming fragment-ktx-1.7.1.aar (androidx.fragment:fragment-ktx:1.7.1) with ExtractAarTransform
[        ] Transforming fragment-ktx-1.7.1.aar (androidx.fragment:fragment-ktx:1.7.1) with AarTransform
[        ] Transforming fragment-1.7.1.aar (androidx.fragment:fragment:1.7.1) with JetifyTransform
[        ] Transforming fragment-1.7.1.aar (androidx.fragment:fragment:1.7.1) with ExtractAarTransform
[        ] Transforming fragment-1.7.1.aar (androidx.fragment:fragment:1.7.1) with AarTransform
[        ] Transforming fragment-1.7.1.aar (androidx.fragment:fragment:1.7.1) with JetifyTransform
[        ] Transforming fragment-1.7.1.aar (androidx.fragment:fragment:1.7.1) with ExtractAarTransform
[        ] Transforming fragment-1.7.1.aar (androidx.fragment:fragment:1.7.1) with AarTransform
[        ] Transforming webkit-1.15.0.aar (androidx.webkit:webkit:1.15.0) with JetifyTransform
[        ] Transforming webkit-1.15.0.aar (androidx.webkit:webkit:1.15.0) with ExtractAarTransform
[        ] Transforming webkit-1.15.0.aar (androidx.webkit:webkit:1.15.0) with AarTransform
[        ] Transforming webkit-1.15.0.aar (androidx.webkit:webkit:1.15.0) with JetifyTransform
[        ] Transforming webkit-1.15.0.aar (androidx.webkit:webkit:1.15.0) with ExtractAarTransform
[        ] Transforming webkit-1.15.0.aar (androidx.webkit:webkit:1.15.0) with AarTransform
[        ] Transforming recyclerview-1.0.0.aar (androidx.recyclerview:recyclerview:1.0.0) with JetifyTransform
[        ] Transforming recyclerview-1.0.0.aar (androidx.recyclerview:recyclerview:1.0.0) with ExtractAarTransform
[        ] Transforming recyclerview-1.0.0.aar (androidx.recyclerview:recyclerview:1.0.0) with AarTransform
[        ] Transforming legacy-support-core-ui-1.0.0.aar (androidx.legacy:legacy-support-core-ui:1.0.0) with JetifyTransform
[        ] Transforming legacy-support-core-ui-1.0.0.aar (androidx.legacy:legacy-support-core-ui:1.0.0) with ExtractAarTransform
[        ] Transforming legacy-support-core-ui-1.0.0.aar (androidx.legacy:legacy-support-core-ui:1.0.0) with AarTransform
[        ] Transforming slidingpanelayout-1.2.0.aar (androidx.slidingpanelayout:slidingpanelayout:1.2.0) with JetifyTransform
[        ] Transforming slidingpanelayout-1.2.0.aar (androidx.slidingpanelayout:slidingpanelayout:1.2.0) with ExtractAarTransform
[        ] Transforming slidingpanelayout-1.2.0.aar (androidx.slidingpanelayout:slidingpanelayout:1.2.0) with AarTransform
[        ] Transforming slidingpanelayout-1.2.0.aar (androidx.slidingpanelayout:slidingpanelayout:1.2.0) with JetifyTransform
[        ] Transforming slidingpanelayout-1.2.0.aar (androidx.slidingpanelayout:slidingpanelayout:1.2.0) with ExtractAarTransform
[        ] Transforming slidingpanelayout-1.2.0.aar (androidx.slidingpanelayout:slidingpanelayout:1.2.0) with AarTransform
[        ] Transforming window-1.2.0.aar (androidx.window:window:1.2.0) with JetifyTransform
[        ] Transforming window-1.2.0.aar (androidx.window:window:1.2.0) with ExtractAarTransform
[        ] Transforming window-1.2.0.aar (androidx.window:window:1.2.0) with AarTransform
[        ] Transforming window-java-1.2.0.aar (androidx.window:window-java:1.2.0) with JetifyTransform
[        ] Transforming window-java-1.2.0.aar (androidx.window:window-java:1.2.0) with ExtractAarTransform
[        ] Transforming window-java-1.2.0.aar (androidx.window:window-java:1.2.0) with AarTransform
[        ] Transforming browser-1.8.0.aar (androidx.browser:browser:1.8.0) with JetifyTransform
[        ] Transforming browser-1.8.0.aar (androidx.browser:browser:1.8.0) with ExtractAarTransform
[        ] Transforming browser-1.8.0.aar (androidx.browser:browser:1.8.0) with AarTransform
[        ] Transforming activity-ktx-1.8.1.aar (androidx.activity:activity-ktx:1.8.1) with JetifyTransform
[        ] Transforming activity-ktx-1.8.1.aar (androidx.activity:activity-ktx:1.8.1) with ExtractAarTransform
[        ] Transforming activity-ktx-1.8.1.aar (androidx.activity:activity-ktx:1.8.1) with AarTransform
[        ] Transforming activity-1.8.1.aar (androidx.activity:activity:1.8.1) with JetifyTransform
[        ] Transforming activity-1.8.1.aar (androidx.activity:activity:1.8.1) with ExtractAarTransform
[        ] Transforming activity-1.8.1.aar (androidx.activity:activity:1.8.1) with AarTransform
[        ] Transforming legacy-support-core-utils-1.0.0.aar (androidx.legacy:legacy-support-core-utils:1.0.0) with JetifyTransform
[        ] Transforming legacy-support-core-utils-1.0.0.aar (androidx.legacy:legacy-support-core-utils:1.0.0) with ExtractAarTransform
[        ] Transforming legacy-support-core-utils-1.0.0.aar (androidx.legacy:legacy-support-core-utils:1.0.0) with AarTransform
[        ] Transforming loader-1.0.0.aar (androidx.loader:loader:1.0.0) with JetifyTransform
[        ] Transforming loader-1.0.0.aar (androidx.loader:loader:1.0.0) with ExtractAarTransform
[        ] Transforming loader-1.0.0.aar (androidx.loader:loader:1.0.0) with AarTransform
[        ] Transforming loader-1.0.0.aar (androidx.loader:loader:1.0.0) with JetifyTransform
[        ] Transforming loader-1.0.0.aar (androidx.loader:loader:1.0.0) with ExtractAarTransform
[        ] Transforming loader-1.0.0.aar (androidx.loader:loader:1.0.0) with AarTransform
[        ] Transforming viewpager-1.0.0.aar (androidx.viewpager:viewpager:1.0.0) with JetifyTransform
[        ] Transforming viewpager-1.0.0.aar (androidx.viewpager:viewpager:1.0.0) with ExtractAarTransform
[        ] Transforming viewpager-1.0.0.aar (androidx.viewpager:viewpager:1.0.0) with AarTransform
[        ] Transforming viewpager-1.0.0.aar (androidx.viewpager:viewpager:1.0.0) with JetifyTransform
[        ] Transforming viewpager-1.0.0.aar (androidx.viewpager:viewpager:1.0.0) with ExtractAarTransform
[        ] Transforming viewpager-1.0.0.aar (androidx.viewpager:viewpager:1.0.0) with AarTransform
[        ] Transforming ads-adservices-java-1.0.0-beta05.aar (androidx.privacysandbox.ads:ads-adservices-java:1.0.0-beta05) with JetifyTransform
[        ] Transforming ads-adservices-java-1.0.0-beta05.aar (androidx.privacysandbox.ads:ads-adservices-java:1.0.0-beta05) with ExtractAarTransform
[        ] Transforming ads-adservices-java-1.0.0-beta05.aar (androidx.privacysandbox.ads:ads-adservices-java:1.0.0-beta05) with AarTransform
[        ] Transforming ads-adservices-1.0.0-beta05.aar (androidx.privacysandbox.ads:ads-adservices:1.0.0-beta05) with JetifyTransform
[        ] Transforming ads-adservices-1.0.0-beta05.aar (androidx.privacysandbox.ads:ads-adservices:1.0.0-beta05) with ExtractAarTransform
[        ] Transforming ads-adservices-1.0.0-beta05.aar (androidx.privacysandbox.ads:ads-adservices:1.0.0-beta05) with AarTransform
[        ] Transforming ads-adservices-1.0.0-beta05.aar (androidx.privacysandbox.ads:ads-adservices:1.0.0-beta05) with JetifyTransform
[        ] Transforming ads-adservices-1.0.0-beta05.aar (androidx.privacysandbox.ads:ads-adservices:1.0.0-beta05) with ExtractAarTransform
[        ] Transforming ads-adservices-1.0.0-beta05.aar (androidx.privacysandbox.ads:ads-adservices:1.0.0-beta05) with AarTransform
[        ] Transforming work-runtime-2.7.0.aar (androidx.work:work-runtime:2.7.0) with JetifyTransform
[        ] Transforming work-runtime-2.7.0.aar (androidx.work:work-runtime:2.7.0) with ExtractAarTransform
[        ] Transforming work-runtime-2.7.0.aar (androidx.work:work-runtime:2.7.0) with AarTransform
[        ] Transforming lifecycle-runtime-ktx-2.7.0.aar (androidx.lifecycle:lifecycle-runtime-ktx:2.7.0) with JetifyTransform
[        ] Transforming lifecycle-runtime-ktx-2.7.0.aar (androidx.lifecycle:lifecycle-runtime-ktx:2.7.0) with ExtractAarTransform
[        ] Transforming lifecycle-runtime-ktx-2.7.0.aar (androidx.lifecycle:lifecycle-runtime-ktx:2.7.0) with AarTransform
[        ] Transforming lifecycle-service-2.7.0.aar (androidx.lifecycle:lifecycle-service:2.7.0) with JetifyTransform
[        ] Transforming lifecycle-service-2.7.0.aar (androidx.lifecycle:lifecycle-service:2.7.0) with ExtractAarTransform
[        ] Transforming lifecycle-service-2.7.0.aar (androidx.lifecycle:lifecycle-service:2.7.0) with AarTransform
[        ] Transforming lifecycle-livedata-2.7.0.aar (androidx.lifecycle:lifecycle-livedata:2.7.0) with JetifyTransform
[        ] Transforming lifecycle-livedata-2.7.0.aar (androidx.lifecycle:lifecycle-livedata:2.7.0) with ExtractAarTransform
[        ] Transforming lifecycle-livedata-2.7.0.aar (androidx.lifecycle:lifecycle-livedata:2.7.0) with AarTransform
[        ] Transforming lifecycle-livedata-2.7.0.aar (androidx.lifecycle:lifecycle-livedata:2.7.0) with JetifyTransform
[        ] Transforming lifecycle-livedata-2.7.0.aar (androidx.lifecycle:lifecycle-livedata:2.7.0) with ExtractAarTransform
[        ] Transforming lifecycle-livedata-2.7.0.aar (androidx.lifecycle:lifecycle-livedata:2.7.0) with AarTransform
[        ] Transforming lifecycle-livedata-core-ktx-2.7.0.aar (androidx.lifecycle:lifecycle-livedata-core-ktx:2.7.0) with JetifyTransform
[        ] Transforming lifecycle-livedata-core-ktx-2.7.0.aar (androidx.lifecycle:lifecycle-livedata-core-ktx:2.7.0) with ExtractAarTransform
[        ] Transforming lifecycle-livedata-core-ktx-2.7.0.aar (androidx.lifecycle:lifecycle-livedata-core-ktx:2.7.0) with AarTransform
[        ] Transforming lifecycle-viewmodel-ktx-2.7.0.aar (androidx.lifecycle:lifecycle-viewmodel-ktx:2.7.0) with JetifyTransform
[        ] Transforming lifecycle-viewmodel-ktx-2.7.0.aar (androidx.lifecycle:lifecycle-viewmodel-ktx:2.7.0) with ExtractAarTransform
[        ] Transforming lifecycle-viewmodel-ktx-2.7.0.aar (androidx.lifecycle:lifecycle-viewmodel-ktx:2.7.0) with AarTransform
[        ] Transforming lifecycle-viewmodel-2.7.0.aar (androidx.lifecycle:lifecycle-viewmodel:2.7.0) with JetifyTransform
[        ] Transforming lifecycle-viewmodel-2.7.0.aar (androidx.lifecycle:lifecycle-viewmodel:2.7.0) with ExtractAarTransform
[        ] Transforming lifecycle-viewmodel-2.7.0.aar (androidx.lifecycle:lifecycle-viewmodel:2.7.0) with AarTransform
[        ] Transforming lifecycle-viewmodel-2.7.0.aar (androidx.lifecycle:lifecycle-viewmodel:2.7.0) with JetifyTransform
[        ] Transforming lifecycle-viewmodel-2.7.0.aar (androidx.lifecycle:lifecycle-viewmodel:2.7.0) with ExtractAarTransform
[        ] Transforming lifecycle-viewmodel-2.7.0.aar (androidx.lifecycle:lifecycle-viewmodel:2.7.0) with AarTransform
[        ] Transforming lifecycle-livedata-core-2.7.0.aar (androidx.lifecycle:lifecycle-livedata-core:2.7.0) with JetifyTransform
[        ] Transforming lifecycle-livedata-core-2.7.0.aar (androidx.lifecycle:lifecycle-livedata-core:2.7.0) with ExtractAarTransform
[        ] Transforming lifecycle-livedata-core-2.7.0.aar (androidx.lifecycle:lifecycle-livedata-core:2.7.0) with AarTransform
[        ] Transforming lifecycle-viewmodel-savedstate-2.7.0.aar (androidx.lifecycle:lifecycle-viewmodel-savedstate:2.7.0) with JetifyTransform
[        ] Transforming lifecycle-viewmodel-savedstate-2.7.0.aar (androidx.lifecycle:lifecycle-viewmodel-savedstate:2.7.0) with ExtractAarTransform
[        ] Transforming lifecycle-viewmodel-savedstate-2.7.0.aar (androidx.lifecycle:lifecycle-viewmodel-savedstate:2.7.0) with AarTransform
[        ] Transforming core-ktx-1.13.1.aar (androidx.core:core-ktx:1.13.1) with JetifyTransform
[        ] Transforming core-ktx-1.13.1.aar (androidx.core:core-ktx:1.13.1) with ExtractAarTransform
[        ] Transforming core-ktx-1.13.1.aar (androidx.core:core-ktx:1.13.1) with AarTransform
[        ] Transforming appcompat-resources-1.2.0.aar (androidx.appcompat:appcompat-resources:1.2.0) with JetifyTransform
[        ] Transforming appcompat-resources-1.2.0.aar (androidx.appcompat:appcompat-resources:1.2.0) with ExtractAarTransform
[        ] Transforming appcompat-resources-1.2.0.aar (androidx.appcompat:appcompat-resources:1.2.0) with AarTransform
[        ] Transforming drawerlayout-1.0.0.aar (androidx.drawerlayout:drawerlayout:1.0.0) with JetifyTransform
[        ] Transforming drawerlayout-1.0.0.aar (androidx.drawerlayout:drawerlayout:1.0.0) with ExtractAarTransform
[        ] Transforming drawerlayout-1.0.0.aar (androidx.drawerlayout:drawerlayout:1.0.0) with AarTransform
[        ] Transforming drawerlayout-1.0.0.aar (androidx.drawerlayout:drawerlayout:1.0.0) with JetifyTransform
[        ] Transforming drawerlayout-1.0.0.aar (androidx.drawerlayout:drawerlayout:1.0.0) with ExtractAarTransform
[        ] Transforming drawerlayout-1.0.0.aar (androidx.drawerlayout:drawerlayout:1.0.0) with AarTransform
[        ] Transforming coordinatorlayout-1.0.0.aar (androidx.coordinatorlayout:coordinatorlayout:1.0.0) with JetifyTransform
[        ] Transforming coordinatorlayout-1.0.0.aar (androidx.coordinatorlayout:coordinatorlayout:1.0.0) with ExtractAarTransform
[        ] Transforming coordinatorlayout-1.0.0.aar (androidx.coordinatorlayout:coordinatorlayout:1.0.0) with AarTransform
[        ] Transforming customview-1.1.0.aar (androidx.customview:customview:1.1.0) with JetifyTransform
[        ] Transforming customview-1.1.0.aar (androidx.customview:customview:1.1.0) with ExtractAarTransform
[        ] Transforming customview-1.1.0.aar (androidx.customview:customview:1.1.0) with AarTransform
[        ] Transforming customview-1.1.0.aar (androidx.customview:customview:1.1.0) with JetifyTransform
[        ] Transforming customview-1.1.0.aar (androidx.customview:customview:1.1.0) with ExtractAarTransform
[        ] Transforming customview-1.1.0.aar (androidx.customview:customview:1.1.0) with AarTransform
[        ] Transforming transition-1.4.1.aar (androidx.transition:transition:1.4.1) with JetifyTransform
[        ] Transforming transition-1.4.1.aar (androidx.transition:transition:1.4.1) with ExtractAarTransform
[        ] Transforming transition-1.4.1.aar (androidx.transition:transition:1.4.1) with AarTransform
[        ] Transforming vectordrawable-animated-1.1.0.aar (androidx.vectordrawable:vectordrawable-animated:1.1.0) with JetifyTransform
[        ] Transforming vectordrawable-animated-1.1.0.aar (androidx.vectordrawable:vectordrawable-animated:1.1.0) with ExtractAarTransform
[        ] Transforming vectordrawable-animated-1.1.0.aar (androidx.vectordrawable:vectordrawable-animated:1.1.0) with AarTransform
[        ] Transforming vectordrawable-1.1.0.aar (androidx.vectordrawable:vectordrawable:1.1.0) with JetifyTransform
[        ] Transforming vectordrawable-1.1.0.aar (androidx.vectordrawable:vectordrawable:1.1.0) with ExtractAarTransform
[        ] Transforming vectordrawable-1.1.0.aar (androidx.vectordrawable:vectordrawable:1.1.0) with AarTransform
[        ] Transforming vectordrawable-1.1.0.aar (androidx.vectordrawable:vectordrawable:1.1.0) with JetifyTransform
[        ] Transforming vectordrawable-1.1.0.aar (androidx.vectordrawable:vectordrawable:1.1.0) with ExtractAarTransform
[        ] Transforming vectordrawable-1.1.0.aar (androidx.vectordrawable:vectordrawable:1.1.0) with AarTransform
[        ] Transforming swiperefreshlayout-1.0.0.aar (androidx.swiperefreshlayout:swiperefreshlayout:1.0.0) with JetifyTransform
[        ] Transforming swiperefreshlayout-1.0.0.aar (androidx.swiperefreshlayout:swiperefreshlayout:1.0.0) with ExtractAarTransform
[        ] Transforming swiperefreshlayout-1.0.0.aar (androidx.swiperefreshlayout:swiperefreshlayout:1.0.0) with AarTransform
[        ] Transforming asynclayoutinflater-1.0.0.aar (androidx.asynclayoutinflater:asynclayoutinflater:1.0.0) with JetifyTransform
[        ] Transforming asynclayoutinflater-1.0.0.aar (androidx.asynclayoutinflater:asynclayoutinflater:1.0.0) with ExtractAarTransform
[        ] Transforming asynclayoutinflater-1.0.0.aar (androidx.asynclayoutinflater:asynclayoutinflater:1.0.0) with AarTransform
[        ] Transforming core-1.13.1.aar (androidx.core:core:1.13.1) with JetifyTransform
[        ] Transforming core-1.13.1.aar (androidx.core:core:1.13.1) with ExtractAarTransform
[        ] Transforming core-1.13.1.aar (androidx.core:core:1.13.1) with AarTransform
[        ] Transforming core-1.13.1.aar (androidx.core:core:1.13.1) with JetifyTransform
[        ] Transforming core-1.13.1.aar (androidx.core:core:1.13.1) with ExtractAarTransform
[        ] Transforming core-1.13.1.aar (androidx.core:core:1.13.1) with AarTransform
[        ] Transforming lifecycle-runtime-2.7.0.aar (androidx.lifecycle:lifecycle-runtime:2.7.0) with JetifyTransform
[        ] Transforming lifecycle-runtime-2.7.0.aar (androidx.lifecycle:lifecycle-runtime:2.7.0) with ExtractAarTransform
[        ] Transforming lifecycle-runtime-2.7.0.aar (androidx.lifecycle:lifecycle-runtime:2.7.0) with AarTransform
[        ] Transforming savedstate-ktx-1.2.1.aar (androidx.savedstate:savedstate-ktx:1.2.1) with JetifyTransform
[        ] Transforming savedstate-ktx-1.2.1.aar (androidx.savedstate:savedstate-ktx:1.2.1) with ExtractAarTransform
[        ] Transforming savedstate-ktx-1.2.1.aar (androidx.savedstate:savedstate-ktx:1.2.1) with AarTransform
[        ] Transforming savedstate-1.2.1.aar (androidx.savedstate:savedstate:1.2.1) with JetifyTransform
[        ] Transforming savedstate-1.2.1.aar (androidx.savedstate:savedstate:1.2.1) with ExtractAarTransform
[        ] Transforming savedstate-1.2.1.aar (androidx.savedstate:savedstate:1.2.1) with AarTransform
[        ] Transforming lifecycle-process-2.7.0.aar (androidx.lifecycle:lifecycle-process:2.7.0) with JetifyTransform
[        ] Transforming lifecycle-process-2.7.0.aar (androidx.lifecycle:lifecycle-process:2.7.0) with ExtractAarTransform
[        ] Transforming lifecycle-process-2.7.0.aar (androidx.lifecycle:lifecycle-process:2.7.0) with AarTransform
[        ] Transforming datastore-preferences-core-release.aar (androidx.datastore:datastore-preferences-core-android:1.1.7) with JetifyTransform
[        ] Transforming datastore-preferences-core-release.aar (androidx.datastore:datastore-preferences-core-android:1.1.7) with ExtractAarTransform
[        ] Transforming datastore-preferences-core-release.aar (androidx.datastore:datastore-preferences-core-android:1.1.7) with AarTransform
[        ] Transforming datastore-core-release.aar (androidx.datastore:datastore-core-android:1.1.7) with JetifyTransform
[        ] Transforming datastore-core-release.aar (androidx.datastore:datastore-core-android:1.1.7) with ExtractAarTransform
[        ] Transforming datastore-core-release.aar (androidx.datastore:datastore-core-android:1.1.7) with AarTransform
[        ] Transforming datastore-preferences-release.aar (androidx.datastore:datastore-preferences-android:1.1.7) with JetifyTransform
[        ] Transforming datastore-preferences-release.aar (androidx.datastore:datastore-preferences-android:1.1.7) with ExtractAarTransform
[        ] Transforming datastore-preferences-release.aar (androidx.datastore:datastore-preferences-android:1.1.7) with AarTransform
[        ] Transforming datastore-release.aar (androidx.datastore:datastore-android:1.1.7) with JetifyTransform
[        ] Transforming datastore-release.aar (androidx.datastore:datastore-android:1.1.7) with ExtractAarTransform
[        ] Transforming datastore-release.aar (androidx.datastore:datastore-android:1.1.7) with AarTransform
[        ] Transforming profileinstaller-1.3.1.aar (androidx.profileinstaller:profileinstaller:1.3.1) with JetifyTransform
[        ] Transforming profileinstaller-1.3.1.aar (androidx.profileinstaller:profileinstaller:1.3.1) with ExtractAarTransform
[        ] Transforming profileinstaller-1.3.1.aar (androidx.profileinstaller:profileinstaller:1.3.1) with AarTransform
[        ] Transforming startup-runtime-1.1.1.aar (androidx.startup:startup-runtime:1.1.1) with JetifyTransform
[        ] Transforming startup-runtime-1.1.1.aar (androidx.startup:startup-runtime:1.1.1) with ExtractAarTransform
[        ] Transforming startup-runtime-1.1.1.aar (androidx.startup:startup-runtime:1.1.1) with AarTransform
[        ] Transforming tracing-1.2.0.aar (androidx.tracing:tracing:1.2.0) with JetifyTransform
[        ] Transforming tracing-1.2.0.aar (androidx.tracing:tracing:1.2.0) with ExtractAarTransform
[        ] Transforming tracing-1.2.0.aar (androidx.tracing:tracing:1.2.0) with AarTransform
[        ] Transforming exifinterface-1.4.1.aar (androidx.exifinterface:exifinterface:1.4.1) with JetifyTransform
[        ] Transforming exifinterface-1.4.1.aar (androidx.exifinterface:exifinterface:1.4.1) with ExtractAarTransform
[        ] Transforming exifinterface-1.4.1.aar (androidx.exifinterface:exifinterface:1.4.1) with AarTransform
[        ] Transforming room-runtime-2.2.5.aar (androidx.room:room-runtime:2.2.5) with JetifyTransform
[        ] Transforming room-runtime-2.2.5.aar (androidx.room:room-runtime:2.2.5) with ExtractAarTransform
[        ] Transforming room-runtime-2.2.5.aar (androidx.room:room-runtime:2.2.5) with AarTransform
[        ] Transforming core-runtime-2.2.0.aar (androidx.arch.core:core-runtime:2.2.0) with JetifyTransform
[        ] Transforming core-runtime-2.2.0.aar (androidx.arch.core:core-runtime:2.2.0) with ExtractAarTransform
[        ] Transforming core-runtime-2.2.0.aar (androidx.arch.core:core-runtime:2.2.0) with AarTransform
[        ] Transforming core-runtime-2.2.0.aar (androidx.arch.core:core-runtime:2.2.0) with JetifyTransform
[        ] Transforming core-runtime-2.2.0.aar (androidx.arch.core:core-runtime:2.2.0) with ExtractAarTransform
[        ] Transforming core-runtime-2.2.0.aar (androidx.arch.core:core-runtime:2.2.0) with AarTransform
[        ] Transforming versionedparcelable-1.1.1.aar (androidx.versionedparcelable:versionedparcelable:1.1.1) with JetifyTransform
[        ] Transforming versionedparcelable-1.1.1.aar (androidx.versionedparcelable:versionedparcelable:1.1.1) with ExtractAarTransform
[        ] Transforming versionedparcelable-1.1.1.aar (androidx.versionedparcelable:versionedparcelable:1.1.1) with AarTransform
[        ] Transforming interpolator-1.0.0.aar (androidx.interpolator:interpolator:1.0.0) with JetifyTransform
[        ] Transforming interpolator-1.0.0.aar (androidx.interpolator:interpolator:1.0.0) with ExtractAarTransform
[        ] Transforming interpolator-1.0.0.aar (androidx.interpolator:interpolator:1.0.0) with AarTransform
[        ] Transforming interpolator-1.0.0.aar (androidx.interpolator:interpolator:1.0.0) with JetifyTransform
[        ] Transforming interpolator-1.0.0.aar (androidx.interpolator:interpolator:1.0.0) with ExtractAarTransform
[        ] Transforming interpolator-1.0.0.aar (androidx.interpolator:interpolator:1.0.0) with AarTransform
[        ] Transforming cursoradapter-1.0.0.aar (androidx.cursoradapter:cursoradapter:1.0.0) with JetifyTransform
[        ] Transforming cursoradapter-1.0.0.aar (androidx.cursoradapter:cursoradapter:1.0.0) with ExtractAarTransform
[        ] Transforming cursoradapter-1.0.0.aar (androidx.cursoradapter:cursoradapter:1.0.0) with AarTransform
[        ] Transforming cursoradapter-1.0.0.aar (androidx.cursoradapter:cursoradapter:1.0.0) with JetifyTransform
[        ] Transforming cursoradapter-1.0.0.aar (androidx.cursoradapter:cursoradapter:1.0.0) with ExtractAarTransform
[        ] Transforming cursoradapter-1.0.0.aar (androidx.cursoradapter:cursoradapter:1.0.0) with AarTransform
[        ] Transforming core-1.0.0.aar (androidx.window.extensions.core:core:1.0.0) with JetifyTransform
[        ] Transforming core-1.0.0.aar (androidx.window.extensions.core:core:1.0.0) with ExtractAarTransform
[        ] Transforming core-1.0.0.aar (androidx.window.extensions.core:core:1.0.0) with AarTransform
[        ] Transforming sqlite-framework-2.1.0.aar (androidx.sqlite:sqlite-framework:2.1.0) with JetifyTransform
[        ] Transforming sqlite-framework-2.1.0.aar (androidx.sqlite:sqlite-framework:2.1.0) with ExtractAarTransform
[        ] Transforming sqlite-framework-2.1.0.aar (androidx.sqlite:sqlite-framework:2.1.0) with AarTransform
[        ] Transforming sqlite-framework-2.1.0.aar (androidx.sqlite:sqlite-framework:2.1.0) with JetifyTransform
[        ] Transforming sqlite-framework-2.1.0.aar (androidx.sqlite:sqlite-framework:2.1.0) with ExtractAarTransform
[        ] Transforming sqlite-framework-2.1.0.aar (androidx.sqlite:sqlite-framework:2.1.0) with AarTransform
[        ] Transforming sqlite-2.1.0.aar (androidx.sqlite:sqlite:2.1.0) with JetifyTransform
[        ] Transforming sqlite-2.1.0.aar (androidx.sqlite:sqlite:2.1.0) with ExtractAarTransform
[        ] Transforming sqlite-2.1.0.aar (androidx.sqlite:sqlite:2.1.0) with AarTransform
[        ] Transforming sqlite-2.1.0.aar (androidx.sqlite:sqlite:2.1.0) with JetifyTransform
[        ] Transforming sqlite-2.1.0.aar (androidx.sqlite:sqlite:2.1.0) with ExtractAarTransform
[        ] Transforming sqlite-2.1.0.aar (androidx.sqlite:sqlite:2.1.0) with AarTransform
[        ] Transforming documentfile-1.0.0.aar (androidx.documentfile:documentfile:1.0.0) with JetifyTransform
[        ] Transforming documentfile-1.0.0.aar (androidx.documentfile:documentfile:1.0.0) with ExtractAarTransform
[        ] Transforming documentfile-1.0.0.aar (androidx.documentfile:documentfile:1.0.0) with AarTransform
[        ] Transforming localbroadcastmanager-1.0.0.aar (androidx.localbroadcastmanager:localbroadcastmanager:1.0.0) with JetifyTransform
[        ] Transforming localbroadcastmanager-1.0.0.aar (androidx.localbroadcastmanager:localbroadcastmanager:1.0.0) with ExtractAarTransform
[        ] Transforming localbroadcastmanager-1.0.0.aar (androidx.localbroadcastmanager:localbroadcastmanager:1.0.0) with AarTransform
[        ] Transforming print-1.0.0.aar (androidx.print:print:1.0.0) with JetifyTransform
[        ] Transforming print-1.0.0.aar (androidx.print:print:1.0.0) with ExtractAarTransform
[        ] Transforming print-1.0.0.aar (androidx.print:print:1.0.0) with AarTransform
[        ] Transforming annotation-experimental-1.4.0.aar (androidx.annotation:annotation-experimental:1.4.0) with JetifyTransform
[        ] Transforming annotation-experimental-1.4.0.aar (androidx.annotation:annotation-experimental:1.4.0) with ExtractAarTransform
[        ] Transforming annotation-experimental-1.4.0.aar (androidx.annotation:annotation-experimental:1.4.0) with AarTransform
[        ] Transforming relinker-1.4.5.aar (com.getkeepsafe.relinker:relinker:1.4.5) with JetifyTransform
[        ] Transforming relinker-1.4.5.aar (com.getkeepsafe.relinker:relinker:1.4.5) with ExtractAarTransform
[        ] Transforming relinker-1.4.5.aar (com.getkeepsafe.relinker:relinker:1.4.5) with AarTransform
[        ] Transforming play-services-ads-23.6.0.aar (com.google.android.gms:play-services-ads:23.6.0) with JetifyTransform
[        ] Transforming play-services-ads-23.6.0.aar (com.google.android.gms:play-services-ads:23.6.0) with ExtractAarTransform
[        ] Transforming play-services-ads-23.6.0.aar (com.google.android.gms:play-services-ads:23.6.0) with AarTransform
[        ] Transforming play-services-ads-lite-23.6.0.aar (com.google.android.gms:play-services-ads-lite:23.6.0) with JetifyTransform
[        ] Transforming play-services-ads-lite-23.6.0.aar (com.google.android.gms:play-services-ads-lite:23.6.0) with ExtractAarTransform
[        ] Transforming play-services-ads-lite-23.6.0.aar (com.google.android.gms:play-services-ads-lite:23.6.0) with AarTransform
[        ] Transforming user-messaging-platform-3.1.0.aar (com.google.android.ump:user-messaging-platform:3.1.0) with JetifyTransform
[        ] Transforming user-messaging-platform-3.1.0.aar (com.google.android.ump:user-messaging-platform:3.1.0) with ExtractAarTransform
[        ] Transforming user-messaging-platform-3.1.0.aar (com.google.android.ump:user-messaging-platform:3.1.0) with AarTransform
[        ] Transforming user-messaging-platform-3.1.0.aar (com.google.android.ump:user-messaging-platform:3.1.0) with JetifyTransform
[        ] Transforming user-messaging-platform-3.1.0.aar (com.google.android.ump:user-messaging-platform:3.1.0) with ExtractAarTransform
[        ] Transforming user-messaging-platform-3.1.0.aar (com.google.android.ump:user-messaging-platform:3.1.0) with AarTransform
[        ] Transforming play-services-ads-base-23.6.0.aar (com.google.android.gms:play-services-ads-base:23.6.0) with JetifyTransform
[        ] Transforming play-services-ads-base-23.6.0.aar (com.google.android.gms:play-services-ads-base:23.6.0) with ExtractAarTransform
[        ] Transforming play-services-ads-base-23.6.0.aar (com.google.android.gms:play-services-ads-base:23.6.0) with AarTransform
[        ] Transforming play-services-ads-identifier-18.0.0.aar (com.google.android.gms:play-services-ads-identifier:18.0.0) with JetifyTransform
[        ] Transforming play-services-ads-identifier-18.0.0.aar (com.google.android.gms:play-services-ads-identifier:18.0.0) with ExtractAarTransform
[        ] Transforming play-services-ads-identifier-18.0.0.aar (com.google.android.gms:play-services-ads-identifier:18.0.0) with AarTransform
[        ] Transforming play-services-appset-16.0.1.aar (com.google.android.gms:play-services-appset:16.0.1) with JetifyTransform
[        ] Transforming play-services-appset-16.0.1.aar (com.google.android.gms:play-services-appset:16.0.1) with ExtractAarTransform
[        ] Transforming play-services-appset-16.0.1.aar (com.google.android.gms:play-services-appset:16.0.1) with AarTransform
[        ] Transforming play-services-base-18.0.0.aar (com.google.android.gms:play-services-base:18.0.0) with JetifyTransform
[        ] Transforming play-services-base-18.0.0.aar (com.google.android.gms:play-services-base:18.0.0) with ExtractAarTransform
[        ] Transforming play-services-base-18.0.0.aar (com.google.android.gms:play-services-base:18.0.0) with AarTransform
[        ] Transforming play-services-tasks-18.2.0.aar (com.google.android.gms:play-services-tasks:18.2.0) with JetifyTransform
[        ] Transforming play-services-tasks-18.2.0.aar (com.google.android.gms:play-services-tasks:18.2.0) with ExtractAarTransform
[        ] Transforming play-services-tasks-18.2.0.aar (com.google.android.gms:play-services-tasks:18.2.0) with AarTransform
[        ] Transforming play-services-measurement-sdk-api-20.1.2.aar (com.google.android.gms:play-services-measurement-sdk-api:20.1.2) with JetifyTransform
[        ] Transforming play-services-measurement-sdk-api-20.1.2.aar (com.google.android.gms:play-services-measurement-sdk-api:20.1.2) with ExtractAarTransform
[        ] Transforming play-services-measurement-sdk-api-20.1.2.aar (com.google.android.gms:play-services-measurement-sdk-api:20.1.2) with AarTransform
[        ] Transforming play-services-measurement-base-20.1.2.aar (com.google.android.gms:play-services-measurement-base:20.1.2) with JetifyTransform
[        ] Transforming play-services-measurement-base-20.1.2.aar (com.google.android.gms:play-services-measurement-base:20.1.2) with ExtractAarTransform
[        ] Transforming play-services-measurement-base-20.1.2.aar (com.google.android.gms:play-services-measurement-base:20.1.2) with AarTransform
[        ] Transforming play-services-basement-18.4.0.aar (com.google.android.gms:play-services-basement:18.4.0) with JetifyTransform
[        ] Transforming play-services-basement-18.4.0.aar (com.google.android.gms:play-services-basement:18.4.0) with ExtractAarTransform
[        ] Transforming play-services-basement-18.4.0.aar (com.google.android.gms:play-services-basement:18.4.0) with AarTransform
[        ] Transforming constraintlayout-2.1.4.aar (androidx.constraintlayout:constraintlayout:2.1.4) with JetifyTransform
[        ] Transforming constraintlayout-2.1.4.aar (androidx.constraintlayout:constraintlayout:2.1.4) with ExtractAarTransform
[        ] Transforming constraintlayout-2.1.4.aar (androidx.constraintlayout:constraintlayout:2.1.4) with AarTransform
[        ] Transforming preference-1.2.1.aar (androidx.preference:preference:1.2.1) with JetifyTransform
[        ] Transforming preference-1.2.1.aar (androidx.preference:preference:1.2.1) with ExtractAarTransform
[        ] Transforming preference-1.2.1.aar (androidx.preference:preference:1.2.1) with AarTransform
[        ] Transforming appcompat-1.2.0.aar (androidx.appcompat:appcompat:1.2.0) with JetifyTransform
[        ] Transforming appcompat-1.2.0.aar (androidx.appcompat:appcompat:1.2.0) with ExtractAarTransform
[        ] Transforming appcompat-1.2.0.aar (androidx.appcompat:appcompat:1.2.0) with AarTransform
[        ] Transforming fragment-ktx-1.7.1.aar (androidx.fragment:fragment-ktx:1.7.1) with JetifyTransform
[        ] Transforming fragment-ktx-1.7.1.aar (androidx.fragment:fragment-ktx:1.7.1) with ExtractAarTransform
[        ] Transforming fragment-ktx-1.7.1.aar (androidx.fragment:fragment-ktx:1.7.1) with AarTransform
[        ] Transforming fragment-1.7.1.aar (androidx.fragment:fragment:1.7.1) with JetifyTransform
[        ] Transforming fragment-1.7.1.aar (androidx.fragment:fragment:1.7.1) with ExtractAarTransform
[        ] Transforming fragment-1.7.1.aar (androidx.fragment:fragment:1.7.1) with AarTransform
[        ] Transforming fragment-1.7.1.aar (androidx.fragment:fragment:1.7.1) with JetifyTransform
[        ] Transforming fragment-1.7.1.aar (androidx.fragment:fragment:1.7.1) with ExtractAarTransform
[        ] Transforming fragment-1.7.1.aar (androidx.fragment:fragment:1.7.1) with AarTransform
[        ] Transforming webkit-1.15.0.aar (androidx.webkit:webkit:1.15.0) with JetifyTransform
[        ] Transforming webkit-1.15.0.aar (androidx.webkit:webkit:1.15.0) with ExtractAarTransform
[        ] Transforming webkit-1.15.0.aar (androidx.webkit:webkit:1.15.0) with AarTransform
[        ] Transforming webkit-1.15.0.aar (androidx.webkit:webkit:1.15.0) with JetifyTransform
[        ] Transforming webkit-1.15.0.aar (androidx.webkit:webkit:1.15.0) with ExtractAarTransform
[        ] Transforming webkit-1.15.0.aar (androidx.webkit:webkit:1.15.0) with AarTransform
[        ] Transforming recyclerview-1.0.0.aar (androidx.recyclerview:recyclerview:1.0.0) with JetifyTransform
[        ] Transforming recyclerview-1.0.0.aar (androidx.recyclerview:recyclerview:1.0.0) with ExtractAarTransform
[        ] Transforming recyclerview-1.0.0.aar (androidx.recyclerview:recyclerview:1.0.0) with AarTransform
[        ] Transforming legacy-support-core-ui-1.0.0.aar (androidx.legacy:legacy-support-core-ui:1.0.0) with JetifyTransform
[        ] Transforming legacy-support-core-ui-1.0.0.aar (androidx.legacy:legacy-support-core-ui:1.0.0) with ExtractAarTransform
[        ] Transforming legacy-support-core-ui-1.0.0.aar (androidx.legacy:legacy-support-core-ui:1.0.0) with AarTransform
[        ] Transforming slidingpanelayout-1.2.0.aar (androidx.slidingpanelayout:slidingpanelayout:1.2.0) with JetifyTransform
[        ] Transforming slidingpanelayout-1.2.0.aar (androidx.slidingpanelayout:slidingpanelayout:1.2.0) with ExtractAarTransform
[        ] Transforming slidingpanelayout-1.2.0.aar (androidx.slidingpanelayout:slidingpanelayout:1.2.0) with AarTransform
[        ] Transforming slidingpanelayout-1.2.0.aar (androidx.slidingpanelayout:slidingpanelayout:1.2.0) with JetifyTransform
[        ] Transforming slidingpanelayout-1.2.0.aar (androidx.slidingpanelayout:slidingpanelayout:1.2.0) with ExtractAarTransform
[        ] Transforming slidingpanelayout-1.2.0.aar (androidx.slidingpanelayout:slidingpanelayout:1.2.0) with AarTransform
[        ] Transforming window-1.2.0.aar (androidx.window:window:1.2.0) with JetifyTransform
[        ] Transforming window-1.2.0.aar (androidx.window:window:1.2.0) with ExtractAarTransform
[        ] Transforming window-1.2.0.aar (androidx.window:window:1.2.0) with AarTransform
[        ] Transforming window-java-1.2.0.aar (androidx.window:window-java:1.2.0) with JetifyTransform
[        ] Transforming window-java-1.2.0.aar (androidx.window:window-java:1.2.0) with ExtractAarTransform
[        ] Transforming window-java-1.2.0.aar (androidx.window:window-java:1.2.0) with AarTransform
[        ] Transforming browser-1.8.0.aar (androidx.browser:browser:1.8.0) with JetifyTransform
[        ] Transforming browser-1.8.0.aar (androidx.browser:browser:1.8.0) with ExtractAarTransform
[        ] Transforming browser-1.8.0.aar (androidx.browser:browser:1.8.0) with AarTransform
[        ] Transforming activity-ktx-1.8.1.aar (androidx.activity:activity-ktx:1.8.1) with JetifyTransform
[        ] Transforming activity-ktx-1.8.1.aar (androidx.activity:activity-ktx:1.8.1) with ExtractAarTransform
[        ] Transforming activity-ktx-1.8.1.aar (androidx.activity:activity-ktx:1.8.1) with AarTransform
[        ] Transforming activity-1.8.1.aar (androidx.activity:activity:1.8.1) with JetifyTransform
[        ] Transforming activity-1.8.1.aar (androidx.activity:activity:1.8.1) with ExtractAarTransform
[        ] Transforming activity-1.8.1.aar (androidx.activity:activity:1.8.1) with AarTransform
[        ] Transforming legacy-support-core-utils-1.0.0.aar (androidx.legacy:legacy-support-core-utils:1.0.0) with JetifyTransform
[        ] Transforming legacy-support-core-utils-1.0.0.aar (androidx.legacy:legacy-support-core-utils:1.0.0) with ExtractAarTransform
[        ] Transforming legacy-support-core-utils-1.0.0.aar (androidx.legacy:legacy-support-core-utils:1.0.0) with AarTransform
[        ] Transforming loader-1.0.0.aar (androidx.loader:loader:1.0.0) with JetifyTransform
[        ] Transforming loader-1.0.0.aar (androidx.loader:loader:1.0.0) with ExtractAarTransform
[        ] Transforming loader-1.0.0.aar (androidx.loader:loader:1.0.0) with AarTransform
[        ] Transforming loader-1.0.0.aar (androidx.loader:loader:1.0.0) with JetifyTransform
[        ] Transforming loader-1.0.0.aar (androidx.loader:loader:1.0.0) with ExtractAarTransform
[        ] Transforming loader-1.0.0.aar (androidx.loader:loader:1.0.0) with AarTransform
[        ] Transforming viewpager-1.0.0.aar (androidx.viewpager:viewpager:1.0.0) with JetifyTransform
[        ] Transforming viewpager-1.0.0.aar (androidx.viewpager:viewpager:1.0.0) with ExtractAarTransform
[        ] Transforming viewpager-1.0.0.aar (androidx.viewpager:viewpager:1.0.0) with AarTransform
[        ] Transforming viewpager-1.0.0.aar (androidx.viewpager:viewpager:1.0.0) with JetifyTransform
[        ] Transforming viewpager-1.0.0.aar (androidx.viewpager:viewpager:1.0.0) with ExtractAarTransform
[        ] Transforming viewpager-1.0.0.aar (androidx.viewpager:viewpager:1.0.0) with AarTransform
[        ] Transforming ads-adservices-java-1.0.0-beta05.aar (androidx.privacysandbox.ads:ads-adservices-java:1.0.0-beta05) with JetifyTransform
[        ] Transforming ads-adservices-java-1.0.0-beta05.aar (androidx.privacysandbox.ads:ads-adservices-java:1.0.0-beta05) with ExtractAarTransform
[        ] Transforming ads-adservices-java-1.0.0-beta05.aar (androidx.privacysandbox.ads:ads-adservices-java:1.0.0-beta05) with AarTransform
[        ] Transforming ads-adservices-1.0.0-beta05.aar (androidx.privacysandbox.ads:ads-adservices:1.0.0-beta05) with JetifyTransform
[        ] Transforming ads-adservices-1.0.0-beta05.aar (androidx.privacysandbox.ads:ads-adservices:1.0.0-beta05) with ExtractAarTransform
[        ] Transforming ads-adservices-1.0.0-beta05.aar (androidx.privacysandbox.ads:ads-adservices:1.0.0-beta05) with AarTransform
[        ] Transforming ads-adservices-1.0.0-beta05.aar (androidx.privacysandbox.ads:ads-adservices:1.0.0-beta05) with JetifyTransform
[        ] Transforming ads-adservices-1.0.0-beta05.aar (androidx.privacysandbox.ads:ads-adservices:1.0.0-beta05) with ExtractAarTransform
[        ] Transforming ads-adservices-1.0.0-beta05.aar (androidx.privacysandbox.ads:ads-adservices:1.0.0-beta05) with AarTransform
[        ] Transforming work-runtime-2.7.0.aar (androidx.work:work-runtime:2.7.0) with JetifyTransform
[        ] Transforming work-runtime-2.7.0.aar (androidx.work:work-runtime:2.7.0) with ExtractAarTransform
[        ] Transforming work-runtime-2.7.0.aar (androidx.work:work-runtime:2.7.0) with AarTransform
[        ] Transforming lifecycle-runtime-ktx-2.7.0.aar (androidx.lifecycle:lifecycle-runtime-ktx:2.7.0) with JetifyTransform
[        ] Transforming lifecycle-runtime-ktx-2.7.0.aar (androidx.lifecycle:lifecycle-runtime-ktx:2.7.0) with ExtractAarTransform
[        ] Transforming lifecycle-runtime-ktx-2.7.0.aar (androidx.lifecycle:lifecycle-runtime-ktx:2.7.0) with AarTransform
[        ] Transforming lifecycle-service-2.7.0.aar (androidx.lifecycle:lifecycle-service:2.7.0) with JetifyTransform
[        ] Transforming lifecycle-service-2.7.0.aar (androidx.lifecycle:lifecycle-service:2.7.0) with ExtractAarTransform
[        ] Transforming lifecycle-service-2.7.0.aar (androidx.lifecycle:lifecycle-service:2.7.0) with AarTransform
[        ] Transforming lifecycle-livedata-2.7.0.aar (androidx.lifecycle:lifecycle-livedata:2.7.0) with JetifyTransform
[        ] Transforming lifecycle-livedata-2.7.0.aar (androidx.lifecycle:lifecycle-livedata:2.7.0) with ExtractAarTransform
[        ] Transforming lifecycle-livedata-2.7.0.aar (androidx.lifecycle:lifecycle-livedata:2.7.0) with AarTransform
[        ] Transforming lifecycle-livedata-2.7.0.aar (androidx.lifecycle:lifecycle-livedata:2.7.0) with JetifyTransform
[        ] Transforming lifecycle-livedata-2.7.0.aar (androidx.lifecycle:lifecycle-livedata:2.7.0) with ExtractAarTransform
[        ] Transforming lifecycle-livedata-2.7.0.aar (androidx.lifecycle:lifecycle-livedata:2.7.0) with AarTransform
[        ] Transforming lifecycle-livedata-core-ktx-2.7.0.aar (androidx.lifecycle:lifecycle-livedata-core-ktx:2.7.0) with JetifyTransform
[        ] Transforming lifecycle-livedata-core-ktx-2.7.0.aar (androidx.lifecycle:lifecycle-livedata-core-ktx:2.7.0) with ExtractAarTransform
[        ] Transforming lifecycle-livedata-core-ktx-2.7.0.aar (androidx.lifecycle:lifecycle-livedata-core-ktx:2.7.0) with AarTransform
[        ] Transforming lifecycle-viewmodel-ktx-2.7.0.aar (androidx.lifecycle:lifecycle-viewmodel-ktx:2.7.0) with JetifyTransform
[        ] Transforming lifecycle-viewmodel-ktx-2.7.0.aar (androidx.lifecycle:lifecycle-viewmodel-ktx:2.7.0) with ExtractAarTransform
[        ] Transforming lifecycle-viewmodel-ktx-2.7.0.aar (androidx.lifecycle:lifecycle-viewmodel-ktx:2.7.0) with AarTransform
[        ] Transforming lifecycle-viewmodel-2.7.0.aar (androidx.lifecycle:lifecycle-viewmodel:2.7.0) with JetifyTransform
[        ] Transforming lifecycle-viewmodel-2.7.0.aar (androidx.lifecycle:lifecycle-viewmodel:2.7.0) with ExtractAarTransform
[        ] Transforming lifecycle-viewmodel-2.7.0.aar (androidx.lifecycle:lifecycle-viewmodel:2.7.0) with AarTransform
[        ] Transforming lifecycle-viewmodel-2.7.0.aar (androidx.lifecycle:lifecycle-viewmodel:2.7.0) with JetifyTransform
[        ] Transforming lifecycle-viewmodel-2.7.0.aar (androidx.lifecycle:lifecycle-viewmodel:2.7.0) with ExtractAarTransform
[        ] Transforming lifecycle-viewmodel-2.7.0.aar (androidx.lifecycle:lifecycle-viewmodel:2.7.0) with AarTransform
[        ] Transforming lifecycle-livedata-core-2.7.0.aar (androidx.lifecycle:lifecycle-livedata-core:2.7.0) with JetifyTransform
[        ] Transforming lifecycle-livedata-core-2.7.0.aar (androidx.lifecycle:lifecycle-livedata-core:2.7.0) with ExtractAarTransform
[        ] Transforming lifecycle-livedata-core-2.7.0.aar (androidx.lifecycle:lifecycle-livedata-core:2.7.0) with AarTransform
[        ] Transforming lifecycle-viewmodel-savedstate-2.7.0.aar (androidx.lifecycle:lifecycle-viewmodel-savedstate:2.7.0) with JetifyTransform
[        ] Transforming lifecycle-viewmodel-savedstate-2.7.0.aar (androidx.lifecycle:lifecycle-viewmodel-savedstate:2.7.0) with ExtractAarTransform
[        ] Transforming lifecycle-viewmodel-savedstate-2.7.0.aar (androidx.lifecycle:lifecycle-viewmodel-savedstate:2.7.0) with AarTransform
[        ] Transforming core-ktx-1.13.1.aar (androidx.core:core-ktx:1.13.1) with JetifyTransform
[        ] Transforming core-ktx-1.13.1.aar (androidx.core:core-ktx:1.13.1) with ExtractAarTransform
[        ] Transforming core-ktx-1.13.1.aar (androidx.core:core-ktx:1.13.1) with AarTransform
[        ] Transforming appcompat-resources-1.2.0.aar (androidx.appcompat:appcompat-resources:1.2.0) with JetifyTransform
[        ] Transforming appcompat-resources-1.2.0.aar (androidx.appcompat:appcompat-resources:1.2.0) with ExtractAarTransform
[        ] Transforming appcompat-resources-1.2.0.aar (androidx.appcompat:appcompat-resources:1.2.0) with AarTransform
[        ] Transforming drawerlayout-1.0.0.aar (androidx.drawerlayout:drawerlayout:1.0.0) with JetifyTransform
[        ] Transforming drawerlayout-1.0.0.aar (androidx.drawerlayout:drawerlayout:1.0.0) with ExtractAarTransform
[        ] Transforming drawerlayout-1.0.0.aar (androidx.drawerlayout:drawerlayout:1.0.0) with AarTransform
[        ] Transforming drawerlayout-1.0.0.aar (androidx.drawerlayout:drawerlayout:1.0.0) with JetifyTransform
[        ] Transforming drawerlayout-1.0.0.aar (androidx.drawerlayout:drawerlayout:1.0.0) with ExtractAarTransform
[        ] Transforming drawerlayout-1.0.0.aar (androidx.drawerlayout:drawerlayout:1.0.0) with AarTransform
[        ] Transforming coordinatorlayout-1.0.0.aar (androidx.coordinatorlayout:coordinatorlayout:1.0.0) with JetifyTransform
[        ] Transforming coordinatorlayout-1.0.0.aar (androidx.coordinatorlayout:coordinatorlayout:1.0.0) with ExtractAarTransform
[        ] Transforming coordinatorlayout-1.0.0.aar (androidx.coordinatorlayout:coordinatorlayout:1.0.0) with AarTransform
[        ] Transforming customview-1.1.0.aar (androidx.customview:customview:1.1.0) with JetifyTransform
[        ] Transforming customview-1.1.0.aar (androidx.customview:customview:1.1.0) with ExtractAarTransform
[        ] Transforming customview-1.1.0.aar (androidx.customview:customview:1.1.0) with AarTransform
[        ] Transforming customview-1.1.0.aar (androidx.customview:customview:1.1.0) with JetifyTransform
[        ] Transforming customview-1.1.0.aar (androidx.customview:customview:1.1.0) with ExtractAarTransform
[        ] Transforming customview-1.1.0.aar (androidx.customview:customview:1.1.0) with AarTransform
[        ] Transforming transition-1.4.1.aar (androidx.transition:transition:1.4.1) with JetifyTransform
[        ] Transforming transition-1.4.1.aar (androidx.transition:transition:1.4.1) with ExtractAarTransform
[        ] Transforming transition-1.4.1.aar (androidx.transition:transition:1.4.1) with AarTransform
[        ] Transforming vectordrawable-animated-1.1.0.aar (androidx.vectordrawable:vectordrawable-animated:1.1.0) with JetifyTransform
[        ] Transforming vectordrawable-animated-1.1.0.aar (androidx.vectordrawable:vectordrawable-animated:1.1.0) with ExtractAarTransform
[        ] Transforming vectordrawable-animated-1.1.0.aar (androidx.vectordrawable:vectordrawable-animated:1.1.0) with AarTransform
[        ] Transforming vectordrawable-1.1.0.aar (androidx.vectordrawable:vectordrawable:1.1.0) with JetifyTransform
[        ] Transforming vectordrawable-1.1.0.aar (androidx.vectordrawable:vectordrawable:1.1.0) with ExtractAarTransform
[        ] Transforming vectordrawable-1.1.0.aar (androidx.vectordrawable:vectordrawable:1.1.0) with AarTransform
[        ] Transforming vectordrawable-1.1.0.aar (androidx.vectordrawable:vectordrawable:1.1.0) with JetifyTransform
[        ] Transforming vectordrawable-1.1.0.aar (androidx.vectordrawable:vectordrawable:1.1.0) with ExtractAarTransform
[        ] Transforming vectordrawable-1.1.0.aar (androidx.vectordrawable:vectordrawable:1.1.0) with AarTransform
[        ] Transforming swiperefreshlayout-1.0.0.aar (androidx.swiperefreshlayout:swiperefreshlayout:1.0.0) with JetifyTransform
[        ] Transforming swiperefreshlayout-1.0.0.aar (androidx.swiperefreshlayout:swiperefreshlayout:1.0.0) with ExtractAarTransform
[        ] Transforming swiperefreshlayout-1.0.0.aar (androidx.swiperefreshlayout:swiperefreshlayout:1.0.0) with AarTransform
[        ] Transforming asynclayoutinflater-1.0.0.aar (androidx.asynclayoutinflater:asynclayoutinflater:1.0.0) with JetifyTransform
[        ] Transforming asynclayoutinflater-1.0.0.aar (androidx.asynclayoutinflater:asynclayoutinflater:1.0.0) with ExtractAarTransform
[        ] Transforming asynclayoutinflater-1.0.0.aar (androidx.asynclayoutinflater:asynclayoutinflater:1.0.0) with AarTransform
[        ] Transforming core-1.13.1.aar (androidx.core:core:1.13.1) with JetifyTransform
[        ] Transforming core-1.13.1.aar (androidx.core:core:1.13.1) with ExtractAarTransform
[        ] Transforming core-1.13.1.aar (androidx.core:core:1.13.1) with AarTransform
[        ] Transforming core-1.13.1.aar (androidx.core:core:1.13.1) with JetifyTransform
[        ] Transforming core-1.13.1.aar (androidx.core:core:1.13.1) with ExtractAarTransform
[        ] Transforming core-1.13.1.aar (androidx.core:core:1.13.1) with AarTransform
[        ] Transforming lifecycle-runtime-2.7.0.aar (androidx.lifecycle:lifecycle-runtime:2.7.0) with JetifyTransform
[        ] Transforming lifecycle-runtime-2.7.0.aar (androidx.lifecycle:lifecycle-runtime:2.7.0) with ExtractAarTransform
[        ] Transforming lifecycle-runtime-2.7.0.aar (androidx.lifecycle:lifecycle-runtime:2.7.0) with AarTransform
[        ] Transforming savedstate-ktx-1.2.1.aar (androidx.savedstate:savedstate-ktx:1.2.1) with JetifyTransform
[        ] Transforming savedstate-ktx-1.2.1.aar (androidx.savedstate:savedstate-ktx:1.2.1) with ExtractAarTransform
[        ] Transforming savedstate-ktx-1.2.1.aar (androidx.savedstate:savedstate-ktx:1.2.1) with AarTransform
[        ] Transforming savedstate-1.2.1.aar (androidx.savedstate:savedstate:1.2.1) with JetifyTransform
[        ] Transforming savedstate-1.2.1.aar (androidx.savedstate:savedstate:1.2.1) with ExtractAarTransform
[        ] Transforming savedstate-1.2.1.aar (androidx.savedstate:savedstate:1.2.1) with AarTransform
[        ] Transforming lifecycle-process-2.7.0.aar (androidx.lifecycle:lifecycle-process:2.7.0) with JetifyTransform
[        ] Transforming lifecycle-process-2.7.0.aar (androidx.lifecycle:lifecycle-process:2.7.0) with ExtractAarTransform
[        ] Transforming lifecycle-process-2.7.0.aar (androidx.lifecycle:lifecycle-process:2.7.0) with AarTransform
[        ] Transforming datastore-preferences-core-release.aar (androidx.datastore:datastore-preferences-core-android:1.1.7) with JetifyTransform
[        ] Transforming datastore-preferences-core-release.aar (androidx.datastore:datastore-preferences-core-android:1.1.7) with ExtractAarTransform
[        ] Transforming datastore-preferences-core-release.aar (androidx.datastore:datastore-preferences-core-android:1.1.7) with AarTransform
[        ] Transforming datastore-core-release.aar (androidx.datastore:datastore-core-android:1.1.7) with JetifyTransform
[        ] Transforming datastore-core-release.aar (androidx.datastore:datastore-core-android:1.1.7) with ExtractAarTransform
[        ] Transforming datastore-core-release.aar (androidx.datastore:datastore-core-android:1.1.7) with AarTransform
[        ] Transforming datastore-preferences-release.aar (androidx.datastore:datastore-preferences-android:1.1.7) with JetifyTransform
[        ] Transforming datastore-preferences-release.aar (androidx.datastore:datastore-preferences-android:1.1.7) with ExtractAarTransform
[        ] Transforming datastore-preferences-release.aar (androidx.datastore:datastore-preferences-android:1.1.7) with AarTransform
[        ] Transforming datastore-release.aar (androidx.datastore:datastore-android:1.1.7) with JetifyTransform
[        ] Transforming datastore-release.aar (androidx.datastore:datastore-android:1.1.7) with ExtractAarTransform
[        ] Transforming datastore-release.aar (androidx.datastore:datastore-android:1.1.7) with AarTransform
[        ] Transforming profileinstaller-1.3.1.aar (androidx.profileinstaller:profileinstaller:1.3.1) with JetifyTransform
[        ] Transforming profileinstaller-1.3.1.aar (androidx.profileinstaller:profileinstaller:1.3.1) with ExtractAarTransform
[        ] Transforming profileinstaller-1.3.1.aar (androidx.profileinstaller:profileinstaller:1.3.1) with AarTransform
[        ] Transforming startup-runtime-1.1.1.aar (androidx.startup:startup-runtime:1.1.1) with JetifyTransform
[        ] Transforming startup-runtime-1.1.1.aar (androidx.startup:startup-runtime:1.1.1) with ExtractAarTransform
[        ] Transforming startup-runtime-1.1.1.aar (androidx.startup:startup-runtime:1.1.1) with AarTransform
[        ] Transforming tracing-1.2.0.aar (androidx.tracing:tracing:1.2.0) with JetifyTransform
[        ] Transforming tracing-1.2.0.aar (androidx.tracing:tracing:1.2.0) with ExtractAarTransform
[        ] Transforming tracing-1.2.0.aar (androidx.tracing:tracing:1.2.0) with AarTransform
[        ] Transforming exifinterface-1.4.1.aar (androidx.exifinterface:exifinterface:1.4.1) with JetifyTransform
[        ] Transforming exifinterface-1.4.1.aar (androidx.exifinterface:exifinterface:1.4.1) with ExtractAarTransform
[        ] Transforming exifinterface-1.4.1.aar (androidx.exifinterface:exifinterface:1.4.1) with AarTransform
[        ] Transforming room-runtime-2.2.5.aar (androidx.room:room-runtime:2.2.5) with JetifyTransform
[        ] Transforming room-runtime-2.2.5.aar (androidx.room:room-runtime:2.2.5) with ExtractAarTransform
[        ] Transforming room-runtime-2.2.5.aar (androidx.room:room-runtime:2.2.5) with AarTransform
[        ] Transforming core-runtime-2.2.0.aar (androidx.arch.core:core-runtime:2.2.0) with JetifyTransform
[        ] Transforming core-runtime-2.2.0.aar (androidx.arch.core:core-runtime:2.2.0) with ExtractAarTransform
[        ] Transforming core-runtime-2.2.0.aar (androidx.arch.core:core-runtime:2.2.0) with AarTransform
[        ] Transforming core-runtime-2.2.0.aar (androidx.arch.core:core-runtime:2.2.0) with JetifyTransform
[        ] Transforming core-runtime-2.2.0.aar (androidx.arch.core:core-runtime:2.2.0) with ExtractAarTransform
[        ] Transforming core-runtime-2.2.0.aar (androidx.arch.core:core-runtime:2.2.0) with AarTransform
[        ] Transforming versionedparcelable-1.1.1.aar (androidx.versionedparcelable:versionedparcelable:1.1.1) with JetifyTransform
[        ] Transforming versionedparcelable-1.1.1.aar (androidx.versionedparcelable:versionedparcelable:1.1.1) with ExtractAarTransform
[        ] Transforming versionedparcelable-1.1.1.aar (androidx.versionedparcelable:versionedparcelable:1.1.1) with AarTransform
[        ] Transforming interpolator-1.0.0.aar (androidx.interpolator:interpolator:1.0.0) with JetifyTransform
[        ] Transforming interpolator-1.0.0.aar (androidx.interpolator:interpolator:1.0.0) with ExtractAarTransform
[        ] Transforming interpolator-1.0.0.aar (androidx.interpolator:interpolator:1.0.0) with AarTransform
[        ] Transforming interpolator-1.0.0.aar (androidx.interpolator:interpolator:1.0.0) with JetifyTransform
[        ] Transforming interpolator-1.0.0.aar (androidx.interpolator:interpolator:1.0.0) with ExtractAarTransform
[        ] Transforming interpolator-1.0.0.aar (androidx.interpolator:interpolator:1.0.0) with AarTransform
[        ] Transforming cursoradapter-1.0.0.aar (androidx.cursoradapter:cursoradapter:1.0.0) with JetifyTransform
[        ] Transforming cursoradapter-1.0.0.aar (androidx.cursoradapter:cursoradapter:1.0.0) with ExtractAarTransform
[        ] Transforming cursoradapter-1.0.0.aar (androidx.cursoradapter:cursoradapter:1.0.0) with AarTransform
[        ] Transforming cursoradapter-1.0.0.aar (androidx.cursoradapter:cursoradapter:1.0.0) with JetifyTransform
[        ] Transforming cursoradapter-1.0.0.aar (androidx.cursoradapter:cursoradapter:1.0.0) with ExtractAarTransform
[        ] Transforming cursoradapter-1.0.0.aar (androidx.cursoradapter:cursoradapter:1.0.0) with AarTransform
[        ] Transforming core-1.0.0.aar (androidx.window.extensions.core:core:1.0.0) with JetifyTransform
[        ] Transforming core-1.0.0.aar (androidx.window.extensions.core:core:1.0.0) with ExtractAarTransform
[        ] Transforming core-1.0.0.aar (androidx.window.extensions.core:core:1.0.0) with AarTransform
[        ] Transforming sqlite-framework-2.1.0.aar (androidx.sqlite:sqlite-framework:2.1.0) with JetifyTransform
[        ] Transforming sqlite-framework-2.1.0.aar (androidx.sqlite:sqlite-framework:2.1.0) with ExtractAarTransform
[        ] Transforming sqlite-framework-2.1.0.aar (androidx.sqlite:sqlite-framework:2.1.0) with AarTransform
[        ] Transforming sqlite-framework-2.1.0.aar (androidx.sqlite:sqlite-framework:2.1.0) with JetifyTransform
[        ] Transforming sqlite-framework-2.1.0.aar (androidx.sqlite:sqlite-framework:2.1.0) with ExtractAarTransform
[        ] Transforming sqlite-framework-2.1.0.aar (androidx.sqlite:sqlite-framework:2.1.0) with AarTransform
[        ] Transforming sqlite-2.1.0.aar (androidx.sqlite:sqlite:2.1.0) with JetifyTransform
[        ] Transforming sqlite-2.1.0.aar (androidx.sqlite:sqlite:2.1.0) with ExtractAarTransform
[        ] Transforming sqlite-2.1.0.aar (androidx.sqlite:sqlite:2.1.0) with AarTransform
[        ] Transforming sqlite-2.1.0.aar (androidx.sqlite:sqlite:2.1.0) with JetifyTransform
[        ] Transforming sqlite-2.1.0.aar (androidx.sqlite:sqlite:2.1.0) with ExtractAarTransform
[        ] Transforming sqlite-2.1.0.aar (androidx.sqlite:sqlite:2.1.0) with AarTransform
[        ] Transforming documentfile-1.0.0.aar (androidx.documentfile:documentfile:1.0.0) with JetifyTransform
[        ] Transforming documentfile-1.0.0.aar (androidx.documentfile:documentfile:1.0.0) with ExtractAarTransform
[        ] Transforming documentfile-1.0.0.aar (androidx.documentfile:documentfile:1.0.0) with AarTransform
[        ] Transforming localbroadcastmanager-1.0.0.aar (androidx.localbroadcastmanager:localbroadcastmanager:1.0.0) with JetifyTransform
[        ] Transforming localbroadcastmanager-1.0.0.aar (androidx.localbroadcastmanager:localbroadcastmanager:1.0.0) with ExtractAarTransform
[        ] Transforming localbroadcastmanager-1.0.0.aar (androidx.localbroadcastmanager:localbroadcastmanager:1.0.0) with AarTransform
[        ] Transforming print-1.0.0.aar (androidx.print:print:1.0.0) with JetifyTransform
[        ] Transforming print-1.0.0.aar (androidx.print:print:1.0.0) with ExtractAarTransform
[        ] Transforming print-1.0.0.aar (androidx.print:print:1.0.0) with AarTransform
[        ] Transforming annotation-experimental-1.4.0.aar (androidx.annotation:annotation-experimental:1.4.0) with JetifyTransform
[        ] Transforming annotation-experimental-1.4.0.aar (androidx.annotation:annotation-experimental:1.4.0) with ExtractAarTransform
[        ] Transforming annotation-experimental-1.4.0.aar (androidx.annotation:annotation-experimental:1.4.0) with AarTransform
[        ] Transforming relinker-1.4.5.aar (com.getkeepsafe.relinker:relinker:1.4.5) with JetifyTransform
[        ] Transforming relinker-1.4.5.aar (com.getkeepsafe.relinker:relinker:1.4.5) with ExtractAarTransform
[        ] Transforming relinker-1.4.5.aar (com.getkeepsafe.relinker:relinker:1.4.5) with AarTransform
[        ] Caching disabled for task ':app:processDebugMainManifest' because:
[        ]   Build cache is disabled
[        ] Skipping task ':app:processDebugMainManifest' as it is up-to-date.
[        ] Resolve mutations for :app:outputDebugAppLinkSettings (Thread[#8289,Execution worker Thread 7,5,main]) started.
[        ] :app:outputDebugAppLinkSettings (Thread[#8289,Execution worker Thread 7,5,main]) started.
[        ] > Task :app:outputDebugAppLinkSettings UP-TO-DATE
[        ] Caching disabled for task ':app:outputDebugAppLinkSettings' because:
[        ]   Build cache is disabled
[        ]   Caching has not been enabled for the task
[        ] Skipping task ':app:outputDebugAppLinkSettings' as it is up-to-date.
[        ] Resolve mutations for :app:processDebugManifest (Thread[#8289,Execution worker Thread 7,5,main]) started.
[        ] :app:processDebugManifest (Thread[#8306,Execution worker Thread 23,5,main]) started.
[        ] > Task :app:processDebugManifest UP-TO-DATE
[        ] Caching disabled for task ':app:processDebugManifest' because:
[        ]   Build cache is disabled
[        ] Skipping task ':app:processDebugManifest' as it is up-to-date.
[        ] Resolve mutations for :app:processDebugManifestForPackage (Thread[#8306,Execution worker Thread 23,5,main]) started.
[        ] :app:processDebugManifestForPackage (Thread[#8306,Execution worker Thread 23,5,main]) started.
[        ] > Task :app:processDebugManifestForPackage UP-TO-DATE
[        ] Custom actions are attached to task ':app:processDebugManifestForPackage'.
[        ] Caching disabled for task ':app:processDebugManifestForPackage' because:
[        ]   Build cache is disabled
[        ] Skipping task ':app:processDebugManifestForPackage' as it is up-to-date.
[        ] Resolve mutations for :gal:compileDebugLibraryResources (Thread[#8306,Execution worker Thread 23,5,main]) started.
[        ] :gal:compileDebugLibraryResources (Thread[#8286,Execution worker Thread 4,5,main]) started.
[        ] > Task :gal:compileDebugLibraryResources UP-TO-DATE
[        ] Caching disabled for task ':gal:compileDebugLibraryResources' because:
[        ]   Build cache is disabled
[        ] Skipping task ':gal:compileDebugLibraryResources' as it is up-to-date.
[        ] work action resolve out (project :gal) (Thread[#8286,Execution worker Thread 4,5,main]) started.
[        ] Resolve mutations for :gal:parseDebugLocalResources (Thread[#8286,Execution worker Thread 4,5,main]) started.
[        ] :gal:parseDebugLocalResources (Thread[#8290,Execution worker Thread 8,5,main]) started.
[        ] > Task :gal:parseDebugLocalResources UP-TO-DATE
[        ] Transforming android.jar with PlatformAttrTransform
[        ] Transforming android.jar with PlatformAttrTransform
[        ] Caching disabled for task ':gal:parseDebugLocalResources' because:
[        ]   Build cache is disabled
[        ] Skipping task ':gal:parseDebugLocalResources' as it is up-to-date.
[        ] Resolve mutations for :gal:generateDebugRFile (Thread[#8290,Execution worker Thread 8,5,main]) started.
[        ] :gal:generateDebugRFile (Thread[#8290,Execution worker Thread 8,5,main]) started.
[        ] > Task :gal:generateDebugRFile UP-TO-DATE
[        ] Transforming android.jar with PlatformAttrTransform
[        ] Caching disabled for task ':gal:generateDebugRFile' because:
[        ]   Build cache is disabled
[        ] Skipping task ':gal:generateDebugRFile' as it is up-to-date.
[        ] work action resolve package-aware-r.txt (project :gal) (Thread[#8290,Execution worker Thread 8,5,main]) started.
[        ] Resolve mutations for :google_mobile_ads:compileDebugLibraryResources (Thread[#8290,Execution worker Thread 8,5,main]) started.
[        ] :google_mobile_ads:compileDebugLibraryResources (Thread[#8290,Execution worker Thread 8,5,main]) started.
[        ] > Task :google_mobile_ads:compileDebugLibraryResources UP-TO-DATE
[        ] Caching disabled for task ':google_mobile_ads:compileDebugLibraryResources' because:
[        ]   Build cache is disabled
[        ] Skipping task ':google_mobile_ads:compileDebugLibraryResources' as it is up-to-date.
[        ] work action resolve out (project :google_mobile_ads) (Thread[#8290,Execution worker Thread 8,5,main]) started.
[        ] Resolve mutations for :google_mobile_ads:parseDebugLocalResources (Thread[#8290,Execution worker Thread 8,5,main]) started.
[        ] :google_mobile_ads:parseDebugLocalResources (Thread[#8288,Execution worker Thread 6,5,main]) started.
[        ] > Task :google_mobile_ads:parseDebugLocalResources UP-TO-DATE
[        ] Transforming android.jar with PlatformAttrTransform
[        ] Transforming android.jar with PlatformAttrTransform
[        ] Caching disabled for task ':google_mobile_ads:parseDebugLocalResources' because:
[        ]   Build cache is disabled
[        ] Skipping task ':google_mobile_ads:parseDebugLocalResources' as it is up-to-date.
[        ] Resolve mutations for :google_mobile_ads:generateDebugRFile (Thread[#8288,Execution worker Thread 6,5,main]) started.
[        ] :google_mobile_ads:generateDebugRFile (Thread[#8284,Execution worker Thread 2,5,main]) started.
[        ] > Task :google_mobile_ads:generateDebugRFile UP-TO-DATE
[        ] Transforming android.jar with PlatformAttrTransform
[        ] Caching disabled for task ':google_mobile_ads:generateDebugRFile' because:
[        ]   Build cache is disabled
[        ] Skipping task ':google_mobile_ads:generateDebugRFile' as it is up-to-date.
[        ] work action resolve package-aware-r.txt (project :google_mobile_ads) (Thread[#8284,Execution worker Thread 2,5,main]) started.
[        ] Resolve mutations for :path_provider_android:compileDebugLibraryResources (Thread[#8284,Execution worker Thread 2,5,main]) started.
[        ] :path_provider_android:compileDebugLibraryResources (Thread[#8284,Execution worker Thread 2,5,main]) started.
[        ] > Task :path_provider_android:compileDebugLibraryResources UP-TO-DATE
[        ] Caching disabled for task ':path_provider_android:compileDebugLibraryResources' because:
[        ]   Build cache is disabled
[        ] Skipping task ':path_provider_android:compileDebugLibraryResources' as it is up-to-date.
[        ] work action resolve out (project :path_provider_android) (Thread[#8284,Execution worker Thread 2,5,main]) started.
[        ] Resolve mutations for :path_provider_android:parseDebugLocalResources (Thread[#8288,Execution worker Thread 6,5,main]) started.
[        ] :path_provider_android:parseDebugLocalResources (Thread[#8295,Execution worker Thread 13,5,main]) started.
[        ] > Task :path_provider_android:parseDebugLocalResources UP-TO-DATE
[        ] Transforming android.jar with PlatformAttrTransform
[        ] Transforming android.jar with PlatformAttrTransform
[        ] Caching disabled for task ':path_provider_android:parseDebugLocalResources' because:
[        ]   Build cache is disabled
[        ] Skipping task ':path_provider_android:parseDebugLocalResources' as it is up-to-date.
[        ] Resolve mutations for :path_provider_android:generateDebugRFile (Thread[#8295,Execution worker Thread 13,5,main]) started.
[        ] :path_provider_android:generateDebugRFile (Thread[#8283,Execution worker,5,main]) started.
[        ] > Task :path_provider_android:generateDebugRFile UP-TO-DATE
[        ] Transforming android.jar with PlatformAttrTransform
[        ] Caching disabled for task ':path_provider_android:generateDebugRFile' because:
[        ]   Build cache is disabled
[        ] Skipping task ':path_provider_android:generateDebugRFile' as it is up-to-date.
[        ] work action resolve package-aware-r.txt (project :path_provider_android) (Thread[#8283,Execution worker,5,main]) started.
[        ] Resolve mutations for :permission_handler_android:compileDebugLibraryResources (Thread[#8283,Execution worker,5,main]) started.
[        ] :permission_handler_android:compileDebugLibraryResources (Thread[#8283,Execution worker,5,main]) started.
[        ] > Task :permission_handler_android:compileDebugLibraryResources UP-TO-DATE
[        ] Caching disabled for task ':permission_handler_android:compileDebugLibraryResources' because:
[        ]   Build cache is disabled
[        ] Skipping task ':permission_handler_android:compileDebugLibraryResources' as it is up-to-date.
[        ] work action resolve out (project :permission_handler_android) (Thread[#8283,Execution worker,5,main]) started.
[        ] Resolve mutations for :permission_handler_android:parseDebugLocalResources (Thread[#8283,Execution worker,5,main]) started.
[        ] :permission_handler_android:parseDebugLocalResources (Thread[#8283,Execution worker,5,main]) started.
[        ] > Task :permission_handler_android:parseDebugLocalResources UP-TO-DATE
[        ] Transforming android.jar with PlatformAttrTransform
[        ] Transforming android.jar with PlatformAttrTransform
[        ] Caching disabled for task ':permission_handler_android:parseDebugLocalResources' because:
[        ]   Build cache is disabled
[        ] Skipping task ':permission_handler_android:parseDebugLocalResources' as it is up-to-date.
[        ] Resolve mutations for :permission_handler_android:generateDebugRFile (Thread[#8283,Execution worker,5,main]) started.
[        ] :permission_handler_android:generateDebugRFile (Thread[#8283,Execution worker,5,main]) started.
[        ] > Task :permission_handler_android:generateDebugRFile UP-TO-DATE
[        ] Transforming android.jar with PlatformAttrTransform
[        ] Caching disabled for task ':permission_handler_android:generateDebugRFile' because:
[        ]   Build cache is disabled
[        ] Skipping task ':permission_handler_android:generateDebugRFile' as it is up-to-date.
[        ] work action resolve package-aware-r.txt (project :permission_handler_android) (Thread[#8283,Execution worker,5,main]) started.
[        ] Resolve mutations for :shared_preferences_android:compileDebugLibraryResources (Thread[#8283,Execution worker,5,main]) started.
[        ] :shared_preferences_android:compileDebugLibraryResources (Thread[#8283,Execution worker,5,main]) started.
[        ] > Task :shared_preferences_android:compileDebugLibraryResources UP-TO-DATE
[        ] Caching disabled for task ':shared_preferences_android:compileDebugLibraryResources' because:
[        ]   Build cache is disabled
[        ] Skipping task ':shared_preferences_android:compileDebugLibraryResources' as it is up-to-date.
[        ] work action resolve out (project :shared_preferences_android) (Thread[#8283,Execution worker,5,main]) started.
[        ] Resolve mutations for :shared_preferences_android:parseDebugLocalResources (Thread[#8283,Execution worker,5,main]) started.
[        ] :shared_preferences_android:parseDebugLocalResources (Thread[#8283,Execution worker,5,main]) started.
[        ] > Task :shared_preferences_android:parseDebugLocalResources UP-TO-DATE
[        ] Transforming android.jar with PlatformAttrTransform
[        ] Transforming android.jar with PlatformAttrTransform
[        ] Caching disabled for task ':shared_preferences_android:parseDebugLocalResources' because:
[        ]   Build cache is disabled
[        ] Skipping task ':shared_preferences_android:parseDebugLocalResources' as it is up-to-date.
[        ] Resolve mutations for :shared_preferences_android:generateDebugRFile (Thread[#8283,Execution worker,5,main]) started.
[        ] :shared_preferences_android:generateDebugRFile (Thread[#8283,Execution worker,5,main]) started.
[  +29 ms] > Task :shared_preferences_android:generateDebugRFile UP-TO-DATE
[        ] Transforming android.jar with PlatformAttrTransform
[        ] Caching disabled for task ':shared_preferences_android:generateDebugRFile' because:
[        ]   Build cache is disabled
[        ] Skipping task ':shared_preferences_android:generateDebugRFile' as it is up-to-date.
[        ] work action resolve package-aware-r.txt (project :shared_preferences_android) (Thread[#8283,Execution worker,5,main]) started.
[        ] Resolve mutations for :webview_flutter_android:compileDebugLibraryResources (Thread[#8283,Execution worker,5,main]) started.
[        ] :webview_flutter_android:compileDebugLibraryResources (Thread[#8283,Execution worker,5,main]) started.
[        ] > Task :webview_flutter_android:compileDebugLibraryResources UP-TO-DATE
[        ] Caching disabled for task ':webview_flutter_android:compileDebugLibraryResources' because:
[        ]   Build cache is disabled
[        ] Skipping task ':webview_flutter_android:compileDebugLibraryResources' as it is up-to-date.
[        ] work action resolve out (project :webview_flutter_android) (Thread[#8283,Execution worker,5,main]) started.
[        ] Resolve mutations for :webview_flutter_android:parseDebugLocalResources (Thread[#8283,Execution worker,5,main]) started.
[        ] :webview_flutter_android:parseDebugLocalResources (Thread[#8283,Execution worker,5,main]) started.
[        ] > Task :webview_flutter_android:parseDebugLocalResources UP-TO-DATE
[        ] Transforming android.jar with PlatformAttrTransform
[        ] Transforming android.jar with PlatformAttrTransform
[        ] Caching disabled for task ':webview_flutter_android:parseDebugLocalResources' because:
[        ]   Build cache is disabled
[        ] Skipping task ':webview_flutter_android:parseDebugLocalResources' as it is up-to-date.
[        ] Resolve mutations for :webview_flutter_android:generateDebugRFile (Thread[#8283,Execution worker,5,main]) started.
[        ] :webview_flutter_android:generateDebugRFile (Thread[#8298,Execution worker Thread 16,5,main]) started.
[        ] > Task :webview_flutter_android:generateDebugRFile UP-TO-DATE
[        ] Transforming android.jar with PlatformAttrTransform
[        ] Caching disabled for task ':webview_flutter_android:generateDebugRFile' because:
[        ]   Build cache is disabled
[        ] Skipping task ':webview_flutter_android:generateDebugRFile' as it is up-to-date.
[        ] work action resolve package-aware-r.txt (project :webview_flutter_android) (Thread[#8298,Execution worker Thread 16,5,main]) started.
[        ] Resolve mutations for :app:processDebugResources (Thread[#8298,Execution worker Thread 16,5,main]) started.
[        ] :app:processDebugResources (Thread[#8282,included builds,5,main]) started.
[        ] > Task :app:processDebugResources UP-TO-DATE
[        ] Transforming aapt2-8.6.0-11315950-windows.jar (com.android.tools.build:aapt2:8.6.0-11315950) with Aapt2Extractor
[        ] Transforming play-services-ads-23.6.0.aar (com.google.android.gms:play-services-ads:23.6.0) with JetifyTransform
[        ] Transforming play-services-ads-23.6.0.aar (com.google.android.gms:play-services-ads:23.6.0) with ExtractAarTransform
[        ] Transforming play-services-ads-23.6.0.aar (com.google.android.gms:play-services-ads:23.6.0) with AarResourcesCompilerTransform
[        ] Transforming play-services-ads-lite-23.6.0.aar (com.google.android.gms:play-services-ads-lite:23.6.0) with JetifyTransform
[        ] Transforming play-services-ads-lite-23.6.0.aar (com.google.android.gms:play-services-ads-lite:23.6.0) with ExtractAarTransform
[        ] Transforming play-services-ads-lite-23.6.0.aar (com.google.android.gms:play-services-ads-lite:23.6.0) with AarResourcesCompilerTransform
[        ] Transforming user-messaging-platform-3.1.0.aar (com.google.android.ump:user-messaging-platform:3.1.0) with JetifyTransform
[        ] Transforming user-messaging-platform-3.1.0.aar (com.google.android.ump:user-messaging-platform:3.1.0) with ExtractAarTransform
[        ] Transforming user-messaging-platform-3.1.0.aar (com.google.android.ump:user-messaging-platform:3.1.0) with AarResourcesCompilerTransform
[        ] Transforming user-messaging-platform-3.1.0.aar (com.google.android.ump:user-messaging-platform:3.1.0) with JetifyTransform
[        ] Transforming user-messaging-platform-3.1.0.aar (com.google.android.ump:user-messaging-platform:3.1.0) with ExtractAarTransform
[        ] Transforming user-messaging-platform-3.1.0.aar (com.google.android.ump:user-messaging-platform:3.1.0) with AarResourcesCompilerTransform
[        ] Transforming play-services-ads-base-23.6.0.aar (com.google.android.gms:play-services-ads-base:23.6.0) with JetifyTransform
[        ] Transforming play-services-ads-base-23.6.0.aar (com.google.android.gms:play-services-ads-base:23.6.0) with ExtractAarTransform
[        ] Transforming play-services-ads-base-23.6.0.aar (com.google.android.gms:play-services-ads-base:23.6.0) with AarResourcesCompilerTransform
[        ] Transforming play-services-ads-identifier-18.0.0.aar (com.google.android.gms:play-services-ads-identifier:18.0.0) with JetifyTransform
[        ] Transforming play-services-ads-identifier-18.0.0.aar (com.google.android.gms:play-services-ads-identifier:18.0.0) with ExtractAarTransform
[        ] Transforming play-services-ads-identifier-18.0.0.aar (com.google.android.gms:play-services-ads-identifier:18.0.0) with AarResourcesCompilerTransform
[        ] Transforming play-services-appset-16.0.1.aar (com.google.android.gms:play-services-appset:16.0.1) with JetifyTransform
[        ] Transforming play-services-appset-16.0.1.aar (com.google.android.gms:play-services-appset:16.0.1) with ExtractAarTransform
[        ] Transforming play-services-appset-16.0.1.aar (com.google.android.gms:play-services-appset:16.0.1) with AarResourcesCompilerTransform
[        ] Transforming play-services-base-18.0.0.aar (com.google.android.gms:play-services-base:18.0.0) with JetifyTransform
[        ] Transforming play-services-base-18.0.0.aar (com.google.android.gms:play-services-base:18.0.0) with ExtractAarTransform
[        ] Transforming play-services-base-18.0.0.aar (com.google.android.gms:play-services-base:18.0.0) with AarResourcesCompilerTransform
[        ] Transforming play-services-tasks-18.2.0.aar (com.google.android.gms:play-services-tasks:18.2.0) with JetifyTransform
[        ] Transforming play-services-tasks-18.2.0.aar (com.google.android.gms:play-services-tasks:18.2.0) with ExtractAarTransform
[        ] Transforming play-services-tasks-18.2.0.aar (com.google.android.gms:play-services-tasks:18.2.0) with AarResourcesCompilerTransform
[        ] Transforming play-services-measurement-sdk-api-20.1.2.aar (com.google.android.gms:play-services-measurement-sdk-api:20.1.2) with JetifyTransform
[        ] Transforming play-services-measurement-sdk-api-20.1.2.aar (com.google.android.gms:play-services-measurement-sdk-api:20.1.2) with ExtractAarTransform
[        ] Transforming play-services-measurement-sdk-api-20.1.2.aar (com.google.android.gms:play-services-measurement-sdk-api:20.1.2) with AarResourcesCompilerTransform
[        ] Transforming play-services-measurement-base-20.1.2.aar (com.google.android.gms:play-services-measurement-base:20.1.2) with JetifyTransform
[        ] Transforming play-services-measurement-base-20.1.2.aar (com.google.android.gms:play-services-measurement-base:20.1.2) with ExtractAarTransform
[        ] Transforming play-services-measurement-base-20.1.2.aar (com.google.android.gms:play-services-measurement-base:20.1.2) with AarResourcesCompilerTransform
[        ] Transforming play-services-basement-18.4.0.aar (com.google.android.gms:play-services-basement:18.4.0) with JetifyTransform
[        ] Transforming play-services-basement-18.4.0.aar (com.google.android.gms:play-services-basement:18.4.0) with ExtractAarTransform
[        ] Transforming play-services-basement-18.4.0.aar (com.google.android.gms:play-services-basement:18.4.0) with AarResourcesCompilerTransform
[        ] Transforming constraintlayout-2.1.4.aar (androidx.constraintlayout:constraintlayout:2.1.4) with JetifyTransform
[        ] Transforming constraintlayout-2.1.4.aar (androidx.constraintlayout:constraintlayout:2.1.4) with ExtractAarTransform
[        ] Transforming constraintlayout-2.1.4.aar (androidx.constraintlayout:constraintlayout:2.1.4) with AarResourcesCompilerTransform
[        ] Transforming preference-1.2.1.aar (androidx.preference:preference:1.2.1) with JetifyTransform
[        ] Transforming preference-1.2.1.aar (androidx.preference:preference:1.2.1) with ExtractAarTransform
[        ] Transforming preference-1.2.1.aar (androidx.preference:preference:1.2.1) with AarResourcesCompilerTransform
[        ] Transforming appcompat-1.2.0.aar (androidx.appcompat:appcompat:1.2.0) with JetifyTransform
[        ] Transforming appcompat-1.2.0.aar (androidx.appcompat:appcompat:1.2.0) with ExtractAarTransform
[        ] Transforming appcompat-1.2.0.aar (androidx.appcompat:appcompat:1.2.0) with AarResourcesCompilerTransform
[        ] Transforming fragment-ktx-1.7.1.aar (androidx.fragment:fragment-ktx:1.7.1) with JetifyTransform
[        ] Transforming fragment-ktx-1.7.1.aar (androidx.fragment:fragment-ktx:1.7.1) with ExtractAarTransform
[        ] Transforming fragment-ktx-1.7.1.aar (androidx.fragment:fragment-ktx:1.7.1) with AarResourcesCompilerTransform
[        ] Transforming fragment-1.7.1.aar (androidx.fragment:fragment:1.7.1) with JetifyTransform
[        ] Transforming fragment-1.7.1.aar (androidx.fragment:fragment:1.7.1) with ExtractAarTransform
[        ] Transforming fragment-1.7.1.aar (androidx.fragment:fragment:1.7.1) with AarResourcesCompilerTransform
[        ] Transforming fragment-1.7.1.aar (androidx.fragment:fragment:1.7.1) with JetifyTransform
[        ] Transforming fragment-1.7.1.aar (androidx.fragment:fragment:1.7.1) with ExtractAarTransform
[        ] Transforming fragment-1.7.1.aar (androidx.fragment:fragment:1.7.1) with AarResourcesCompilerTransform
[        ] Transforming webkit-1.15.0.aar (androidx.webkit:webkit:1.15.0) with JetifyTransform
[        ] Transforming webkit-1.15.0.aar (androidx.webkit:webkit:1.15.0) with ExtractAarTransform
[        ] Transforming webkit-1.15.0.aar (androidx.webkit:webkit:1.15.0) with AarResourcesCompilerTransform
[        ] Transforming webkit-1.15.0.aar (androidx.webkit:webkit:1.15.0) with JetifyTransform
[        ] Transforming webkit-1.15.0.aar (androidx.webkit:webkit:1.15.0) with ExtractAarTransform
[        ] Transforming webkit-1.15.0.aar (androidx.webkit:webkit:1.15.0) with AarResourcesCompilerTransform
[        ] Transforming recyclerview-1.0.0.aar (androidx.recyclerview:recyclerview:1.0.0) with JetifyTransform
[        ] Transforming recyclerview-1.0.0.aar (androidx.recyclerview:recyclerview:1.0.0) with ExtractAarTransform
[        ] Transforming recyclerview-1.0.0.aar (androidx.recyclerview:recyclerview:1.0.0) with AarResourcesCompilerTransform
[        ] Transforming legacy-support-core-ui-1.0.0.aar (androidx.legacy:legacy-support-core-ui:1.0.0) with JetifyTransform
[        ] Transforming legacy-support-core-ui-1.0.0.aar (androidx.legacy:legacy-support-core-ui:1.0.0) with ExtractAarTransform
[        ] Transforming legacy-support-core-ui-1.0.0.aar (androidx.legacy:legacy-support-core-ui:1.0.0) with AarResourcesCompilerTransform
[        ] Transforming slidingpanelayout-1.2.0.aar (androidx.slidingpanelayout:slidingpanelayout:1.2.0) with JetifyTransform
[        ] Transforming slidingpanelayout-1.2.0.aar (androidx.slidingpanelayout:slidingpanelayout:1.2.0) with ExtractAarTransform
[        ] Transforming slidingpanelayout-1.2.0.aar (androidx.slidingpanelayout:slidingpanelayout:1.2.0) with AarResourcesCompilerTransform
[        ] Transforming slidingpanelayout-1.2.0.aar (androidx.slidingpanelayout:slidingpanelayout:1.2.0) with JetifyTransform
[        ] Transforming slidingpanelayout-1.2.0.aar (androidx.slidingpanelayout:slidingpanelayout:1.2.0) with ExtractAarTransform
[        ] Transforming slidingpanelayout-1.2.0.aar (androidx.slidingpanelayout:slidingpanelayout:1.2.0) with AarResourcesCompilerTransform
[        ] Transforming window-1.2.0.aar (androidx.window:window:1.2.0) with JetifyTransform
[        ] Transforming window-1.2.0.aar (androidx.window:window:1.2.0) with ExtractAarTransform
[        ] Transforming window-1.2.0.aar (androidx.window:window:1.2.0) with AarResourcesCompilerTransform
[        ] Transforming window-java-1.2.0.aar (androidx.window:window-java:1.2.0) with JetifyTransform
[        ] Transforming window-java-1.2.0.aar (androidx.window:window-java:1.2.0) with ExtractAarTransform
[        ] Transforming window-java-1.2.0.aar (androidx.window:window-java:1.2.0) with AarResourcesCompilerTransform
[        ] Transforming browser-1.8.0.aar (androidx.browser:browser:1.8.0) with JetifyTransform
[        ] Transforming browser-1.8.0.aar (androidx.browser:browser:1.8.0) with ExtractAarTransform
[        ] Transforming browser-1.8.0.aar (androidx.browser:browser:1.8.0) with AarResourcesCompilerTransform
[        ] Transforming activity-ktx-1.8.1.aar (androidx.activity:activity-ktx:1.8.1) with JetifyTransform
[        ] Transforming activity-ktx-1.8.1.aar (androidx.activity:activity-ktx:1.8.1) with ExtractAarTransform
[        ] Transforming activity-ktx-1.8.1.aar (androidx.activity:activity-ktx:1.8.1) with AarResourcesCompilerTransform
[        ] Transforming activity-1.8.1.aar (androidx.activity:activity:1.8.1) with JetifyTransform
[        ] Transforming activity-1.8.1.aar (androidx.activity:activity:1.8.1) with ExtractAarTransform
[        ] Transforming activity-1.8.1.aar (androidx.activity:activity:1.8.1) with AarResourcesCompilerTransform
[        ] Transforming legacy-support-core-utils-1.0.0.aar (androidx.legacy:legacy-support-core-utils:1.0.0) with JetifyTransform
[        ] Transforming legacy-support-core-utils-1.0.0.aar (androidx.legacy:legacy-support-core-utils:1.0.0) with ExtractAarTransform
[        ] Transforming legacy-support-core-utils-1.0.0.aar (androidx.legacy:legacy-support-core-utils:1.0.0) with AarResourcesCompilerTransform
[        ] Transforming loader-1.0.0.aar (androidx.loader:loader:1.0.0) with JetifyTransform
[        ] Transforming loader-1.0.0.aar (androidx.loader:loader:1.0.0) with ExtractAarTransform
[        ] Transforming loader-1.0.0.aar (androidx.loader:loader:1.0.0) with AarResourcesCompilerTransform
[        ] Transforming loader-1.0.0.aar (androidx.loader:loader:1.0.0) with JetifyTransform
[        ] Transforming loader-1.0.0.aar (androidx.loader:loader:1.0.0) with ExtractAarTransform
[        ] Transforming loader-1.0.0.aar (androidx.loader:loader:1.0.0) with AarResourcesCompilerTransform
[        ] Transforming viewpager-1.0.0.aar (androidx.viewpager:viewpager:1.0.0) with JetifyTransform
[        ] Transforming viewpager-1.0.0.aar (androidx.viewpager:viewpager:1.0.0) with ExtractAarTransform
[        ] Transforming viewpager-1.0.0.aar (androidx.viewpager:viewpager:1.0.0) with AarResourcesCompilerTransform
[        ] Transforming viewpager-1.0.0.aar (androidx.viewpager:viewpager:1.0.0) with JetifyTransform
[        ] Transforming viewpager-1.0.0.aar (androidx.viewpager:viewpager:1.0.0) with ExtractAarTransform
[        ] Transforming viewpager-1.0.0.aar (androidx.viewpager:viewpager:1.0.0) with AarResourcesCompilerTransform
[        ] Transforming ads-adservices-java-1.0.0-beta05.aar (androidx.privacysandbox.ads:ads-adservices-java:1.0.0-beta05) with JetifyTransform
[        ] Transforming ads-adservices-java-1.0.0-beta05.aar (androidx.privacysandbox.ads:ads-adservices-java:1.0.0-beta05) with ExtractAarTransform
[        ] Transforming ads-adservices-java-1.0.0-beta05.aar (androidx.privacysandbox.ads:ads-adservices-java:1.0.0-beta05) with AarResourcesCompilerTransform
[        ] Transforming ads-adservices-1.0.0-beta05.aar (androidx.privacysandbox.ads:ads-adservices:1.0.0-beta05) with JetifyTransform
[        ] Transforming ads-adservices-1.0.0-beta05.aar (androidx.privacysandbox.ads:ads-adservices:1.0.0-beta05) with ExtractAarTransform
[        ] Transforming ads-adservices-1.0.0-beta05.aar (androidx.privacysandbox.ads:ads-adservices:1.0.0-beta05) with AarResourcesCompilerTransform
[        ] Transforming ads-adservices-1.0.0-beta05.aar (androidx.privacysandbox.ads:ads-adservices:1.0.0-beta05) with JetifyTransform
[        ] Transforming ads-adservices-1.0.0-beta05.aar (androidx.privacysandbox.ads:ads-adservices:1.0.0-beta05) with ExtractAarTransform
[        ] Transforming ads-adservices-1.0.0-beta05.aar (androidx.privacysandbox.ads:ads-adservices:1.0.0-beta05) with AarResourcesCompilerTransform
[        ] Transforming work-runtime-2.7.0.aar (androidx.work:work-runtime:2.7.0) with JetifyTransform
[        ] Transforming work-runtime-2.7.0.aar (androidx.work:work-runtime:2.7.0) with ExtractAarTransform
[        ] Transforming work-runtime-2.7.0.aar (androidx.work:work-runtime:2.7.0) with AarResourcesCompilerTransform
[        ] Transforming lifecycle-runtime-ktx-2.7.0.aar (androidx.lifecycle:lifecycle-runtime-ktx:2.7.0) with JetifyTransform
[        ] Transforming lifecycle-runtime-ktx-2.7.0.aar (androidx.lifecycle:lifecycle-runtime-ktx:2.7.0) with ExtractAarTransform
[        ] Transforming lifecycle-runtime-ktx-2.7.0.aar (androidx.lifecycle:lifecycle-runtime-ktx:2.7.0) with AarResourcesCompilerTransform
[        ] Transforming lifecycle-service-2.7.0.aar (androidx.lifecycle:lifecycle-service:2.7.0) with JetifyTransform
[        ] Transforming lifecycle-service-2.7.0.aar (androidx.lifecycle:lifecycle-service:2.7.0) with ExtractAarTransform
[        ] Transforming lifecycle-service-2.7.0.aar (androidx.lifecycle:lifecycle-service:2.7.0) with AarResourcesCompilerTransform
[        ] Transforming lifecycle-livedata-2.7.0.aar (androidx.lifecycle:lifecycle-livedata:2.7.0) with JetifyTransform
[        ] Transforming lifecycle-livedata-2.7.0.aar (androidx.lifecycle:lifecycle-livedata:2.7.0) with ExtractAarTransform
[        ] Transforming lifecycle-livedata-2.7.0.aar (androidx.lifecycle:lifecycle-livedata:2.7.0) with AarResourcesCompilerTransform
[        ] Transforming lifecycle-livedata-2.7.0.aar (androidx.lifecycle:lifecycle-livedata:2.7.0) with JetifyTransform
[        ] Transforming lifecycle-livedata-2.7.0.aar (androidx.lifecycle:lifecycle-livedata:2.7.0) with ExtractAarTransform
[        ] Transforming lifecycle-livedata-2.7.0.aar (androidx.lifecycle:lifecycle-livedata:2.7.0) with AarResourcesCompilerTransform
[        ] Transforming lifecycle-livedata-core-ktx-2.7.0.aar (androidx.lifecycle:lifecycle-livedata-core-ktx:2.7.0) with JetifyTransform
[        ] Transforming lifecycle-livedata-core-ktx-2.7.0.aar (androidx.lifecycle:lifecycle-livedata-core-ktx:2.7.0) with ExtractAarTransform
[        ] Transforming lifecycle-livedata-core-ktx-2.7.0.aar (androidx.lifecycle:lifecycle-livedata-core-ktx:2.7.0) with AarResourcesCompilerTransform
[        ] Transforming lifecycle-viewmodel-ktx-2.7.0.aar (androidx.lifecycle:lifecycle-viewmodel-ktx:2.7.0) with JetifyTransform
[        ] Transforming lifecycle-viewmodel-ktx-2.7.0.aar (androidx.lifecycle:lifecycle-viewmodel-ktx:2.7.0) with ExtractAarTransform
[        ] Transforming lifecycle-viewmodel-ktx-2.7.0.aar (androidx.lifecycle:lifecycle-viewmodel-ktx:2.7.0) with AarResourcesCompilerTransform
[        ] Transforming lifecycle-viewmodel-2.7.0.aar (androidx.lifecycle:lifecycle-viewmodel:2.7.0) with JetifyTransform
[        ] Transforming lifecycle-viewmodel-2.7.0.aar (androidx.lifecycle:lifecycle-viewmodel:2.7.0) with ExtractAarTransform
[        ] Transforming lifecycle-viewmodel-2.7.0.aar (androidx.lifecycle:lifecycle-viewmodel:2.7.0) with AarResourcesCompilerTransform
[        ] Transforming lifecycle-viewmodel-2.7.0.aar (androidx.lifecycle:lifecycle-viewmodel:2.7.0) with JetifyTransform
[        ] Transforming lifecycle-viewmodel-2.7.0.aar (androidx.lifecycle:lifecycle-viewmodel:2.7.0) with ExtractAarTransform
[        ] Transforming lifecycle-viewmodel-2.7.0.aar (androidx.lifecycle:lifecycle-viewmodel:2.7.0) with AarResourcesCompilerTransform
[        ] Transforming lifecycle-livedata-core-2.7.0.aar (androidx.lifecycle:lifecycle-livedata-core:2.7.0) with JetifyTransform
[        ] Transforming lifecycle-livedata-core-2.7.0.aar (androidx.lifecycle:lifecycle-livedata-core:2.7.0) with ExtractAarTransform
[        ] Transforming lifecycle-livedata-core-2.7.0.aar (androidx.lifecycle:lifecycle-livedata-core:2.7.0) with AarResourcesCompilerTransform
[        ] Transforming lifecycle-viewmodel-savedstate-2.7.0.aar (androidx.lifecycle:lifecycle-viewmodel-savedstate:2.7.0) with JetifyTransform
[        ] Transforming lifecycle-viewmodel-savedstate-2.7.0.aar (androidx.lifecycle:lifecycle-viewmodel-savedstate:2.7.0) with ExtractAarTransform
[        ] Transforming lifecycle-viewmodel-savedstate-2.7.0.aar (androidx.lifecycle:lifecycle-viewmodel-savedstate:2.7.0) with AarResourcesCompilerTransform
[        ] Transforming core-ktx-1.13.1.aar (androidx.core:core-ktx:1.13.1) with JetifyTransform
[        ] Transforming core-ktx-1.13.1.aar (androidx.core:core-ktx:1.13.1) with ExtractAarTransform
[        ] Transforming core-ktx-1.13.1.aar (androidx.core:core-ktx:1.13.1) with AarResourcesCompilerTransform
[        ] Transforming appcompat-resources-1.2.0.aar (androidx.appcompat:appcompat-resources:1.2.0) with JetifyTransform
[        ] Transforming appcompat-resources-1.2.0.aar (androidx.appcompat:appcompat-resources:1.2.0) with ExtractAarTransform
[        ] Transforming appcompat-resources-1.2.0.aar (androidx.appcompat:appcompat-resources:1.2.0) with AarResourcesCompilerTransform
[        ] Transforming drawerlayout-1.0.0.aar (androidx.drawerlayout:drawerlayout:1.0.0) with JetifyTransform
[        ] Transforming drawerlayout-1.0.0.aar (androidx.drawerlayout:drawerlayout:1.0.0) with ExtractAarTransform
[        ] Transforming drawerlayout-1.0.0.aar (androidx.drawerlayout:drawerlayout:1.0.0) with AarResourcesCompilerTransform
[        ] Transforming drawerlayout-1.0.0.aar (androidx.drawerlayout:drawerlayout:1.0.0) with JetifyTransform
[        ] Transforming drawerlayout-1.0.0.aar (androidx.drawerlayout:drawerlayout:1.0.0) with ExtractAarTransform
[        ] Transforming drawerlayout-1.0.0.aar (androidx.drawerlayout:drawerlayout:1.0.0) with AarResourcesCompilerTransform
[        ] Transforming coordinatorlayout-1.0.0.aar (androidx.coordinatorlayout:coordinatorlayout:1.0.0) with JetifyTransform
[        ] Transforming coordinatorlayout-1.0.0.aar (androidx.coordinatorlayout:coordinatorlayout:1.0.0) with ExtractAarTransform
[        ] Transforming coordinatorlayout-1.0.0.aar (androidx.coordinatorlayout:coordinatorlayout:1.0.0) with AarResourcesCompilerTransform
[        ] Transforming customview-1.1.0.aar (androidx.customview:customview:1.1.0) with JetifyTransform
[        ] Transforming customview-1.1.0.aar (androidx.customview:customview:1.1.0) with ExtractAarTransform
[        ] Transforming customview-1.1.0.aar (androidx.customview:customview:1.1.0) with AarResourcesCompilerTransform
[        ] Transforming customview-1.1.0.aar (androidx.customview:customview:1.1.0) with JetifyTransform
[        ] Transforming customview-1.1.0.aar (androidx.customview:customview:1.1.0) with ExtractAarTransform
[        ] Transforming customview-1.1.0.aar (androidx.customview:customview:1.1.0) with AarResourcesCompilerTransform
[        ] Transforming transition-1.4.1.aar (androidx.transition:transition:1.4.1) with JetifyTransform
[        ] Transforming transition-1.4.1.aar (androidx.transition:transition:1.4.1) with ExtractAarTransform
[        ] Transforming transition-1.4.1.aar (androidx.transition:transition:1.4.1) with AarResourcesCompilerTransform
[        ] Transforming vectordrawable-animated-1.1.0.aar (androidx.vectordrawable:vectordrawable-animated:1.1.0) with JetifyTransform
[        ] Transforming vectordrawable-animated-1.1.0.aar (androidx.vectordrawable:vectordrawable-animated:1.1.0) with ExtractAarTransform
[        ] Transforming vectordrawable-animated-1.1.0.aar (androidx.vectordrawable:vectordrawable-animated:1.1.0) with AarResourcesCompilerTransform
[        ] Transforming vectordrawable-1.1.0.aar (androidx.vectordrawable:vectordrawable:1.1.0) with JetifyTransform
[        ] Transforming vectordrawable-1.1.0.aar (androidx.vectordrawable:vectordrawable:1.1.0) with ExtractAarTransform
[        ] Transforming vectordrawable-1.1.0.aar (androidx.vectordrawable:vectordrawable:1.1.0) with AarResourcesCompilerTransform
[        ] Transforming vectordrawable-1.1.0.aar (androidx.vectordrawable:vectordrawable:1.1.0) with JetifyTransform
[        ] Transforming vectordrawable-1.1.0.aar (androidx.vectordrawable:vectordrawable:1.1.0) with ExtractAarTransform
[        ] Transforming vectordrawable-1.1.0.aar (androidx.vectordrawable:vectordrawable:1.1.0) with AarResourcesCompilerTransform
[        ] Transforming swiperefreshlayout-1.0.0.aar (androidx.swiperefreshlayout:swiperefreshlayout:1.0.0) with JetifyTransform
[        ] Transforming swiperefreshlayout-1.0.0.aar (androidx.swiperefreshlayout:swiperefreshlayout:1.0.0) with ExtractAarTransform
[        ] Transforming swiperefreshlayout-1.0.0.aar (androidx.swiperefreshlayout:swiperefreshlayout:1.0.0) with AarResourcesCompilerTransform
[        ] Transforming asynclayoutinflater-1.0.0.aar (androidx.asynclayoutinflater:asynclayoutinflater:1.0.0) with JetifyTransform
[        ] Transforming asynclayoutinflater-1.0.0.aar (androidx.asynclayoutinflater:asynclayoutinflater:1.0.0) with ExtractAarTransform
[        ] Transforming asynclayoutinflater-1.0.0.aar (androidx.asynclayoutinflater:asynclayoutinflater:1.0.0) with AarResourcesCompilerTransform
[        ] Transforming core-1.13.1.aar (androidx.core:core:1.13.1) with JetifyTransform
[        ] Transforming core-1.13.1.aar (androidx.core:core:1.13.1) with ExtractAarTransform
[        ] Transforming core-1.13.1.aar (androidx.core:core:1.13.1) with AarResourcesCompilerTransform
[        ] Transforming core-1.13.1.aar (androidx.core:core:1.13.1) with JetifyTransform
[        ] Transforming core-1.13.1.aar (androidx.core:core:1.13.1) with ExtractAarTransform
[        ] Transforming core-1.13.1.aar (androidx.core:core:1.13.1) with AarResourcesCompilerTransform
[        ] Transforming lifecycle-runtime-2.7.0.aar (androidx.lifecycle:lifecycle-runtime:2.7.0) with JetifyTransform
[        ] Transforming lifecycle-runtime-2.7.0.aar (androidx.lifecycle:lifecycle-runtime:2.7.0) with ExtractAarTransform
[        ] Transforming lifecycle-runtime-2.7.0.aar (androidx.lifecycle:lifecycle-runtime:2.7.0) with AarResourcesCompilerTransform
[        ] Transforming savedstate-ktx-1.2.1.aar (androidx.savedstate:savedstate-ktx:1.2.1) with JetifyTransform
[        ] Transforming savedstate-ktx-1.2.1.aar (androidx.savedstate:savedstate-ktx:1.2.1) with ExtractAarTransform
[        ] Transforming savedstate-ktx-1.2.1.aar (androidx.savedstate:savedstate-ktx:1.2.1) with AarResourcesCompilerTransform
[        ] Transforming savedstate-1.2.1.aar (androidx.savedstate:savedstate:1.2.1) with JetifyTransform
[        ] Transforming savedstate-1.2.1.aar (androidx.savedstate:savedstate:1.2.1) with ExtractAarTransform
[        ] Transforming savedstate-1.2.1.aar (androidx.savedstate:savedstate:1.2.1) with AarResourcesCompilerTransform
[        ] Transforming lifecycle-process-2.7.0.aar (androidx.lifecycle:lifecycle-process:2.7.0) with JetifyTransform
[        ] Transforming lifecycle-process-2.7.0.aar (androidx.lifecycle:lifecycle-process:2.7.0) with ExtractAarTransform
[        ] Transforming lifecycle-process-2.7.0.aar (androidx.lifecycle:lifecycle-process:2.7.0) with AarResourcesCompilerTransform
[        ] Transforming datastore-preferences-core-release.aar (androidx.datastore:datastore-preferences-core-android:1.1.7) with JetifyTransform
[        ] Transforming datastore-preferences-core-release.aar (androidx.datastore:datastore-preferences-core-android:1.1.7) with ExtractAarTransform
[        ] Transforming datastore-preferences-core-release.aar (androidx.datastore:datastore-preferences-core-android:1.1.7) with AarResourcesCompilerTransform
[        ] Transforming datastore-core-release.aar (androidx.datastore:datastore-core-android:1.1.7) with JetifyTransform
[        ] Transforming datastore-core-release.aar (androidx.datastore:datastore-core-android:1.1.7) with ExtractAarTransform
[        ] Transforming datastore-core-release.aar (androidx.datastore:datastore-core-android:1.1.7) with AarResourcesCompilerTransform
[        ] Transforming datastore-preferences-release.aar (androidx.datastore:datastore-preferences-android:1.1.7) with JetifyTransform
[        ] Transforming datastore-preferences-release.aar (androidx.datastore:datastore-preferences-android:1.1.7) with ExtractAarTransform
[        ] Transforming datastore-preferences-release.aar (androidx.datastore:datastore-preferences-android:1.1.7) with AarResourcesCompilerTransform
[        ] Transforming datastore-release.aar (androidx.datastore:datastore-android:1.1.7) with JetifyTransform
[        ] Transforming datastore-release.aar (androidx.datastore:datastore-android:1.1.7) with ExtractAarTransform
[        ] Transforming datastore-release.aar (androidx.datastore:datastore-android:1.1.7) with AarResourcesCompilerTransform
[        ] Transforming profileinstaller-1.3.1.aar (androidx.profileinstaller:profileinstaller:1.3.1) with JetifyTransform
[        ] Transforming profileinstaller-1.3.1.aar (androidx.profileinstaller:profileinstaller:1.3.1) with ExtractAarTransform
[        ] Transforming profileinstaller-1.3.1.aar (androidx.profileinstaller:profileinstaller:1.3.1) with AarResourcesCompilerTransform
[        ] Transforming startup-runtime-1.1.1.aar (androidx.startup:startup-runtime:1.1.1) with JetifyTransform
[        ] Transforming startup-runtime-1.1.1.aar (androidx.startup:startup-runtime:1.1.1) with ExtractAarTransform
[        ] Transforming startup-runtime-1.1.1.aar (androidx.startup:startup-runtime:1.1.1) with AarResourcesCompilerTransform
[        ] Transforming tracing-1.2.0.aar (androidx.tracing:tracing:1.2.0) with JetifyTransform
[        ] Transforming tracing-1.2.0.aar (androidx.tracing:tracing:1.2.0) with ExtractAarTransform
[        ] Transforming tracing-1.2.0.aar (androidx.tracing:tracing:1.2.0) with AarResourcesCompilerTransform
[        ] Transforming exifinterface-1.4.1.aar (androidx.exifinterface:exifinterface:1.4.1) with JetifyTransform
[        ] Transforming exifinterface-1.4.1.aar (androidx.exifinterface:exifinterface:1.4.1) with ExtractAarTransform
[        ] Transforming exifinterface-1.4.1.aar (androidx.exifinterface:exifinterface:1.4.1) with AarResourcesCompilerTransform
[        ] Transforming room-runtime-2.2.5.aar (androidx.room:room-runtime:2.2.5) with JetifyTransform
[        ] Transforming room-runtime-2.2.5.aar (androidx.room:room-runtime:2.2.5) with ExtractAarTransform
[        ] Transforming room-runtime-2.2.5.aar (androidx.room:room-runtime:2.2.5) with AarResourcesCompilerTransform
[        ] Transforming core-runtime-2.2.0.aar (androidx.arch.core:core-runtime:2.2.0) with JetifyTransform
[        ] Transforming core-runtime-2.2.0.aar (androidx.arch.core:core-runtime:2.2.0) with ExtractAarTransform
[        ] Transforming core-runtime-2.2.0.aar (androidx.arch.core:core-runtime:2.2.0) with AarResourcesCompilerTransform
[        ] Transforming core-runtime-2.2.0.aar (androidx.arch.core:core-runtime:2.2.0) with JetifyTransform
[        ] Transforming core-runtime-2.2.0.aar (androidx.arch.core:core-runtime:2.2.0) with ExtractAarTransform
[        ] Transforming core-runtime-2.2.0.aar (androidx.arch.core:core-runtime:2.2.0) with AarResourcesCompilerTransform
[        ] Transforming versionedparcelable-1.1.1.aar (androidx.versionedparcelable:versionedparcelable:1.1.1) with JetifyTransform
[        ] Transforming versionedparcelable-1.1.1.aar (androidx.versionedparcelable:versionedparcelable:1.1.1) with ExtractAarTransform
[        ] Transforming versionedparcelable-1.1.1.aar (androidx.versionedparcelable:versionedparcelable:1.1.1) with AarResourcesCompilerTransform
[        ] Transforming interpolator-1.0.0.aar (androidx.interpolator:interpolator:1.0.0) with JetifyTransform
[        ] Transforming interpolator-1.0.0.aar (androidx.interpolator:interpolator:1.0.0) with ExtractAarTransform
[        ] Transforming interpolator-1.0.0.aar (androidx.interpolator:interpolator:1.0.0) with AarResourcesCompilerTransform
[        ] Transforming interpolator-1.0.0.aar (androidx.interpolator:interpolator:1.0.0) with JetifyTransform
[        ] Transforming interpolator-1.0.0.aar (androidx.interpolator:interpolator:1.0.0) with ExtractAarTransform
[        ] Transforming interpolator-1.0.0.aar (androidx.interpolator:interpolator:1.0.0) with AarResourcesCompilerTransform
[        ] Transforming cursoradapter-1.0.0.aar (androidx.cursoradapter:cursoradapter:1.0.0) with JetifyTransform
[        ] Transforming cursoradapter-1.0.0.aar (androidx.cursoradapter:cursoradapter:1.0.0) with ExtractAarTransform
[        ] Transforming cursoradapter-1.0.0.aar (androidx.cursoradapter:cursoradapter:1.0.0) with AarResourcesCompilerTransform
[        ] Transforming cursoradapter-1.0.0.aar (androidx.cursoradapter:cursoradapter:1.0.0) with JetifyTransform
[        ] Transforming cursoradapter-1.0.0.aar (androidx.cursoradapter:cursoradapter:1.0.0) with ExtractAarTransform
[        ] Transforming cursoradapter-1.0.0.aar (androidx.cursoradapter:cursoradapter:1.0.0) with AarResourcesCompilerTransform
[        ] Transforming core-1.0.0.aar (androidx.window.extensions.core:core:1.0.0) with JetifyTransform
[        ] Transforming core-1.0.0.aar (androidx.window.extensions.core:core:1.0.0) with ExtractAarTransform
[        ] Transforming core-1.0.0.aar (androidx.window.extensions.core:core:1.0.0) with AarResourcesCompilerTransform
[        ] Transforming sqlite-framework-2.1.0.aar (androidx.sqlite:sqlite-framework:2.1.0) with JetifyTransform
[        ] Transforming sqlite-framework-2.1.0.aar (androidx.sqlite:sqlite-framework:2.1.0) with ExtractAarTransform
[        ] Transforming sqlite-framework-2.1.0.aar (androidx.sqlite:sqlite-framework:2.1.0) with AarResourcesCompilerTransform
[        ] Transforming sqlite-framework-2.1.0.aar (androidx.sqlite:sqlite-framework:2.1.0) with JetifyTransform
[        ] Transforming sqlite-framework-2.1.0.aar (androidx.sqlite:sqlite-framework:2.1.0) with ExtractAarTransform
[        ] Transforming sqlite-framework-2.1.0.aar (androidx.sqlite:sqlite-framework:2.1.0) with AarResourcesCompilerTransform
[        ] Transforming sqlite-2.1.0.aar (androidx.sqlite:sqlite:2.1.0) with JetifyTransform
[        ] Transforming sqlite-2.1.0.aar (androidx.sqlite:sqlite:2.1.0) with ExtractAarTransform
[        ] Transforming sqlite-2.1.0.aar (androidx.sqlite:sqlite:2.1.0) with AarResourcesCompilerTransform
[        ] Transforming sqlite-2.1.0.aar (androidx.sqlite:sqlite:2.1.0) with JetifyTransform
[        ] Transforming sqlite-2.1.0.aar (androidx.sqlite:sqlite:2.1.0) with ExtractAarTransform
[        ] Transforming sqlite-2.1.0.aar (androidx.sqlite:sqlite:2.1.0) with AarResourcesCompilerTransform
[        ] Transforming documentfile-1.0.0.aar (androidx.documentfile:documentfile:1.0.0) with JetifyTransform
[        ] Transforming documentfile-1.0.0.aar (androidx.documentfile:documentfile:1.0.0) with ExtractAarTransform
[        ] Transforming documentfile-1.0.0.aar (androidx.documentfile:documentfile:1.0.0) with AarResourcesCompilerTransform
[        ] Transforming localbroadcastmanager-1.0.0.aar (androidx.localbroadcastmanager:localbroadcastmanager:1.0.0) with JetifyTransform
[        ] Transforming localbroadcastmanager-1.0.0.aar (androidx.localbroadcastmanager:localbroadcastmanager:1.0.0) with ExtractAarTransform
[        ] Transforming localbroadcastmanager-1.0.0.aar (androidx.localbroadcastmanager:localbroadcastmanager:1.0.0) with AarResourcesCompilerTransform
[        ] Transforming print-1.0.0.aar (androidx.print:print:1.0.0) with JetifyTransform
[        ] Transforming print-1.0.0.aar (androidx.print:print:1.0.0) with ExtractAarTransform
[        ] Transforming print-1.0.0.aar (androidx.print:print:1.0.0) with AarResourcesCompilerTransform
[        ] Transforming annotation-experimental-1.4.0.aar (androidx.annotation:annotation-experimental:1.4.0) with JetifyTransform
[        ] Transforming annotation-experimental-1.4.0.aar (androidx.annotation:annotation-experimental:1.4.0) with ExtractAarTransform
[        ] Transforming annotation-experimental-1.4.0.aar (androidx.annotation:annotation-experimental:1.4.0) with AarResourcesCompilerTransform
[        ] Transforming relinker-1.4.5.aar (com.getkeepsafe.relinker:relinker:1.4.5) with JetifyTransform
[        ] Transforming relinker-1.4.5.aar (com.getkeepsafe.relinker:relinker:1.4.5) with ExtractAarTransform
[        ] Transforming relinker-1.4.5.aar (com.getkeepsafe.relinker:relinker:1.4.5) with AarResourcesCompilerTransform
[        ] Transforming play-services-ads-23.6.0.aar (com.google.android.gms:play-services-ads:23.6.0) with JetifyTransform
[        ] Transforming play-services-ads-23.6.0.aar (com.google.android.gms:play-services-ads:23.6.0) with ExtractAarTransform
[        ] Transforming play-services-ads-23.6.0.aar (com.google.android.gms:play-services-ads:23.6.0) with LibrarySymbolTableTransform
[        ] Transforming play-services-ads-lite-23.6.0.aar (com.google.android.gms:play-services-ads-lite:23.6.0) with JetifyTransform
[        ] Transforming play-services-ads-lite-23.6.0.aar (com.google.android.gms:play-services-ads-lite:23.6.0) with ExtractAarTransform
[        ] Transforming play-services-ads-lite-23.6.0.aar (com.google.android.gms:play-services-ads-lite:23.6.0) with LibrarySymbolTableTransform
[        ] Transforming user-messaging-platform-3.1.0.aar (com.google.android.ump:user-messaging-platform:3.1.0) with JetifyTransform
[        ] Transforming user-messaging-platform-3.1.0.aar (com.google.android.ump:user-messaging-platform:3.1.0) with ExtractAarTransform
[        ] Transforming user-messaging-platform-3.1.0.aar (com.google.android.ump:user-messaging-platform:3.1.0) with LibrarySymbolTableTransform
[        ] Transforming user-messaging-platform-3.1.0.aar (com.google.android.ump:user-messaging-platform:3.1.0) with JetifyTransform
[        ] Transforming user-messaging-platform-3.1.0.aar (com.google.android.ump:user-messaging-platform:3.1.0) with ExtractAarTransform
[        ] Transforming user-messaging-platform-3.1.0.aar (com.google.android.ump:user-messaging-platform:3.1.0) with LibrarySymbolTableTransform
[        ] Transforming play-services-ads-base-23.6.0.aar (com.google.android.gms:play-services-ads-base:23.6.0) with JetifyTransform
[        ] Transforming play-services-ads-base-23.6.0.aar (com.google.android.gms:play-services-ads-base:23.6.0) with ExtractAarTransform
[        ] Transforming play-services-ads-base-23.6.0.aar (com.google.android.gms:play-services-ads-base:23.6.0) with LibrarySymbolTableTransform
[        ] Transforming play-services-ads-identifier-18.0.0.aar (com.google.android.gms:play-services-ads-identifier:18.0.0) with JetifyTransform
[        ] Transforming play-services-ads-identifier-18.0.0.aar (com.google.android.gms:play-services-ads-identifier:18.0.0) with ExtractAarTransform
[        ] Transforming play-services-ads-identifier-18.0.0.aar (com.google.android.gms:play-services-ads-identifier:18.0.0) with LibrarySymbolTableTransform
[        ] Transforming play-services-appset-16.0.1.aar (com.google.android.gms:play-services-appset:16.0.1) with JetifyTransform
[        ] Transforming play-services-appset-16.0.1.aar (com.google.android.gms:play-services-appset:16.0.1) with ExtractAarTransform
[        ] Transforming play-services-appset-16.0.1.aar (com.google.android.gms:play-services-appset:16.0.1) with LibrarySymbolTableTransform
[        ] Transforming play-services-base-18.0.0.aar (com.google.android.gms:play-services-base:18.0.0) with JetifyTransform
[        ] Transforming play-services-base-18.0.0.aar (com.google.android.gms:play-services-base:18.0.0) with ExtractAarTransform
[        ] Transforming play-services-base-18.0.0.aar (com.google.android.gms:play-services-base:18.0.0) with LibrarySymbolTableTransform
[        ] Transforming play-services-tasks-18.2.0.aar (com.google.android.gms:play-services-tasks:18.2.0) with JetifyTransform
[        ] Transforming play-services-tasks-18.2.0.aar (com.google.android.gms:play-services-tasks:18.2.0) with ExtractAarTransform
[        ] Transforming play-services-tasks-18.2.0.aar (com.google.android.gms:play-services-tasks:18.2.0) with LibrarySymbolTableTransform
[        ] Transforming play-services-measurement-sdk-api-20.1.2.aar (com.google.android.gms:play-services-measurement-sdk-api:20.1.2) with JetifyTransform
[        ] Transforming play-services-measurement-sdk-api-20.1.2.aar (com.google.android.gms:play-services-measurement-sdk-api:20.1.2) with ExtractAarTransform
[        ] Transforming play-services-measurement-sdk-api-20.1.2.aar (com.google.android.gms:play-services-measurement-sdk-api:20.1.2) with LibrarySymbolTableTransform
[        ] Transforming play-services-measurement-base-20.1.2.aar (com.google.android.gms:play-services-measurement-base:20.1.2) with JetifyTransform
[        ] Transforming play-services-measurement-base-20.1.2.aar (com.google.android.gms:play-services-measurement-base:20.1.2) with ExtractAarTransform
[        ] Transforming play-services-measurement-base-20.1.2.aar (com.google.android.gms:play-services-measurement-base:20.1.2) with LibrarySymbolTableTransform
[        ] Transforming play-services-basement-18.4.0.aar (com.google.android.gms:play-services-basement:18.4.0) with JetifyTransform
[        ] Transforming play-services-basement-18.4.0.aar (com.google.android.gms:play-services-basement:18.4.0) with ExtractAarTransform
[        ] Transforming play-services-basement-18.4.0.aar (com.google.android.gms:play-services-basement:18.4.0) with LibrarySymbolTableTransform
[        ] Transforming constraintlayout-2.1.4.aar (androidx.constraintlayout:constraintlayout:2.1.4) with JetifyTransform
[        ] Transforming constraintlayout-2.1.4.aar (androidx.constraintlayout:constraintlayout:2.1.4) with ExtractAarTransform
[        ] Transforming constraintlayout-2.1.4.aar (androidx.constraintlayout:constraintlayout:2.1.4) with LibrarySymbolTableTransform
[        ] Transforming preference-1.2.1.aar (androidx.preference:preference:1.2.1) with JetifyTransform
[        ] Transforming preference-1.2.1.aar (androidx.preference:preference:1.2.1) with ExtractAarTransform
[        ] Transforming preference-1.2.1.aar (androidx.preference:preference:1.2.1) with LibrarySymbolTableTransform
[        ] Transforming appcompat-1.2.0.aar (androidx.appcompat:appcompat:1.2.0) with JetifyTransform
[        ] Transforming appcompat-1.2.0.aar (androidx.appcompat:appcompat:1.2.0) with ExtractAarTransform
[        ] Transforming appcompat-1.2.0.aar (androidx.appcompat:appcompat:1.2.0) with LibrarySymbolTableTransform
[        ] Transforming fragment-ktx-1.7.1.aar (androidx.fragment:fragment-ktx:1.7.1) with JetifyTransform
[        ] Transforming fragment-ktx-1.7.1.aar (androidx.fragment:fragment-ktx:1.7.1) with ExtractAarTransform
[        ] Transforming fragment-ktx-1.7.1.aar (androidx.fragment:fragment-ktx:1.7.1) with LibrarySymbolTableTransform
[        ] Transforming fragment-1.7.1.aar (androidx.fragment:fragment:1.7.1) with JetifyTransform
[        ] Transforming fragment-1.7.1.aar (androidx.fragment:fragment:1.7.1) with ExtractAarTransform
[        ] Transforming fragment-1.7.1.aar (androidx.fragment:fragment:1.7.1) with LibrarySymbolTableTransform
[        ] Transforming fragment-1.7.1.aar (androidx.fragment:fragment:1.7.1) with JetifyTransform
[        ] Transforming fragment-1.7.1.aar (androidx.fragment:fragment:1.7.1) with ExtractAarTransform
[        ] Transforming fragment-1.7.1.aar (androidx.fragment:fragment:1.7.1) with LibrarySymbolTableTransform
[        ] Transforming webkit-1.15.0.aar (androidx.webkit:webkit:1.15.0) with JetifyTransform
[        ] Transforming webkit-1.15.0.aar (androidx.webkit:webkit:1.15.0) with ExtractAarTransform
[        ] Transforming webkit-1.15.0.aar (androidx.webkit:webkit:1.15.0) with LibrarySymbolTableTransform
[        ] Transforming webkit-1.15.0.aar (androidx.webkit:webkit:1.15.0) with JetifyTransform
[        ] Transforming webkit-1.15.0.aar (androidx.webkit:webkit:1.15.0) with ExtractAarTransform
[        ] Transforming webkit-1.15.0.aar (androidx.webkit:webkit:1.15.0) with LibrarySymbolTableTransform
[        ] Transforming recyclerview-1.0.0.aar (androidx.recyclerview:recyclerview:1.0.0) with JetifyTransform
[        ] Transforming recyclerview-1.0.0.aar (androidx.recyclerview:recyclerview:1.0.0) with ExtractAarTransform
[        ] Transforming recyclerview-1.0.0.aar (androidx.recyclerview:recyclerview:1.0.0) with LibrarySymbolTableTransform
[        ] Transforming legacy-support-core-ui-1.0.0.aar (androidx.legacy:legacy-support-core-ui:1.0.0) with JetifyTransform
[        ] Transforming legacy-support-core-ui-1.0.0.aar (androidx.legacy:legacy-support-core-ui:1.0.0) with ExtractAarTransform
[        ] Transforming legacy-support-core-ui-1.0.0.aar (androidx.legacy:legacy-support-core-ui:1.0.0) with LibrarySymbolTableTransform
[        ] Transforming slidingpanelayout-1.2.0.aar (androidx.slidingpanelayout:slidingpanelayout:1.2.0) with JetifyTransform
[        ] Transforming slidingpanelayout-1.2.0.aar (androidx.slidingpanelayout:slidingpanelayout:1.2.0) with ExtractAarTransform
[        ] Transforming slidingpanelayout-1.2.0.aar (androidx.slidingpanelayout:slidingpanelayout:1.2.0) with LibrarySymbolTableTransform
[        ] Transforming slidingpanelayout-1.2.0.aar (androidx.slidingpanelayout:slidingpanelayout:1.2.0) with JetifyTransform
[        ] Transforming slidingpanelayout-1.2.0.aar (androidx.slidingpanelayout:slidingpanelayout:1.2.0) with ExtractAarTransform
[        ] Transforming slidingpanelayout-1.2.0.aar (androidx.slidingpanelayout:slidingpanelayout:1.2.0) with LibrarySymbolTableTransform
[        ] Transforming window-1.2.0.aar (androidx.window:window:1.2.0) with JetifyTransform
[        ] Transforming window-1.2.0.aar (androidx.window:window:1.2.0) with ExtractAarTransform
[        ] Transforming window-1.2.0.aar (androidx.window:window:1.2.0) with LibrarySymbolTableTransform
[        ] Transforming window-java-1.2.0.aar (androidx.window:window-java:1.2.0) with JetifyTransform
[        ] Transforming window-java-1.2.0.aar (androidx.window:window-java:1.2.0) with ExtractAarTransform
[        ] Transforming window-java-1.2.0.aar (androidx.window:window-java:1.2.0) with LibrarySymbolTableTransform
[        ] Transforming browser-1.8.0.aar (androidx.browser:browser:1.8.0) with JetifyTransform
[        ] Transforming browser-1.8.0.aar (androidx.browser:browser:1.8.0) with ExtractAarTransform
[        ] Transforming browser-1.8.0.aar (androidx.browser:browser:1.8.0) with LibrarySymbolTableTransform
[        ] Transforming activity-ktx-1.8.1.aar (androidx.activity:activity-ktx:1.8.1) with JetifyTransform
[        ] Transforming activity-ktx-1.8.1.aar (androidx.activity:activity-ktx:1.8.1) with ExtractAarTransform
[        ] Transforming activity-ktx-1.8.1.aar (androidx.activity:activity-ktx:1.8.1) with LibrarySymbolTableTransform
[        ] Transforming activity-1.8.1.aar (androidx.activity:activity:1.8.1) with JetifyTransform
[        ] Transforming activity-1.8.1.aar (androidx.activity:activity:1.8.1) with ExtractAarTransform
[        ] Transforming activity-1.8.1.aar (androidx.activity:activity:1.8.1) with LibrarySymbolTableTransform
[        ] Transforming legacy-support-core-utils-1.0.0.aar (androidx.legacy:legacy-support-core-utils:1.0.0) with JetifyTransform
[        ] Transforming legacy-support-core-utils-1.0.0.aar (androidx.legacy:legacy-support-core-utils:1.0.0) with ExtractAarTransform
[        ] Transforming legacy-support-core-utils-1.0.0.aar (androidx.legacy:legacy-support-core-utils:1.0.0) with LibrarySymbolTableTransform
[        ] Transforming loader-1.0.0.aar (androidx.loader:loader:1.0.0) with JetifyTransform
[        ] Transforming loader-1.0.0.aar (androidx.loader:loader:1.0.0) with ExtractAarTransform
[        ] Transforming loader-1.0.0.aar (androidx.loader:loader:1.0.0) with LibrarySymbolTableTransform
[        ] Transforming loader-1.0.0.aar (androidx.loader:loader:1.0.0) with JetifyTransform
[        ] Transforming loader-1.0.0.aar (androidx.loader:loader:1.0.0) with ExtractAarTransform
[        ] Transforming loader-1.0.0.aar (androidx.loader:loader:1.0.0) with LibrarySymbolTableTransform
[        ] Transforming viewpager-1.0.0.aar (androidx.viewpager:viewpager:1.0.0) with JetifyTransform
[        ] Transforming viewpager-1.0.0.aar (androidx.viewpager:viewpager:1.0.0) with ExtractAarTransform
[        ] Transforming viewpager-1.0.0.aar (androidx.viewpager:viewpager:1.0.0) with LibrarySymbolTableTransform
[        ] Transforming viewpager-1.0.0.aar (androidx.viewpager:viewpager:1.0.0) with JetifyTransform
[        ] Transforming viewpager-1.0.0.aar (androidx.viewpager:viewpager:1.0.0) with ExtractAarTransform
[        ] Transforming viewpager-1.0.0.aar (androidx.viewpager:viewpager:1.0.0) with LibrarySymbolTableTransform
[        ] Transforming ads-adservices-java-1.0.0-beta05.aar (androidx.privacysandbox.ads:ads-adservices-java:1.0.0-beta05) with JetifyTransform
[        ] Transforming ads-adservices-java-1.0.0-beta05.aar (androidx.privacysandbox.ads:ads-adservices-java:1.0.0-beta05) with ExtractAarTransform
[        ] Transforming ads-adservices-java-1.0.0-beta05.aar (androidx.privacysandbox.ads:ads-adservices-java:1.0.0-beta05) with LibrarySymbolTableTransform
[        ] Transforming ads-adservices-1.0.0-beta05.aar (androidx.privacysandbox.ads:ads-adservices:1.0.0-beta05) with JetifyTransform
[        ] Transforming ads-adservices-1.0.0-beta05.aar (androidx.privacysandbox.ads:ads-adservices:1.0.0-beta05) with ExtractAarTransform
[        ] Transforming ads-adservices-1.0.0-beta05.aar (androidx.privacysandbox.ads:ads-adservices:1.0.0-beta05) with LibrarySymbolTableTransform
[        ] Transforming ads-adservices-1.0.0-beta05.aar (androidx.privacysandbox.ads:ads-adservices:1.0.0-beta05) with JetifyTransform
[        ] Transforming ads-adservices-1.0.0-beta05.aar (androidx.privacysandbox.ads:ads-adservices:1.0.0-beta05) with ExtractAarTransform
[        ] Transforming ads-adservices-1.0.0-beta05.aar (androidx.privacysandbox.ads:ads-adservices:1.0.0-beta05) with LibrarySymbolTableTransform
[        ] Transforming work-runtime-2.7.0.aar (androidx.work:work-runtime:2.7.0) with JetifyTransform
[        ] Transforming work-runtime-2.7.0.aar (androidx.work:work-runtime:2.7.0) with ExtractAarTransform
[        ] Transforming work-runtime-2.7.0.aar (androidx.work:work-runtime:2.7.0) with LibrarySymbolTableTransform
[        ] Transforming lifecycle-runtime-ktx-2.7.0.aar (androidx.lifecycle:lifecycle-runtime-ktx:2.7.0) with JetifyTransform
[        ] Transforming lifecycle-runtime-ktx-2.7.0.aar (androidx.lifecycle:lifecycle-runtime-ktx:2.7.0) with ExtractAarTransform
[        ] Transforming lifecycle-runtime-ktx-2.7.0.aar (androidx.lifecycle:lifecycle-runtime-ktx:2.7.0) with LibrarySymbolTableTransform
[        ] Transforming lifecycle-service-2.7.0.aar (androidx.lifecycle:lifecycle-service:2.7.0) with JetifyTransform
[        ] Transforming lifecycle-service-2.7.0.aar (androidx.lifecycle:lifecycle-service:2.7.0) with ExtractAarTransform
[        ] Transforming lifecycle-service-2.7.0.aar (androidx.lifecycle:lifecycle-service:2.7.0) with LibrarySymbolTableTransform
[        ] Transforming lifecycle-livedata-2.7.0.aar (androidx.lifecycle:lifecycle-livedata:2.7.0) with JetifyTransform
[        ] Transforming lifecycle-livedata-2.7.0.aar (androidx.lifecycle:lifecycle-livedata:2.7.0) with ExtractAarTransform
[        ] Transforming lifecycle-livedata-2.7.0.aar (androidx.lifecycle:lifecycle-livedata:2.7.0) with LibrarySymbolTableTransform
[        ] Transforming lifecycle-livedata-2.7.0.aar (androidx.lifecycle:lifecycle-livedata:2.7.0) with JetifyTransform
[        ] Transforming lifecycle-livedata-2.7.0.aar (androidx.lifecycle:lifecycle-livedata:2.7.0) with ExtractAarTransform
[        ] Transforming lifecycle-livedata-2.7.0.aar (androidx.lifecycle:lifecycle-livedata:2.7.0) with LibrarySymbolTableTransform
[        ] Transforming lifecycle-livedata-core-ktx-2.7.0.aar (androidx.lifecycle:lifecycle-livedata-core-ktx:2.7.0) with JetifyTransform
[        ] Transforming lifecycle-livedata-core-ktx-2.7.0.aar (androidx.lifecycle:lifecycle-livedata-core-ktx:2.7.0) with ExtractAarTransform
[        ] Transforming lifecycle-livedata-core-ktx-2.7.0.aar (androidx.lifecycle:lifecycle-livedata-core-ktx:2.7.0) with LibrarySymbolTableTransform
[        ] Transforming lifecycle-viewmodel-ktx-2.7.0.aar (androidx.lifecycle:lifecycle-viewmodel-ktx:2.7.0) with JetifyTransform
[        ] Transforming lifecycle-viewmodel-ktx-2.7.0.aar (androidx.lifecycle:lifecycle-viewmodel-ktx:2.7.0) with ExtractAarTransform
[        ] Transforming lifecycle-viewmodel-ktx-2.7.0.aar (androidx.lifecycle:lifecycle-viewmodel-ktx:2.7.0) with LibrarySymbolTableTransform
[        ] Transforming lifecycle-viewmodel-2.7.0.aar (androidx.lifecycle:lifecycle-viewmodel:2.7.0) with JetifyTransform
[        ] Transforming lifecycle-viewmodel-2.7.0.aar (androidx.lifecycle:lifecycle-viewmodel:2.7.0) with ExtractAarTransform
[        ] Transforming lifecycle-viewmodel-2.7.0.aar (androidx.lifecycle:lifecycle-viewmodel:2.7.0) with LibrarySymbolTableTransform
[        ] Transforming lifecycle-viewmodel-2.7.0.aar (androidx.lifecycle:lifecycle-viewmodel:2.7.0) with JetifyTransform
[        ] Transforming lifecycle-viewmodel-2.7.0.aar (androidx.lifecycle:lifecycle-viewmodel:2.7.0) with ExtractAarTransform
[        ] Transforming lifecycle-viewmodel-2.7.0.aar (androidx.lifecycle:lifecycle-viewmodel:2.7.0) with LibrarySymbolTableTransform
[        ] Transforming lifecycle-livedata-core-2.7.0.aar (androidx.lifecycle:lifecycle-livedata-core:2.7.0) with JetifyTransform
[        ] Transforming lifecycle-livedata-core-2.7.0.aar (androidx.lifecycle:lifecycle-livedata-core:2.7.0) with ExtractAarTransform
[        ] Transforming lifecycle-livedata-core-2.7.0.aar (androidx.lifecycle:lifecycle-livedata-core:2.7.0) with LibrarySymbolTableTransform
[        ] Transforming lifecycle-viewmodel-savedstate-2.7.0.aar (androidx.lifecycle:lifecycle-viewmodel-savedstate:2.7.0) with JetifyTransform
[        ] Transforming lifecycle-viewmodel-savedstate-2.7.0.aar (androidx.lifecycle:lifecycle-viewmodel-savedstate:2.7.0) with ExtractAarTransform
[        ] Transforming lifecycle-viewmodel-savedstate-2.7.0.aar (androidx.lifecycle:lifecycle-viewmodel-savedstate:2.7.0) with LibrarySymbolTableTransform
[        ] Transforming core-ktx-1.13.1.aar (androidx.core:core-ktx:1.13.1) with JetifyTransform
[        ] Transforming core-ktx-1.13.1.aar (androidx.core:core-ktx:1.13.1) with ExtractAarTransform
[        ] Transforming core-ktx-1.13.1.aar (androidx.core:core-ktx:1.13.1) with LibrarySymbolTableTransform
[        ] Transforming appcompat-resources-1.2.0.aar (androidx.appcompat:appcompat-resources:1.2.0) with JetifyTransform
[        ] Transforming appcompat-resources-1.2.0.aar (androidx.appcompat:appcompat-resources:1.2.0) with ExtractAarTransform
[        ] Transforming appcompat-resources-1.2.0.aar (androidx.appcompat:appcompat-resources:1.2.0) with LibrarySymbolTableTransform
[        ] Transforming drawerlayout-1.0.0.aar (androidx.drawerlayout:drawerlayout:1.0.0) with JetifyTransform
[        ] Transforming drawerlayout-1.0.0.aar (androidx.drawerlayout:drawerlayout:1.0.0) with ExtractAarTransform
[        ] Transforming drawerlayout-1.0.0.aar (androidx.drawerlayout:drawerlayout:1.0.0) with LibrarySymbolTableTransform
[        ] Transforming drawerlayout-1.0.0.aar (androidx.drawerlayout:drawerlayout:1.0.0) with JetifyTransform
[        ] Transforming drawerlayout-1.0.0.aar (androidx.drawerlayout:drawerlayout:1.0.0) with ExtractAarTransform
[        ] Transforming drawerlayout-1.0.0.aar (androidx.drawerlayout:drawerlayout:1.0.0) with LibrarySymbolTableTransform
[        ] Transforming coordinatorlayout-1.0.0.aar (androidx.coordinatorlayout:coordinatorlayout:1.0.0) with JetifyTransform
[        ] Transforming coordinatorlayout-1.0.0.aar (androidx.coordinatorlayout:coordinatorlayout:1.0.0) with ExtractAarTransform
[        ] Transforming coordinatorlayout-1.0.0.aar (androidx.coordinatorlayout:coordinatorlayout:1.0.0) with LibrarySymbolTableTransform
[        ] Transforming customview-1.1.0.aar (androidx.customview:customview:1.1.0) with JetifyTransform
[        ] Transforming customview-1.1.0.aar (androidx.customview:customview:1.1.0) with ExtractAarTransform
[        ] Transforming customview-1.1.0.aar (androidx.customview:customview:1.1.0) with LibrarySymbolTableTransform
[        ] Transforming customview-1.1.0.aar (androidx.customview:customview:1.1.0) with JetifyTransform
[        ] Transforming customview-1.1.0.aar (androidx.customview:customview:1.1.0) with ExtractAarTransform
[        ] Transforming customview-1.1.0.aar (androidx.customview:customview:1.1.0) with LibrarySymbolTableTransform
[        ] Transforming transition-1.4.1.aar (androidx.transition:transition:1.4.1) with JetifyTransform
[        ] Transforming transition-1.4.1.aar (androidx.transition:transition:1.4.1) with ExtractAarTransform
[        ] Transforming transition-1.4.1.aar (androidx.transition:transition:1.4.1) with LibrarySymbolTableTransform
[        ] Transforming vectordrawable-animated-1.1.0.aar (androidx.vectordrawable:vectordrawable-animated:1.1.0) with JetifyTransform
[        ] Transforming vectordrawable-animated-1.1.0.aar (androidx.vectordrawable:vectordrawable-animated:1.1.0) with ExtractAarTransform
[        ] Transforming vectordrawable-animated-1.1.0.aar (androidx.vectordrawable:vectordrawable-animated:1.1.0) with LibrarySymbolTableTransform
[        ] Transforming vectordrawable-1.1.0.aar (androidx.vectordrawable:vectordrawable:1.1.0) with JetifyTransform
[        ] Transforming vectordrawable-1.1.0.aar (androidx.vectordrawable:vectordrawable:1.1.0) with ExtractAarTransform
[        ] Transforming vectordrawable-1.1.0.aar (androidx.vectordrawable:vectordrawable:1.1.0) with LibrarySymbolTableTransform
[        ] Transforming vectordrawable-1.1.0.aar (androidx.vectordrawable:vectordrawable:1.1.0) with JetifyTransform
[        ] Transforming vectordrawable-1.1.0.aar (androidx.vectordrawable:vectordrawable:1.1.0) with ExtractAarTransform
[        ] Transforming vectordrawable-1.1.0.aar (androidx.vectordrawable:vectordrawable:1.1.0) with LibrarySymbolTableTransform
[        ] Transforming swiperefreshlayout-1.0.0.aar (androidx.swiperefreshlayout:swiperefreshlayout:1.0.0) with JetifyTransform
[        ] Transforming swiperefreshlayout-1.0.0.aar (androidx.swiperefreshlayout:swiperefreshlayout:1.0.0) with ExtractAarTransform
[        ] Transforming swiperefreshlayout-1.0.0.aar (androidx.swiperefreshlayout:swiperefreshlayout:1.0.0) with LibrarySymbolTableTransform
[        ] Transforming asynclayoutinflater-1.0.0.aar (androidx.asynclayoutinflater:asynclayoutinflater:1.0.0) with JetifyTransform
[        ] Transforming asynclayoutinflater-1.0.0.aar (androidx.asynclayoutinflater:asynclayoutinflater:1.0.0) with ExtractAarTransform
[        ] Transforming asynclayoutinflater-1.0.0.aar (androidx.asynclayoutinflater:asynclayoutinflater:1.0.0) with LibrarySymbolTableTransform
[        ] Transforming core-1.13.1.aar (androidx.core:core:1.13.1) with JetifyTransform
[        ] Transforming core-1.13.1.aar (androidx.core:core:1.13.1) with ExtractAarTransform
[        ] Transforming core-1.13.1.aar (androidx.core:core:1.13.1) with LibrarySymbolTableTransform
[        ] Transforming core-1.13.1.aar (androidx.core:core:1.13.1) with JetifyTransform
[        ] Transforming core-1.13.1.aar (androidx.core:core:1.13.1) with ExtractAarTransform
[        ] Transforming core-1.13.1.aar (androidx.core:core:1.13.1) with LibrarySymbolTableTransform
[        ] Transforming lifecycle-runtime-2.7.0.aar (androidx.lifecycle:lifecycle-runtime:2.7.0) with JetifyTransform
[        ] Transforming lifecycle-runtime-2.7.0.aar (androidx.lifecycle:lifecycle-runtime:2.7.0) with ExtractAarTransform
[        ] Transforming lifecycle-runtime-2.7.0.aar (androidx.lifecycle:lifecycle-runtime:2.7.0) with LibrarySymbolTableTransform
[        ] Transforming savedstate-ktx-1.2.1.aar (androidx.savedstate:savedstate-ktx:1.2.1) with JetifyTransform
[        ] Transforming savedstate-ktx-1.2.1.aar (androidx.savedstate:savedstate-ktx:1.2.1) with ExtractAarTransform
[        ] Transforming savedstate-ktx-1.2.1.aar (androidx.savedstate:savedstate-ktx:1.2.1) with LibrarySymbolTableTransform
[        ] Transforming savedstate-1.2.1.aar (androidx.savedstate:savedstate:1.2.1) with JetifyTransform
[        ] Transforming savedstate-1.2.1.aar (androidx.savedstate:savedstate:1.2.1) with ExtractAarTransform
[        ] Transforming savedstate-1.2.1.aar (androidx.savedstate:savedstate:1.2.1) with LibrarySymbolTableTransform
[        ] Transforming lifecycle-process-2.7.0.aar (androidx.lifecycle:lifecycle-process:2.7.0) with JetifyTransform
[        ] Transforming lifecycle-process-2.7.0.aar (androidx.lifecycle:lifecycle-process:2.7.0) with ExtractAarTransform
[        ] Transforming lifecycle-process-2.7.0.aar (androidx.lifecycle:lifecycle-process:2.7.0) with LibrarySymbolTableTransform
[        ] Transforming datastore-preferences-core-release.aar (androidx.datastore:datastore-preferences-core-android:1.1.7) with JetifyTransform
[        ] Transforming datastore-preferences-core-release.aar (androidx.datastore:datastore-preferences-core-android:1.1.7) with ExtractAarTransform
[        ] Transforming datastore-preferences-core-release.aar (androidx.datastore:datastore-preferences-core-android:1.1.7) with LibrarySymbolTableTransform
[        ] Transforming datastore-core-release.aar (androidx.datastore:datastore-core-android:1.1.7) with JetifyTransform
[        ] Transforming datastore-core-release.aar (androidx.datastore:datastore-core-android:1.1.7) with ExtractAarTransform
[        ] Transforming datastore-core-release.aar (androidx.datastore:datastore-core-android:1.1.7) with LibrarySymbolTableTransform
[        ] Transforming datastore-preferences-release.aar (androidx.datastore:datastore-preferences-android:1.1.7) with JetifyTransform
[        ] Transforming datastore-preferences-release.aar (androidx.datastore:datastore-preferences-android:1.1.7) with ExtractAarTransform
[        ] Transforming datastore-preferences-release.aar (androidx.datastore:datastore-preferences-android:1.1.7) with LibrarySymbolTableTransform
[        ] Transforming datastore-release.aar (androidx.datastore:datastore-android:1.1.7) with JetifyTransform
[        ] Transforming datastore-release.aar (androidx.datastore:datastore-android:1.1.7) with ExtractAarTransform
[        ] Transforming datastore-release.aar (androidx.datastore:datastore-android:1.1.7) with LibrarySymbolTableTransform
[        ] Transforming profileinstaller-1.3.1.aar (androidx.profileinstaller:profileinstaller:1.3.1) with JetifyTransform
[        ] Transforming profileinstaller-1.3.1.aar (androidx.profileinstaller:profileinstaller:1.3.1) with ExtractAarTransform
[        ] Transforming profileinstaller-1.3.1.aar (androidx.profileinstaller:profileinstaller:1.3.1) with LibrarySymbolTableTransform
[        ] Transforming startup-runtime-1.1.1.aar (androidx.startup:startup-runtime:1.1.1) with JetifyTransform
[        ] Transforming startup-runtime-1.1.1.aar (androidx.startup:startup-runtime:1.1.1) with ExtractAarTransform
[        ] Transforming startup-runtime-1.1.1.aar (androidx.startup:startup-runtime:1.1.1) with LibrarySymbolTableTransform
[        ] Transforming tracing-1.2.0.aar (androidx.tracing:tracing:1.2.0) with JetifyTransform
[        ] Transforming tracing-1.2.0.aar (androidx.tracing:tracing:1.2.0) with ExtractAarTransform
[        ] Transforming tracing-1.2.0.aar (androidx.tracing:tracing:1.2.0) with LibrarySymbolTableTransform
[        ] Transforming exifinterface-1.4.1.aar (androidx.exifinterface:exifinterface:1.4.1) with JetifyTransform
[        ] Transforming exifinterface-1.4.1.aar (androidx.exifinterface:exifinterface:1.4.1) with ExtractAarTransform
[        ] Transforming exifinterface-1.4.1.aar (androidx.exifinterface:exifinterface:1.4.1) with LibrarySymbolTableTransform
[        ] Transforming room-runtime-2.2.5.aar (androidx.room:room-runtime:2.2.5) with JetifyTransform
[        ] Transforming room-runtime-2.2.5.aar (androidx.room:room-runtime:2.2.5) with ExtractAarTransform
[        ] Transforming room-runtime-2.2.5.aar (androidx.room:room-runtime:2.2.5) with LibrarySymbolTableTransform
[        ] Transforming core-runtime-2.2.0.aar (androidx.arch.core:core-runtime:2.2.0) with JetifyTransform
[        ] Transforming core-runtime-2.2.0.aar (androidx.arch.core:core-runtime:2.2.0) with ExtractAarTransform
[        ] Transforming core-runtime-2.2.0.aar (androidx.arch.core:core-runtime:2.2.0) with LibrarySymbolTableTransform
[        ] Transforming core-runtime-2.2.0.aar (androidx.arch.core:core-runtime:2.2.0) with JetifyTransform
[        ] Transforming core-runtime-2.2.0.aar (androidx.arch.core:core-runtime:2.2.0) with ExtractAarTransform
[        ] Transforming core-runtime-2.2.0.aar (androidx.arch.core:core-runtime:2.2.0) with LibrarySymbolTableTransform
[        ] Transforming versionedparcelable-1.1.1.aar (androidx.versionedparcelable:versionedparcelable:1.1.1) with JetifyTransform
[        ] Transforming versionedparcelable-1.1.1.aar (androidx.versionedparcelable:versionedparcelable:1.1.1) with ExtractAarTransform
[        ] Transforming versionedparcelable-1.1.1.aar (androidx.versionedparcelable:versionedparcelable:1.1.1) with LibrarySymbolTableTransform
[        ] Transforming interpolator-1.0.0.aar (androidx.interpolator:interpolator:1.0.0) with JetifyTransform
[        ] Transforming interpolator-1.0.0.aar (androidx.interpolator:interpolator:1.0.0) with ExtractAarTransform
[        ] Transforming interpolator-1.0.0.aar (androidx.interpolator:interpolator:1.0.0) with LibrarySymbolTableTransform
[        ] Transforming interpolator-1.0.0.aar (androidx.interpolator:interpolator:1.0.0) with JetifyTransform
[        ] Transforming interpolator-1.0.0.aar (androidx.interpolator:interpolator:1.0.0) with ExtractAarTransform
[        ] Transforming interpolator-1.0.0.aar (androidx.interpolator:interpolator:1.0.0) with LibrarySymbolTableTransform
[        ] Transforming cursoradapter-1.0.0.aar (androidx.cursoradapter:cursoradapter:1.0.0) with JetifyTransform
[        ] Transforming cursoradapter-1.0.0.aar (androidx.cursoradapter:cursoradapter:1.0.0) with ExtractAarTransform
[        ] Transforming cursoradapter-1.0.0.aar (androidx.cursoradapter:cursoradapter:1.0.0) with LibrarySymbolTableTransform
[        ] Transforming cursoradapter-1.0.0.aar (androidx.cursoradapter:cursoradapter:1.0.0) with JetifyTransform
[        ] Transforming cursoradapter-1.0.0.aar (androidx.cursoradapter:cursoradapter:1.0.0) with ExtractAarTransform
[        ] Transforming cursoradapter-1.0.0.aar (androidx.cursoradapter:cursoradapter:1.0.0) with LibrarySymbolTableTransform
[        ] Transforming core-1.0.0.aar (androidx.window.extensions.core:core:1.0.0) with JetifyTransform
[        ] Transforming core-1.0.0.aar (androidx.window.extensions.core:core:1.0.0) with ExtractAarTransform
[        ] Transforming core-1.0.0.aar (androidx.window.extensions.core:core:1.0.0) with LibrarySymbolTableTransform
[        ] Transforming sqlite-framework-2.1.0.aar (androidx.sqlite:sqlite-framework:2.1.0) with JetifyTransform
[        ] Transforming sqlite-framework-2.1.0.aar (androidx.sqlite:sqlite-framework:2.1.0) with ExtractAarTransform
[        ] Transforming sqlite-framework-2.1.0.aar (androidx.sqlite:sqlite-framework:2.1.0) with LibrarySymbolTableTransform
[        ] Transforming sqlite-framework-2.1.0.aar (androidx.sqlite:sqlite-framework:2.1.0) with JetifyTransform
[        ] Transforming sqlite-framework-2.1.0.aar (androidx.sqlite:sqlite-framework:2.1.0) with ExtractAarTransform
[        ] Transforming sqlite-framework-2.1.0.aar (androidx.sqlite:sqlite-framework:2.1.0) with LibrarySymbolTableTransform
[        ] Transforming sqlite-2.1.0.aar (androidx.sqlite:sqlite:2.1.0) with JetifyTransform
[        ] Transforming sqlite-2.1.0.aar (androidx.sqlite:sqlite:2.1.0) with ExtractAarTransform
[        ] Transforming sqlite-2.1.0.aar (androidx.sqlite:sqlite:2.1.0) with LibrarySymbolTableTransform
[        ] Transforming sqlite-2.1.0.aar (androidx.sqlite:sqlite:2.1.0) with JetifyTransform
[        ] Transforming sqlite-2.1.0.aar (androidx.sqlite:sqlite:2.1.0) with ExtractAarTransform
[        ] Transforming sqlite-2.1.0.aar (androidx.sqlite:sqlite:2.1.0) with LibrarySymbolTableTransform
[        ] Transforming documentfile-1.0.0.aar (androidx.documentfile:documentfile:1.0.0) with JetifyTransform
[        ] Transforming documentfile-1.0.0.aar (androidx.documentfile:documentfile:1.0.0) with ExtractAarTransform
[        ] Transforming documentfile-1.0.0.aar (androidx.documentfile:documentfile:1.0.0) with LibrarySymbolTableTransform
[        ] Transforming localbroadcastmanager-1.0.0.aar (androidx.localbroadcastmanager:localbroadcastmanager:1.0.0) with JetifyTransform
[        ] Transforming localbroadcastmanager-1.0.0.aar (androidx.localbroadcastmanager:localbroadcastmanager:1.0.0) with ExtractAarTransform
[        ] Transforming localbroadcastmanager-1.0.0.aar (androidx.localbroadcastmanager:localbroadcastmanager:1.0.0) with LibrarySymbolTableTransform
[        ] Transforming print-1.0.0.aar (androidx.print:print:1.0.0) with JetifyTransform
[        ] Transforming print-1.0.0.aar (androidx.print:print:1.0.0) with ExtractAarTransform
[        ] Transforming print-1.0.0.aar (androidx.print:print:1.0.0) with LibrarySymbolTableTransform
[        ] Transforming annotation-experimental-1.4.0.aar (androidx.annotation:annotation-experimental:1.4.0) with JetifyTransform
[        ] Transforming annotation-experimental-1.4.0.aar (androidx.annotation:annotation-experimental:1.4.0) with ExtractAarTransform
[        ] Transforming annotation-experimental-1.4.0.aar (androidx.annotation:annotation-experimental:1.4.0) with LibrarySymbolTableTransform
[        ] Transforming relinker-1.4.5.aar (com.getkeepsafe.relinker:relinker:1.4.5) with JetifyTransform
[        ] Transforming relinker-1.4.5.aar (com.getkeepsafe.relinker:relinker:1.4.5) with ExtractAarTransform
[        ] Transforming relinker-1.4.5.aar (com.getkeepsafe.relinker:relinker:1.4.5) with LibrarySymbolTableTransform
[        ] Caching disabled for task ':app:processDebugResources' because:
[        ]   Build cache is disabled
[        ] Skipping task ':app:processDebugResources' as it is up-to-date.
[        ] Resolve mutations for :gal:checkKotlinGradlePluginConfigurationErrors (Thread[#8282,included builds,5,main]) started.
[        ] :gal:checkKotlinGradlePluginConfigurationErrors (Thread[#8282,included builds,5,main]) started.
[        ] > Task :gal:checkKotlinGradlePluginConfigurationErrors SKIPPED
[        ] Skipping task ':gal:checkKotlinGradlePluginConfigurationErrors' as task onlyIf 'errorDiagnostics are present' is false.
[        ] Resolve mutations for :gal:compileDebugKotlin (Thread[#8282,included builds,5,main]) started.
[        ] :gal:compileDebugKotlin (Thread[#8282,included builds,5,main]) started.
[        ] > Task :gal:compileDebugKotlin NO-SOURCE
[        ] Skipping task ':gal:compileDebugKotlin' as it has no source files and no previous output files.
[        ] Resolve mutations for :gal:javaPreCompileDebug (Thread[#8282,included builds,5,main]) started.
[        ] :gal:javaPreCompileDebug (Thread[#8296,Execution worker Thread 14,5,main]) started.
[        ] > Task :gal:javaPreCompileDebug UP-TO-DATE
[        ] Caching disabled for task ':gal:javaPreCompileDebug' because:
[        ]   Build cache is disabled
[        ] Skipping task ':gal:javaPreCompileDebug' as it is up-to-date.
[        ] Resolve mutations for :gal:compileDebugJavaWithJavac (Thread[#8296,Execution worker Thread 14,5,main]) started.
[        ] :gal:compileDebugJavaWithJavac (Thread[#8296,Execution worker Thread 14,5,main]) started.
[        ] > Task :gal:compileDebugJavaWithJavac UP-TO-DATE
[        ] Transforming fragment-1.7.1.aar (androidx.fragment:fragment:1.7.1) with JetifyTransform
[        ] Transforming fragment-1.7.1.aar (androidx.fragment:fragment:1.7.1) with AarToClassTransform
[        ] Transforming activity-1.8.1.aar (androidx.activity:activity:1.8.1) with JetifyTransform
[        ] Transforming activity-1.8.1.aar (androidx.activity:activity:1.8.1) with AarToClassTransform
[        ] Transforming loader-1.0.0.aar (androidx.loader:loader:1.0.0) with JetifyTransform
[        ] Transforming loader-1.0.0.aar (androidx.loader:loader:1.0.0) with AarToClassTransform
[        ] Transforming lifecycle-livedata-core-ktx-2.7.0.aar (androidx.lifecycle:lifecycle-livedata-core-ktx:2.7.0) with JetifyTransform
[        ] Transforming lifecycle-livedata-core-ktx-2.7.0.aar (androidx.lifecycle:lifecycle-livedata-core-ktx:2.7.0) with AarToClassTransform
[        ] Transforming flutter_embedding_debug-1.0.0-77e2e94772b6eb43759e34ed1ad7da4674e19cab.jar (io.flutter:flutter_embedding_debug:1.0.0-77e2e94772b6eb43759e34ed1ad7da4674e19cab) with JetifyTransform
[        ] Transforming lifecycle-livedata-2.7.0.aar (androidx.lifecycle:lifecycle-livedata:2.7.0) with JetifyTransform
[        ] Transforming flutter_embedding_debug-1.0.0-77e2e94772b6eb43759e34ed1ad7da4674e19cab.jar (io.flutter:flutter_embedding_debug:1.0.0-77e2e94772b6eb43759e34ed1ad7da4674e19cab) with IdentityTransform
[        ] Transforming lifecycle-livedata-2.7.0.aar (androidx.lifecycle:lifecycle-livedata:2.7.0) with AarToClassTransform
[        ] Transforming lifecycle-viewmodel-2.7.0.aar (androidx.lifecycle:lifecycle-viewmodel:2.7.0) with JetifyTransform
[        ] Transforming lifecycle-viewmodel-2.7.0.aar (androidx.lifecycle:lifecycle-viewmodel:2.7.0) with AarToClassTransform
[        ] Transforming lifecycle-viewmodel-2.7.0.aar (androidx.lifecycle:lifecycle-viewmodel:2.7.0) with JetifyTransform
[        ] Transforming lifecycle-viewmodel-2.7.0.aar (androidx.lifecycle:lifecycle-viewmodel:2.7.0) with AarToClassTransform
[        ] Transforming lifecycle-livedata-core-2.7.0.aar (androidx.lifecycle:lifecycle-livedata-core:2.7.0) with JetifyTransform
[        ] Transforming lifecycle-livedata-core-2.7.0.aar (androidx.lifecycle:lifecycle-livedata-core:2.7.0) with AarToClassTransform
[        ] Transforming lifecycle-viewmodel-savedstate-2.7.0.aar (androidx.lifecycle:lifecycle-viewmodel-savedstate:2.7.0) with JetifyTransform
[        ] Transforming lifecycle-viewmodel-savedstate-2.7.0.aar (androidx.lifecycle:lifecycle-viewmodel-savedstate:2.7.0) with AarToClassTransform
[        ] Transforming core-ktx-1.13.1.aar (androidx.core:core-ktx:1.13.1) with JetifyTransform
[        ] Transforming core-ktx-1.13.1.aar (androidx.core:core-ktx:1.13.1) with AarToClassTransform
[        ] Transforming viewpager-1.0.0.aar (androidx.viewpager:viewpager:1.0.0) with JetifyTransform
[        ] Transforming viewpager-1.0.0.aar (androidx.viewpager:viewpager:1.0.0) with AarToClassTransform
[        ] Transforming core-1.13.1.aar (androidx.core:core:1.13.1) with JetifyTransform
[        ] Transforming core-1.13.1.aar (androidx.core:core:1.13.1) with AarToClassTransform
[        ] Transforming core-1.13.1.aar (androidx.core:core:1.13.1) with JetifyTransform
[        ] Transforming core-1.13.1.aar (androidx.core:core:1.13.1) with AarToClassTransform
[        ] Transforming lifecycle-runtime-2.7.0.aar (androidx.lifecycle:lifecycle-runtime:2.7.0) with JetifyTransform
[        ] Transforming lifecycle-runtime-2.7.0.aar (androidx.lifecycle:lifecycle-runtime:2.7.0) with AarToClassTransform
[        ] Transforming lifecycle-process-2.7.0.aar (androidx.lifecycle:lifecycle-process:2.7.0) with JetifyTransform
[        ] Transforming lifecycle-process-2.7.0.aar (androidx.lifecycle:lifecycle-process:2.7.0) with AarToClassTransform
[        ] Transforming window-1.2.0.aar (androidx.window:window:1.2.0) with JetifyTransform
[        ] Transforming customview-1.0.0.aar (androidx.customview:customview:1.0.0) with JetifyTransform
[        ] Transforming window-1.2.0.aar (androidx.window:window:1.2.0) with AarToClassTransform
[        ] Transforming customview-1.0.0.aar (androidx.customview:customview:1.0.0) with AarToClassTransform
[        ] Transforming lifecycle-common-java8-2.7.0.jar (androidx.lifecycle:lifecycle-common-java8:2.7.0) with JetifyTransform
[        ] Transforming window-java-1.2.0.aar (androidx.window:window-java:1.2.0) with JetifyTransform
[        ] Transforming lifecycle-common-java8-2.7.0.jar (androidx.lifecycle:lifecycle-common-java8:2.7.0) with IdentityTransform
[        ] Transforming lifecycle-common-2.7.0.jar (androidx.lifecycle:lifecycle-common:2.7.0) with JetifyTransform
[        ] Transforming window-java-1.2.0.aar (androidx.window:window-java:1.2.0) with AarToClassTransform
[        ] Transforming lifecycle-common-2.7.0.jar (androidx.lifecycle:lifecycle-common:2.7.0) with IdentityTransform
[        ] Transforming annotation-experimental-1.4.0.aar (androidx.annotation:annotation-experimental:1.4.0) with JetifyTransform
[        ] Transforming annotation-experimental-1.4.0.aar (androidx.annotation:annotation-experimental:1.4.0) with AarToClassTransform
[        ] Transforming savedstate-1.2.1.aar (androidx.savedstate:savedstate:1.2.1) with JetifyTransform
[        ] Transforming savedstate-1.2.1.aar (androidx.savedstate:savedstate:1.2.1) with AarToClassTransform
[        ] Transforming core-runtime-2.2.0.aar (androidx.arch.core:core-runtime:2.2.0) with JetifyTransform
[        ] Transforming core-runtime-2.2.0.aar (androidx.arch.core:core-runtime:2.2.0) with AarToClassTransform
[        ] Transforming versionedparcelable-1.1.1.aar (androidx.versionedparcelable:versionedparcelable:1.1.1) with JetifyTransform
[        ] Transforming versionedparcelable-1.1.1.aar (androidx.versionedparcelable:versionedparcelable:1.1.1) with AarToClassTransform
[        ] Transforming annotations-23.0.0.jar (org.jetbrains:annotations:23.0.0) with JetifyTransform
[        ] Transforming core-common-2.2.0.jar (androidx.arch.core:core-common:2.2.0) with JetifyTransform
[        ] Transforming annotations-23.0.0.jar (org.jetbrains:annotations:23.0.0) with IdentityTransform
[        ] Transforming core-common-2.2.0.jar (androidx.arch.core:core-common:2.2.0) with IdentityTransform
[        ] Transforming startup-runtime-1.1.1.aar (androidx.startup:startup-runtime:1.1.1) with JetifyTransform
[        ] Transforming startup-runtime-1.1.1.aar (androidx.startup:startup-runtime:1.1.1) with AarToClassTransform
[        ] Transforming tracing-1.2.0.aar (androidx.tracing:tracing:1.2.0) with JetifyTransform
[        ] Transforming tracing-1.2.0.aar (androidx.tracing:tracing:1.2.0) with AarToClassTransform
[        ] Transforming relinker-1.4.5.aar (com.getkeepsafe.relinker:relinker:1.4.5) with JetifyTransform
[        ] Transforming relinker-1.4.5.aar (com.getkeepsafe.relinker:relinker:1.4.5) with AarToClassTransform
[        ] Transforming exifinterface-1.4.1.aar (androidx.exifinterface:exifinterface:1.4.1) with JetifyTransform
[        ] Transforming exifinterface-1.4.1.aar (androidx.exifinterface:exifinterface:1.4.1) with AarToClassTransform
[        ] Transforming kotlinx-coroutines-android-1.7.1.jar (org.jetbrains.kotlinx:kotlinx-coroutines-android:1.7.1) with JetifyTransform
[        ] Transforming kotlinx-coroutines-android-1.7.1.jar (org.jetbrains.kotlinx:kotlinx-coroutines-android:1.7.1) with IdentityTransform
[        ] Transforming kotlin-stdlib-jdk8-1.8.20.jar (org.jetbrains.kotlin:kotlin-stdlib-jdk8:1.8.20) with JetifyTransform
[        ] Transforming kotlin-stdlib-jdk8-1.8.20.jar (org.jetbrains.kotlin:kotlin-stdlib-jdk8:1.8.20) with IdentityTransform
[        ] Transforming collection-1.1.0.jar (androidx.collection:collection:1.1.0) with JetifyTransform
[        ] Transforming collection-1.1.0.jar (androidx.collection:collection:1.1.0) with IdentityTransform
[        ] Transforming kotlin-stdlib-2.0.0.jar (org.jetbrains.kotlin:kotlin-stdlib:2.0.0) with JetifyTransform
[        ] Transforming kotlin-stdlib-2.0.0.jar (org.jetbrains.kotlin:kotlin-stdlib:2.0.0) with IdentityTransform
[        ] Transforming commons-imaging-1.0-alpha3.jar (org.apache.commons:commons-imaging:1.0-alpha3) with JetifyTransform
[        ] Transforming commons-imaging-1.0-alpha3.jar (org.apache.commons:commons-imaging:1.0-alpha3) with IdentityTransform
[        ] Transforming jspecify-1.0.0.jar (org.jspecify:jspecify:1.0.0) with JetifyTransform
[        ] Transforming jspecify-1.0.0.jar (org.jspecify:jspecify:1.0.0) with IdentityTransform
[        ] Transforming kotlin-stdlib-jdk7-1.8.20.jar (org.jetbrains.kotlin:kotlin-stdlib-jdk7:1.8.20) with JetifyTransform
[        ] Transforming kotlin-stdlib-jdk7-1.8.20.jar (org.jetbrains.kotlin:kotlin-stdlib-jdk7:1.8.20) with IdentityTransform
[        ] Transforming annotation-jvm-1.8.1.jar (androidx.annotation:annotation-jvm:1.8.1) with JetifyTransform
[        ] Transforming annotation-jvm-1.8.1.jar (androidx.annotation:annotation-jvm:1.8.1) with IdentityTransform
[        ] Transforming kotlinx-coroutines-core-jvm-1.7.1.jar (org.jetbrains.kotlinx:kotlinx-coroutines-core-jvm:1.7.1) with JetifyTransform
[        ] Transforming kotlinx-coroutines-core-jvm-1.7.1.jar (org.jetbrains.kotlinx:kotlinx-coroutines-core-jvm:1.7.1) with IdentityTransform
[        ] Transforming core-for-system-modules.jar with JdkImageTransform
[        ] Transforming core-for-system-modules.jar with JdkImageTransform
[        ] Transforming core-for-system-modules.jar with JdkImageTransform
[        ] Transforming core-for-system-modules.jar with JdkImageTransform
[        ] Transforming core-for-system-modules.jar with JdkImageTransform
[        ] Transforming core-for-system-modules.jar with JdkImageTransform
[        ] Custom actions are attached to task ':gal:compileDebugJavaWithJavac'.
[        ] Caching disabled for task ':gal:compileDebugJavaWithJavac' because:
[        ]   Build cache is disabled
[        ] Skipping task ':gal:compileDebugJavaWithJavac' as it is up-to-date.
[        ] No compile result for :gal:compileDebugJavaWithJavac
[        ] No compile result for :gal:compileDebugJavaWithJavac
[        ] No compile result for :gal:compileDebugJavaWithJavac
[        ] Resolve mutations for :gal:bundleLibCompileToJarDebug (Thread[#8296,Execution worker Thread 14,5,main]) started.
[        ] :gal:bundleLibCompileToJarDebug (Thread[#8305,Execution worker Thread 22,5,main]) started.
[        ] > Task :gal:bundleLibCompileToJarDebug UP-TO-DATE
[        ] Caching disabled for task ':gal:bundleLibCompileToJarDebug' because:
[        ]   Build cache is disabled
[        ]   Simple merging task
[        ] Skipping task ':gal:bundleLibCompileToJarDebug' as it is up-to-date.
[        ] work action resolve classes.jar (project :gal) (Thread[#8305,Execution worker Thread 22,5,main]) started.
[        ] Resolve mutations for :google_mobile_ads:checkKotlinGradlePluginConfigurationErrors (Thread[#8305,Execution worker Thread 22,5,main]) started.
[        ] :google_mobile_ads:checkKotlinGradlePluginConfigurationErrors (Thread[#8305,Execution worker Thread 22,5,main]) started.
[        ] > Task :google_mobile_ads:checkKotlinGradlePluginConfigurationErrors SKIPPED
[        ] Skipping task ':google_mobile_ads:checkKotlinGradlePluginConfigurationErrors' as task onlyIf 'errorDiagnostics are present' is false.
[        ] Resolve mutations for :webview_flutter_android:checkKotlinGradlePluginConfigurationErrors (Thread[#8305,Execution worker Thread 22,5,main]) started.
[        ] :webview_flutter_android:checkKotlinGradlePluginConfigurationErrors (Thread[#8305,Execution worker Thread 22,5,main]) started.
[        ] > Task :webview_flutter_android:checkKotlinGradlePluginConfigurationErrors SKIPPED
[        ] Skipping task ':webview_flutter_android:checkKotlinGradlePluginConfigurationErrors' as task onlyIf 'errorDiagnostics are present' is false.
[        ] Resolve mutations for :webview_flutter_android:compileDebugKotlin (Thread[#8297,Execution worker Thread 15,5,main]) started.
[        ] :webview_flutter_android:compileDebugKotlin (Thread[#8297,Execution worker Thread 15,5,main]) started.
[        ] > Task :webview_flutter_android:compileDebugKotlin UP-TO-DATE
[        ] Transforming flutter_embedding_debug-1.0.0-77e2e94772b6eb43759e34ed1ad7da4674e19cab.jar (io.flutter:flutter_embedding_debug:1.0.0-77e2e94772b6eb43759e34ed1ad7da4674e19cab) with JetifyTransform
[        ] Transforming flutter_embedding_debug-1.0.0-77e2e94772b6eb43759e34ed1ad7da4674e19cab.jar (io.flutter:flutter_embedding_debug:1.0.0-77e2e94772b6eb43759e34ed1ad7da4674e19cab) with IdentityTransform
[        ] Transforming fragment-1.7.1.aar (androidx.fragment:fragment:1.7.1) with JetifyTransform
[        ] Transforming fragment-1.7.1.aar (androidx.fragment:fragment:1.7.1) with AarToClassTransform
[        ] Transforming webkit-1.15.0.aar (androidx.webkit:webkit:1.15.0) with JetifyTransform
[        ] Transforming webkit-1.15.0.aar (androidx.webkit:webkit:1.15.0) with AarToClassTransform
[        ] Transforming activity-1.8.1.aar (androidx.activity:activity:1.8.1) with JetifyTransform
[        ] Transforming activity-1.8.1.aar (androidx.activity:activity:1.8.1) with AarToClassTransform
[        ] Transforming loader-1.0.0.aar (androidx.loader:loader:1.0.0) with JetifyTransform
[        ] Transforming loader-1.0.0.aar (androidx.loader:loader:1.0.0) with AarToClassTransform
[        ] Transforming lifecycle-livedata-core-ktx-2.7.0.aar (androidx.lifecycle:lifecycle-livedata-core-ktx:2.7.0) with JetifyTransform
[        ] Transforming lifecycle-livedata-core-ktx-2.7.0.aar (androidx.lifecycle:lifecycle-livedata-core-ktx:2.7.0) with AarToClassTransform
[        ] Transforming lifecycle-livedata-2.7.0.aar (androidx.lifecycle:lifecycle-livedata:2.7.0) with JetifyTransform
[        ] Transforming lifecycle-livedata-2.7.0.aar (androidx.lifecycle:lifecycle-livedata:2.7.0) with AarToClassTransform
[        ] Transforming lifecycle-viewmodel-2.7.0.aar (androidx.lifecycle:lifecycle-viewmodel:2.7.0) with JetifyTransform
[        ] Transforming lifecycle-viewmodel-2.7.0.aar (androidx.lifecycle:lifecycle-viewmodel:2.7.0) with AarToClassTransform
[        ] Transforming lifecycle-viewmodel-2.7.0.aar (androidx.lifecycle:lifecycle-viewmodel:2.7.0) with JetifyTransform
[        ] Transforming lifecycle-viewmodel-2.7.0.aar (androidx.lifecycle:lifecycle-viewmodel:2.7.0) with AarToClassTransform
[        ] Transforming lifecycle-livedata-core-2.7.0.aar (androidx.lifecycle:lifecycle-livedata-core:2.7.0) with JetifyTransform
[        ] Transforming lifecycle-livedata-core-2.7.0.aar (androidx.lifecycle:lifecycle-livedata-core:2.7.0) with AarToClassTransform
[        ] Transforming lifecycle-viewmodel-savedstate-2.7.0.aar (androidx.lifecycle:lifecycle-viewmodel-savedstate:2.7.0) with JetifyTransform
[        ] Transforming lifecycle-viewmodel-savedstate-2.7.0.aar (androidx.lifecycle:lifecycle-viewmodel-savedstate:2.7.0) with AarToClassTransform
[        ] Transforming core-ktx-1.13.1.aar (androidx.core:core-ktx:1.13.1) with JetifyTransform
[        ] Transforming core-ktx-1.13.1.aar (androidx.core:core-ktx:1.13.1) with AarToClassTransform
[        ] Transforming viewpager-1.0.0.aar (androidx.viewpager:viewpager:1.0.0) with JetifyTransform
[        ] Transforming viewpager-1.0.0.aar (androidx.viewpager:viewpager:1.0.0) with AarToClassTransform
[        ] Transforming customview-1.0.0.aar (androidx.customview:customview:1.0.0) with JetifyTransform
[        ] Transforming customview-1.0.0.aar (androidx.customview:customview:1.0.0) with AarToClassTransform
[        ] Transforming core-1.13.1.aar (androidx.core:core:1.13.1) with JetifyTransform
[        ] Transforming core-1.13.1.aar (androidx.core:core:1.13.1) with AarToClassTransform
[        ] Transforming core-1.13.1.aar (androidx.core:core:1.13.1) with JetifyTransform
[        ] Transforming core-1.13.1.aar (androidx.core:core:1.13.1) with AarToClassTransform
[        ] Transforming lifecycle-runtime-2.7.0.aar (androidx.lifecycle:lifecycle-runtime:2.7.0) with JetifyTransform
[        ] Transforming lifecycle-runtime-2.7.0.aar (androidx.lifecycle:lifecycle-runtime:2.7.0) with AarToClassTransform
[        ] Transforming lifecycle-process-2.7.0.aar (androidx.lifecycle:lifecycle-process:2.7.0) with JetifyTransform
[        ] Transforming lifecycle-process-2.7.0.aar (androidx.lifecycle:lifecycle-process:2.7.0) with AarToClassTransform
[        ] Transforming lifecycle-common-java8-2.7.0.jar (androidx.lifecycle:lifecycle-common-java8:2.7.0) with JetifyTransform
[        ] Transforming lifecycle-common-java8-2.7.0.jar (androidx.lifecycle:lifecycle-common-java8:2.7.0) with IdentityTransform
[        ] Transforming lifecycle-common-2.7.0.jar (androidx.lifecycle:lifecycle-common:2.7.0) with JetifyTransform
[        ] Transforming lifecycle-common-2.7.0.jar (androidx.lifecycle:lifecycle-common:2.7.0) with IdentityTransform
[        ] Transforming window-1.2.0.aar (androidx.window:window:1.2.0) with JetifyTransform
[        ] Transforming window-1.2.0.aar (androidx.window:window:1.2.0) with AarToClassTransform
[        ] Transforming window-java-1.2.0.aar (androidx.window:window-java:1.2.0) with JetifyTransform
[        ] Transforming window-java-1.2.0.aar (androidx.window:window-java:1.2.0) with AarToClassTransform
[        ] Transforming core-runtime-2.2.0.aar (androidx.arch.core:core-runtime:2.2.0) with JetifyTransform
[        ] Transforming core-runtime-2.2.0.aar (androidx.arch.core:core-runtime:2.2.0) with AarToClassTransform
[        ] Transforming core-common-2.2.0.jar (androidx.arch.core:core-common:2.2.0) with JetifyTransform
[        ] Transforming core-common-2.2.0.jar (androidx.arch.core:core-common:2.2.0) with IdentityTransform
[        ] Transforming versionedparcelable-1.1.1.aar (androidx.versionedparcelable:versionedparcelable:1.1.1) with JetifyTransform
[        ] Transforming versionedparcelable-1.1.1.aar (androidx.versionedparcelable:versionedparcelable:1.1.1) with AarToClassTransform
[        ] Transforming collection-1.1.0.jar (androidx.collection:collection:1.1.0) with JetifyTransform
[        ] Transforming collection-1.1.0.jar (androidx.collection:collection:1.1.0) with IdentityTransform
[        ] Transforming savedstate-1.2.1.aar (androidx.savedstate:savedstate:1.2.1) with JetifyTransform
[        ] Transforming savedstate-1.2.1.aar (androidx.savedstate:savedstate:1.2.1) with AarToClassTransform
[        ] Transforming annotation-experimental-1.4.0.aar (androidx.annotation:annotation-experimental:1.4.0) with JetifyTransform
[        ] Transforming annotation-experimental-1.4.0.aar (androidx.annotation:annotation-experimental:1.4.0) with AarToClassTransform
[        ] Transforming kotlinx-coroutines-android-1.7.1.jar (org.jetbrains.kotlinx:kotlinx-coroutines-android:1.7.1) with JetifyTransform
[        ] Transforming kotlinx-coroutines-android-1.7.1.jar (org.jetbrains.kotlinx:kotlinx-coroutines-android:1.7.1) with IdentityTransform
[        ] Transforming kotlinx-coroutines-core-jvm-1.7.1.jar (org.jetbrains.kotlinx:kotlinx-coroutines-core-jvm:1.7.1) with JetifyTransform
[        ] Transforming kotlinx-coroutines-core-jvm-1.7.1.jar (org.jetbrains.kotlinx:kotlinx-coroutines-core-jvm:1.7.1) with IdentityTransform
[        ] Transforming kotlin-stdlib-jdk8-1.8.20.jar (org.jetbrains.kotlin:kotlin-stdlib-jdk8:1.8.20) with JetifyTransform
[        ] Transforming kotlin-stdlib-jdk8-1.8.20.jar (org.jetbrains.kotlin:kotlin-stdlib-jdk8:1.8.20) with IdentityTransform
[        ] Transforming kotlin-stdlib-jdk7-1.8.20.jar (org.jetbrains.kotlin:kotlin-stdlib-jdk7:1.8.20) with JetifyTransform
[        ] Transforming kotlin-stdlib-jdk7-1.8.20.jar (org.jetbrains.kotlin:kotlin-stdlib-jdk7:1.8.20) with IdentityTransform
[        ] Transforming kotlin-stdlib-2.1.20.jar (org.jetbrains.kotlin:kotlin-stdlib:2.1.20) with JetifyTransform
[        ] Transforming annotation-jvm-1.10.0.jar (androidx.annotation:annotation-jvm:1.10.0) with JetifyTransform
[        ] Transforming kotlin-stdlib-2.1.20.jar (org.jetbrains.kotlin:kotlin-stdlib:2.1.20) with IdentityTransform
[        ] Transforming annotation-jvm-1.10.0.jar (androidx.annotation:annotation-jvm:1.10.0) with IdentityTransform
[        ] Transforming annotations-23.0.0.jar (org.jetbrains:annotations:23.0.0) with JetifyTransform
[        ] Transforming annotations-23.0.0.jar (org.jetbrains:annotations:23.0.0) with IdentityTransform
[        ] Transforming startup-runtime-1.1.1.aar (androidx.startup:startup-runtime:1.1.1) with JetifyTransform
[        ] Transforming startup-runtime-1.1.1.aar (androidx.startup:startup-runtime:1.1.1) with AarToClassTransform
[        ] Transforming tracing-1.2.0.aar (androidx.tracing:tracing:1.2.0) with JetifyTransform
[        ] Transforming tracing-1.2.0.aar (androidx.tracing:tracing:1.2.0) with AarToClassTransform
[        ] Transforming relinker-1.4.5.aar (com.getkeepsafe.relinker:relinker:1.4.5) with JetifyTransform
[        ] Transforming relinker-1.4.5.aar (com.getkeepsafe.relinker:relinker:1.4.5) with AarToClassTransform
[        ] Transforming exifinterface-1.4.1.aar (androidx.exifinterface:exifinterface:1.4.1) with JetifyTransform
[        ] Transforming exifinterface-1.4.1.aar (androidx.exifinterface:exifinterface:1.4.1) with AarToClassTransform
[        ] Transforming jspecify-1.0.0.jar (org.jspecify:jspecify:1.0.0) with JetifyTransform
[        ] Transforming jspecify-1.0.0.jar (org.jspecify:jspecify:1.0.0) with IdentityTransform
[        ] GradleBuildProject.Builder should not be accessed through AnalyticsConfiguratorService after AnalyticsService is created. Analytics information of this build might be incomplete.
[        ] Transforming R.jar with BuildToolsApiClasspathEntrySnapshotTransform
[        ] Transforming jetified-flutter_embedding_debug-1.0.0-77e2e94772b6eb43759e34ed1ad7da4674e19cab.jar with BuildToolsApiClasspathEntrySnapshotTransform
[        ] Transforming fragment-1.7.1-api.jar with BuildToolsApiClasspathEntrySnapshotTransform
[        ] Transforming webkit-1.15.0-api.jar with BuildToolsApiClasspathEntrySnapshotTransform
[        ] Transforming jetified-activity-1.8.1-api.jar with BuildToolsApiClasspathEntrySnapshotTransform
[        ] Transforming loader-1.0.0-api.jar with BuildToolsApiClasspathEntrySnapshotTransform
[        ] Transforming jetified-lifecycle-livedata-core-ktx-2.7.0-api.jar with BuildToolsApiClasspathEntrySnapshotTransform
[        ] Transforming lifecycle-livedata-2.7.0-api.jar with BuildToolsApiClasspathEntrySnapshotTransform
[        ] Transforming lifecycle-viewmodel-2.7.0-api.jar with BuildToolsApiClasspathEntrySnapshotTransform
[        ] Transforming lifecycle-livedata-core-2.7.0-api.jar with BuildToolsApiClasspathEntrySnapshotTransform
[        ] Transforming jetified-lifecycle-viewmodel-savedstate-2.7.0-api.jar with BuildToolsApiClasspathEntrySnapshotTransform
[        ] Transforming jetified-core-ktx-1.13.1-api.jar with BuildToolsApiClasspathEntrySnapshotTransform
[        ] Transforming viewpager-1.0.0-api.jar with BuildToolsApiClasspathEntrySnapshotTransform
[        ] Transforming customview-1.0.0-api.jar with BuildToolsApiClasspathEntrySnapshotTransform
[        ] Transforming core-1.13.1-api.jar with BuildToolsApiClasspathEntrySnapshotTransform
[        ] Transforming lifecycle-runtime-2.7.0-api.jar with BuildToolsApiClasspathEntrySnapshotTransform
[        ] Transforming jetified-lifecycle-process-2.7.0-api.jar with BuildToolsApiClasspathEntrySnapshotTransform
[        ] Transforming lifecycle-common-java8-2.7.0.jar with BuildToolsApiClasspathEntrySnapshotTransform
[        ] Transforming lifecycle-common-2.7.0.jar with BuildToolsApiClasspathEntrySnapshotTransform
[        ] Transforming jetified-window-1.2.0-api.jar with BuildToolsApiClasspathEntrySnapshotTransform
[        ] Transforming jetified-window-java-1.2.0-api.jar with BuildToolsApiClasspathEntrySnapshotTransform
[        ] Transforming core-runtime-2.2.0-api.jar with BuildToolsApiClasspathEntrySnapshotTransform
[        ] Transforming core-common-2.2.0.jar with BuildToolsApiClasspathEntrySnapshotTransform
[        ] Transforming versionedparcelable-1.1.1-api.jar with BuildToolsApiClasspathEntrySnapshotTransform
[        ] Transforming collection-1.1.0.jar with BuildToolsApiClasspathEntrySnapshotTransform
[        ] Transforming jetified-savedstate-1.2.1-api.jar with BuildToolsApiClasspathEntrySnapshotTransform
[        ] Transforming jetified-annotation-jvm-1.10.0.jar with BuildToolsApiClasspathEntrySnapshotTransform
[        ] Transforming jetified-annotation-experimental-1.4.0-api.jar with BuildToolsApiClasspathEntrySnapshotTransform
[        ] Transforming jetified-kotlinx-coroutines-android-1.7.1.jar with BuildToolsApiClasspathEntrySnapshotTransform
[        ] Transforming jetified-kotlinx-coroutines-core-jvm-1.7.1.jar with BuildToolsApiClasspathEntrySnapshotTransform
[        ] Transforming jetified-kotlin-stdlib-jdk8-1.8.20.jar with BuildToolsApiClasspathEntrySnapshotTransform
[        ] Transforming jetified-kotlin-stdlib-jdk7-1.8.20.jar with BuildToolsApiClasspathEntrySnapshotTransform
[        ] Transforming jetified-kotlin-stdlib-2.1.20.jar with BuildToolsApiClasspathEntrySnapshotTransform
[        ] Transforming jetified-annotations-23.0.0.jar with BuildToolsApiClasspathEntrySnapshotTransform
[        ] Transforming jetified-startup-runtime-1.1.1-api.jar with BuildToolsApiClasspathEntrySnapshotTransform
[        ] Transforming jetified-tracing-1.2.0-api.jar with BuildToolsApiClasspathEntrySnapshotTransform
[        ] Transforming jetified-relinker-1.4.5-api.jar with BuildToolsApiClasspathEntrySnapshotTransform
[        ] Transforming exifinterface-1.4.1-api.jar with BuildToolsApiClasspathEntrySnapshotTransform
[        ] Transforming jetified-jspecify-1.0.0.jar with BuildToolsApiClasspathEntrySnapshotTransform
[        ] Transforming android.jar with BuildToolsApiClasspathEntrySnapshotTransform
[        ] Transforming core-lambda-stubs.jar with BuildToolsApiClasspathEntrySnapshotTransform
[        ] Caching disabled for task ':webview_flutter_android:compileDebugKotlin' because:
[        ]   Build cache is disabled
[        ] Skipping task ':webview_flutter_android:compileDebugKotlin' as it is up-to-date.
[        ] Resolve mutations for :webview_flutter_android:javaPreCompileDebug (Thread[#8297,Execution worker Thread 15,5,main]) started.
[        ] :webview_flutter_android:javaPreCompileDebug (Thread[#8297,Execution worker Thread 15,5,main]) started.
[        ] > Task :webview_flutter_android:javaPreCompileDebug UP-TO-DATE
[        ] Caching disabled for task ':webview_flutter_android:javaPreCompileDebug' because:
[        ]   Build cache is disabled
[        ] Skipping task ':webview_flutter_android:javaPreCompileDebug' as it is up-to-date.
[        ] Resolve mutations for :webview_flutter_android:compileDebugJavaWithJavac (Thread[#8297,Execution worker Thread 15,5,main]) started.
[        ] :webview_flutter_android:compileDebugJavaWithJavac (Thread[#8297,Execution worker Thread 15,5,main]) started.
[        ] > Task :webview_flutter_android:compileDebugJavaWithJavac UP-TO-DATE
[        ] Transforming core-for-system-modules.jar with JdkImageTransform
[        ] Transforming core-for-system-modules.jar with JdkImageTransform
[        ] Transforming core-for-system-modules.jar with JdkImageTransform
[        ] Transforming core-for-system-modules.jar with JdkImageTransform
[        ] Transforming core-for-system-modules.jar with JdkImageTransform
[        ] Transforming core-for-system-modules.jar with JdkImageTransform
[        ] Custom actions are attached to task ':webview_flutter_android:compileDebugJavaWithJavac'.
[        ] Caching disabled for task ':webview_flutter_android:compileDebugJavaWithJavac' because:
[        ]   Build cache is disabled
[        ] Skipping task ':webview_flutter_android:compileDebugJavaWithJavac' as it is up-to-date.
[        ] No compile result for :webview_flutter_android:compileDebugJavaWithJavac
[        ] No compile result for :webview_flutter_android:compileDebugJavaWithJavac
[        ] No compile result for :webview_flutter_android:compileDebugJavaWithJavac
[        ] Resolve mutations for :webview_flutter_android:bundleLibCompileToJarDebug (Thread[#8297,Execution worker Thread 15,5,main]) started.
[        ] :webview_flutter_android:bundleLibCompileToJarDebug (Thread[#8298,Execution worker Thread 16,5,main]) started.
[        ] > Task :webview_flutter_android:bundleLibCompileToJarDebug UP-TO-DATE
[        ] Caching disabled for task ':webview_flutter_android:bundleLibCompileToJarDebug' because:
[        ]   Build cache is disabled
[        ]   Simple merging task
[        ] Skipping task ':webview_flutter_android:bundleLibCompileToJarDebug' as it is up-to-date.
[        ] work action resolve classes.jar (project :webview_flutter_android) (Thread[#8298,Execution worker Thread 16,5,main]) started.
[        ] Resolve mutations for :google_mobile_ads:compileDebugKotlin (Thread[#8285,Execution worker Thread 3,5,main]) started.
[        ] :google_mobile_ads:compileDebugKotlin (Thread[#8285,Execution worker Thread 3,5,main]) started.
[        ] > Task :google_mobile_ads:compileDebugKotlin NO-SOURCE
[        ] Skipping task ':google_mobile_ads:compileDebugKotlin' as it has no source files and no previous output files.
[        ] Resolve mutations for :google_mobile_ads:javaPreCompileDebug (Thread[#8285,Execution worker Thread 3,5,main]) started.
[        ] :google_mobile_ads:javaPreCompileDebug (Thread[#8285,Execution worker Thread 3,5,main]) started.
[        ] > Task :google_mobile_ads:javaPreCompileDebug UP-TO-DATE
[        ] Caching disabled for task ':google_mobile_ads:javaPreCompileDebug' because:
[        ]   Build cache is disabled
[        ] Skipping task ':google_mobile_ads:javaPreCompileDebug' as it is up-to-date.
[        ] Resolve mutations for :google_mobile_ads:compileDebugJavaWithJavac (Thread[#8285,Execution worker Thread 3,5,main]) started.
[        ] :google_mobile_ads:compileDebugJavaWithJavac (Thread[#8285,Execution worker Thread 3,5,main]) started.
[        ] > Task :google_mobile_ads:compileDebugJavaWithJavac UP-TO-DATE
[        ] Transforming play-services-ads-23.6.0.aar (com.google.android.gms:play-services-ads:23.6.0) with JetifyTransform
[        ] Transforming play-services-ads-23.6.0.aar (com.google.android.gms:play-services-ads:23.6.0) with AarToClassTransform
[        ] Transforming flutter_embedding_debug-1.0.0-77e2e94772b6eb43759e34ed1ad7da4674e19cab.jar (io.flutter:flutter_embedding_debug:1.0.0-77e2e94772b6eb43759e34ed1ad7da4674e19cab) with JetifyTransform
[        ] Transforming flutter_embedding_debug-1.0.0-77e2e94772b6eb43759e34ed1ad7da4674e19cab.jar (io.flutter:flutter_embedding_debug:1.0.0-77e2e94772b6eb43759e34ed1ad7da4674e19cab) with IdentityTransform
[        ] Transforming browser-1.8.0.aar (androidx.browser:browser:1.8.0) with JetifyTransform
[        ] Transforming browser-1.8.0.aar (androidx.browser:browser:1.8.0) with AarToClassTransform
[        ] Transforming webkit-1.15.0.aar (androidx.webkit:webkit:1.15.0) with JetifyTransform
[        ] Transforming webkit-1.15.0.aar (androidx.webkit:webkit:1.15.0) with AarToClassTransform
[        ] Transforming play-services-ads-lite-23.6.0.aar (com.google.android.gms:play-services-ads-lite:23.6.0) with JetifyTransform
[        ] Transforming play-services-ads-lite-23.6.0.aar (com.google.android.gms:play-services-ads-lite:23.6.0) with AarToClassTransform
[        ] Transforming user-messaging-platform-3.1.0.aar (com.google.android.ump:user-messaging-platform:3.1.0) with JetifyTransform
[        ] Transforming user-messaging-platform-3.1.0.aar (com.google.android.ump:user-messaging-platform:3.1.0) with AarToClassTransform
[        ] Transforming user-messaging-platform-3.1.0.aar (com.google.android.ump:user-messaging-platform:3.1.0) with JetifyTransform
[        ] Transforming user-messaging-platform-3.1.0.aar (com.google.android.ump:user-messaging-platform:3.1.0) with AarToClassTransform
[        ] Transforming play-services-ads-base-23.6.0.aar (com.google.android.gms:play-services-ads-base:23.6.0) with JetifyTransform
[        ] Transforming play-services-ads-base-23.6.0.aar (com.google.android.gms:play-services-ads-base:23.6.0) with AarToClassTransform
[        ] Transforming play-services-ads-identifier-18.0.0.aar (com.google.android.gms:play-services-ads-identifier:18.0.0) with JetifyTransform
[        ] Transforming play-services-ads-identifier-18.0.0.aar (com.google.android.gms:play-services-ads-identifier:18.0.0) with AarToClassTransform
[        ] Transforming play-services-appset-16.0.1.aar (com.google.android.gms:play-services-appset:16.0.1) with JetifyTransform
[        ] Transforming play-services-appset-16.0.1.aar (com.google.android.gms:play-services-appset:16.0.1) with AarToClassTransform
[        ] Transforming play-services-base-18.0.0.aar (com.google.android.gms:play-services-base:18.0.0) with JetifyTransform
[        ] Transforming play-services-base-18.0.0.aar (com.google.android.gms:play-services-base:18.0.0) with AarToClassTransform
[        ] Transforming play-services-tasks-18.2.0.aar (com.google.android.gms:play-services-tasks:18.2.0) with JetifyTransform
[        ] Transforming play-services-tasks-18.2.0.aar (com.google.android.gms:play-services-tasks:18.2.0) with AarToClassTransform
[        ] Transforming play-services-measurement-sdk-api-20.1.2.aar (com.google.android.gms:play-services-measurement-sdk-api:20.1.2) with JetifyTransform
[        ] Transforming play-services-measurement-sdk-api-20.1.2.aar (com.google.android.gms:play-services-measurement-sdk-api:20.1.2) with AarToClassTransform
[        ] Transforming play-services-measurement-base-20.1.2.aar (com.google.android.gms:play-services-measurement-base:20.1.2) with JetifyTransform
[        ] Transforming play-services-measurement-base-20.1.2.aar (com.google.android.gms:play-services-measurement-base:20.1.2) with AarToClassTransform
[        ] Transforming play-services-basement-18.4.0.aar (com.google.android.gms:play-services-basement:18.4.0) with JetifyTransform
[        ] Transforming play-services-basement-18.4.0.aar (com.google.android.gms:play-services-basement:18.4.0) with AarToClassTransform
[        ] Transforming fragment-1.7.1.aar (androidx.fragment:fragment:1.7.1) with JetifyTransform
[        ] Transforming fragment-1.7.1.aar (androidx.fragment:fragment:1.7.1) with AarToClassTransform
[        ] Transforming fragment-1.7.1.aar (androidx.fragment:fragment:1.7.1) with JetifyTransform
[        ] Transforming fragment-1.7.1.aar (androidx.fragment:fragment:1.7.1) with AarToClassTransform
[        ] Transforming activity-1.8.1.aar (androidx.activity:activity:1.8.1) with JetifyTransform
[        ] Transforming activity-1.8.1.aar (androidx.activity:activity:1.8.1) with AarToClassTransform
[        ] Transforming loader-1.0.0.aar (androidx.loader:loader:1.0.0) with JetifyTransform
[        ] Transforming loader-1.0.0.aar (androidx.loader:loader:1.0.0) with AarToClassTransform
[        ] Transforming work-runtime-2.7.0.aar (androidx.work:work-runtime:2.7.0) with JetifyTransform
[        ] Transforming work-runtime-2.7.0.aar (androidx.work:work-runtime:2.7.0) with AarToClassTransform
[        ] Transforming lifecycle-livedata-core-ktx-2.7.0.aar (androidx.lifecycle:lifecycle-livedata-core-ktx:2.7.0) with JetifyTransform
[        ] Transforming lifecycle-livedata-core-ktx-2.7.0.aar (androidx.lifecycle:lifecycle-livedata-core-ktx:2.7.0) with AarToClassTransform
[        ] Transforming lifecycle-livedata-2.7.0.aar (androidx.lifecycle:lifecycle-livedata:2.7.0) with JetifyTransform
[        ] Transforming lifecycle-livedata-2.7.0.aar (androidx.lifecycle:lifecycle-livedata:2.7.0) with AarToClassTransform
[        ] Transforming lifecycle-livedata-2.7.0.aar (androidx.lifecycle:lifecycle-livedata:2.7.0) with JetifyTransform
[        ] Transforming lifecycle-livedata-2.7.0.aar (androidx.lifecycle:lifecycle-livedata:2.7.0) with AarToClassTransform
[        ] Transforming lifecycle-viewmodel-2.7.0.aar (androidx.lifecycle:lifecycle-viewmodel:2.7.0) with JetifyTransform
[        ] Transforming lifecycle-viewmodel-2.7.0.aar (androidx.lifecycle:lifecycle-viewmodel:2.7.0) with AarToClassTransform
[        ] Transforming lifecycle-viewmodel-2.7.0.aar (androidx.lifecycle:lifecycle-viewmodel:2.7.0) with JetifyTransform
[        ] Transforming lifecycle-viewmodel-2.7.0.aar (androidx.lifecycle:lifecycle-viewmodel:2.7.0) with AarToClassTransform
[        ] Transforming lifecycle-livedata-core-2.7.0.aar (androidx.lifecycle:lifecycle-livedata-core:2.7.0) with JetifyTransform
[        ] Transforming lifecycle-livedata-core-2.7.0.aar (androidx.lifecycle:lifecycle-livedata-core:2.7.0) with AarToClassTransform
[        ] Transforming lifecycle-viewmodel-savedstate-2.7.0.aar (androidx.lifecycle:lifecycle-viewmodel-savedstate:2.7.0) with JetifyTransform
[        ] Transforming lifecycle-viewmodel-savedstate-2.7.0.aar (androidx.lifecycle:lifecycle-viewmodel-savedstate:2.7.0) with AarToClassTransform
[        ] Transforming core-ktx-1.13.1.aar (androidx.core:core-ktx:1.13.1) with JetifyTransform
[        ] Transforming core-ktx-1.13.1.aar (androidx.core:core-ktx:1.13.1) with AarToClassTransform
[        ] Transforming viewpager-1.0.0.aar (androidx.viewpager:viewpager:1.0.0) with JetifyTransform
[        ] Transforming viewpager-1.0.0.aar (androidx.viewpager:viewpager:1.0.0) with AarToClassTransform
[        ] Transforming customview-1.0.0.aar (androidx.customview:customview:1.0.0) with JetifyTransform
[        ] Transforming customview-1.0.0.aar (androidx.customview:customview:1.0.0) with AarToClassTransform
[        ] Transforming core-1.13.1.aar (androidx.core:core:1.13.1) with JetifyTransform
[        ] Transforming core-1.13.1.aar (androidx.core:core:1.13.1) with AarToClassTransform
[        ] Transforming core-1.13.1.aar (androidx.core:core:1.13.1) with JetifyTransform
[        ] Transforming core-1.13.1.aar (androidx.core:core:1.13.1) with AarToClassTransform
[        ] Transforming lifecycle-runtime-2.7.0.aar (androidx.lifecycle:lifecycle-runtime:2.7.0) with JetifyTransform
[        ] Transforming lifecycle-runtime-2.7.0.aar (androidx.lifecycle:lifecycle-runtime:2.7.0) with AarToClassTransform
[        ] Transforming lifecycle-common-java8-2.7.0.jar (androidx.lifecycle:lifecycle-common-java8:2.7.0) with JetifyTransform
[        ] Transforming lifecycle-common-java8-2.7.0.jar (androidx.lifecycle:lifecycle-common-java8:2.7.0) with IdentityTransform
[        ] Transforming lifecycle-common-2.7.0.jar (androidx.lifecycle:lifecycle-common:2.7.0) with JetifyTransform
[        ] Transforming lifecycle-common-2.7.0.jar (androidx.lifecycle:lifecycle-common:2.7.0) with IdentityTransform
[        ] Transforming lifecycle-process-2.7.0.aar (androidx.lifecycle:lifecycle-process:2.7.0) with JetifyTransform
[        ] Transforming lifecycle-process-2.7.0.aar (androidx.lifecycle:lifecycle-process:2.7.0) with AarToClassTransform
[        ] Transforming ads-adservices-java-1.0.0-beta05.aar (androidx.privacysandbox.ads:ads-adservices-java:1.0.0-beta05) with JetifyTransform
[        ] Transforming ads-adservices-java-1.0.0-beta05.aar (androidx.privacysandbox.ads:ads-adservices-java:1.0.0-beta05) with AarToClassTransform
[        ] Transforming ads-adservices-1.0.0-beta05.aar (androidx.privacysandbox.ads:ads-adservices:1.0.0-beta05) with JetifyTransform
[        ] Transforming ads-adservices-1.0.0-beta05.aar (androidx.privacysandbox.ads:ads-adservices:1.0.0-beta05) with AarToClassTransform
[        ] Transforming window-1.2.0.aar (androidx.window:window:1.2.0) with JetifyTransform
[        ] Transforming window-1.2.0.aar (androidx.window:window:1.2.0) with AarToClassTransform
[        ] Transforming window-java-1.2.0.aar (androidx.window:window-java:1.2.0) with JetifyTransform
[        ] Transforming window-java-1.2.0.aar (androidx.window:window-java:1.2.0) with AarToClassTransform
[        ] Transforming annotation-experimental-1.4.0.aar (androidx.annotation:annotation-experimental:1.4.0) with JetifyTransform
[        ] Transforming annotation-experimental-1.4.0.aar (androidx.annotation:annotation-experimental:1.4.0) with AarToClassTransform
[        ] Transforming savedstate-1.2.1.aar (androidx.savedstate:savedstate:1.2.1) with JetifyTransform
[        ] Transforming savedstate-1.2.1.aar (androidx.savedstate:savedstate:1.2.1) with AarToClassTransform
[        ] Transforming versionedparcelable-1.1.1.aar (androidx.versionedparcelable:versionedparcelable:1.1.1) with JetifyTransform
[        ] Transforming versionedparcelable-1.1.1.aar (androidx.versionedparcelable:versionedparcelable:1.1.1) with AarToClassTransform
[        ] Transforming collection-1.1.0.jar (androidx.collection:collection:1.1.0) with JetifyTransform
[        ] Transforming collection-1.1.0.jar (androidx.collection:collection:1.1.0) with IdentityTransform
[        ] Transforming core-runtime-2.2.0.aar (androidx.arch.core:core-runtime:2.2.0) with JetifyTransform
[        ] Transforming core-runtime-2.2.0.aar (androidx.arch.core:core-runtime:2.2.0) with AarToClassTransform
[        ] Transforming core-common-2.2.0.jar (androidx.arch.core:core-common:2.2.0) with JetifyTransform
[        ] Transforming core-common-2.2.0.jar (androidx.arch.core:core-common:2.2.0) with IdentityTransform
[        ] Transforming annotation-jvm-1.10.0.jar (androidx.annotation:annotation-jvm:1.10.0) with JetifyTransform
[        ] Transforming annotation-jvm-1.10.0.jar (androidx.annotation:annotation-jvm:1.10.0) with IdentityTransform
[        ] Transforming kotlinx-coroutines-core-jvm-1.7.1.jar (org.jetbrains.kotlinx:kotlinx-coroutines-core-jvm:1.7.1) with JetifyTransform
[        ] Transforming kotlinx-coroutines-core-jvm-1.7.1.jar (org.jetbrains.kotlinx:kotlinx-coroutines-core-jvm:1.7.1) with IdentityTransform
[        ] Transforming kotlinx-coroutines-android-1.7.1.jar (org.jetbrains.kotlinx:kotlinx-coroutines-android:1.7.1) with JetifyTransform
[        ] Transforming kotlinx-coroutines-android-1.7.1.jar (org.jetbrains.kotlinx:kotlinx-coroutines-android:1.7.1) with IdentityTransform
[        ] Transforming kotlin-stdlib-jdk8-1.8.20.jar (org.jetbrains.kotlin:kotlin-stdlib-jdk8:1.8.20) with JetifyTransform
[        ] Transforming kotlin-stdlib-jdk8-1.8.20.jar (org.jetbrains.kotlin:kotlin-stdlib-jdk8:1.8.20) with IdentityTransform
[        ] Transforming kotlin-stdlib-jdk7-1.8.20.jar (org.jetbrains.kotlin:kotlin-stdlib-jdk7:1.8.20) with JetifyTransform
[        ] Transforming kotlin-stdlib-jdk7-1.8.20.jar (org.jetbrains.kotlin:kotlin-stdlib-jdk7:1.8.20) with IdentityTransform
[        ] Transforming kotlin-stdlib-2.1.20.jar (org.jetbrains.kotlin:kotlin-stdlib:2.1.20) with JetifyTransform
[        ] Transforming kotlin-stdlib-2.1.20.jar (org.jetbrains.kotlin:kotlin-stdlib:2.1.20) with IdentityTransform
[        ] Transforming constraintlayout-2.1.4.aar (androidx.constraintlayout:constraintlayout:2.1.4) with JetifyTransform
[        ] Transforming constraintlayout-2.1.4.aar (androidx.constraintlayout:constraintlayout:2.1.4) with AarToClassTransform
[        ] Transforming annotations-23.0.0.jar (org.jetbrains:annotations:23.0.0) with JetifyTransform
[        ] Transforming annotations-23.0.0.jar (org.jetbrains:annotations:23.0.0) with IdentityTransform
[        ] Transforming listenablefuture-9999.0-empty-to-avoid-conflict-with-guava.jar (com.google.guava:listenablefuture:9999.0-empty-to-avoid-conflict-with-guava) with JetifyTransform
[        ] Transforming listenablefuture-9999.0-empty-to-avoid-conflict-with-guava.jar (com.google.guava:listenablefuture:9999.0-empty-to-avoid-conflict-with-guava) with IdentityTransform
[        ] Transforming startup-runtime-1.1.1.aar (androidx.startup:startup-runtime:1.1.1) with JetifyTransform
[        ] Transforming startup-runtime-1.1.1.aar (androidx.startup:startup-runtime:1.1.1) with AarToClassTransform
[        ] Transforming tracing-1.2.0.aar (androidx.tracing:tracing:1.2.0) with JetifyTransform
[        ] Transforming tracing-1.2.0.aar (androidx.tracing:tracing:1.2.0) with AarToClassTransform
[        ] Transforming exifinterface-1.4.1.aar (androidx.exifinterface:exifinterface:1.4.1) with JetifyTransform
[        ] Transforming exifinterface-1.4.1.aar (androidx.exifinterface:exifinterface:1.4.1) with AarToClassTransform
[        ] Transforming jspecify-1.0.0.jar (org.jspecify:jspecify:1.0.0) with JetifyTransform
[        ] Transforming jspecify-1.0.0.jar (org.jspecify:jspecify:1.0.0) with IdentityTransform
[        ] Transforming relinker-1.4.5.aar (com.getkeepsafe.relinker:relinker:1.4.5) with JetifyTransform
[        ] Transforming relinker-1.4.5.aar (com.getkeepsafe.relinker:relinker:1.4.5) with AarToClassTransform
[        ] Transforming error_prone_annotations-2.16.jar (com.google.errorprone:error_prone_annotations:2.16) with JetifyTransform
[        ] Transforming error_prone_annotations-2.16.jar (com.google.errorprone:error_prone_annotations:2.16) with IdentityTransform
[        ] Transforming core-for-system-modules.jar with JdkImageTransform
[        ] Transforming core-for-system-modules.jar with JdkImageTransform
[        ] Transforming core-for-system-modules.jar with JdkImageTransform
[        ] Transforming core-for-system-modules.jar with JdkImageTransform
[        ] Transforming core-for-system-modules.jar with JdkImageTransform
[        ] Transforming core-for-system-modules.jar with JdkImageTransform
[        ] Custom actions are attached to task ':google_mobile_ads:compileDebugJavaWithJavac'.
[        ] Caching disabled for task ':google_mobile_ads:compileDebugJavaWithJavac' because:
[        ]   Build cache is disabled
[        ] Skipping task ':google_mobile_ads:compileDebugJavaWithJavac' as it is up-to-date.
[        ] No compile result for :google_mobile_ads:compileDebugJavaWithJavac
[        ] No compile result for :google_mobile_ads:compileDebugJavaWithJavac
[        ] No compile result for :google_mobile_ads:compileDebugJavaWithJavac
[        ] Resolve mutations for :google_mobile_ads:bundleLibCompileToJarDebug (Thread[#8285,Execution worker Thread 3,5,main]) started.
[        ] :google_mobile_ads:bundleLibCompileToJarDebug (Thread[#8285,Execution worker Thread 3,5,main]) started.
[        ] > Task :google_mobile_ads:bundleLibCompileToJarDebug UP-TO-DATE
[        ] Caching disabled for task ':google_mobile_ads:bundleLibCompileToJarDebug' because:
[        ]   Build cache is disabled
[        ]   Simple merging task
[        ] Skipping task ':google_mobile_ads:bundleLibCompileToJarDebug' as it is up-to-date.
[        ] work action resolve classes.jar (project :google_mobile_ads) (Thread[#8285,Execution worker Thread 3,5,main]) started.
[        ] Resolve mutations for :path_provider_android:checkKotlinGradlePluginConfigurationErrors (Thread[#8285,Execution worker Thread 3,5,main]) started.
[        ] :path_provider_android:checkKotlinGradlePluginConfigurationErrors (Thread[#8285,Execution worker Thread 3,5,main]) started.
[        ] > Task :path_provider_android:checkKotlinGradlePluginConfigurationErrors SKIPPED
[        ] Skipping task ':path_provider_android:checkKotlinGradlePluginConfigurationErrors' as task onlyIf 'errorDiagnostics are present' is false.
[        ] Resolve mutations for :path_provider_android:compileDebugKotlin (Thread[#8285,Execution worker Thread 3,5,main]) started.
[        ] :path_provider_android:compileDebugKotlin (Thread[#8300,Execution worker Thread 18,5,main]) started.
[        ] > Task :path_provider_android:compileDebugKotlin NO-SOURCE
[        ] Skipping task ':path_provider_android:compileDebugKotlin' as it has no source files and no previous output files.
[        ] Resolve mutations for :path_provider_android:javaPreCompileDebug (Thread[#8300,Execution worker Thread 18,5,main]) started.
[        ] :path_provider_android:javaPreCompileDebug (Thread[#8296,Execution worker Thread 14,5,main]) started.
[        ] > Task :path_provider_android:javaPreCompileDebug UP-TO-DATE
[        ] Caching disabled for task ':path_provider_android:javaPreCompileDebug' because:
[        ]   Build cache is disabled
[        ] Skipping task ':path_provider_android:javaPreCompileDebug' as it is up-to-date.
[        ] Resolve mutations for :path_provider_android:compileDebugJavaWithJavac (Thread[#8296,Execution worker Thread 14,5,main]) started.
[        ] :path_provider_android:compileDebugJavaWithJavac (Thread[#8296,Execution worker Thread 14,5,main]) started.
[  +41 ms] > Task :path_provider_android:compileDebugJavaWithJavac UP-TO-DATE
[        ] Transforming flutter_embedding_debug-1.0.0-77e2e94772b6eb43759e34ed1ad7da4674e19cab.jar (io.flutter:flutter_embedding_debug:1.0.0-77e2e94772b6eb43759e34ed1ad7da4674e19cab) with JetifyTransform
[        ] Transforming flutter_embedding_debug-1.0.0-77e2e94772b6eb43759e34ed1ad7da4674e19cab.jar (io.flutter:flutter_embedding_debug:1.0.0-77e2e94772b6eb43759e34ed1ad7da4674e19cab) with IdentityTransform
[        ] Transforming fragment-1.7.1.aar (androidx.fragment:fragment:1.7.1) with JetifyTransform
[        ] Transforming fragment-1.7.1.aar (androidx.fragment:fragment:1.7.1) with AarToClassTransform
[        ] Transforming activity-1.8.1.aar (androidx.activity:activity:1.8.1) with JetifyTransform
[        ] Transforming activity-1.8.1.aar (androidx.activity:activity:1.8.1) with AarToClassTransform
[        ] Transforming loader-1.0.0.aar (androidx.loader:loader:1.0.0) with JetifyTransform
[        ] Transforming loader-1.0.0.aar (androidx.loader:loader:1.0.0) with AarToClassTransform
[        ] Transforming lifecycle-livedata-core-ktx-2.7.0.aar (androidx.lifecycle:lifecycle-livedata-core-ktx:2.7.0) with JetifyTransform
[        ] Transforming lifecycle-livedata-core-ktx-2.7.0.aar (androidx.lifecycle:lifecycle-livedata-core-ktx:2.7.0) with AarToClassTransform
[        ] Transforming lifecycle-livedata-2.7.0.aar (androidx.lifecycle:lifecycle-livedata:2.7.0) with JetifyTransform
[        ] Transforming lifecycle-livedata-2.7.0.aar (androidx.lifecycle:lifecycle-livedata:2.7.0) with AarToClassTransform
[        ] Transforming lifecycle-viewmodel-2.7.0.aar (androidx.lifecycle:lifecycle-viewmodel:2.7.0) with JetifyTransform
[        ] Transforming lifecycle-viewmodel-2.7.0.aar (androidx.lifecycle:lifecycle-viewmodel:2.7.0) with AarToClassTransform
[        ] Transforming lifecycle-viewmodel-2.7.0.aar (androidx.lifecycle:lifecycle-viewmodel:2.7.0) with JetifyTransform
[        ] Transforming lifecycle-viewmodel-2.7.0.aar (androidx.lifecycle:lifecycle-viewmodel:2.7.0) with AarToClassTransform
[        ] Transforming lifecycle-livedata-core-2.7.0.aar (androidx.lifecycle:lifecycle-livedata-core:2.7.0) with JetifyTransform
[        ] Transforming lifecycle-livedata-core-2.7.0.aar (androidx.lifecycle:lifecycle-livedata-core:2.7.0) with AarToClassTransform
[        ] Transforming lifecycle-viewmodel-savedstate-2.7.0.aar (androidx.lifecycle:lifecycle-viewmodel-savedstate:2.7.0) with JetifyTransform
[        ] Transforming lifecycle-viewmodel-savedstate-2.7.0.aar (androidx.lifecycle:lifecycle-viewmodel-savedstate:2.7.0) with AarToClassTransform
[        ] Transforming core-ktx-1.13.1.aar (androidx.core:core-ktx:1.13.1) with JetifyTransform
[        ] Transforming core-ktx-1.13.1.aar (androidx.core:core-ktx:1.13.1) with AarToClassTransform
[        ] Transforming viewpager-1.0.0.aar (androidx.viewpager:viewpager:1.0.0) with JetifyTransform
[        ] Transforming viewpager-1.0.0.aar (androidx.viewpager:viewpager:1.0.0) with AarToClassTransform
[        ] Transforming customview-1.0.0.aar (androidx.customview:customview:1.0.0) with JetifyTransform
[        ] Transforming customview-1.0.0.aar (androidx.customview:customview:1.0.0) with AarToClassTransform
[        ] Transforming core-1.13.1.aar (androidx.core:core:1.13.1) with JetifyTransform
[        ] Transforming core-1.13.1.aar (androidx.core:core:1.13.1) with AarToClassTransform
[        ] Transforming core-1.13.1.aar (androidx.core:core:1.13.1) with JetifyTransform
[        ] Transforming core-1.13.1.aar (androidx.core:core:1.13.1) with AarToClassTransform
[        ] Transforming lifecycle-runtime-2.7.0.aar (androidx.lifecycle:lifecycle-runtime:2.7.0) with JetifyTransform
[        ] Transforming lifecycle-runtime-2.7.0.aar (androidx.lifecycle:lifecycle-runtime:2.7.0) with AarToClassTransform
[        ] Transforming lifecycle-process-2.7.0.aar (androidx.lifecycle:lifecycle-process:2.7.0) with JetifyTransform
[        ] Transforming lifecycle-process-2.7.0.aar (androidx.lifecycle:lifecycle-process:2.7.0) with AarToClassTransform
[        ] Transforming lifecycle-common-java8-2.7.0.jar (androidx.lifecycle:lifecycle-common-java8:2.7.0) with JetifyTransform
[        ] Transforming lifecycle-common-java8-2.7.0.jar (androidx.lifecycle:lifecycle-common-java8:2.7.0) with IdentityTransform
[        ] Transforming lifecycle-common-2.7.0.jar (androidx.lifecycle:lifecycle-common:2.7.0) with JetifyTransform
[        ] Transforming lifecycle-common-2.7.0.jar (androidx.lifecycle:lifecycle-common:2.7.0) with IdentityTransform
[        ] Transforming window-1.2.0.aar (androidx.window:window:1.2.0) with JetifyTransform
[        ] Transforming window-1.2.0.aar (androidx.window:window:1.2.0) with AarToClassTransform
[        ] Transforming window-java-1.2.0.aar (androidx.window:window-java:1.2.0) with JetifyTransform
[        ] Transforming window-java-1.2.0.aar (androidx.window:window-java:1.2.0) with AarToClassTransform
[        ] Transforming core-runtime-2.2.0.aar (androidx.arch.core:core-runtime:2.2.0) with JetifyTransform
[        ] Transforming core-runtime-2.2.0.aar (androidx.arch.core:core-runtime:2.2.0) with AarToClassTransform
[        ] Transforming core-common-2.2.0.jar (androidx.arch.core:core-common:2.2.0) with JetifyTransform
[        ] Transforming core-common-2.2.0.jar (androidx.arch.core:core-common:2.2.0) with IdentityTransform
[        ] Transforming versionedparcelable-1.1.1.aar (androidx.versionedparcelable:versionedparcelable:1.1.1) with JetifyTransform
[        ] Transforming versionedparcelable-1.1.1.aar (androidx.versionedparcelable:versionedparcelable:1.1.1) with AarToClassTransform
[        ] Transforming collection-1.1.0.jar (androidx.collection:collection:1.1.0) with JetifyTransform
[        ] Transforming collection-1.1.0.jar (androidx.collection:collection:1.1.0) with IdentityTransform
[        ] Transforming savedstate-1.2.1.aar (androidx.savedstate:savedstate:1.2.1) with JetifyTransform
[        ] Transforming savedstate-1.2.1.aar (androidx.savedstate:savedstate:1.2.1) with AarToClassTransform
[        ] Transforming annotation-jvm-1.9.1.jar (androidx.annotation:annotation-jvm:1.9.1) with JetifyTransform
[        ] Transforming annotation-jvm-1.9.1.jar (androidx.annotation:annotation-jvm:1.9.1) with IdentityTransform
[        ] Transforming annotation-experimental-1.4.0.aar (androidx.annotation:annotation-experimental:1.4.0) with JetifyTransform
[        ] Transforming annotation-experimental-1.4.0.aar (androidx.annotation:annotation-experimental:1.4.0) with AarToClassTransform
[        ] Transforming kotlinx-coroutines-android-1.7.1.jar (org.jetbrains.kotlinx:kotlinx-coroutines-android:1.7.1) with JetifyTransform
[        ] Transforming kotlinx-coroutines-android-1.7.1.jar (org.jetbrains.kotlinx:kotlinx-coroutines-android:1.7.1) with IdentityTransform
[        ] Transforming kotlinx-coroutines-core-jvm-1.7.1.jar (org.jetbrains.kotlinx:kotlinx-coroutines-core-jvm:1.7.1) with JetifyTransform
[        ] Transforming kotlinx-coroutines-core-jvm-1.7.1.jar (org.jetbrains.kotlinx:kotlinx-coroutines-core-jvm:1.7.1) with IdentityTransform
[        ] Transforming kotlin-stdlib-jdk8-1.8.20.jar (org.jetbrains.kotlin:kotlin-stdlib-jdk8:1.8.20) with JetifyTransform
[        ] Transforming kotlin-stdlib-jdk8-1.8.20.jar (org.jetbrains.kotlin:kotlin-stdlib-jdk8:1.8.20) with IdentityTransform
[        ] Transforming kotlin-stdlib-jdk7-1.8.20.jar (org.jetbrains.kotlin:kotlin-stdlib-jdk7:1.8.20) with JetifyTransform
[        ] Transforming kotlin-stdlib-jdk7-1.8.20.jar (org.jetbrains.kotlin:kotlin-stdlib-jdk7:1.8.20) with IdentityTransform
[        ] Transforming kotlin-stdlib-2.0.0.jar (org.jetbrains.kotlin:kotlin-stdlib:2.0.0) with JetifyTransform
[        ] Transforming kotlin-stdlib-2.0.0.jar (org.jetbrains.kotlin:kotlin-stdlib:2.0.0) with IdentityTransform
[        ] Transforming annotations-23.0.0.jar (org.jetbrains:annotations:23.0.0) with JetifyTransform
[        ] Transforming annotations-23.0.0.jar (org.jetbrains:annotations:23.0.0) with IdentityTransform
[        ] Transforming startup-runtime-1.1.1.aar (androidx.startup:startup-runtime:1.1.1) with JetifyTransform
[        ] Transforming startup-runtime-1.1.1.aar (androidx.startup:startup-runtime:1.1.1) with AarToClassTransform
[        ] Transforming tracing-1.2.0.aar (androidx.tracing:tracing:1.2.0) with JetifyTransform
[        ] Transforming tracing-1.2.0.aar (androidx.tracing:tracing:1.2.0) with AarToClassTransform
[        ] Transforming relinker-1.4.5.aar (com.getkeepsafe.relinker:relinker:1.4.5) with JetifyTransform
[        ] Transforming relinker-1.4.5.aar (com.getkeepsafe.relinker:relinker:1.4.5) with AarToClassTransform
[        ] Transforming exifinterface-1.4.1.aar (androidx.exifinterface:exifinterface:1.4.1) with JetifyTransform
[        ] Transforming exifinterface-1.4.1.aar (androidx.exifinterface:exifinterface:1.4.1) with AarToClassTransform
[        ] Transforming jspecify-1.0.0.jar (org.jspecify:jspecify:1.0.0) with JetifyTransform
[        ] Transforming jspecify-1.0.0.jar (org.jspecify:jspecify:1.0.0) with IdentityTransform
[        ] Transforming core-for-system-modules.jar with JdkImageTransform
[        ] Transforming core-for-system-modules.jar with JdkImageTransform
[        ] Transforming core-for-system-modules.jar with JdkImageTransform
[        ] Transforming core-for-system-modules.jar with JdkImageTransform
[        ] Transforming core-for-system-modules.jar with JdkImageTransform
[        ] Transforming core-for-system-modules.jar with JdkImageTransform
[        ] Custom actions are attached to task ':path_provider_android:compileDebugJavaWithJavac'.
[        ] Caching disabled for task ':path_provider_android:compileDebugJavaWithJavac' because:
[        ]   Build cache is disabled
[        ] Skipping task ':path_provider_android:compileDebugJavaWithJavac' as it is up-to-date.
[        ] No compile result for :path_provider_android:compileDebugJavaWithJavac
[        ] No compile result for :path_provider_android:compileDebugJavaWithJavac
[        ] No compile result for :path_provider_android:compileDebugJavaWithJavac
[        ] Resolve mutations for :path_provider_android:bundleLibCompileToJarDebug (Thread[#8296,Execution worker Thread 14,5,main]) started.
[        ] :path_provider_android:bundleLibCompileToJarDebug (Thread[#8288,Execution worker Thread 6,5,main]) started.
[        ] > Task :path_provider_android:bundleLibCompileToJarDebug UP-TO-DATE
[        ] Caching disabled for task ':path_provider_android:bundleLibCompileToJarDebug' because:
[        ]   Build cache is disabled
[        ]   Simple merging task
[        ] Skipping task ':path_provider_android:bundleLibCompileToJarDebug' as it is up-to-date.
[        ] work action resolve classes.jar (project :path_provider_android) (Thread[#8288,Execution worker Thread 6,5,main]) started.
[        ] Resolve mutations for :permission_handler_android:checkKotlinGradlePluginConfigurationErrors (Thread[#8288,Execution worker Thread 6,5,main]) started.
[        ] :permission_handler_android:checkKotlinGradlePluginConfigurationErrors (Thread[#8288,Execution worker Thread 6,5,main]) started.
[        ] > Task :permission_handler_android:checkKotlinGradlePluginConfigurationErrors SKIPPED
[        ] Skipping task ':permission_handler_android:checkKotlinGradlePluginConfigurationErrors' as task onlyIf 'errorDiagnostics are present' is false.
[        ] Resolve mutations for :permission_handler_android:compileDebugKotlin (Thread[#8288,Execution worker Thread 6,5,main]) started.
[        ] :permission_handler_android:compileDebugKotlin (Thread[#8288,Execution worker Thread 6,5,main]) started.
[        ] > Task :permission_handler_android:compileDebugKotlin NO-SOURCE
[        ] Skipping task ':permission_handler_android:compileDebugKotlin' as it has no source files and no previous output files.
[        ] Resolve mutations for :permission_handler_android:javaPreCompileDebug (Thread[#8288,Execution worker Thread 6,5,main]) started.
[        ] :permission_handler_android:javaPreCompileDebug (Thread[#8288,Execution worker Thread 6,5,main]) started.
[        ] > Task :permission_handler_android:javaPreCompileDebug UP-TO-DATE
[        ] Caching disabled for task ':permission_handler_android:javaPreCompileDebug' because:
[        ]   Build cache is disabled
[        ] Skipping task ':permission_handler_android:javaPreCompileDebug' as it is up-to-date.
[        ] Resolve mutations for :permission_handler_android:compileDebugJavaWithJavac (Thread[#8288,Execution worker Thread 6,5,main]) started.
[        ] :permission_handler_android:compileDebugJavaWithJavac (Thread[#8297,Execution worker Thread 15,5,main]) started.
[        ] > Task :permission_handler_android:compileDebugJavaWithJavac UP-TO-DATE
[        ] Transforming flutter_embedding_debug-1.0.0-77e2e94772b6eb43759e34ed1ad7da4674e19cab.jar (io.flutter:flutter_embedding_debug:1.0.0-77e2e94772b6eb43759e34ed1ad7da4674e19cab) with JetifyTransform
[        ] Transforming flutter_embedding_debug-1.0.0-77e2e94772b6eb43759e34ed1ad7da4674e19cab.jar (io.flutter:flutter_embedding_debug:1.0.0-77e2e94772b6eb43759e34ed1ad7da4674e19cab) with IdentityTransform
[        ] Transforming fragment-1.7.1.aar (androidx.fragment:fragment:1.7.1) with JetifyTransform
[        ] Transforming fragment-1.7.1.aar (androidx.fragment:fragment:1.7.1) with AarToClassTransform
[        ] Transforming activity-1.8.1.aar (androidx.activity:activity:1.8.1) with JetifyTransform
[        ] Transforming activity-1.8.1.aar (androidx.activity:activity:1.8.1) with AarToClassTransform
[        ] Transforming loader-1.0.0.aar (androidx.loader:loader:1.0.0) with JetifyTransform
[        ] Transforming loader-1.0.0.aar (androidx.loader:loader:1.0.0) with AarToClassTransform
[        ] Transforming lifecycle-livedata-core-ktx-2.7.0.aar (androidx.lifecycle:lifecycle-livedata-core-ktx:2.7.0) with JetifyTransform
[        ] Transforming lifecycle-livedata-core-ktx-2.7.0.aar (androidx.lifecycle:lifecycle-livedata-core-ktx:2.7.0) with AarToClassTransform
[        ] Transforming lifecycle-livedata-2.7.0.aar (androidx.lifecycle:lifecycle-livedata:2.7.0) with JetifyTransform
[        ] Transforming lifecycle-livedata-2.7.0.aar (androidx.lifecycle:lifecycle-livedata:2.7.0) with AarToClassTransform
[        ] Transforming lifecycle-viewmodel-2.7.0.aar (androidx.lifecycle:lifecycle-viewmodel:2.7.0) with JetifyTransform
[        ] Transforming lifecycle-viewmodel-2.7.0.aar (androidx.lifecycle:lifecycle-viewmodel:2.7.0) with AarToClassTransform
[        ] Transforming lifecycle-viewmodel-2.7.0.aar (androidx.lifecycle:lifecycle-viewmodel:2.7.0) with JetifyTransform
[        ] Transforming lifecycle-viewmodel-2.7.0.aar (androidx.lifecycle:lifecycle-viewmodel:2.7.0) with AarToClassTransform
[        ] Transforming lifecycle-livedata-core-2.7.0.aar (androidx.lifecycle:lifecycle-livedata-core:2.7.0) with JetifyTransform
[        ] Transforming lifecycle-livedata-core-2.7.0.aar (androidx.lifecycle:lifecycle-livedata-core:2.7.0) with AarToClassTransform
[        ] Transforming lifecycle-viewmodel-savedstate-2.7.0.aar (androidx.lifecycle:lifecycle-viewmodel-savedstate:2.7.0) with JetifyTransform
[        ] Transforming lifecycle-viewmodel-savedstate-2.7.0.aar (androidx.lifecycle:lifecycle-viewmodel-savedstate:2.7.0) with AarToClassTransform
[        ] Transforming core-ktx-1.13.1.aar (androidx.core:core-ktx:1.13.1) with JetifyTransform
[        ] Transforming core-ktx-1.13.1.aar (androidx.core:core-ktx:1.13.1) with AarToClassTransform
[        ] Transforming viewpager-1.0.0.aar (androidx.viewpager:viewpager:1.0.0) with JetifyTransform
[        ] Transforming viewpager-1.0.0.aar (androidx.viewpager:viewpager:1.0.0) with AarToClassTransform
[        ] Transforming customview-1.0.0.aar (androidx.customview:customview:1.0.0) with JetifyTransform
[        ] Transforming customview-1.0.0.aar (androidx.customview:customview:1.0.0) with AarToClassTransform
[        ] Transforming core-1.13.1.aar (androidx.core:core:1.13.1) with JetifyTransform
[        ] Transforming core-1.13.1.aar (androidx.core:core:1.13.1) with AarToClassTransform
[        ] Transforming core-1.13.1.aar (androidx.core:core:1.13.1) with JetifyTransform
[        ] Transforming core-1.13.1.aar (androidx.core:core:1.13.1) with AarToClassTransform
[        ] Transforming lifecycle-runtime-2.7.0.aar (androidx.lifecycle:lifecycle-runtime:2.7.0) with JetifyTransform
[        ] Transforming lifecycle-runtime-2.7.0.aar (androidx.lifecycle:lifecycle-runtime:2.7.0) with AarToClassTransform
[        ] Transforming lifecycle-process-2.7.0.aar (androidx.lifecycle:lifecycle-process:2.7.0) with JetifyTransform
[        ] Transforming lifecycle-process-2.7.0.aar (androidx.lifecycle:lifecycle-process:2.7.0) with AarToClassTransform
[        ] Transforming lifecycle-common-java8-2.7.0.jar (androidx.lifecycle:lifecycle-common-java8:2.7.0) with JetifyTransform
[        ] Transforming lifecycle-common-java8-2.7.0.jar (androidx.lifecycle:lifecycle-common-java8:2.7.0) with IdentityTransform
[        ] Transforming lifecycle-common-2.7.0.jar (androidx.lifecycle:lifecycle-common:2.7.0) with JetifyTransform
[        ] Transforming lifecycle-common-2.7.0.jar (androidx.lifecycle:lifecycle-common:2.7.0) with IdentityTransform
[        ] Transforming window-1.2.0.aar (androidx.window:window:1.2.0) with JetifyTransform
[        ] Transforming window-1.2.0.aar (androidx.window:window:1.2.0) with AarToClassTransform
[        ] Transforming window-java-1.2.0.aar (androidx.window:window-java:1.2.0) with JetifyTransform
[        ] Transforming window-java-1.2.0.aar (androidx.window:window-java:1.2.0) with AarToClassTransform
[        ] Transforming annotation-experimental-1.4.0.aar (androidx.annotation:annotation-experimental:1.4.0) with JetifyTransform
[        ] Transforming annotation-experimental-1.4.0.aar (androidx.annotation:annotation-experimental:1.4.0) with AarToClassTransform
[        ] Transforming savedstate-1.2.1.aar (androidx.savedstate:savedstate:1.2.1) with JetifyTransform
[        ] Transforming savedstate-1.2.1.aar (androidx.savedstate:savedstate:1.2.1) with AarToClassTransform
[        ] Transforming core-runtime-2.2.0.aar (androidx.arch.core:core-runtime:2.2.0) with JetifyTransform
[        ] Transforming core-runtime-2.2.0.aar (androidx.arch.core:core-runtime:2.2.0) with AarToClassTransform
[        ] Transforming core-common-2.2.0.jar (androidx.arch.core:core-common:2.2.0) with JetifyTransform
[        ] Transforming core-common-2.2.0.jar (androidx.arch.core:core-common:2.2.0) with IdentityTransform
[        ] Transforming versionedparcelable-1.1.1.aar (androidx.versionedparcelable:versionedparcelable:1.1.1) with JetifyTransform
[        ] Transforming versionedparcelable-1.1.1.aar (androidx.versionedparcelable:versionedparcelable:1.1.1) with AarToClassTransform
[        ] Transforming collection-1.1.0.jar (androidx.collection:collection:1.1.0) with JetifyTransform
[        ] Transforming collection-1.1.0.jar (androidx.collection:collection:1.1.0) with IdentityTransform
[        ] Transforming annotation-jvm-1.8.1.jar (androidx.annotation:annotation-jvm:1.8.1) with JetifyTransform
[        ] Transforming annotation-jvm-1.8.1.jar (androidx.annotation:annotation-jvm:1.8.1) with IdentityTransform
[        ] Transforming kotlinx-coroutines-android-1.7.1.jar (org.jetbrains.kotlinx:kotlinx-coroutines-android:1.7.1) with JetifyTransform
[        ] Transforming kotlinx-coroutines-android-1.7.1.jar (org.jetbrains.kotlinx:kotlinx-coroutines-android:1.7.1) with IdentityTransform
[        ] Transforming kotlinx-coroutines-core-jvm-1.7.1.jar (org.jetbrains.kotlinx:kotlinx-coroutines-core-jvm:1.7.1) with JetifyTransform
[        ] Transforming kotlinx-coroutines-core-jvm-1.7.1.jar (org.jetbrains.kotlinx:kotlinx-coroutines-core-jvm:1.7.1) with IdentityTransform
[        ] Transforming kotlin-stdlib-jdk8-1.8.20.jar (org.jetbrains.kotlin:kotlin-stdlib-jdk8:1.8.20) with JetifyTransform
[        ] Transforming kotlin-stdlib-jdk8-1.8.20.jar (org.jetbrains.kotlin:kotlin-stdlib-jdk8:1.8.20) with IdentityTransform
[        ] Transforming kotlin-stdlib-jdk7-1.8.20.jar (org.jetbrains.kotlin:kotlin-stdlib-jdk7:1.8.20) with JetifyTransform
[        ] Transforming kotlin-stdlib-jdk7-1.8.20.jar (org.jetbrains.kotlin:kotlin-stdlib-jdk7:1.8.20) with IdentityTransform
[        ] Transforming kotlin-stdlib-2.0.0.jar (org.jetbrains.kotlin:kotlin-stdlib:2.0.0) with JetifyTransform
[        ] Transforming kotlin-stdlib-2.0.0.jar (org.jetbrains.kotlin:kotlin-stdlib:2.0.0) with IdentityTransform
[        ] Transforming annotations-23.0.0.jar (org.jetbrains:annotations:23.0.0) with JetifyTransform
[        ] Transforming annotations-23.0.0.jar (org.jetbrains:annotations:23.0.0) with IdentityTransform
[        ] Transforming startup-runtime-1.1.1.aar (androidx.startup:startup-runtime:1.1.1) with JetifyTransform
[        ] Transforming startup-runtime-1.1.1.aar (androidx.startup:startup-runtime:1.1.1) with AarToClassTransform
[        ] Transforming tracing-1.2.0.aar (androidx.tracing:tracing:1.2.0) with JetifyTransform
[        ] Transforming tracing-1.2.0.aar (androidx.tracing:tracing:1.2.0) with AarToClassTransform
[        ] Transforming relinker-1.4.5.aar (com.getkeepsafe.relinker:relinker:1.4.5) with JetifyTransform
[        ] Transforming relinker-1.4.5.aar (com.getkeepsafe.relinker:relinker:1.4.5) with AarToClassTransform
[        ] Transforming exifinterface-1.4.1.aar (androidx.exifinterface:exifinterface:1.4.1) with JetifyTransform
[        ] Transforming exifinterface-1.4.1.aar (androidx.exifinterface:exifinterface:1.4.1) with AarToClassTransform
[        ] Transforming jspecify-1.0.0.jar (org.jspecify:jspecify:1.0.0) with JetifyTransform
[        ] Transforming jspecify-1.0.0.jar (org.jspecify:jspecify:1.0.0) with IdentityTransform
[        ] Transforming core-for-system-modules.jar with JdkImageTransform
[        ] Transforming core-for-system-modules.jar with JdkImageTransform
[        ] Transforming core-for-system-modules.jar with JdkImageTransform
[        ] Transforming core-for-system-modules.jar with JdkImageTransform
[        ] Transforming core-for-system-modules.jar with JdkImageTransform
[        ] Transforming core-for-system-modules.jar with JdkImageTransform
[        ] Custom actions are attached to task ':permission_handler_android:compileDebugJavaWithJavac'.
[        ] Caching disabled for task ':permission_handler_android:compileDebugJavaWithJavac' because:
[        ]   Build cache is disabled
[        ] Skipping task ':permission_handler_android:compileDebugJavaWithJavac' as it is up-to-date.
[        ] No compile result for :permission_handler_android:compileDebugJavaWithJavac
[        ] No compile result for :permission_handler_android:compileDebugJavaWithJavac
[        ] No compile result for :permission_handler_android:compileDebugJavaWithJavac
[        ] Resolve mutations for :permission_handler_android:bundleLibCompileToJarDebug (Thread[#8297,Execution worker Thread 15,5,main]) started.
[        ] :permission_handler_android:bundleLibCompileToJarDebug (Thread[#8287,Execution worker Thread 5,5,main]) started.
[        ] > Task :permission_handler_android:bundleLibCompileToJarDebug UP-TO-DATE
[        ] Caching disabled for task ':permission_handler_android:bundleLibCompileToJarDebug' because:
[        ]   Build cache is disabled
[        ]   Simple merging task
[        ] Skipping task ':permission_handler_android:bundleLibCompileToJarDebug' as it is up-to-date.
[        ] work action resolve classes.jar (project :permission_handler_android) (Thread[#8287,Execution worker Thread 5,5,main]) started.
[        ] Resolve mutations for :shared_preferences_android:checkKotlinGradlePluginConfigurationErrors (Thread[#8287,Execution worker Thread 5,5,main]) started.
[        ] :shared_preferences_android:checkKotlinGradlePluginConfigurationErrors (Thread[#8287,Execution worker Thread 5,5,main]) started.
[        ] > Task :shared_preferences_android:checkKotlinGradlePluginConfigurationErrors SKIPPED
[        ] Skipping task ':shared_preferences_android:checkKotlinGradlePluginConfigurationErrors' as task onlyIf 'errorDiagnostics are present' is false.
[        ] Resolve mutations for :shared_preferences_android:compileDebugKotlin (Thread[#8287,Execution worker Thread 5,5,main]) started.
[        ] :shared_preferences_android:compileDebugKotlin (Thread[#8287,Execution worker Thread 5,5,main]) started.
[        ] > Task :shared_preferences_android:compileDebugKotlin UP-TO-DATE
[        ] Transforming flutter_embedding_debug-1.0.0-77e2e94772b6eb43759e34ed1ad7da4674e19cab.jar (io.flutter:flutter_embedding_debug:1.0.0-77e2e94772b6eb43759e34ed1ad7da4674e19cab) with JetifyTransform
[        ] Transforming flutter_embedding_debug-1.0.0-77e2e94772b6eb43759e34ed1ad7da4674e19cab.jar (io.flutter:flutter_embedding_debug:1.0.0-77e2e94772b6eb43759e34ed1ad7da4674e19cab) with IdentityTransform
[        ] Transforming preference-1.2.1.aar (androidx.preference:preference:1.2.1) with JetifyTransform
[        ] Transforming preference-1.2.1.aar (androidx.preference:preference:1.2.1) with AarToClassTransform
[        ] Transforming fragment-ktx-1.7.1.aar (androidx.fragment:fragment-ktx:1.7.1) with JetifyTransform
[        ] Transforming fragment-ktx-1.7.1.aar (androidx.fragment:fragment-ktx:1.7.1) with AarToClassTransform
[        ] Transforming fragment-1.7.1.aar (androidx.fragment:fragment:1.7.1) with JetifyTransform
[        ] Transforming fragment-1.7.1.aar (androidx.fragment:fragment:1.7.1) with AarToClassTransform
[        ] Transforming fragment-1.7.1.aar (androidx.fragment:fragment:1.7.1) with JetifyTransform
[        ] Transforming fragment-1.7.1.aar (androidx.fragment:fragment:1.7.1) with AarToClassTransform
[        ] Transforming recyclerview-1.0.0.aar (androidx.recyclerview:recyclerview:1.0.0) with JetifyTransform
[        ] Transforming recyclerview-1.0.0.aar (androidx.recyclerview:recyclerview:1.0.0) with AarToClassTransform
[        ] Transforming activity-ktx-1.8.1.aar (androidx.activity:activity-ktx:1.8.1) with JetifyTransform
[        ] Transforming activity-ktx-1.8.1.aar (androidx.activity:activity-ktx:1.8.1) with AarToClassTransform
[        ] Transforming activity-1.8.1.aar (androidx.activity:activity:1.8.1) with JetifyTransform
[        ] Transforming activity-1.8.1.aar (androidx.activity:activity:1.8.1) with AarToClassTransform
[        ] Transforming legacy-support-core-ui-1.0.0.aar (androidx.legacy:legacy-support-core-ui:1.0.0) with JetifyTransform
[        ] Transforming appcompat-1.1.0.aar (androidx.appcompat:appcompat:1.1.0) with JetifyTransform
[        ] Transforming legacy-support-core-ui-1.0.0.aar (androidx.legacy:legacy-support-core-ui:1.0.0) with AarToClassTransform
[        ] Transforming appcompat-1.1.0.aar (androidx.appcompat:appcompat:1.1.0) with AarToClassTransform
[        ] Transforming legacy-support-core-utils-1.0.0.aar (androidx.legacy:legacy-support-core-utils:1.0.0) with JetifyTransform
[        ] Transforming legacy-support-core-utils-1.0.0.aar (androidx.legacy:legacy-support-core-utils:1.0.0) with AarToClassTransform
[        ] Transforming loader-1.0.0.aar (androidx.loader:loader:1.0.0) with JetifyTransform
[        ] Transforming loader-1.0.0.aar (androidx.loader:loader:1.0.0) with AarToClassTransform
[        ] Transforming loader-1.0.0.aar (androidx.loader:loader:1.0.0) with JetifyTransform
[        ] Transforming loader-1.0.0.aar (androidx.loader:loader:1.0.0) with AarToClassTransform
[        ] Transforming lifecycle-livedata-2.7.0.aar (androidx.lifecycle:lifecycle-livedata:2.7.0) with JetifyTransform
[        ] Transforming lifecycle-livedata-2.7.0.aar (androidx.lifecycle:lifecycle-livedata:2.7.0) with AarToClassTransform
[        ] Transforming lifecycle-livedata-core-ktx-2.7.0.aar (androidx.lifecycle:lifecycle-livedata-core-ktx:2.7.0) with JetifyTransform
[        ] Transforming lifecycle-livedata-core-ktx-2.7.0.aar (androidx.lifecycle:lifecycle-livedata-core-ktx:2.7.0) with AarToClassTransform
[        ] Transforming lifecycle-viewmodel-ktx-2.7.0.aar (androidx.lifecycle:lifecycle-viewmodel-ktx:2.7.0) with JetifyTransform
[        ] Transforming lifecycle-viewmodel-ktx-2.7.0.aar (androidx.lifecycle:lifecycle-viewmodel-ktx:2.7.0) with AarToClassTransform
[        ] Transforming lifecycle-runtime-ktx-2.7.0.aar (androidx.lifecycle:lifecycle-runtime-ktx:2.7.0) with JetifyTransform
[        ] Transforming lifecycle-runtime-ktx-2.7.0.aar (androidx.lifecycle:lifecycle-runtime-ktx:2.7.0) with AarToClassTransform
[        ] Transforming lifecycle-viewmodel-2.7.0.aar (androidx.lifecycle:lifecycle-viewmodel:2.7.0) with JetifyTransform
[        ] Transforming lifecycle-viewmodel-2.7.0.aar (androidx.lifecycle:lifecycle-viewmodel:2.7.0) with AarToClassTransform
[        ] Transforming lifecycle-viewmodel-2.7.0.aar (androidx.lifecycle:lifecycle-viewmodel:2.7.0) with JetifyTransform
[        ] Transforming lifecycle-viewmodel-2.7.0.aar (androidx.lifecycle:lifecycle-viewmodel:2.7.0) with AarToClassTransform
[        ] Transforming lifecycle-livedata-core-2.7.0.aar (androidx.lifecycle:lifecycle-livedata-core:2.7.0) with JetifyTransform
[        ] Transforming lifecycle-livedata-core-2.7.0.aar (androidx.lifecycle:lifecycle-livedata-core:2.7.0) with AarToClassTransform
[        ] Transforming lifecycle-viewmodel-savedstate-2.7.0.aar (androidx.lifecycle:lifecycle-viewmodel-savedstate:2.7.0) with JetifyTransform
[        ] Transforming lifecycle-viewmodel-savedstate-2.7.0.aar (androidx.lifecycle:lifecycle-viewmodel-savedstate:2.7.0) with AarToClassTransform
[        ] Transforming core-ktx-1.13.1.aar (androidx.core:core-ktx:1.13.1) with JetifyTransform
[        ] Transforming core-ktx-1.13.1.aar (androidx.core:core-ktx:1.13.1) with AarToClassTransform
[        ] Transforming viewpager-1.0.0.aar (androidx.viewpager:viewpager:1.0.0) with JetifyTransform
[        ] Transforming viewpager-1.0.0.aar (androidx.viewpager:viewpager:1.0.0) with AarToClassTransform
[        ] Transforming viewpager-1.0.0.aar (androidx.viewpager:viewpager:1.0.0) with JetifyTransform
[        ] Transforming viewpager-1.0.0.aar (androidx.viewpager:viewpager:1.0.0) with AarToClassTransform
[        ] Transforming drawerlayout-1.0.0.aar (androidx.drawerlayout:drawerlayout:1.0.0) with JetifyTransform
[        ] Transforming drawerlayout-1.0.0.aar (androidx.drawerlayout:drawerlayout:1.0.0) with AarToClassTransform
[        ] Transforming slidingpanelayout-1.2.0.aar (androidx.slidingpanelayout:slidingpanelayout:1.2.0) with JetifyTransform
[        ] Transforming slidingpanelayout-1.2.0.aar (androidx.slidingpanelayout:slidingpanelayout:1.2.0) with AarToClassTransform
[        ] Transforming slidingpanelayout-1.2.0.aar (androidx.slidingpanelayout:slidingpanelayout:1.2.0) with JetifyTransform
[        ] Transforming slidingpanelayout-1.2.0.aar (androidx.slidingpanelayout:slidingpanelayout:1.2.0) with AarToClassTransform
[        ] Transforming coordinatorlayout-1.0.0.aar (androidx.coordinatorlayout:coordinatorlayout:1.0.0) with JetifyTransform
[        ] Transforming coordinatorlayout-1.0.0.aar (androidx.coordinatorlayout:coordinatorlayout:1.0.0) with AarToClassTransform
[        ] Transforming appcompat-resources-1.1.0.aar (androidx.appcompat:appcompat-resources:1.1.0) with JetifyTransform
[        ] Transforming customview-1.1.0.aar (androidx.customview:customview:1.1.0) with JetifyTransform
[        ] Transforming appcompat-resources-1.1.0.aar (androidx.appcompat:appcompat-resources:1.1.0) with AarToClassTransform
[        ] Transforming customview-1.1.0.aar (androidx.customview:customview:1.1.0) with AarToClassTransform
[        ] Transforming customview-1.1.0.aar (androidx.customview:customview:1.1.0) with JetifyTransform
[        ] Transforming customview-1.1.0.aar (androidx.customview:customview:1.1.0) with AarToClassTransform
[        ] Transforming vectordrawable-animated-1.1.0.aar (androidx.vectordrawable:vectordrawable-animated:1.1.0) with JetifyTransform
[        ] Transforming vectordrawable-animated-1.1.0.aar (androidx.vectordrawable:vectordrawable-animated:1.1.0) with AarToClassTransform
[        ] Transforming vectordrawable-1.1.0.aar (androidx.vectordrawable:vectordrawable:1.1.0) with JetifyTransform
[        ] Transforming vectordrawable-1.1.0.aar (androidx.vectordrawable:vectordrawable:1.1.0) with AarToClassTransform
[        ] Transforming swiperefreshlayout-1.0.0.aar (androidx.swiperefreshlayout:swiperefreshlayout:1.0.0) with JetifyTransform
[        ] Transforming swiperefreshlayout-1.0.0.aar (androidx.swiperefreshlayout:swiperefreshlayout:1.0.0) with AarToClassTransform
[        ] Transforming asynclayoutinflater-1.0.0.aar (androidx.asynclayoutinflater:asynclayoutinflater:1.0.0) with JetifyTransform
[        ] Transforming asynclayoutinflater-1.0.0.aar (androidx.asynclayoutinflater:asynclayoutinflater:1.0.0) with AarToClassTransform
[        ] Transforming core-1.13.1.aar (androidx.core:core:1.13.1) with JetifyTransform
[        ] Transforming core-1.13.1.aar (androidx.core:core:1.13.1) with AarToClassTransform
[        ] Transforming core-1.13.1.aar (androidx.core:core:1.13.1) with JetifyTransform
[        ] Transforming core-1.13.1.aar (androidx.core:core:1.13.1) with AarToClassTransform
[        ] Transforming lifecycle-runtime-2.7.0.aar (androidx.lifecycle:lifecycle-runtime:2.7.0) with JetifyTransform
[        ] Transforming lifecycle-runtime-2.7.0.aar (androidx.lifecycle:lifecycle-runtime:2.7.0) with AarToClassTransform
[        ] Transforming lifecycle-process-2.7.0.aar (androidx.lifecycle:lifecycle-process:2.7.0) with JetifyTransform
[        ] Transforming lifecycle-process-2.7.0.aar (androidx.lifecycle:lifecycle-process:2.7.0) with AarToClassTransform
[        ] Transforming lifecycle-common-java8-2.7.0.jar (androidx.lifecycle:lifecycle-common-java8:2.7.0) with JetifyTransform
[        ] Transforming lifecycle-common-java8-2.7.0.jar (androidx.lifecycle:lifecycle-common-java8:2.7.0) with IdentityTransform
[        ] Transforming lifecycle-common-2.7.0.jar (androidx.lifecycle:lifecycle-common:2.7.0) with JetifyTransform
[        ] Transforming lifecycle-common-2.7.0.jar (androidx.lifecycle:lifecycle-common:2.7.0) with IdentityTransform
[        ] Transforming window-1.2.0.aar (androidx.window:window:1.2.0) with JetifyTransform
[        ] Transforming window-1.2.0.aar (androidx.window:window:1.2.0) with AarToClassTransform
[        ] Transforming window-java-1.2.0.aar (androidx.window:window-java:1.2.0) with JetifyTransform
[        ] Transforming window-java-1.2.0.aar (androidx.window:window-java:1.2.0) with AarToClassTransform
[        ] Transforming datastore-preferences-core-release.aar (androidx.datastore:datastore-preferences-core-android:1.1.7) with JetifyTransform
[        ] Transforming datastore-preferences-core-release.aar (androidx.datastore:datastore-preferences-core-android:1.1.7) with AarToClassTransform
[        ] Transforming datastore-core-release.aar (androidx.datastore:datastore-core-android:1.1.7) with JetifyTransform
[        ] Transforming datastore-core-release.aar (androidx.datastore:datastore-core-android:1.1.7) with AarToClassTransform
[        ] Transforming datastore-preferences-release.aar (androidx.datastore:datastore-preferences-android:1.1.7) with JetifyTransform
[        ] Transforming datastore-preferences-release.aar (androidx.datastore:datastore-preferences-android:1.1.7) with AarToClassTransform
[        ] Transforming datastore-release.aar (androidx.datastore:datastore-android:1.1.7) with JetifyTransform
[        ] Transforming datastore-release.aar (androidx.datastore:datastore-android:1.1.7) with AarToClassTransform
[        ] Transforming annotation-experimental-1.4.0.aar (androidx.annotation:annotation-experimental:1.4.0) with JetifyTransform
[        ] Transforming annotation-experimental-1.4.0.aar (androidx.annotation:annotation-experimental:1.4.0) with AarToClassTransform
[        ] Transforming savedstate-ktx-1.2.1.aar (androidx.savedstate:savedstate-ktx:1.2.1) with JetifyTransform
[        ] Transforming datastore-core-okio-jvm-1.1.7.jar (androidx.datastore:datastore-core-okio-jvm:1.1.7) with JetifyTransform
[        ] Transforming savedstate-ktx-1.2.1.aar (androidx.savedstate:savedstate-ktx:1.2.1) with AarToClassTransform
[        ] Transforming datastore-core-okio-jvm-1.1.7.jar (androidx.datastore:datastore-core-okio-jvm:1.1.7) with IdentityTransform
[        ] Transforming savedstate-1.2.1.aar (androidx.savedstate:savedstate:1.2.1) with JetifyTransform
[        ] Transforming savedstate-1.2.1.aar (androidx.savedstate:savedstate:1.2.1) with AarToClassTransform
[        ] Transforming core-runtime-2.2.0.aar (androidx.arch.core:core-runtime:2.2.0) with JetifyTransform
[        ] Transforming core-runtime-2.2.0.aar (androidx.arch.core:core-runtime:2.2.0) with AarToClassTransform
[        ] Transforming core-common-2.2.0.jar (androidx.arch.core:core-common:2.2.0) with JetifyTransform
[        ] Transforming core-common-2.2.0.jar (androidx.arch.core:core-common:2.2.0) with IdentityTransform
[        ] Transforming versionedparcelable-1.1.1.aar (androidx.versionedparcelable:versionedparcelable:1.1.1) with JetifyTransform
[        ] Transforming versionedparcelable-1.1.1.aar (androidx.versionedparcelable:versionedparcelable:1.1.1) with AarToClassTransform
[        ] Transforming collection-1.1.0.jar (androidx.collection:collection:1.1.0) with JetifyTransform
[        ] Transforming collection-1.1.0.jar (androidx.collection:collection:1.1.0) with IdentityTransform
[        ] Transforming cursoradapter-1.0.0.aar (androidx.cursoradapter:cursoradapter:1.0.0) with JetifyTransform
[        ] Transforming cursoradapter-1.0.0.aar (androidx.cursoradapter:cursoradapter:1.0.0) with AarToClassTransform
[        ] Transforming interpolator-1.0.0.aar (androidx.interpolator:interpolator:1.0.0) with JetifyTransform
[        ] Transforming interpolator-1.0.0.aar (androidx.interpolator:interpolator:1.0.0) with AarToClassTransform
[        ] Transforming documentfile-1.0.0.aar (androidx.documentfile:documentfile:1.0.0) with JetifyTransform
[        ] Transforming documentfile-1.0.0.aar (androidx.documentfile:documentfile:1.0.0) with AarToClassTransform
[        ] Transforming localbroadcastmanager-1.0.0.aar (androidx.localbroadcastmanager:localbroadcastmanager:1.0.0) with JetifyTransform
[        ] Transforming collection-ktx-1.1.0.jar (androidx.collection:collection-ktx:1.1.0) with JetifyTransform
[        ] Transforming localbroadcastmanager-1.0.0.aar (androidx.localbroadcastmanager:localbroadcastmanager:1.0.0) with AarToClassTransform
[        ] Transforming collection-ktx-1.1.0.jar (androidx.collection:collection-ktx:1.1.0) with IdentityTransform
[        ] Transforming print-1.0.0.aar (androidx.print:print:1.0.0) with JetifyTransform
[        ] Transforming print-1.0.0.aar (androidx.print:print:1.0.0) with AarToClassTransform
[        ] Transforming annotation-jvm-1.8.1.jar (androidx.annotation:annotation-jvm:1.8.1) with JetifyTransform
[        ] Transforming annotation-jvm-1.8.1.jar (androidx.annotation:annotation-jvm:1.8.1) with IdentityTransform
[        ] Transforming kotlin-stdlib-jdk8-1.8.20.jar (org.jetbrains.kotlin:kotlin-stdlib-jdk8:1.8.20) with JetifyTransform
[        ] Transforming kotlin-stdlib-jdk8-1.8.20.jar (org.jetbrains.kotlin:kotlin-stdlib-jdk8:1.8.20) with IdentityTransform
[        ] Transforming kotlin-stdlib-jdk7-1.8.20.jar (org.jetbrains.kotlin:kotlin-stdlib-jdk7:1.8.20) with JetifyTransform
[        ] Transforming kotlin-stdlib-jdk7-1.8.20.jar (org.jetbrains.kotlin:kotlin-stdlib-jdk7:1.8.20) with IdentityTransform
[        ] Transforming kotlin-stdlib-2.0.0.jar (org.jetbrains.kotlin:kotlin-stdlib:2.0.0) with JetifyTransform
[        ] Transforming kotlin-stdlib-2.0.0.jar (org.jetbrains.kotlin:kotlin-stdlib:2.0.0) with IdentityTransform
[        ] Transforming annotations-23.0.0.jar (org.jetbrains:annotations:23.0.0) with JetifyTransform
[        ] Transforming annotations-23.0.0.jar (org.jetbrains:annotations:23.0.0) with IdentityTransform
[        ] Transforming startup-runtime-1.1.1.aar (androidx.startup:startup-runtime:1.1.1) with JetifyTransform
[        ] Transforming startup-runtime-1.1.1.aar (androidx.startup:startup-runtime:1.1.1) with AarToClassTransform
[        ] Transforming tracing-1.2.0.aar (androidx.tracing:tracing:1.2.0) with JetifyTransform
[        ] Transforming kotlinx-coroutines-android-1.7.3.jar (org.jetbrains.kotlinx:kotlinx-coroutines-android:1.7.3) with JetifyTransform
[        ] Transforming tracing-1.2.0.aar (androidx.tracing:tracing:1.2.0) with AarToClassTransform
[        ] Transforming kotlinx-coroutines-android-1.7.3.jar (org.jetbrains.kotlinx:kotlinx-coroutines-android:1.7.3) with IdentityTransform
[        ] Transforming relinker-1.4.5.aar (com.getkeepsafe.relinker:relinker:1.4.5) with JetifyTransform
[        ] Transforming relinker-1.4.5.aar (com.getkeepsafe.relinker:relinker:1.4.5) with AarToClassTransform
[        ] Transforming kotlinx-coroutines-core-jvm-1.7.3.jar (org.jetbrains.kotlinx:kotlinx-coroutines-core-jvm:1.7.3) with JetifyTransform
[        ] Transforming exifinterface-1.4.1.aar (androidx.exifinterface:exifinterface:1.4.1) with JetifyTransform
[        ] Transforming kotlinx-coroutines-core-jvm-1.7.3.jar (org.jetbrains.kotlinx:kotlinx-coroutines-core-jvm:1.7.3) with IdentityTransform
[        ] Transforming exifinterface-1.4.1.aar (androidx.exifinterface:exifinterface:1.4.1) with AarToClassTransform
[        ] Transforming jspecify-1.0.0.jar (org.jspecify:jspecify:1.0.0) with JetifyTransform
[        ] Transforming jspecify-1.0.0.jar (org.jspecify:jspecify:1.0.0) with IdentityTransform
[        ] Transforming okio-jvm-3.4.0.jar (com.squareup.okio:okio-jvm:3.4.0) with JetifyTransform
[        ] Transforming okio-jvm-3.4.0.jar (com.squareup.okio:okio-jvm:3.4.0) with IdentityTransform
[        ] GradleBuildProject.Builder should not be accessed through AnalyticsConfiguratorService after AnalyticsService is created. Analytics information of this build might be incomplete.
[        ] Transforming R.jar with BuildToolsApiClasspathEntrySnapshotTransform
[        ] Transforming jetified-flutter_embedding_debug-1.0.0-77e2e94772b6eb43759e34ed1ad7da4674e19cab.jar with BuildToolsApiClasspathEntrySnapshotTransform
[        ] Transforming preference-1.2.1-api.jar with BuildToolsApiClasspathEntrySnapshotTransform
[        ] Transforming appcompat-1.1.0-api.jar with BuildToolsApiClasspathEntrySnapshotTransform
[        ] Transforming jetified-fragment-ktx-1.7.1-api.jar with BuildToolsApiClasspathEntrySnapshotTransform
[        ] Transforming fragment-1.7.1-api.jar with BuildToolsApiClasspathEntrySnapshotTransform
[        ] Transforming recyclerview-1.0.0-api.jar with BuildToolsApiClasspathEntrySnapshotTransform
[        ] Transforming jetified-activity-ktx-1.8.1-api.jar with BuildToolsApiClasspathEntrySnapshotTransform
[        ] Transforming jetified-activity-1.8.1-api.jar with BuildToolsApiClasspathEntrySnapshotTransform
[        ] Transforming legacy-support-core-ui-1.0.0-api.jar with BuildToolsApiClasspathEntrySnapshotTransform
[        ] Transforming legacy-support-core-utils-1.0.0-api.jar with BuildToolsApiClasspathEntrySnapshotTransform
[        ] Transforming loader-1.0.0-api.jar with BuildToolsApiClasspathEntrySnapshotTransform
[        ] Transforming lifecycle-livedata-2.7.0-api.jar with BuildToolsApiClasspathEntrySnapshotTransform
[        ] Transforming jetified-lifecycle-livedata-core-ktx-2.7.0-api.jar with BuildToolsApiClasspathEntrySnapshotTransform
[        ] Transforming jetified-lifecycle-viewmodel-ktx-2.7.0-api.jar with BuildToolsApiClasspathEntrySnapshotTransform
[        ] Transforming jetified-lifecycle-runtime-ktx-2.7.0-api.jar with BuildToolsApiClasspathEntrySnapshotTransform
[        ] Transforming lifecycle-viewmodel-2.7.0-api.jar with BuildToolsApiClasspathEntrySnapshotTransform
[        ] Transforming lifecycle-livedata-core-2.7.0-api.jar with BuildToolsApiClasspathEntrySnapshotTransform
[        ] Transforming jetified-lifecycle-viewmodel-savedstate-2.7.0-api.jar with BuildToolsApiClasspathEntrySnapshotTransform
[        ] Transforming jetified-core-ktx-1.13.1-api.jar with BuildToolsApiClasspathEntrySnapshotTransform
[        ] Transforming viewpager-1.0.0-api.jar with BuildToolsApiClasspathEntrySnapshotTransform
[        ] Transforming jetified-appcompat-resources-1.1.0-api.jar with BuildToolsApiClasspathEntrySnapshotTransform
[        ] Transforming drawerlayout-1.0.0-api.jar with BuildToolsApiClasspathEntrySnapshotTransform
[        ] Transforming slidingpanelayout-1.2.0-api.jar with BuildToolsApiClasspathEntrySnapshotTransform
[        ] Transforming coordinatorlayout-1.0.0-api.jar with BuildToolsApiClasspathEntrySnapshotTransform
[        ] Transforming customview-1.1.0-api.jar with BuildToolsApiClasspathEntrySnapshotTransform
[        ] Transforming vectordrawable-animated-1.1.0-api.jar with BuildToolsApiClasspathEntrySnapshotTransform
[        ] Transforming vectordrawable-1.1.0-api.jar with BuildToolsApiClasspathEntrySnapshotTransform
[        ] Transforming swiperefreshlayout-1.0.0-api.jar with BuildToolsApiClasspathEntrySnapshotTransform
[        ] Transforming asynclayoutinflater-1.0.0-api.jar with BuildToolsApiClasspathEntrySnapshotTransform
[        ] Transforming core-1.13.1-api.jar with BuildToolsApiClasspathEntrySnapshotTransform
[        ] Transforming lifecycle-runtime-2.7.0-api.jar with BuildToolsApiClasspathEntrySnapshotTransform
[        ] Transforming jetified-lifecycle-process-2.7.0-api.jar with BuildToolsApiClasspathEntrySnapshotTransform
[        ] Transforming lifecycle-common-java8-2.7.0.jar with BuildToolsApiClasspathEntrySnapshotTransform
[        ] Transforming lifecycle-common-2.7.0.jar with BuildToolsApiClasspathEntrySnapshotTransform
[        ] Transforming jetified-window-1.2.0-api.jar with BuildToolsApiClasspathEntrySnapshotTransform
[        ] Transforming jetified-window-java-1.2.0-api.jar with BuildToolsApiClasspathEntrySnapshotTransform
[        ] Transforming jetified-datastore-preferences-core-release-api.jar with BuildToolsApiClasspathEntrySnapshotTransform
[        ] Transforming jetified-datastore-core-okio-jvm-1.1.7.jar with BuildToolsApiClasspathEntrySnapshotTransform
[        ] Transforming jetified-datastore-core-release-api.jar with BuildToolsApiClasspathEntrySnapshotTransform
[        ] Transforming jetified-datastore-preferences-release-api.jar with BuildToolsApiClasspathEntrySnapshotTransform
[        ] Transforming jetified-datastore-release-api.jar with BuildToolsApiClasspathEntrySnapshotTransform
[        ] Transforming jetified-annotation-experimental-1.4.0-api.jar with BuildToolsApiClasspathEntrySnapshotTransform
[        ] Transforming jetified-savedstate-ktx-1.2.1-api.jar with BuildToolsApiClasspathEntrySnapshotTransform
[        ] Transforming jetified-savedstate-1.2.1-api.jar with BuildToolsApiClasspathEntrySnapshotTransform
[        ] Transforming core-runtime-2.2.0-api.jar with BuildToolsApiClasspathEntrySnapshotTransform
[        ] Transforming core-common-2.2.0.jar with BuildToolsApiClasspathEntrySnapshotTransform
[        ] Transforming versionedparcelable-1.1.1-api.jar with BuildToolsApiClasspathEntrySnapshotTransform
[        ] Transforming jetified-collection-ktx-1.1.0.jar with BuildToolsApiClasspathEntrySnapshotTransform
[        ] Transforming collection-1.1.0.jar with BuildToolsApiClasspathEntrySnapshotTransform
[        ] Transforming cursoradapter-1.0.0-api.jar with BuildToolsApiClasspathEntrySnapshotTransform
[        ] Transforming interpolator-1.0.0-api.jar with BuildToolsApiClasspathEntrySnapshotTransform
[        ] Transforming documentfile-1.0.0-api.jar with BuildToolsApiClasspathEntrySnapshotTransform
[        ] Transforming localbroadcastmanager-1.0.0-api.jar with BuildToolsApiClasspathEntrySnapshotTransform
[        ] Transforming print-1.0.0-api.jar with BuildToolsApiClasspathEntrySnapshotTransform
[        ] Transforming jetified-annotation-jvm-1.8.1.jar with BuildToolsApiClasspathEntrySnapshotTransform
[        ] Transforming jetified-kotlinx-coroutines-android-1.7.3.jar with BuildToolsApiClasspathEntrySnapshotTransform
[        ] Transforming jetified-kotlinx-coroutines-core-jvm-1.7.3.jar with BuildToolsApiClasspathEntrySnapshotTransform
[        ] Transforming jetified-okio-jvm-3.4.0.jar with BuildToolsApiClasspathEntrySnapshotTransform
[        ] Transforming jetified-kotlin-stdlib-jdk8-1.8.20.jar with BuildToolsApiClasspathEntrySnapshotTransform
[        ] Transforming jetified-kotlin-stdlib-jdk7-1.8.20.jar with BuildToolsApiClasspathEntrySnapshotTransform
[        ] Transforming jetified-kotlin-stdlib-2.0.0.jar with BuildToolsApiClasspathEntrySnapshotTransform
[        ] Transforming jetified-annotations-23.0.0.jar with BuildToolsApiClasspathEntrySnapshotTransform
[        ] Transforming jetified-startup-runtime-1.1.1-api.jar with BuildToolsApiClasspathEntrySnapshotTransform
[        ] Transforming jetified-tracing-1.2.0-api.jar with BuildToolsApiClasspathEntrySnapshotTransform
[        ] Transforming jetified-relinker-1.4.5-api.jar with BuildToolsApiClasspathEntrySnapshotTransform
[        ] Transforming exifinterface-1.4.1-api.jar with BuildToolsApiClasspathEntrySnapshotTransform
[        ] Transforming jetified-jspecify-1.0.0.jar with BuildToolsApiClasspathEntrySnapshotTransform
[        ] Transforming android.jar with BuildToolsApiClasspathEntrySnapshotTransform
[        ] Transforming core-lambda-stubs.jar with BuildToolsApiClasspathEntrySnapshotTransform
[        ] Caching disabled for task ':shared_preferences_android:compileDebugKotlin' because:
[        ]   Build cache is disabled
[        ] Skipping task ':shared_preferences_android:compileDebugKotlin' as it is up-to-date.
[        ] Resolve mutations for :shared_preferences_android:javaPreCompileDebug (Thread[#8287,Execution worker Thread 5,5,main]) started.
[        ] :shared_preferences_android:javaPreCompileDebug (Thread[#8287,Execution worker Thread 5,5,main]) started.
[        ] > Task :shared_preferences_android:javaPreCompileDebug UP-TO-DATE
[        ] Caching disabled for task ':shared_preferences_android:javaPreCompileDebug' because:
[        ]   Build cache is disabled
[        ] Skipping task ':shared_preferences_android:javaPreCompileDebug' as it is up-to-date.
[        ] Resolve mutations for :shared_preferences_android:compileDebugJavaWithJavac (Thread[#8287,Execution worker Thread 5,5,main]) started.
[        ] :shared_preferences_android:compileDebugJavaWithJavac (Thread[#8305,Execution worker Thread 22,5,main]) started.
[        ] > Task :shared_preferences_android:compileDebugJavaWithJavac UP-TO-DATE
[        ] Transforming core-for-system-modules.jar with JdkImageTransform
[        ] Transforming core-for-system-modules.jar with JdkImageTransform
[        ] Transforming core-for-system-modules.jar with JdkImageTransform
[        ] Transforming core-for-system-modules.jar with JdkImageTransform
[        ] Transforming core-for-system-modules.jar with JdkImageTransform
[        ] Transforming core-for-system-modules.jar with JdkImageTransform
[        ] Custom actions are attached to task ':shared_preferences_android:compileDebugJavaWithJavac'.
[        ] Caching disabled for task ':shared_preferences_android:compileDebugJavaWithJavac' because:
[        ]   Build cache is disabled
[        ] Skipping task ':shared_preferences_android:compileDebugJavaWithJavac' as it is up-to-date.
[        ] No compile result for :shared_preferences_android:compileDebugJavaWithJavac
[        ] No compile result for :shared_preferences_android:compileDebugJavaWithJavac
[        ] No compile result for :shared_preferences_android:compileDebugJavaWithJavac
[        ] Resolve mutations for :shared_preferences_android:bundleLibCompileToJarDebug (Thread[#8305,Execution worker Thread 22,5,main]) started.
[        ] :shared_preferences_android:bundleLibCompileToJarDebug (Thread[#8305,Execution worker Thread 22,5,main]) started.
[        ] > Task :shared_preferences_android:bundleLibCompileToJarDebug UP-TO-DATE
[        ] Caching disabled for task ':shared_preferences_android:bundleLibCompileToJarDebug' because:
[        ]   Build cache is disabled
[        ]   Simple merging task
[        ] Skipping task ':shared_preferences_android:bundleLibCompileToJarDebug' as it is up-to-date.
[        ] work action resolve classes.jar (project :shared_preferences_android) (Thread[#8305,Execution worker Thread 22,5,main]) started.
[        ] Resolve mutations for :app:compileDebugKotlin (Thread[#8305,Execution worker Thread 22,5,main]) started.
[        ] :app:compileDebugKotlin (Thread[#8285,Execution worker Thread 3,5,main]) started.
[        ] > Task :app:compileDebugKotlin UP-TO-DATE
[        ] Transforming flutter_embedding_debug-1.0.0-77e2e94772b6eb43759e34ed1ad7da4674e19cab.jar (io.flutter:flutter_embedding_debug:1.0.0-77e2e94772b6eb43759e34ed1ad7da4674e19cab) with JetifyTransform
[        ] Transforming flutter_embedding_debug-1.0.0-77e2e94772b6eb43759e34ed1ad7da4674e19cab.jar (io.flutter:flutter_embedding_debug:1.0.0-77e2e94772b6eb43759e34ed1ad7da4674e19cab) with IdentityTransform
[        ] Transforming play-services-ads-23.6.0.aar (com.google.android.gms:play-services-ads:23.6.0) with JetifyTransform
[        ] Transforming play-services-ads-23.6.0.aar (com.google.android.gms:play-services-ads:23.6.0) with AarToClassTransform
[        ] Transforming play-services-ads-lite-23.6.0.aar (com.google.android.gms:play-services-ads-lite:23.6.0) with JetifyTransform
[        ] Transforming play-services-ads-lite-23.6.0.aar (com.google.android.gms:play-services-ads-lite:23.6.0) with AarToClassTransform
[        ] Transforming play-services-ads-base-23.6.0.aar (com.google.android.gms:play-services-ads-base:23.6.0) with JetifyTransform
[        ] Transforming play-services-ads-base-23.6.0.aar (com.google.android.gms:play-services-ads-base:23.6.0) with AarToClassTransform
[        ] Transforming play-services-ads-identifier-18.0.0.aar (com.google.android.gms:play-services-ads-identifier:18.0.0) with JetifyTransform
[        ] Transforming play-services-ads-identifier-18.0.0.aar (com.google.android.gms:play-services-ads-identifier:18.0.0) with AarToClassTransform
[        ] Transforming play-services-appset-16.0.1.aar (com.google.android.gms:play-services-appset:16.0.1) with JetifyTransform
[        ] Transforming play-services-appset-16.0.1.aar (com.google.android.gms:play-services-appset:16.0.1) with AarToClassTransform
[        ] Transforming play-services-base-18.0.0.aar (com.google.android.gms:play-services-base:18.0.0) with JetifyTransform
[        ] Transforming play-services-base-18.0.0.aar (com.google.android.gms:play-services-base:18.0.0) with AarToClassTransform
[        ] Transforming play-services-tasks-18.2.0.aar (com.google.android.gms:play-services-tasks:18.2.0) with JetifyTransform
[        ] Transforming play-services-tasks-18.2.0.aar (com.google.android.gms:play-services-tasks:18.2.0) with AarToClassTransform
[        ] Transforming play-services-measurement-sdk-api-20.1.2.aar (com.google.android.gms:play-services-measurement-sdk-api:20.1.2) with JetifyTransform
[        ] Transforming play-services-measurement-sdk-api-20.1.2.aar (com.google.android.gms:play-services-measurement-sdk-api:20.1.2) with AarToClassTransform
[        ] Transforming user-messaging-platform-3.1.0.aar (com.google.android.ump:user-messaging-platform:3.1.0) with JetifyTransform
[        ] Transforming user-messaging-platform-3.1.0.aar (com.google.android.ump:user-messaging-platform:3.1.0) with AarToClassTransform
[        ] Transforming play-services-measurement-base-20.1.2.aar (com.google.android.gms:play-services-measurement-base:20.1.2) with JetifyTransform
[        ] Transforming play-services-measurement-base-20.1.2.aar (com.google.android.gms:play-services-measurement-base:20.1.2) with AarToClassTransform
[        ] Transforming play-services-basement-18.4.0.aar (com.google.android.gms:play-services-basement:18.4.0) with JetifyTransform
[        ] Transforming play-services-basement-18.4.0.aar (com.google.android.gms:play-services-basement:18.4.0) with AarToClassTransform
[        ] Transforming fragment-1.7.1.aar (androidx.fragment:fragment:1.7.1) with JetifyTransform
[        ] Transforming fragment-1.7.1.aar (androidx.fragment:fragment:1.7.1) with AarToClassTransform
[        ] Transforming fragment-1.7.1.aar (androidx.fragment:fragment:1.7.1) with JetifyTransform
[        ] Transforming fragment-1.7.1.aar (androidx.fragment:fragment:1.7.1) with AarToClassTransform
[        ] Transforming browser-1.8.0.aar (androidx.browser:browser:1.8.0) with JetifyTransform
[        ] Transforming browser-1.8.0.aar (androidx.browser:browser:1.8.0) with AarToClassTransform
[        ] Transforming webkit-1.15.0.aar (androidx.webkit:webkit:1.15.0) with JetifyTransform
[        ] Transforming webkit-1.15.0.aar (androidx.webkit:webkit:1.15.0) with AarToClassTransform
[        ] Transforming activity-1.8.1.aar (androidx.activity:activity:1.8.1) with JetifyTransform
[        ] Transforming activity-1.8.1.aar (androidx.activity:activity:1.8.1) with AarToClassTransform
[        ] Transforming loader-1.0.0.aar (androidx.loader:loader:1.0.0) with JetifyTransform
[        ] Transforming loader-1.0.0.aar (androidx.loader:loader:1.0.0) with AarToClassTransform
[        ] Transforming work-runtime-2.7.0.aar (androidx.work:work-runtime:2.7.0) with JetifyTransform
[        ] Transforming work-runtime-2.7.0.aar (androidx.work:work-runtime:2.7.0) with AarToClassTransform
[        ] Transforming lifecycle-livedata-core-ktx-2.7.0.aar (androidx.lifecycle:lifecycle-livedata-core-ktx:2.7.0) with JetifyTransform
[        ] Transforming lifecycle-livedata-core-ktx-2.7.0.aar (androidx.lifecycle:lifecycle-livedata-core-ktx:2.7.0) with AarToClassTransform
[        ] Transforming lifecycle-livedata-2.7.0.aar (androidx.lifecycle:lifecycle-livedata:2.7.0) with JetifyTransform
[        ] Transforming lifecycle-livedata-2.7.0.aar (androidx.lifecycle:lifecycle-livedata:2.7.0) with AarToClassTransform
[        ] Transforming lifecycle-livedata-2.7.0.aar (androidx.lifecycle:lifecycle-livedata:2.7.0) with JetifyTransform
[        ] Transforming lifecycle-livedata-2.7.0.aar (androidx.lifecycle:lifecycle-livedata:2.7.0) with AarToClassTransform
[        ] Transforming lifecycle-viewmodel-2.7.0.aar (androidx.lifecycle:lifecycle-viewmodel:2.7.0) with JetifyTransform
[        ] Transforming lifecycle-viewmodel-2.7.0.aar (androidx.lifecycle:lifecycle-viewmodel:2.7.0) with AarToClassTransform
[        ] Transforming lifecycle-viewmodel-2.7.0.aar (androidx.lifecycle:lifecycle-viewmodel:2.7.0) with JetifyTransform
[        ] Transforming lifecycle-viewmodel-2.7.0.aar (androidx.lifecycle:lifecycle-viewmodel:2.7.0) with AarToClassTransform
[        ] Transforming lifecycle-livedata-core-2.7.0.aar (androidx.lifecycle:lifecycle-livedata-core:2.7.0) with JetifyTransform
[        ] Transforming lifecycle-livedata-core-2.7.0.aar (androidx.lifecycle:lifecycle-livedata-core:2.7.0) with AarToClassTransform
[        ] Transforming lifecycle-viewmodel-savedstate-2.7.0.aar (androidx.lifecycle:lifecycle-viewmodel-savedstate:2.7.0) with JetifyTransform
[        ] Transforming lifecycle-viewmodel-savedstate-2.7.0.aar (androidx.lifecycle:lifecycle-viewmodel-savedstate:2.7.0) with AarToClassTransform
[        ] Transforming core-ktx-1.13.1.aar (androidx.core:core-ktx:1.13.1) with JetifyTransform
[        ] Transforming core-ktx-1.13.1.aar (androidx.core:core-ktx:1.13.1) with AarToClassTransform
[        ] Transforming viewpager-1.0.0.aar (androidx.viewpager:viewpager:1.0.0) with JetifyTransform
[        ] Transforming viewpager-1.0.0.aar (androidx.viewpager:viewpager:1.0.0) with AarToClassTransform
[        ] Transforming customview-1.1.0.aar (androidx.customview:customview:1.1.0) with JetifyTransform
[        ] Transforming customview-1.1.0.aar (androidx.customview:customview:1.1.0) with AarToClassTransform
[        ] Transforming core-1.13.1.aar (androidx.core:core:1.13.1) with JetifyTransform
[        ] Transforming core-1.13.1.aar (androidx.core:core:1.13.1) with AarToClassTransform
[        ] Transforming core-1.13.1.aar (androidx.core:core:1.13.1) with JetifyTransform
[        ] Transforming core-1.13.1.aar (androidx.core:core:1.13.1) with AarToClassTransform
[        ] Transforming lifecycle-runtime-2.7.0.aar (androidx.lifecycle:lifecycle-runtime:2.7.0) with JetifyTransform
[        ] Transforming lifecycle-runtime-2.7.0.aar (androidx.lifecycle:lifecycle-runtime:2.7.0) with AarToClassTransform
[        ] Transforming lifecycle-process-2.7.0.aar (androidx.lifecycle:lifecycle-process:2.7.0) with JetifyTransform
[        ] Transforming lifecycle-process-2.7.0.aar (androidx.lifecycle:lifecycle-process:2.7.0) with AarToClassTransform
[        ] Transforming lifecycle-common-java8-2.7.0.jar (androidx.lifecycle:lifecycle-common-java8:2.7.0) with JetifyTransform
[        ] Transforming lifecycle-common-java8-2.7.0.jar (androidx.lifecycle:lifecycle-common-java8:2.7.0) with IdentityTransform
[        ] Transforming lifecycle-common-2.7.0.jar (androidx.lifecycle:lifecycle-common:2.7.0) with JetifyTransform
[        ] Transforming lifecycle-common-2.7.0.jar (androidx.lifecycle:lifecycle-common:2.7.0) with IdentityTransform
[        ] Transforming window-1.2.0.aar (androidx.window:window:1.2.0) with JetifyTransform
[        ] Transforming window-1.2.0.aar (androidx.window:window:1.2.0) with AarToClassTransform
[        ] Transforming window-java-1.2.0.aar (androidx.window:window-java:1.2.0) with JetifyTransform
[        ] Transforming window-java-1.2.0.aar (androidx.window:window-java:1.2.0) with AarToClassTransform
[        ] Transforming ads-adservices-java-1.0.0-beta05.aar (androidx.privacysandbox.ads:ads-adservices-java:1.0.0-beta05) with JetifyTransform
[        ] Transforming ads-adservices-java-1.0.0-beta05.aar (androidx.privacysandbox.ads:ads-adservices-java:1.0.0-beta05) with AarToClassTransform
[        ] Transforming ads-adservices-1.0.0-beta05.aar (androidx.privacysandbox.ads:ads-adservices:1.0.0-beta05) with JetifyTransform
[        ] Transforming ads-adservices-1.0.0-beta05.aar (androidx.privacysandbox.ads:ads-adservices:1.0.0-beta05) with AarToClassTransform
[        ] Transforming annotation-experimental-1.4.0.aar (androidx.annotation:annotation-experimental:1.4.0) with JetifyTransform
[        ] Transforming annotation-experimental-1.4.0.aar (androidx.annotation:annotation-experimental:1.4.0) with AarToClassTransform
[        ] Transforming savedstate-1.2.1.aar (androidx.savedstate:savedstate:1.2.1) with JetifyTransform
[        ] Transforming savedstate-1.2.1.aar (androidx.savedstate:savedstate:1.2.1) with AarToClassTransform
[        ] Transforming versionedparcelable-1.1.1.aar (androidx.versionedparcelable:versionedparcelable:1.1.1) with JetifyTransform
[        ] Transforming versionedparcelable-1.1.1.aar (androidx.versionedparcelable:versionedparcelable:1.1.1) with AarToClassTransform
[        ] Transforming collection-1.1.0.jar (androidx.collection:collection:1.1.0) with JetifyTransform
[        ] Transforming collection-1.1.0.jar (androidx.collection:collection:1.1.0) with IdentityTransform
[        ] Transforming core-runtime-2.2.0.aar (androidx.arch.core:core-runtime:2.2.0) with JetifyTransform
[        ] Transforming core-runtime-2.2.0.aar (androidx.arch.core:core-runtime:2.2.0) with AarToClassTransform
[        ] Transforming core-common-2.2.0.jar (androidx.arch.core:core-common:2.2.0) with JetifyTransform
[        ] Transforming core-common-2.2.0.jar (androidx.arch.core:core-common:2.2.0) with IdentityTransform
[        ] Transforming annotation-jvm-1.10.0.jar (androidx.annotation:annotation-jvm:1.10.0) with JetifyTransform
[        ] Transforming annotation-jvm-1.10.0.jar (androidx.annotation:annotation-jvm:1.10.0) with IdentityTransform
[        ] Transforming kotlinx-coroutines-android-1.7.3.jar (org.jetbrains.kotlinx:kotlinx-coroutines-android:1.7.3) with JetifyTransform
[        ] Transforming kotlinx-coroutines-android-1.7.3.jar (org.jetbrains.kotlinx:kotlinx-coroutines-android:1.7.3) with IdentityTransform
[        ] Transforming kotlinx-coroutines-core-jvm-1.7.3.jar (org.jetbrains.kotlinx:kotlinx-coroutines-core-jvm:1.7.3) with JetifyTransform
[        ] Transforming kotlinx-coroutines-core-jvm-1.7.3.jar (org.jetbrains.kotlinx:kotlinx-coroutines-core-jvm:1.7.3) with IdentityTransform
[        ] Transforming kotlin-stdlib-jdk8-1.8.20.jar (org.jetbrains.kotlin:kotlin-stdlib-jdk8:1.8.20) with JetifyTransform
[        ] Transforming kotlin-stdlib-jdk8-1.8.20.jar (org.jetbrains.kotlin:kotlin-stdlib-jdk8:1.8.20) with IdentityTransform
[        ] Transforming kotlin-stdlib-jdk7-1.8.20.jar (org.jetbrains.kotlin:kotlin-stdlib-jdk7:1.8.20) with JetifyTransform
[        ] Transforming kotlin-stdlib-jdk7-1.8.20.jar (org.jetbrains.kotlin:kotlin-stdlib-jdk7:1.8.20) with IdentityTransform
[        ] Transforming kotlin-stdlib-2.1.20.jar (org.jetbrains.kotlin:kotlin-stdlib:2.1.20) with JetifyTransform
[        ] Transforming kotlin-stdlib-2.1.20.jar (org.jetbrains.kotlin:kotlin-stdlib:2.1.20) with IdentityTransform
[        ] Transforming annotations-23.0.0.jar (org.jetbrains:annotations:23.0.0) with JetifyTransform
[        ] Transforming annotations-23.0.0.jar (org.jetbrains:annotations:23.0.0) with IdentityTransform
[        ] Transforming listenablefuture-9999.0-empty-to-avoid-conflict-with-guava.jar (com.google.guava:listenablefuture:9999.0-empty-to-avoid-conflict-with-guava) with JetifyTransform
[        ] Transforming listenablefuture-9999.0-empty-to-avoid-conflict-with-guava.jar (com.google.guava:listenablefuture:9999.0-empty-to-avoid-conflict-with-guava) with IdentityTransform
[        ] Transforming startup-runtime-1.1.1.aar (androidx.startup:startup-runtime:1.1.1) with JetifyTransform
[        ] Transforming startup-runtime-1.1.1.aar (androidx.startup:startup-runtime:1.1.1) with AarToClassTransform
[        ] Transforming tracing-1.2.0.aar (androidx.tracing:tracing:1.2.0) with JetifyTransform
[        ] Transforming tracing-1.2.0.aar (androidx.tracing:tracing:1.2.0) with AarToClassTransform
[        ] Transforming relinker-1.4.5.aar (com.getkeepsafe.relinker:relinker:1.4.5) with JetifyTransform
[        ] Transforming relinker-1.4.5.aar (com.getkeepsafe.relinker:relinker:1.4.5) with AarToClassTransform
[        ] Transforming exifinterface-1.4.1.aar (androidx.exifinterface:exifinterface:1.4.1) with JetifyTransform
[        ] Transforming exifinterface-1.4.1.aar (androidx.exifinterface:exifinterface:1.4.1) with AarToClassTransform
[        ] Transforming jspecify-1.0.0.jar (org.jspecify:jspecify:1.0.0) with JetifyTransform
[        ] Transforming jspecify-1.0.0.jar (org.jspecify:jspecify:1.0.0) with IdentityTransform
[        ] Transforming armeabi_v7a_debug-1.0.0-77e2e94772b6eb43759e34ed1ad7da4674e19cab.jar (io.flutter:armeabi_v7a_debug:1.0.0-77e2e94772b6eb43759e34ed1ad7da4674e19cab) with JetifyTransform
[        ] Transforming armeabi_v7a_debug-1.0.0-77e2e94772b6eb43759e34ed1ad7da4674e19cab.jar (io.flutter:armeabi_v7a_debug:1.0.0-77e2e94772b6eb43759e34ed1ad7da4674e19cab) with IdentityTransform
[        ] Transforming arm64_v8a_debug-1.0.0-77e2e94772b6eb43759e34ed1ad7da4674e19cab.jar (io.flutter:arm64_v8a_debug:1.0.0-77e2e94772b6eb43759e34ed1ad7da4674e19cab) with JetifyTransform
[        ] Transforming arm64_v8a_debug-1.0.0-77e2e94772b6eb43759e34ed1ad7da4674e19cab.jar (io.flutter:arm64_v8a_debug:1.0.0-77e2e94772b6eb43759e34ed1ad7da4674e19cab) with IdentityTransform
[        ] Transforming x86_64_debug-1.0.0-77e2e94772b6eb43759e34ed1ad7da4674e19cab.jar (io.flutter:x86_64_debug:1.0.0-77e2e94772b6eb43759e34ed1ad7da4674e19cab) with JetifyTransform
[        ] Transforming x86_64_debug-1.0.0-77e2e94772b6eb43759e34ed1ad7da4674e19cab.jar (io.flutter:x86_64_debug:1.0.0-77e2e94772b6eb43759e34ed1ad7da4674e19cab) with IdentityTransform
[        ] GradleBuildProject.Builder should not be accessed through AnalyticsConfiguratorService after AnalyticsService is created. Analytics information of this build might be incomplete.
[        ] Transforming R.jar with BuildToolsApiClasspathEntrySnapshotTransform
[        ] Transforming classes.jar with BuildToolsApiClasspathEntrySnapshotTransform
[        ] Transforming classes.jar with BuildToolsApiClasspathEntrySnapshotTransform
[        ] Transforming classes.jar with BuildToolsApiClasspathEntrySnapshotTransform
[        ] Transforming classes.jar with BuildToolsApiClasspathEntrySnapshotTransform
[        ] Transforming classes.jar with BuildToolsApiClasspathEntrySnapshotTransform
[        ] Transforming classes.jar with BuildToolsApiClasspathEntrySnapshotTransform
[        ] Transforming jetified-flutter_embedding_debug-1.0.0-77e2e94772b6eb43759e34ed1ad7da4674e19cab.jar with BuildToolsApiClasspathEntrySnapshotTransform
[        ] Transforming jetified-play-services-ads-23.6.0-api.jar with BuildToolsApiClasspathEntrySnapshotTransform
[        ] Transforming jetified-play-services-ads-lite-23.6.0-api.jar with BuildToolsApiClasspathEntrySnapshotTransform
[        ] Transforming jetified-play-services-ads-base-23.6.0-api.jar with BuildToolsApiClasspathEntrySnapshotTransform
[        ] Transforming jetified-play-services-ads-identifier-18.0.0-api.jar with BuildToolsApiClasspathEntrySnapshotTransform
[        ] Transforming jetified-play-services-appset-16.0.1-api.jar with BuildToolsApiClasspathEntrySnapshotTransform
[        ] Transforming jetified-play-services-base-18.0.0-api.jar with BuildToolsApiClasspathEntrySnapshotTransform
[        ] Transforming jetified-play-services-tasks-18.2.0-api.jar with BuildToolsApiClasspathEntrySnapshotTransform
[        ] Transforming jetified-play-services-measurement-sdk-api-20.1.2-api.jar with BuildToolsApiClasspathEntrySnapshotTransform
[        ] Transforming jetified-user-messaging-platform-3.1.0-api.jar with BuildToolsApiClasspathEntrySnapshotTransform
[        ] Transforming jetified-play-services-measurement-base-20.1.2-api.jar with BuildToolsApiClasspathEntrySnapshotTransform
[        ] Transforming jetified-play-services-basement-18.4.0-api.jar with BuildToolsApiClasspathEntrySnapshotTransform
[        ] Transforming fragment-1.7.1-api.jar with BuildToolsApiClasspathEntrySnapshotTransform
[        ] Transforming browser-1.8.0-api.jar with BuildToolsApiClasspathEntrySnapshotTransform
[        ] Transforming webkit-1.15.0-api.jar with BuildToolsApiClasspathEntrySnapshotTransform
[        ] Transforming jetified-activity-1.8.1-api.jar with BuildToolsApiClasspathEntrySnapshotTransform
[        ] Transforming loader-1.0.0-api.jar with BuildToolsApiClasspathEntrySnapshotTransform
[        ] Transforming work-runtime-2.7.0-api.jar with BuildToolsApiClasspathEntrySnapshotTransform
[        ] Transforming jetified-lifecycle-livedata-core-ktx-2.7.0-api.jar with BuildToolsApiClasspathEntrySnapshotTransform
[        ] Transforming lifecycle-livedata-2.7.0-api.jar with BuildToolsApiClasspathEntrySnapshotTransform
[        ] Transforming lifecycle-viewmodel-2.7.0-api.jar with BuildToolsApiClasspathEntrySnapshotTransform
[        ] Transforming lifecycle-livedata-core-2.7.0-api.jar with BuildToolsApiClasspathEntrySnapshotTransform
[        ] Transforming jetified-lifecycle-viewmodel-savedstate-2.7.0-api.jar with BuildToolsApiClasspathEntrySnapshotTransform
[        ] Transforming jetified-core-ktx-1.13.1-api.jar with BuildToolsApiClasspathEntrySnapshotTransform
[        ] Transforming viewpager-1.0.0-api.jar with BuildToolsApiClasspathEntrySnapshotTransform
[        ] Transforming customview-1.1.0-api.jar with BuildToolsApiClasspathEntrySnapshotTransform
[        ] Transforming core-1.13.1-api.jar with BuildToolsApiClasspathEntrySnapshotTransform
[        ] Transforming lifecycle-runtime-2.7.0-api.jar with BuildToolsApiClasspathEntrySnapshotTransform
[        ] Transforming jetified-lifecycle-process-2.7.0-api.jar with BuildToolsApiClasspathEntrySnapshotTransform
[        ] Transforming lifecycle-common-java8-2.7.0.jar with BuildToolsApiClasspathEntrySnapshotTransform
[        ] Transforming lifecycle-common-2.7.0.jar with BuildToolsApiClasspathEntrySnapshotTransform
[        ] Transforming jetified-window-1.2.0-api.jar with BuildToolsApiClasspathEntrySnapshotTransform
[        ] Transforming jetified-window-java-1.2.0-api.jar with BuildToolsApiClasspathEntrySnapshotTransform
[        ] Transforming jetified-ads-adservices-java-1.0.0-beta05-api.jar with BuildToolsApiClasspathEntrySnapshotTransform
[        ] Transforming jetified-ads-adservices-1.0.0-beta05-api.jar with BuildToolsApiClasspathEntrySnapshotTransform
[        ] Transforming jetified-annotation-experimental-1.4.0-api.jar with BuildToolsApiClasspathEntrySnapshotTransform
[        ] Transforming jetified-savedstate-1.2.1-api.jar with BuildToolsApiClasspathEntrySnapshotTransform
[        ] Transforming versionedparcelable-1.1.1-api.jar with BuildToolsApiClasspathEntrySnapshotTransform
[        ] Transforming collection-1.1.0.jar with BuildToolsApiClasspathEntrySnapshotTransform
[        ] Transforming core-runtime-2.2.0-api.jar with BuildToolsApiClasspathEntrySnapshotTransform
[        ] Transforming core-common-2.2.0.jar with BuildToolsApiClasspathEntrySnapshotTransform
[        ] Transforming jetified-annotation-jvm-1.10.0.jar with BuildToolsApiClasspathEntrySnapshotTransform
[        ] Transforming jetified-kotlinx-coroutines-android-1.7.3.jar with BuildToolsApiClasspathEntrySnapshotTransform
[        ] Transforming jetified-kotlinx-coroutines-core-jvm-1.7.3.jar with BuildToolsApiClasspathEntrySnapshotTransform
[        ] Transforming jetified-kotlin-stdlib-jdk8-1.8.20.jar with BuildToolsApiClasspathEntrySnapshotTransform
[        ] Transforming jetified-kotlin-stdlib-jdk7-1.8.20.jar with BuildToolsApiClasspathEntrySnapshotTransform
[        ] Transforming jetified-kotlin-stdlib-2.1.20.jar with BuildToolsApiClasspathEntrySnapshotTransform
[        ] Transforming jetified-armeabi_v7a_debug-1.0.0-77e2e94772b6eb43759e34ed1ad7da4674e19cab.jar with BuildToolsApiClasspathEntrySnapshotTransform
[        ] Transforming jetified-arm64_v8a_debug-1.0.0-77e2e94772b6eb43759e34ed1ad7da4674e19cab.jar with BuildToolsApiClasspathEntrySnapshotTransform
[        ] Transforming jetified-x86_64_debug-1.0.0-77e2e94772b6eb43759e34ed1ad7da4674e19cab.jar with BuildToolsApiClasspathEntrySnapshotTransform
[        ] Transforming jetified-annotations-23.0.0.jar with BuildToolsApiClasspathEntrySnapshotTransform
[        ] Transforming jetified-listenablefuture-9999.0-empty-to-avoid-conflict-with-guava.jar with BuildToolsApiClasspathEntrySnapshotTransform
[        ] Transforming jetified-startup-runtime-1.1.1-api.jar with BuildToolsApiClasspathEntrySnapshotTransform
[        ] Transforming jetified-tracing-1.2.0-api.jar with BuildToolsApiClasspathEntrySnapshotTransform
[        ] Transforming jetified-relinker-1.4.5-api.jar with BuildToolsApiClasspathEntrySnapshotTransform
[        ] Transforming exifinterface-1.4.1-api.jar with BuildToolsApiClasspathEntrySnapshotTransform
[        ] Transforming jetified-jspecify-1.0.0.jar with BuildToolsApiClasspathEntrySnapshotTransform
[        ] Transforming android.jar with BuildToolsApiClasspathEntrySnapshotTransform
[        ] Transforming core-lambda-stubs.jar with BuildToolsApiClasspathEntrySnapshotTransform
[        ] Caching disabled for task ':app:compileDebugKotlin' because:
[        ]   Build cache is disabled
[        ] Skipping task ':app:compileDebugKotlin' as it is up-to-date.
[        ] Resolve mutations for :app:javaPreCompileDebug (Thread[#8285,Execution worker Thread 3,5,main]) started.
[        ] :app:javaPreCompileDebug (Thread[#8286,Execution worker Thread 4,5,main]) started.
[        ] > Task :app:javaPreCompileDebug UP-TO-DATE
[        ] Caching disabled for task ':app:javaPreCompileDebug' because:
[        ]   Build cache is disabled
[        ] Skipping task ':app:javaPreCompileDebug' as it is up-to-date.
[        ] Resolve mutations for :app:compileDebugJavaWithJavac (Thread[#8286,Execution worker Thread 4,5,main]) started.
[        ] :app:compileDebugJavaWithJavac (Thread[#8286,Execution worker Thread 4,5,main]) started.
[        ] > Task :app:compileDebugJavaWithJavac UP-TO-DATE
[        ] Transforming core-for-system-modules.jar with JdkImageTransform
[        ] Transforming core-for-system-modules.jar with JdkImageTransform
[        ] Transforming core-for-system-modules.jar with JdkImageTransform
[        ] Transforming core-for-system-modules.jar with JdkImageTransform
[        ] Transforming core-for-system-modules.jar with JdkImageTransform
[        ] Transforming core-for-system-modules.jar with JdkImageTransform
[        ] Custom actions are attached to task ':app:compileDebugJavaWithJavac'.
[        ] Caching disabled for task ':app:compileDebugJavaWithJavac' because:
[        ]   Build cache is disabled
[        ] Skipping task ':app:compileDebugJavaWithJavac' as it is up-to-date.
[        ] No compile result for :app:compileDebugJavaWithJavac
[        ] No compile result for :app:compileDebugJavaWithJavac
[        ] No compile result for :app:compileDebugJavaWithJavac
[        ] Resolve mutations for :app:compressDebugAssets (Thread[#8286,Execution worker Thread 4,5,main]) started.
[        ] :app:compressDebugAssets (Thread[#8294,Execution worker Thread 12,5,main]) started.
[        ] > Task :app:compressDebugAssets UP-TO-DATE
[        ] Caching disabled for task ':app:compressDebugAssets' because:
[        ]   Build cache is disabled
[        ] Skipping task ':app:compressDebugAssets' as it is up-to-date.
[        ] Resolve mutations for :gal:bundleLibRuntimeToJarDebug (Thread[#8294,Execution worker Thread 12,5,main]) started.
[        ] :gal:bundleLibRuntimeToJarDebug (Thread[#8291,Execution worker Thread 9,5,main]) started.
[        ] > Task :gal:bundleLibRuntimeToJarDebug UP-TO-DATE
[        ] Caching disabled for task ':gal:bundleLibRuntimeToJarDebug' because:
[        ]   Build cache is disabled
[        ]   Simple merging task
[        ] Skipping task ':gal:bundleLibRuntimeToJarDebug' as it is up-to-date.
[        ] work action resolve classes.jar (project :gal) (Thread[#8291,Execution worker Thread 9,5,main]) started.
[        ] IdentityTransform (Thread[#8291,Execution worker Thread 9,5,main]) started.
[        ] Resolve mutations for :google_mobile_ads:bundleLibRuntimeToJarDebug (Thread[#8283,Execution worker,5,main]) started.
[        ] > Transform classes.jar (project :gal) with IdentityTransform
[        ] Transforming classes.jar (project :gal) with IdentityTransform
[        ] :google_mobile_ads:bundleLibRuntimeToJarDebug (Thread[#8293,Execution worker Thread 11,5,main]) started.
[        ] DexingNoClasspathTransform (Thread[#8291,Execution worker Thread 9,5,main]) started.
[        ] > Task :google_mobile_ads:bundleLibRuntimeToJarDebug UP-TO-DATE
[        ] Caching disabled for task ':google_mobile_ads:bundleLibRuntimeToJarDebug' because:
[        ]   Build cache is disabled
[        ]   Simple merging task
[        ] Skipping task ':google_mobile_ads:bundleLibRuntimeToJarDebug' as it is up-to-date.
[        ] work action resolve classes.jar (project :google_mobile_ads) (Thread[#8293,Execution worker Thread 11,5,main]) started.
[        ] IdentityTransform (Thread[#8293,Execution worker Thread 11,5,main]) started.
[        ] Resolve mutations for :path_provider_android:bundleLibRuntimeToJarDebug (Thread[#8298,Execution worker Thread 16,5,main]) started.
[        ] :path_provider_android:bundleLibRuntimeToJarDebug (Thread[#8298,Execution worker Thread 16,5,main]) started.
[        ] > Transform classes.jar (project :google_mobile_ads) with IdentityTransform
[        ] Transforming classes.jar (project :google_mobile_ads) with IdentityTransform
[        ] DexingNoClasspathTransform (Thread[#8292,Execution worker Thread 10,5,main]) started.
[        ] > Transform classes.jar (project :gal) with DexingNoClasspathTransform
[        ] Transforming classes.jar (project :gal) with DexingNoClasspathTransform
[        ] Caching disabled for DexingNoClasspathTransform: C:\Users\┼şug─▒r mami\AppData\Local\Pub\Cache\hosted\pub.dev\gal-2.3.2\android\build\intermediates\runtime_library_classes_jar\debug\bundleLibRuntimeToJarDebug\classes.jar because:
[        ]   Build cache is disabled
[        ] Skipping DexingNoClasspathTransform: C:\Users\┼şug─▒r mami\AppData\Local\Pub\Cache\hosted\pub.dev\gal-2.3.2\android\build\intermediates\runtime_library_classes_jar\debug\bundleLibRuntimeToJarDebug\classes.jar as it is up-to-date.
[        ] > Task :path_provider_android:bundleLibRuntimeToJarDebug UP-TO-DATE
[        ] Caching disabled for task ':path_provider_android:bundleLibRuntimeToJarDebug' because:
[        ]   Build cache is disabled
[        ]   Simple merging task
[        ] Skipping task ':path_provider_android:bundleLibRuntimeToJarDebug' as it is up-to-date.
[        ] DexingOutputSplitTransform (Thread[#8291,Execution worker Thread 9,5,main]) started.
[        ] work action resolve classes.jar (project :path_provider_android) (Thread[#8298,Execution worker Thread 16,5,main]) started.
[        ] > Transform classes.jar (project :gal) with DexingOutputSplitTransform
[        ] Transforming classes.jar (project :gal) with DexingOutputSplitTransform
[        ] IdentityTransform (Thread[#8298,Execution worker Thread 16,5,main]) started.
[        ] Resolve mutations for :permission_handler_android:bundleLibRuntimeToJarDebug (Thread[#8286,Execution worker Thread 4,5,main]) started.
[        ] :permission_handler_android:bundleLibRuntimeToJarDebug (Thread[#8302,Execution worker Thread 19,5,main]) started.
[        ] > Transform classes.jar (project :path_provider_android) with IdentityTransform
[        ] Transforming classes.jar (project :path_provider_android) with IdentityTransform
[        ] DexingNoClasspathTransform (Thread[#8298,Execution worker Thread 16,5,main]) started.
[        ] > Transform classes.jar (project :google_mobile_ads) with DexingNoClasspathTransform
[        ] Transforming classes.jar (project :google_mobile_ads) with DexingNoClasspathTransform
[        ] Caching disabled for DexingNoClasspathTransform: C:\Users\┼şug─▒r mami\AppData\Local\Pub\Cache\hosted\pub.dev\google_mobile_ads-5.3.1\android\build\intermediates\runtime_library_classes_jar\debug\bundleLibRuntimeToJarDebug\classes.jar because:
[        ]   Build cache is disabled
[        ] Skipping DexingNoClasspathTransform: C:\Users\┼şug─▒r mami\AppData\Local\Pub\Cache\hosted\pub.dev\google_mobile_ads-5.3.1\android\build\intermediates\runtime_library_classes_jar\debug\bundleLibRuntimeToJarDebug\classes.jar as it is up-to-date.
[        ] DexingOutputSplitTransform (Thread[#8292,Execution worker Thread 10,5,main]) started.
[        ] > Transform classes.jar (project :google_mobile_ads) with DexingOutputSplitTransform
[        ] Transforming classes.jar (project :google_mobile_ads) with DexingOutputSplitTransform
[        ] > Task :permission_handler_android:bundleLibRuntimeToJarDebug UP-TO-DATE
[        ] Caching disabled for task ':permission_handler_android:bundleLibRuntimeToJarDebug' because:
[        ]   Build cache is disabled
[        ]   Simple merging task
[        ] Skipping task ':permission_handler_android:bundleLibRuntimeToJarDebug' as it is up-to-date.
[        ] work action resolve classes.jar (project :permission_handler_android) (Thread[#8302,Execution worker Thread 19,5,main]) started.
[        ] IdentityTransform (Thread[#8302,Execution worker Thread 19,5,main]) started.
[        ] Resolve mutations for :shared_preferences_android:bundleLibRuntimeToJarDebug (Thread[#8305,Execution worker Thread 22,5,main]) started.
[        ] > Transform classes.jar (project :permission_handler_android) with IdentityTransform
[        ] Transforming classes.jar (project :permission_handler_android) with IdentityTransform
[        ] :shared_preferences_android:bundleLibRuntimeToJarDebug (Thread[#8305,Execution worker Thread 22,5,main]) started.
[        ] DexingNoClasspathTransform (Thread[#8302,Execution worker Thread 19,5,main]) started.
[        ] > Transform classes.jar (project :path_provider_android) with DexingNoClasspathTransform
[        ] Transforming classes.jar (project :path_provider_android) with DexingNoClasspathTransform
[        ] Caching disabled for DexingNoClasspathTransform: C:\Users\┼şug─▒r mami\AppData\Local\Pub\Cache\hosted\pub.dev\path_provider_android-2.2.19\android\build\intermediates\runtime_library_classes_jar\debug\bundleLibRuntimeToJarDebug\classes.jar because:
[        ]   Build cache is disabled
[        ] Skipping DexingNoClasspathTransform: C:\Users\┼şug─▒r mami\AppData\Local\Pub\Cache\hosted\pub.dev\path_provider_android-2.2.19\android\build\intermediates\runtime_library_classes_jar\debug\bundleLibRuntimeToJarDebug\classes.jar as it is up-to-date.
[        ] DexingOutputSplitTransform (Thread[#8298,Execution worker Thread 16,5,main]) started.
[        ] > Transform classes.jar (project :path_provider_android) with DexingOutputSplitTransform
[        ] Transforming classes.jar (project :path_provider_android) with DexingOutputSplitTransform
[        ] > Task :shared_preferences_android:bundleLibRuntimeToJarDebug UP-TO-DATE
[        ] Caching disabled for task ':shared_preferences_android:bundleLibRuntimeToJarDebug' because:
[        ]   Build cache is disabled
[        ]   Simple merging task
[        ] Skipping task ':shared_preferences_android:bundleLibRuntimeToJarDebug' as it is up-to-date.
[        ] work action resolve classes.jar (project :shared_preferences_android) (Thread[#8287,Execution worker Thread 5,5,main]) started.
[        ] IdentityTransform (Thread[#8287,Execution worker Thread 5,5,main]) started.
[        ] Resolve mutations for :webview_flutter_android:bundleLibRuntimeToJarDebug (Thread[#8306,Execution worker Thread 23,5,main]) started.
[        ] :webview_flutter_android:bundleLibRuntimeToJarDebug (Thread[#8306,Execution worker Thread 23,5,main]) started.
[        ] > Transform classes.jar (project :shared_preferences_android) with IdentityTransform
[        ] Transforming classes.jar (project :shared_preferences_android) with IdentityTransform
[        ] DexingNoClasspathTransform (Thread[#8287,Execution worker Thread 5,5,main]) started.
[        ] > Transform classes.jar (project :permission_handler_android) with DexingNoClasspathTransform
[        ] Transforming classes.jar (project :permission_handler_android) with DexingNoClasspathTransform
[        ] Caching disabled for DexingNoClasspathTransform: C:\Users\┼şug─▒r mami\AppData\Local\Pub\Cache\hosted\pub.dev\permission_handler_android-12.1.0\android\build\intermediates\runtime_library_classes_jar\debug\bundleLibRuntimeToJarDebug\classes.jar because:
[        ]   Build cache is disabled
[        ] Skipping DexingNoClasspathTransform: C:\Users\┼şug─▒r mami\AppData\Local\Pub\Cache\hosted\pub.dev\permission_handler_android-12.1.0\android\build\intermediates\runtime_library_classes_jar\debug\bundleLibRuntimeToJarDebug\classes.jar as it is up-to-date.
[        ] DexingOutputSplitTransform (Thread[#8302,Execution worker Thread 19,5,main]) started.
[        ] > Transform classes.jar (project :permission_handler_android) with DexingOutputSplitTransform
[        ] Transforming classes.jar (project :permission_handler_android) with DexingOutputSplitTransform
[        ] > Task :webview_flutter_android:bundleLibRuntimeToJarDebug UP-TO-DATE
[        ] Caching disabled for task ':webview_flutter_android:bundleLibRuntimeToJarDebug' because:
[        ]   Build cache is disabled
[        ]   Simple merging task
[        ] Skipping task ':webview_flutter_android:bundleLibRuntimeToJarDebug' as it is up-to-date.
[        ] work action resolve classes.jar (project :webview_flutter_android) (Thread[#8306,Execution worker Thread 23,5,main]) started.
[        ] IdentityTransform (Thread[#8306,Execution worker Thread 23,5,main]) started.
[        ] Resolve mutations for :app:desugarDebugFileDependencies (Thread[#8302,Execution worker Thread 19,5,main]) started.
[        ] > Transform classes.jar (project :webview_flutter_android) with IdentityTransform
[        ] Transforming classes.jar (project :webview_flutter_android) with IdentityTransform
[        ] :app:desugarDebugFileDependencies (Thread[#8302,Execution worker Thread 19,5,main]) started.
[        ] DexingNoClasspathTransform (Thread[#8306,Execution worker Thread 23,5,main]) started.
[        ] > Transform classes.jar (project :shared_preferences_android) with DexingNoClasspathTransform
[        ] Transforming classes.jar (project :shared_preferences_android) with DexingNoClasspathTransform
[        ] Caching disabled for DexingNoClasspathTransform: C:\Users\┼şug─▒r mami\AppData\Local\Pub\Cache\hosted\pub.dev\shared_preferences_android-2.4.13\android\build\intermediates\runtime_library_classes_jar\debug\bundleLibRuntimeToJarDebug\classes.jar because:
[        ]   Build cache is disabled
[        ] Skipping DexingNoClasspathTransform: C:\Users\┼şug─▒r mami\AppData\Local\Pub\Cache\hosted\pub.dev\shared_preferences_android-2.4.13\android\build\intermediates\runtime_library_classes_jar\debug\bundleLibRuntimeToJarDebug\classes.jar as it is up-to-date.
[        ] DexingOutputSplitTransform (Thread[#8287,Execution worker Thread 5,5,main]) started.
[        ] > Task :app:desugarDebugFileDependencies UP-TO-DATE
[        ] Caching disabled for task ':app:desugarDebugFileDependencies' because:
[        ]   Build cache is disabled
[        ] Skipping task ':app:desugarDebugFileDependencies' as it is up-to-date.
[        ] Resolve mutations for :app:dexBuilderDebug (Thread[#8303,Execution worker Thread 20,5,main]) started.
[        ] > Transform classes.jar (project :shared_preferences_android) with DexingOutputSplitTransform
[        ] Transforming classes.jar (project :shared_preferences_android) with DexingOutputSplitTransform
[        ] :app:dexBuilderDebug (Thread[#8303,Execution worker Thread 20,5,main]) started.
[        ] > Transform classes.jar (project :webview_flutter_android) with DexingNoClasspathTransform
[        ] Transforming classes.jar (project :webview_flutter_android) with DexingNoClasspathTransform
[        ] Caching disabled for DexingNoClasspathTransform: C:\Users\┼şug─▒r mami\AppData\Local\Pub\Cache\hosted\pub.dev\webview_flutter_android-4.13.0\android\build\intermediates\runtime_library_classes_jar\debug\bundleLibRuntimeToJarDebug\classes.jar because:
[        ]   Build cache is disabled
[        ] Skipping DexingNoClasspathTransform: C:\Users\┼şug─▒r mami\AppData\Local\Pub\Cache\hosted\pub.dev\webview_flutter_android-4.13.0\android\build\intermediates\runtime_library_classes_jar\debug\bundleLibRuntimeToJarDebug\classes.jar as it is up-to-date.
[        ] DexingOutputSplitTransform (Thread[#8306,Execution worker Thread 23,5,main]) started.
[        ] > Transform classes.jar (project :webview_flutter_android) with DexingOutputSplitTransform
[        ] Transforming classes.jar (project :webview_flutter_android) with DexingOutputSplitTransform
[        ] > Task :app:dexBuilderDebug UP-TO-DATE
[        ] Caching disabled for task ':app:dexBuilderDebug' because:
[        ]   Build cache is disabled
[        ] Skipping task ':app:dexBuilderDebug' as it is up-to-date.
[        ] Resolve mutations for :app:mergeDebugGlobalSynthetics (Thread[#8303,Execution worker Thread 20,5,main]) started.
[        ] :app:mergeDebugGlobalSynthetics (Thread[#8291,Execution worker Thread 9,5,main]) started.
[        ] > Task :app:mergeDebugGlobalSynthetics UP-TO-DATE
[        ] Transforming flutter_embedding_debug-1.0.0-77e2e94772b6eb43759e34ed1ad7da4674e19cab.jar (io.flutter:flutter_embedding_debug:1.0.0-77e2e94772b6eb43759e34ed1ad7da4674e19cab) with JetifyTransform
[        ] Transforming flutter_embedding_debug-1.0.0-77e2e94772b6eb43759e34ed1ad7da4674e19cab.jar (io.flutter:flutter_embedding_debug:1.0.0-77e2e94772b6eb43759e34ed1ad7da4674e19cab) with IdentityTransform
[        ] Transforming flutter_embedding_debug-1.0.0-77e2e94772b6eb43759e34ed1ad7da4674e19cab.jar (io.flutter:flutter_embedding_debug:1.0.0-77e2e94772b6eb43759e34ed1ad7da4674e19cab) with IdentityTransform
[        ] Transforming flutter_embedding_debug-1.0.0-77e2e94772b6eb43759e34ed1ad7da4674e19cab.jar (io.flutter:flutter_embedding_debug:1.0.0-77e2e94772b6eb43759e34ed1ad7da4674e19cab) with DexingNoClasspathTransform
[        ] Transforming flutter_embedding_debug-1.0.0-77e2e94772b6eb43759e34ed1ad7da4674e19cab.jar (io.flutter:flutter_embedding_debug:1.0.0-77e2e94772b6eb43759e34ed1ad7da4674e19cab) with DexingOutputSplitTransform
[        ] Transforming play-services-ads-23.6.0.aar (com.google.android.gms:play-services-ads:23.6.0) with JetifyTransform
[        ] Transforming play-services-ads-23.6.0.aar (com.google.android.gms:play-services-ads:23.6.0) with AarToClassTransform
[        ] Transforming play-services-ads-23.6.0.aar (com.google.android.gms:play-services-ads:23.6.0) with IdentityTransform
[        ] Transforming play-services-ads-23.6.0.aar (com.google.android.gms:play-services-ads:23.6.0) with DexingNoClasspathTransform
[        ] Transforming play-services-ads-23.6.0.aar (com.google.android.gms:play-services-ads:23.6.0) with DexingOutputSplitTransform
[        ] Transforming play-services-ads-lite-23.6.0.aar (com.google.android.gms:play-services-ads-lite:23.6.0) with JetifyTransform
[        ] Transforming play-services-ads-lite-23.6.0.aar (com.google.android.gms:play-services-ads-lite:23.6.0) with AarToClassTransform
[        ] Transforming play-services-ads-lite-23.6.0.aar (com.google.android.gms:play-services-ads-lite:23.6.0) with IdentityTransform
[        ] Transforming play-services-ads-lite-23.6.0.aar (com.google.android.gms:play-services-ads-lite:23.6.0) with DexingNoClasspathTransform
[        ] Transforming play-services-ads-lite-23.6.0.aar (com.google.android.gms:play-services-ads-lite:23.6.0) with DexingOutputSplitTransform
[        ] Transforming user-messaging-platform-3.1.0.aar (com.google.android.ump:user-messaging-platform:3.1.0) with JetifyTransform
[        ] Transforming user-messaging-platform-3.1.0.aar (com.google.android.ump:user-messaging-platform:3.1.0) with AarToClassTransform
[        ] Transforming user-messaging-platform-3.1.0.aar (com.google.android.ump:user-messaging-platform:3.1.0) with IdentityTransform
[        ] Transforming user-messaging-platform-3.1.0.aar (com.google.android.ump:user-messaging-platform:3.1.0) with DexingNoClasspathTransform
[        ] Transforming user-messaging-platform-3.1.0.aar (com.google.android.ump:user-messaging-platform:3.1.0) with DexingOutputSplitTransform
[        ] Transforming user-messaging-platform-3.1.0.aar (com.google.android.ump:user-messaging-platform:3.1.0) with JetifyTransform
[        ] Transforming user-messaging-platform-3.1.0.aar (com.google.android.ump:user-messaging-platform:3.1.0) with AarToClassTransform
[        ] Transforming user-messaging-platform-3.1.0.aar (com.google.android.ump:user-messaging-platform:3.1.0) with IdentityTransform
[        ] Transforming user-messaging-platform-3.1.0.aar (com.google.android.ump:user-messaging-platform:3.1.0) with DexingNoClasspathTransform
[        ] Transforming user-messaging-platform-3.1.0.aar (com.google.android.ump:user-messaging-platform:3.1.0) with DexingOutputSplitTransform
[        ] Transforming play-services-ads-base-23.6.0.aar (com.google.android.gms:play-services-ads-base:23.6.0) with JetifyTransform
[        ] Transforming play-services-ads-base-23.6.0.aar (com.google.android.gms:play-services-ads-base:23.6.0) with AarToClassTransform
[        ] Transforming play-services-ads-base-23.6.0.aar (com.google.android.gms:play-services-ads-base:23.6.0) with IdentityTransform
[        ] Transforming play-services-ads-base-23.6.0.aar (com.google.android.gms:play-services-ads-base:23.6.0) with DexingNoClasspathTransform
[        ] Transforming play-services-ads-base-23.6.0.aar (com.google.android.gms:play-services-ads-base:23.6.0) with DexingOutputSplitTransform
[        ] Transforming play-services-ads-identifier-18.0.0.aar (com.google.android.gms:play-services-ads-identifier:18.0.0) with JetifyTransform
[        ] Transforming play-services-ads-identifier-18.0.0.aar (com.google.android.gms:play-services-ads-identifier:18.0.0) with AarToClassTransform
[        ] Transforming play-services-ads-identifier-18.0.0.aar (com.google.android.gms:play-services-ads-identifier:18.0.0) with IdentityTransform
[        ] Transforming play-services-ads-identifier-18.0.0.aar (com.google.android.gms:play-services-ads-identifier:18.0.0) with DexingNoClasspathTransform
[        ] Transforming play-services-ads-identifier-18.0.0.aar (com.google.android.gms:play-services-ads-identifier:18.0.0) with DexingOutputSplitTransform
[        ] Transforming play-services-appset-16.0.1.aar (com.google.android.gms:play-services-appset:16.0.1) with JetifyTransform
[        ] Transforming play-services-appset-16.0.1.aar (com.google.android.gms:play-services-appset:16.0.1) with AarToClassTransform
[        ] Transforming play-services-appset-16.0.1.aar (com.google.android.gms:play-services-appset:16.0.1) with IdentityTransform
[        ] Transforming play-services-appset-16.0.1.aar (com.google.android.gms:play-services-appset:16.0.1) with DexingNoClasspathTransform
[        ] Transforming play-services-appset-16.0.1.aar (com.google.android.gms:play-services-appset:16.0.1) with DexingOutputSplitTransform
[        ] Transforming play-services-base-18.0.0.aar (com.google.android.gms:play-services-base:18.0.0) with JetifyTransform
[        ] Transforming play-services-base-18.0.0.aar (com.google.android.gms:play-services-base:18.0.0) with AarToClassTransform
[        ] Transforming play-services-base-18.0.0.aar (com.google.android.gms:play-services-base:18.0.0) with IdentityTransform
[        ] Transforming play-services-base-18.0.0.aar (com.google.android.gms:play-services-base:18.0.0) with DexingNoClasspathTransform
[        ] Transforming play-services-base-18.0.0.aar (com.google.android.gms:play-services-base:18.0.0) with DexingOutputSplitTransform
[        ] Transforming play-services-tasks-18.2.0.aar (com.google.android.gms:play-services-tasks:18.2.0) with JetifyTransform
[        ] Transforming play-services-tasks-18.2.0.aar (com.google.android.gms:play-services-tasks:18.2.0) with AarToClassTransform
[        ] Transforming play-services-tasks-18.2.0.aar (com.google.android.gms:play-services-tasks:18.2.0) with IdentityTransform
[        ] Transforming play-services-tasks-18.2.0.aar (com.google.android.gms:play-services-tasks:18.2.0) with DexingNoClasspathTransform
[        ] Transforming play-services-tasks-18.2.0.aar (com.google.android.gms:play-services-tasks:18.2.0) with DexingOutputSplitTransform
[        ] Transforming play-services-measurement-sdk-api-20.1.2.aar (com.google.android.gms:play-services-measurement-sdk-api:20.1.2) with JetifyTransform
[        ] Transforming play-services-measurement-sdk-api-20.1.2.aar (com.google.android.gms:play-services-measurement-sdk-api:20.1.2) with AarToClassTransform
[        ] Transforming play-services-measurement-sdk-api-20.1.2.aar (com.google.android.gms:play-services-measurement-sdk-api:20.1.2) with IdentityTransform
[        ] Transforming play-services-measurement-sdk-api-20.1.2.aar (com.google.android.gms:play-services-measurement-sdk-api:20.1.2) with DexingNoClasspathTransform
[        ] Transforming play-services-measurement-sdk-api-20.1.2.aar (com.google.android.gms:play-services-measurement-sdk-api:20.1.2) with DexingOutputSplitTransform
[        ] Transforming play-services-measurement-base-20.1.2.aar (com.google.android.gms:play-services-measurement-base:20.1.2) with JetifyTransform
[        ] Transforming play-services-measurement-base-20.1.2.aar (com.google.android.gms:play-services-measurement-base:20.1.2) with AarToClassTransform
[        ] Transforming play-services-measurement-base-20.1.2.aar (com.google.android.gms:play-services-measurement-base:20.1.2) with IdentityTransform
[        ] Transforming play-services-measurement-base-20.1.2.aar (com.google.android.gms:play-services-measurement-base:20.1.2) with DexingNoClasspathTransform
[        ] Transforming play-services-measurement-base-20.1.2.aar (com.google.android.gms:play-services-measurement-base:20.1.2) with DexingOutputSplitTransform
[        ] Transforming play-services-basement-18.4.0.aar (com.google.android.gms:play-services-basement:18.4.0) with JetifyTransform
[        ] Transforming play-services-basement-18.4.0.aar (com.google.android.gms:play-services-basement:18.4.0) with AarToClassTransform
[        ] Transforming play-services-basement-18.4.0.aar (com.google.android.gms:play-services-basement:18.4.0) with IdentityTransform
[        ] Transforming play-services-basement-18.4.0.aar (com.google.android.gms:play-services-basement:18.4.0) with DexingNoClasspathTransform
[        ] Transforming play-services-basement-18.4.0.aar (com.google.android.gms:play-services-basement:18.4.0) with DexingOutputSplitTransform
[        ] Transforming constraintlayout-2.1.4.aar (androidx.constraintlayout:constraintlayout:2.1.4) with JetifyTransform
[        ] Transforming constraintlayout-2.1.4.aar (androidx.constraintlayout:constraintlayout:2.1.4) with AarToClassTransform
[        ] Transforming constraintlayout-2.1.4.aar (androidx.constraintlayout:constraintlayout:2.1.4) with IdentityTransform
[        ] Transforming constraintlayout-2.1.4.aar (androidx.constraintlayout:constraintlayout:2.1.4) with DexingNoClasspathTransform
[        ] Transforming constraintlayout-2.1.4.aar (androidx.constraintlayout:constraintlayout:2.1.4) with DexingOutputSplitTransform
[        ] Transforming preference-1.2.1.aar (androidx.preference:preference:1.2.1) with JetifyTransform
[        ] Transforming preference-1.2.1.aar (androidx.preference:preference:1.2.1) with AarToClassTransform
[        ] Transforming preference-1.2.1.aar (androidx.preference:preference:1.2.1) with IdentityTransform
[        ] Transforming preference-1.2.1.aar (androidx.preference:preference:1.2.1) with DexingNoClasspathTransform
[        ] Transforming preference-1.2.1.aar (androidx.preference:preference:1.2.1) with DexingOutputSplitTransform
[        ] Transforming appcompat-1.2.0.aar (androidx.appcompat:appcompat:1.2.0) with JetifyTransform
[        ] Transforming appcompat-1.2.0.aar (androidx.appcompat:appcompat:1.2.0) with AarToClassTransform
[        ] Transforming appcompat-1.2.0.aar (androidx.appcompat:appcompat:1.2.0) with IdentityTransform
[        ] Transforming appcompat-1.2.0.aar (androidx.appcompat:appcompat:1.2.0) with DexingNoClasspathTransform
[        ] Transforming appcompat-1.2.0.aar (androidx.appcompat:appcompat:1.2.0) with DexingOutputSplitTransform
[        ] Transforming fragment-ktx-1.7.1.aar (androidx.fragment:fragment-ktx:1.7.1) with JetifyTransform
[        ] Transforming fragment-ktx-1.7.1.aar (androidx.fragment:fragment-ktx:1.7.1) with AarToClassTransform
[        ] Transforming fragment-ktx-1.7.1.aar (androidx.fragment:fragment-ktx:1.7.1) with IdentityTransform
[        ] Transforming fragment-ktx-1.7.1.aar (androidx.fragment:fragment-ktx:1.7.1) with DexingNoClasspathTransform
[        ] Transforming fragment-ktx-1.7.1.aar (androidx.fragment:fragment-ktx:1.7.1) with DexingOutputSplitTransform
[        ] Transforming fragment-1.7.1.aar (androidx.fragment:fragment:1.7.1) with JetifyTransform
[        ] Transforming fragment-1.7.1.aar (androidx.fragment:fragment:1.7.1) with AarToClassTransform
[        ] Transforming fragment-1.7.1.aar (androidx.fragment:fragment:1.7.1) with IdentityTransform
[        ] Transforming fragment-1.7.1.aar (androidx.fragment:fragment:1.7.1) with DexingNoClasspathTransform
[        ] Transforming fragment-1.7.1.aar (androidx.fragment:fragment:1.7.1) with DexingOutputSplitTransform
[        ] Transforming fragment-1.7.1.aar (androidx.fragment:fragment:1.7.1) with JetifyTransform
[        ] Transforming fragment-1.7.1.aar (androidx.fragment:fragment:1.7.1) with AarToClassTransform
[        ] Transforming fragment-1.7.1.aar (androidx.fragment:fragment:1.7.1) with IdentityTransform
[        ] Transforming fragment-1.7.1.aar (androidx.fragment:fragment:1.7.1) with DexingNoClasspathTransform
[        ] Transforming fragment-1.7.1.aar (androidx.fragment:fragment:1.7.1) with DexingOutputSplitTransform
[        ] Transforming webkit-1.15.0.aar (androidx.webkit:webkit:1.15.0) with JetifyTransform
[        ] Transforming webkit-1.15.0.aar (androidx.webkit:webkit:1.15.0) with AarToClassTransform
[        ] Transforming webkit-1.15.0.aar (androidx.webkit:webkit:1.15.0) with IdentityTransform
[        ] Transforming webkit-1.15.0.aar (androidx.webkit:webkit:1.15.0) with DexingNoClasspathTransform
[        ] Transforming webkit-1.15.0.aar (androidx.webkit:webkit:1.15.0) with DexingOutputSplitTransform
[        ] Transforming webkit-1.15.0.aar (androidx.webkit:webkit:1.15.0) with JetifyTransform
[        ] Transforming webkit-1.15.0.aar (androidx.webkit:webkit:1.15.0) with AarToClassTransform
[        ] Transforming webkit-1.15.0.aar (androidx.webkit:webkit:1.15.0) with IdentityTransform
[        ] Transforming webkit-1.15.0.aar (androidx.webkit:webkit:1.15.0) with DexingNoClasspathTransform
[        ] Transforming webkit-1.15.0.aar (androidx.webkit:webkit:1.15.0) with DexingOutputSplitTransform
[        ] Transforming recyclerview-1.0.0.aar (androidx.recyclerview:recyclerview:1.0.0) with JetifyTransform
[        ] Transforming recyclerview-1.0.0.aar (androidx.recyclerview:recyclerview:1.0.0) with AarToClassTransform
[        ] Transforming recyclerview-1.0.0.aar (androidx.recyclerview:recyclerview:1.0.0) with IdentityTransform
[        ] Transforming recyclerview-1.0.0.aar (androidx.recyclerview:recyclerview:1.0.0) with DexingNoClasspathTransform
[        ] Transforming recyclerview-1.0.0.aar (androidx.recyclerview:recyclerview:1.0.0) with DexingOutputSplitTransform
[        ] Transforming legacy-support-core-ui-1.0.0.aar (androidx.legacy:legacy-support-core-ui:1.0.0) with JetifyTransform
[        ] Transforming legacy-support-core-ui-1.0.0.aar (androidx.legacy:legacy-support-core-ui:1.0.0) with AarToClassTransform
[        ] Transforming legacy-support-core-ui-1.0.0.aar (androidx.legacy:legacy-support-core-ui:1.0.0) with IdentityTransform
[        ] Transforming legacy-support-core-ui-1.0.0.aar (androidx.legacy:legacy-support-core-ui:1.0.0) with DexingNoClasspathTransform
[        ] Transforming legacy-support-core-ui-1.0.0.aar (androidx.legacy:legacy-support-core-ui:1.0.0) with DexingOutputSplitTransform
[        ] Transforming slidingpanelayout-1.2.0.aar (androidx.slidingpanelayout:slidingpanelayout:1.2.0) with JetifyTransform
[        ] Transforming slidingpanelayout-1.2.0.aar (androidx.slidingpanelayout:slidingpanelayout:1.2.0) with AarToClassTransform
[        ] Transforming slidingpanelayout-1.2.0.aar (androidx.slidingpanelayout:slidingpanelayout:1.2.0) with IdentityTransform
[        ] Transforming slidingpanelayout-1.2.0.aar (androidx.slidingpanelayout:slidingpanelayout:1.2.0) with DexingNoClasspathTransform
[        ] Transforming slidingpanelayout-1.2.0.aar (androidx.slidingpanelayout:slidingpanelayout:1.2.0) with DexingOutputSplitTransform
[        ] Transforming slidingpanelayout-1.2.0.aar (androidx.slidingpanelayout:slidingpanelayout:1.2.0) with JetifyTransform
[        ] Transforming slidingpanelayout-1.2.0.aar (androidx.slidingpanelayout:slidingpanelayout:1.2.0) with AarToClassTransform
[        ] Transforming slidingpanelayout-1.2.0.aar (androidx.slidingpanelayout:slidingpanelayout:1.2.0) with IdentityTransform
[        ] Transforming slidingpanelayout-1.2.0.aar (androidx.slidingpanelayout:slidingpanelayout:1.2.0) with DexingNoClasspathTransform
[        ] Transforming slidingpanelayout-1.2.0.aar (androidx.slidingpanelayout:slidingpanelayout:1.2.0) with DexingOutputSplitTransform
[        ] Transforming window-1.2.0.aar (androidx.window:window:1.2.0) with JetifyTransform
[        ] Transforming window-1.2.0.aar (androidx.window:window:1.2.0) with AarToClassTransform
[        ] Transforming window-1.2.0.aar (androidx.window:window:1.2.0) with IdentityTransform
[        ] Transforming window-1.2.0.aar (androidx.window:window:1.2.0) with DexingNoClasspathTransform
[        ] Transforming window-1.2.0.aar (androidx.window:window:1.2.0) with DexingOutputSplitTransform
[        ] Transforming window-java-1.2.0.aar (androidx.window:window-java:1.2.0) with JetifyTransform
[        ] Transforming window-java-1.2.0.aar (androidx.window:window-java:1.2.0) with AarToClassTransform
[        ] Transforming window-java-1.2.0.aar (androidx.window:window-java:1.2.0) with IdentityTransform
[        ] Transforming window-java-1.2.0.aar (androidx.window:window-java:1.2.0) with DexingNoClasspathTransform
[        ] Transforming window-java-1.2.0.aar (androidx.window:window-java:1.2.0) with DexingOutputSplitTransform
[        ] Transforming browser-1.8.0.aar (androidx.browser:browser:1.8.0) with JetifyTransform
[        ] Transforming browser-1.8.0.aar (androidx.browser:browser:1.8.0) with AarToClassTransform
[        ] Transforming browser-1.8.0.aar (androidx.browser:browser:1.8.0) with IdentityTransform
[        ] Transforming browser-1.8.0.aar (androidx.browser:browser:1.8.0) with DexingNoClasspathTransform
[        ] Transforming browser-1.8.0.aar (androidx.browser:browser:1.8.0) with DexingOutputSplitTransform
[        ] Transforming activity-ktx-1.8.1.aar (androidx.activity:activity-ktx:1.8.1) with JetifyTransform
[        ] Transforming activity-ktx-1.8.1.aar (androidx.activity:activity-ktx:1.8.1) with AarToClassTransform
[        ] Transforming activity-ktx-1.8.1.aar (androidx.activity:activity-ktx:1.8.1) with IdentityTransform
[        ] Transforming activity-ktx-1.8.1.aar (androidx.activity:activity-ktx:1.8.1) with DexingNoClasspathTransform
[        ] Transforming activity-ktx-1.8.1.aar (androidx.activity:activity-ktx:1.8.1) with DexingOutputSplitTransform
[        ] Transforming activity-1.8.1.aar (androidx.activity:activity:1.8.1) with JetifyTransform
[        ] Transforming activity-1.8.1.aar (androidx.activity:activity:1.8.1) with AarToClassTransform
[        ] Transforming activity-1.8.1.aar (androidx.activity:activity:1.8.1) with IdentityTransform
[        ] Transforming activity-1.8.1.aar (androidx.activity:activity:1.8.1) with DexingNoClasspathTransform
[        ] Transforming activity-1.8.1.aar (androidx.activity:activity:1.8.1) with DexingOutputSplitTransform
[        ] Transforming legacy-support-core-utils-1.0.0.aar (androidx.legacy:legacy-support-core-utils:1.0.0) with JetifyTransform
[        ] Transforming legacy-support-core-utils-1.0.0.aar (androidx.legacy:legacy-support-core-utils:1.0.0) with AarToClassTransform
[        ] Transforming legacy-support-core-utils-1.0.0.aar (androidx.legacy:legacy-support-core-utils:1.0.0) with IdentityTransform
[        ] Transforming legacy-support-core-utils-1.0.0.aar (androidx.legacy:legacy-support-core-utils:1.0.0) with DexingNoClasspathTransform
[        ] Transforming legacy-support-core-utils-1.0.0.aar (androidx.legacy:legacy-support-core-utils:1.0.0) with DexingOutputSplitTransform
[        ] Transforming loader-1.0.0.aar (androidx.loader:loader:1.0.0) with JetifyTransform
[        ] Transforming loader-1.0.0.aar (androidx.loader:loader:1.0.0) with AarToClassTransform
[        ] Transforming loader-1.0.0.aar (androidx.loader:loader:1.0.0) with IdentityTransform
[        ] Transforming loader-1.0.0.aar (androidx.loader:loader:1.0.0) with DexingNoClasspathTransform
[        ] Transforming loader-1.0.0.aar (androidx.loader:loader:1.0.0) with DexingOutputSplitTransform
[        ] Transforming loader-1.0.0.aar (androidx.loader:loader:1.0.0) with JetifyTransform
[        ] Transforming loader-1.0.0.aar (androidx.loader:loader:1.0.0) with AarToClassTransform
[        ] Transforming loader-1.0.0.aar (androidx.loader:loader:1.0.0) with IdentityTransform
[        ] Transforming loader-1.0.0.aar (androidx.loader:loader:1.0.0) with DexingNoClasspathTransform
[        ] Transforming loader-1.0.0.aar (androidx.loader:loader:1.0.0) with DexingOutputSplitTransform
[        ] Transforming viewpager-1.0.0.aar (androidx.viewpager:viewpager:1.0.0) with JetifyTransform
[        ] Transforming viewpager-1.0.0.aar (androidx.viewpager:viewpager:1.0.0) with AarToClassTransform
[        ] Transforming viewpager-1.0.0.aar (androidx.viewpager:viewpager:1.0.0) with IdentityTransform
[        ] Transforming viewpager-1.0.0.aar (androidx.viewpager:viewpager:1.0.0) with DexingNoClasspathTransform
[        ] Transforming viewpager-1.0.0.aar (androidx.viewpager:viewpager:1.0.0) with DexingOutputSplitTransform
[        ] Transforming viewpager-1.0.0.aar (androidx.viewpager:viewpager:1.0.0) with JetifyTransform
[        ] Transforming viewpager-1.0.0.aar (androidx.viewpager:viewpager:1.0.0) with AarToClassTransform
[        ] Transforming viewpager-1.0.0.aar (androidx.viewpager:viewpager:1.0.0) with IdentityTransform
[        ] Transforming viewpager-1.0.0.aar (androidx.viewpager:viewpager:1.0.0) with DexingNoClasspathTransform
[        ] Transforming viewpager-1.0.0.aar (androidx.viewpager:viewpager:1.0.0) with DexingOutputSplitTransform
[        ] Transforming ads-adservices-java-1.0.0-beta05.aar (androidx.privacysandbox.ads:ads-adservices-java:1.0.0-beta05) with JetifyTransform
[        ] Transforming ads-adservices-java-1.0.0-beta05.aar (androidx.privacysandbox.ads:ads-adservices-java:1.0.0-beta05) with AarToClassTransform
[        ] Transforming ads-adservices-java-1.0.0-beta05.aar (androidx.privacysandbox.ads:ads-adservices-java:1.0.0-beta05) with IdentityTransform
[        ] Transforming ads-adservices-java-1.0.0-beta05.aar (androidx.privacysandbox.ads:ads-adservices-java:1.0.0-beta05) with DexingNoClasspathTransform
[        ] Transforming ads-adservices-java-1.0.0-beta05.aar (androidx.privacysandbox.ads:ads-adservices-java:1.0.0-beta05) with DexingOutputSplitTransform
[        ] Transforming ads-adservices-1.0.0-beta05.aar (androidx.privacysandbox.ads:ads-adservices:1.0.0-beta05) with JetifyTransform
[        ] Transforming ads-adservices-1.0.0-beta05.aar (androidx.privacysandbox.ads:ads-adservices:1.0.0-beta05) with AarToClassTransform
[        ] Transforming ads-adservices-1.0.0-beta05.aar (androidx.privacysandbox.ads:ads-adservices:1.0.0-beta05) with IdentityTransform
[        ] Transforming ads-adservices-1.0.0-beta05.aar (androidx.privacysandbox.ads:ads-adservices:1.0.0-beta05) with DexingNoClasspathTransform
[        ] Transforming ads-adservices-1.0.0-beta05.aar (androidx.privacysandbox.ads:ads-adservices:1.0.0-beta05) with DexingOutputSplitTransform
[        ] Transforming ads-adservices-1.0.0-beta05.aar (androidx.privacysandbox.ads:ads-adservices:1.0.0-beta05) with JetifyTransform
[        ] Transforming ads-adservices-1.0.0-beta05.aar (androidx.privacysandbox.ads:ads-adservices:1.0.0-beta05) with AarToClassTransform
[        ] Transforming ads-adservices-1.0.0-beta05.aar (androidx.privacysandbox.ads:ads-adservices:1.0.0-beta05) with IdentityTransform
[        ] Transforming ads-adservices-1.0.0-beta05.aar (androidx.privacysandbox.ads:ads-adservices:1.0.0-beta05) with DexingNoClasspathTransform
[        ] Transforming ads-adservices-1.0.0-beta05.aar (androidx.privacysandbox.ads:ads-adservices:1.0.0-beta05) with DexingOutputSplitTransform
[        ] Transforming work-runtime-2.7.0.aar (androidx.work:work-runtime:2.7.0) with JetifyTransform
[        ] Transforming work-runtime-2.7.0.aar (androidx.work:work-runtime:2.7.0) with AarToClassTransform
[        ] Transforming work-runtime-2.7.0.aar (androidx.work:work-runtime:2.7.0) with IdentityTransform
[        ] Transforming work-runtime-2.7.0.aar (androidx.work:work-runtime:2.7.0) with DexingNoClasspathTransform
[        ] Transforming work-runtime-2.7.0.aar (androidx.work:work-runtime:2.7.0) with DexingOutputSplitTransform
[        ] Transforming lifecycle-runtime-ktx-2.7.0.aar (androidx.lifecycle:lifecycle-runtime-ktx:2.7.0) with JetifyTransform
[        ] Transforming lifecycle-runtime-ktx-2.7.0.aar (androidx.lifecycle:lifecycle-runtime-ktx:2.7.0) with AarToClassTransform
[        ] Transforming lifecycle-runtime-ktx-2.7.0.aar (androidx.lifecycle:lifecycle-runtime-ktx:2.7.0) with IdentityTransform
[        ] Transforming lifecycle-runtime-ktx-2.7.0.aar (androidx.lifecycle:lifecycle-runtime-ktx:2.7.0) with DexingNoClasspathTransform
[        ] Transforming lifecycle-runtime-ktx-2.7.0.aar (androidx.lifecycle:lifecycle-runtime-ktx:2.7.0) with DexingOutputSplitTransform
[        ] Transforming lifecycle-service-2.7.0.aar (androidx.lifecycle:lifecycle-service:2.7.0) with JetifyTransform
[        ] Transforming lifecycle-service-2.7.0.aar (androidx.lifecycle:lifecycle-service:2.7.0) with AarToClassTransform
[        ] Transforming lifecycle-service-2.7.0.aar (androidx.lifecycle:lifecycle-service:2.7.0) with IdentityTransform
[        ] Transforming lifecycle-service-2.7.0.aar (androidx.lifecycle:lifecycle-service:2.7.0) with DexingNoClasspathTransform
[        ] Transforming lifecycle-service-2.7.0.aar (androidx.lifecycle:lifecycle-service:2.7.0) with DexingOutputSplitTransform
[        ] Transforming lifecycle-livedata-2.7.0.aar (androidx.lifecycle:lifecycle-livedata:2.7.0) with JetifyTransform
[        ] Transforming lifecycle-livedata-2.7.0.aar (androidx.lifecycle:lifecycle-livedata:2.7.0) with AarToClassTransform
[        ] Transforming lifecycle-livedata-2.7.0.aar (androidx.lifecycle:lifecycle-livedata:2.7.0) with IdentityTransform
[        ] Transforming lifecycle-livedata-2.7.0.aar (androidx.lifecycle:lifecycle-livedata:2.7.0) with DexingNoClasspathTransform
[        ] Transforming lifecycle-livedata-2.7.0.aar (androidx.lifecycle:lifecycle-livedata:2.7.0) with DexingOutputSplitTransform
[        ] Transforming lifecycle-livedata-2.7.0.aar (androidx.lifecycle:lifecycle-livedata:2.7.0) with JetifyTransform
[        ] Transforming lifecycle-livedata-2.7.0.aar (androidx.lifecycle:lifecycle-livedata:2.7.0) with AarToClassTransform
[        ] Transforming lifecycle-livedata-2.7.0.aar (androidx.lifecycle:lifecycle-livedata:2.7.0) with IdentityTransform
[        ] Transforming lifecycle-livedata-2.7.0.aar (androidx.lifecycle:lifecycle-livedata:2.7.0) with DexingNoClasspathTransform
[        ] Transforming lifecycle-livedata-2.7.0.aar (androidx.lifecycle:lifecycle-livedata:2.7.0) with DexingOutputSplitTransform
[        ] Transforming lifecycle-livedata-core-ktx-2.7.0.aar (androidx.lifecycle:lifecycle-livedata-core-ktx:2.7.0) with JetifyTransform
[        ] Transforming lifecycle-livedata-core-ktx-2.7.0.aar (androidx.lifecycle:lifecycle-livedata-core-ktx:2.7.0) with AarToClassTransform
[        ] Transforming lifecycle-livedata-core-ktx-2.7.0.aar (androidx.lifecycle:lifecycle-livedata-core-ktx:2.7.0) with IdentityTransform
[        ] Transforming lifecycle-livedata-core-ktx-2.7.0.aar (androidx.lifecycle:lifecycle-livedata-core-ktx:2.7.0) with DexingNoClasspathTransform
[        ] Transforming lifecycle-livedata-core-ktx-2.7.0.aar (androidx.lifecycle:lifecycle-livedata-core-ktx:2.7.0) with DexingOutputSplitTransform
[        ] Transforming lifecycle-viewmodel-ktx-2.7.0.aar (androidx.lifecycle:lifecycle-viewmodel-ktx:2.7.0) with JetifyTransform
[        ] Transforming lifecycle-viewmodel-ktx-2.7.0.aar (androidx.lifecycle:lifecycle-viewmodel-ktx:2.7.0) with AarToClassTransform
[        ] Transforming lifecycle-viewmodel-ktx-2.7.0.aar (androidx.lifecycle:lifecycle-viewmodel-ktx:2.7.0) with IdentityTransform
[        ] Transforming lifecycle-viewmodel-ktx-2.7.0.aar (androidx.lifecycle:lifecycle-viewmodel-ktx:2.7.0) with DexingNoClasspathTransform
[        ] Transforming lifecycle-viewmodel-ktx-2.7.0.aar (androidx.lifecycle:lifecycle-viewmodel-ktx:2.7.0) with DexingOutputSplitTransform
[        ] Transforming lifecycle-viewmodel-2.7.0.aar (androidx.lifecycle:lifecycle-viewmodel:2.7.0) with JetifyTransform
[        ] Transforming lifecycle-viewmodel-2.7.0.aar (androidx.lifecycle:lifecycle-viewmodel:2.7.0) with AarToClassTransform
[        ] Transforming lifecycle-viewmodel-2.7.0.aar (androidx.lifecycle:lifecycle-viewmodel:2.7.0) with IdentityTransform
[        ] Transforming lifecycle-viewmodel-2.7.0.aar (androidx.lifecycle:lifecycle-viewmodel:2.7.0) with DexingNoClasspathTransform
[        ] Transforming lifecycle-viewmodel-2.7.0.aar (androidx.lifecycle:lifecycle-viewmodel:2.7.0) with DexingOutputSplitTransform
[        ] Transforming lifecycle-viewmodel-2.7.0.aar (androidx.lifecycle:lifecycle-viewmodel:2.7.0) with JetifyTransform
[        ] Transforming lifecycle-viewmodel-2.7.0.aar (androidx.lifecycle:lifecycle-viewmodel:2.7.0) with AarToClassTransform
[        ] Transforming lifecycle-viewmodel-2.7.0.aar (androidx.lifecycle:lifecycle-viewmodel:2.7.0) with IdentityTransform
[        ] Transforming lifecycle-viewmodel-2.7.0.aar (androidx.lifecycle:lifecycle-viewmodel:2.7.0) with DexingNoClasspathTransform
[        ] Transforming lifecycle-viewmodel-2.7.0.aar (androidx.lifecycle:lifecycle-viewmodel:2.7.0) with DexingOutputSplitTransform
[        ] Transforming lifecycle-livedata-core-2.7.0.aar (androidx.lifecycle:lifecycle-livedata-core:2.7.0) with JetifyTransform
[        ] Transforming lifecycle-livedata-core-2.7.0.aar (androidx.lifecycle:lifecycle-livedata-core:2.7.0) with AarToClassTransform
[        ] Transforming lifecycle-livedata-core-2.7.0.aar (androidx.lifecycle:lifecycle-livedata-core:2.7.0) with IdentityTransform
[        ] Transforming lifecycle-livedata-core-2.7.0.aar (androidx.lifecycle:lifecycle-livedata-core:2.7.0) with DexingNoClasspathTransform
[        ] Transforming lifecycle-livedata-core-2.7.0.aar (androidx.lifecycle:lifecycle-livedata-core:2.7.0) with DexingOutputSplitTransform
[        ] Transforming lifecycle-viewmodel-savedstate-2.7.0.aar (androidx.lifecycle:lifecycle-viewmodel-savedstate:2.7.0) with JetifyTransform
[        ] Transforming lifecycle-viewmodel-savedstate-2.7.0.aar (androidx.lifecycle:lifecycle-viewmodel-savedstate:2.7.0) with AarToClassTransform
[        ] Transforming lifecycle-viewmodel-savedstate-2.7.0.aar (androidx.lifecycle:lifecycle-viewmodel-savedstate:2.7.0) with IdentityTransform
[        ] Transforming lifecycle-viewmodel-savedstate-2.7.0.aar (androidx.lifecycle:lifecycle-viewmodel-savedstate:2.7.0) with DexingNoClasspathTransform
[        ] Transforming lifecycle-viewmodel-savedstate-2.7.0.aar (androidx.lifecycle:lifecycle-viewmodel-savedstate:2.7.0) with DexingOutputSplitTransform
[        ] Transforming core-ktx-1.13.1.aar (androidx.core:core-ktx:1.13.1) with JetifyTransform
[        ] Transforming core-ktx-1.13.1.aar (androidx.core:core-ktx:1.13.1) with AarToClassTransform
[        ] Transforming core-ktx-1.13.1.aar (androidx.core:core-ktx:1.13.1) with IdentityTransform
[        ] Transforming core-ktx-1.13.1.aar (androidx.core:core-ktx:1.13.1) with DexingNoClasspathTransform
[        ] Transforming core-ktx-1.13.1.aar (androidx.core:core-ktx:1.13.1) with DexingOutputSplitTransform
[        ] Transforming appcompat-resources-1.2.0.aar (androidx.appcompat:appcompat-resources:1.2.0) with JetifyTransform
[        ] Transforming appcompat-resources-1.2.0.aar (androidx.appcompat:appcompat-resources:1.2.0) with AarToClassTransform
[        ] Transforming appcompat-resources-1.2.0.aar (androidx.appcompat:appcompat-resources:1.2.0) with IdentityTransform
[        ] Transforming appcompat-resources-1.2.0.aar (androidx.appcompat:appcompat-resources:1.2.0) with DexingNoClasspathTransform
[        ] Transforming appcompat-resources-1.2.0.aar (androidx.appcompat:appcompat-resources:1.2.0) with DexingOutputSplitTransform
[        ] Transforming drawerlayout-1.0.0.aar (androidx.drawerlayout:drawerlayout:1.0.0) with JetifyTransform
[        ] Transforming drawerlayout-1.0.0.aar (androidx.drawerlayout:drawerlayout:1.0.0) with AarToClassTransform
[        ] Transforming drawerlayout-1.0.0.aar (androidx.drawerlayout:drawerlayout:1.0.0) with IdentityTransform
[        ] Transforming drawerlayout-1.0.0.aar (androidx.drawerlayout:drawerlayout:1.0.0) with DexingNoClasspathTransform
[        ] Transforming drawerlayout-1.0.0.aar (androidx.drawerlayout:drawerlayout:1.0.0) with DexingOutputSplitTransform
[        ] Transforming drawerlayout-1.0.0.aar (androidx.drawerlayout:drawerlayout:1.0.0) with JetifyTransform
[        ] Transforming drawerlayout-1.0.0.aar (androidx.drawerlayout:drawerlayout:1.0.0) with AarToClassTransform
[        ] Transforming drawerlayout-1.0.0.aar (androidx.drawerlayout:drawerlayout:1.0.0) with IdentityTransform
[        ] Transforming drawerlayout-1.0.0.aar (androidx.drawerlayout:drawerlayout:1.0.0) with DexingNoClasspathTransform
[        ] Transforming drawerlayout-1.0.0.aar (androidx.drawerlayout:drawerlayout:1.0.0) with DexingOutputSplitTransform
[        ] Transforming coordinatorlayout-1.0.0.aar (androidx.coordinatorlayout:coordinatorlayout:1.0.0) with JetifyTransform
[        ] Transforming coordinatorlayout-1.0.0.aar (androidx.coordinatorlayout:coordinatorlayout:1.0.0) with AarToClassTransform
[        ] Transforming coordinatorlayout-1.0.0.aar (androidx.coordinatorlayout:coordinatorlayout:1.0.0) with IdentityTransform
[        ] Transforming coordinatorlayout-1.0.0.aar (androidx.coordinatorlayout:coordinatorlayout:1.0.0) with DexingNoClasspathTransform
[        ] Transforming coordinatorlayout-1.0.0.aar (androidx.coordinatorlayout:coordinatorlayout:1.0.0) with DexingOutputSplitTransform
[        ] Transforming customview-1.1.0.aar (androidx.customview:customview:1.1.0) with JetifyTransform
[        ] Transforming customview-1.1.0.aar (androidx.customview:customview:1.1.0) with AarToClassTransform
[        ] Transforming customview-1.1.0.aar (androidx.customview:customview:1.1.0) with IdentityTransform
[        ] Transforming customview-1.1.0.aar (androidx.customview:customview:1.1.0) with DexingNoClasspathTransform
[        ] Transforming customview-1.1.0.aar (androidx.customview:customview:1.1.0) with DexingOutputSplitTransform
[        ] Transforming customview-1.1.0.aar (androidx.customview:customview:1.1.0) with JetifyTransform
[        ] Transforming customview-1.1.0.aar (androidx.customview:customview:1.1.0) with AarToClassTransform
[        ] Transforming customview-1.1.0.aar (androidx.customview:customview:1.1.0) with IdentityTransform
[        ] Transforming customview-1.1.0.aar (androidx.customview:customview:1.1.0) with DexingNoClasspathTransform
[        ] Transforming customview-1.1.0.aar (androidx.customview:customview:1.1.0) with DexingOutputSplitTransform
[        ] Transforming transition-1.4.1.aar (androidx.transition:transition:1.4.1) with JetifyTransform
[        ] Transforming transition-1.4.1.aar (androidx.transition:transition:1.4.1) with AarToClassTransform
[        ] Transforming transition-1.4.1.aar (androidx.transition:transition:1.4.1) with IdentityTransform
[        ] Transforming transition-1.4.1.aar (androidx.transition:transition:1.4.1) with DexingNoClasspathTransform
[        ] Transforming transition-1.4.1.aar (androidx.transition:transition:1.4.1) with DexingOutputSplitTransform
[        ] Transforming vectordrawable-animated-1.1.0.aar (androidx.vectordrawable:vectordrawable-animated:1.1.0) with JetifyTransform
[        ] Transforming vectordrawable-animated-1.1.0.aar (androidx.vectordrawable:vectordrawable-animated:1.1.0) with AarToClassTransform
[        ] Transforming vectordrawable-animated-1.1.0.aar (androidx.vectordrawable:vectordrawable-animated:1.1.0) with IdentityTransform
[        ] Transforming vectordrawable-animated-1.1.0.aar (androidx.vectordrawable:vectordrawable-animated:1.1.0) with DexingNoClasspathTransform
[        ] Transforming vectordrawable-animated-1.1.0.aar (androidx.vectordrawable:vectordrawable-animated:1.1.0) with DexingOutputSplitTransform
[        ] Transforming vectordrawable-1.1.0.aar (androidx.vectordrawable:vectordrawable:1.1.0) with JetifyTransform
[        ] Transforming vectordrawable-1.1.0.aar (androidx.vectordrawable:vectordrawable:1.1.0) with AarToClassTransform
[        ] Transforming vectordrawable-1.1.0.aar (androidx.vectordrawable:vectordrawable:1.1.0) with IdentityTransform
[        ] Transforming vectordrawable-1.1.0.aar (androidx.vectordrawable:vectordrawable:1.1.0) with DexingNoClasspathTransform
[        ] Transforming vectordrawable-1.1.0.aar (androidx.vectordrawable:vectordrawable:1.1.0) with DexingOutputSplitTransform
[        ] Transforming vectordrawable-1.1.0.aar (androidx.vectordrawable:vectordrawable:1.1.0) with JetifyTransform
[        ] Transforming vectordrawable-1.1.0.aar (androidx.vectordrawable:vectordrawable:1.1.0) with AarToClassTransform
[        ] Transforming vectordrawable-1.1.0.aar (androidx.vectordrawable:vectordrawable:1.1.0) with IdentityTransform
[        ] Transforming vectordrawable-1.1.0.aar (androidx.vectordrawable:vectordrawable:1.1.0) with DexingNoClasspathTransform
[        ] Transforming vectordrawable-1.1.0.aar (androidx.vectordrawable:vectordrawable:1.1.0) with DexingOutputSplitTransform
[        ] Transforming swiperefreshlayout-1.0.0.aar (androidx.swiperefreshlayout:swiperefreshlayout:1.0.0) with JetifyTransform
[        ] Transforming swiperefreshlayout-1.0.0.aar (androidx.swiperefreshlayout:swiperefreshlayout:1.0.0) with AarToClassTransform
[        ] Transforming swiperefreshlayout-1.0.0.aar (androidx.swiperefreshlayout:swiperefreshlayout:1.0.0) with IdentityTransform
[        ] Transforming swiperefreshlayout-1.0.0.aar (androidx.swiperefreshlayout:swiperefreshlayout:1.0.0) with DexingNoClasspathTransform
[        ] Transforming swiperefreshlayout-1.0.0.aar (androidx.swiperefreshlayout:swiperefreshlayout:1.0.0) with DexingOutputSplitTransform
[        ] Transforming asynclayoutinflater-1.0.0.aar (androidx.asynclayoutinflater:asynclayoutinflater:1.0.0) with JetifyTransform
[        ] Transforming asynclayoutinflater-1.0.0.aar (androidx.asynclayoutinflater:asynclayoutinflater:1.0.0) with AarToClassTransform
[        ] Transforming asynclayoutinflater-1.0.0.aar (androidx.asynclayoutinflater:asynclayoutinflater:1.0.0) with IdentityTransform
[        ] Transforming asynclayoutinflater-1.0.0.aar (androidx.asynclayoutinflater:asynclayoutinflater:1.0.0) with DexingNoClasspathTransform
[        ] Transforming asynclayoutinflater-1.0.0.aar (androidx.asynclayoutinflater:asynclayoutinflater:1.0.0) with DexingOutputSplitTransform
[        ] Transforming core-1.13.1.aar (androidx.core:core:1.13.1) with JetifyTransform
[        ] Transforming core-1.13.1.aar (androidx.core:core:1.13.1) with AarToClassTransform
[        ] Transforming core-1.13.1.aar (androidx.core:core:1.13.1) with IdentityTransform
[        ] Transforming core-1.13.1.aar (androidx.core:core:1.13.1) with DexingNoClasspathTransform
[        ] Transforming core-1.13.1.aar (androidx.core:core:1.13.1) with DexingOutputSplitTransform
[        ] Transforming core-1.13.1.aar (androidx.core:core:1.13.1) with JetifyTransform
[        ] Transforming core-1.13.1.aar (androidx.core:core:1.13.1) with AarToClassTransform
[        ] Transforming core-1.13.1.aar (androidx.core:core:1.13.1) with IdentityTransform
[        ] Transforming core-1.13.1.aar (androidx.core:core:1.13.1) with DexingNoClasspathTransform
[        ] Transforming core-1.13.1.aar (androidx.core:core:1.13.1) with DexingOutputSplitTransform
[        ] Transforming lifecycle-runtime-2.7.0.aar (androidx.lifecycle:lifecycle-runtime:2.7.0) with JetifyTransform
[        ] Transforming lifecycle-runtime-2.7.0.aar (androidx.lifecycle:lifecycle-runtime:2.7.0) with AarToClassTransform
[        ] Transforming lifecycle-runtime-2.7.0.aar (androidx.lifecycle:lifecycle-runtime:2.7.0) with IdentityTransform
[        ] Transforming lifecycle-runtime-2.7.0.aar (androidx.lifecycle:lifecycle-runtime:2.7.0) with DexingNoClasspathTransform
[        ] Transforming lifecycle-runtime-2.7.0.aar (androidx.lifecycle:lifecycle-runtime:2.7.0) with DexingOutputSplitTransform
[        ] Transforming lifecycle-common-java8-2.7.0.jar (androidx.lifecycle:lifecycle-common-java8:2.7.0) with JetifyTransform
[        ] Transforming lifecycle-common-java8-2.7.0.jar (androidx.lifecycle:lifecycle-common-java8:2.7.0) with IdentityTransform
[        ] Transforming lifecycle-common-java8-2.7.0.jar (androidx.lifecycle:lifecycle-common-java8:2.7.0) with IdentityTransform
[        ] Transforming lifecycle-common-java8-2.7.0.jar (androidx.lifecycle:lifecycle-common-java8:2.7.0) with DexingNoClasspathTransform
[        ] Transforming lifecycle-common-java8-2.7.0.jar (androidx.lifecycle:lifecycle-common-java8:2.7.0) with DexingOutputSplitTransform
[        ] Transforming savedstate-ktx-1.2.1.aar (androidx.savedstate:savedstate-ktx:1.2.1) with JetifyTransform
[        ] Transforming savedstate-ktx-1.2.1.aar (androidx.savedstate:savedstate-ktx:1.2.1) with AarToClassTransform
[        ] Transforming savedstate-ktx-1.2.1.aar (androidx.savedstate:savedstate-ktx:1.2.1) with IdentityTransform
[        ] Transforming savedstate-ktx-1.2.1.aar (androidx.savedstate:savedstate-ktx:1.2.1) with DexingNoClasspathTransform
[        ] Transforming savedstate-ktx-1.2.1.aar (androidx.savedstate:savedstate-ktx:1.2.1) with DexingOutputSplitTransform
[        ] Transforming savedstate-1.2.1.aar (androidx.savedstate:savedstate:1.2.1) with JetifyTransform
[        ] Transforming savedstate-1.2.1.aar (androidx.savedstate:savedstate:1.2.1) with AarToClassTransform
[        ] Transforming savedstate-1.2.1.aar (androidx.savedstate:savedstate:1.2.1) with IdentityTransform
[        ] Transforming savedstate-1.2.1.aar (androidx.savedstate:savedstate:1.2.1) with DexingNoClasspathTransform
[        ] Transforming savedstate-1.2.1.aar (androidx.savedstate:savedstate:1.2.1) with DexingOutputSplitTransform
[        ] Transforming lifecycle-common-2.7.0.jar (androidx.lifecycle:lifecycle-common:2.7.0) with JetifyTransform
[        ] Transforming lifecycle-common-2.7.0.jar (androidx.lifecycle:lifecycle-common:2.7.0) with IdentityTransform
[        ] Transforming lifecycle-common-2.7.0.jar (androidx.lifecycle:lifecycle-common:2.7.0) with IdentityTransform
[        ] Transforming lifecycle-common-2.7.0.jar (androidx.lifecycle:lifecycle-common:2.7.0) with DexingNoClasspathTransform
[        ] Transforming lifecycle-common-2.7.0.jar (androidx.lifecycle:lifecycle-common:2.7.0) with DexingOutputSplitTransform
[        ] Transforming lifecycle-process-2.7.0.aar (androidx.lifecycle:lifecycle-process:2.7.0) with JetifyTransform
[        ] Transforming lifecycle-process-2.7.0.aar (androidx.lifecycle:lifecycle-process:2.7.0) with AarToClassTransform
[        ] Transforming lifecycle-process-2.7.0.aar (androidx.lifecycle:lifecycle-process:2.7.0) with IdentityTransform
[        ] Transforming lifecycle-process-2.7.0.aar (androidx.lifecycle:lifecycle-process:2.7.0) with DexingNoClasspathTransform
[        ] Transforming lifecycle-process-2.7.0.aar (androidx.lifecycle:lifecycle-process:2.7.0) with DexingOutputSplitTransform
[        ] Transforming datastore-preferences-core-release.aar (androidx.datastore:datastore-preferences-core-android:1.1.7) with JetifyTransform
[        ] Transforming datastore-preferences-core-release.aar (androidx.datastore:datastore-preferences-core-android:1.1.7) with AarToClassTransform
[        ] Transforming datastore-preferences-core-release.aar (androidx.datastore:datastore-preferences-core-android:1.1.7) with IdentityTransform
[        ] Transforming datastore-preferences-core-release.aar (androidx.datastore:datastore-preferences-core-android:1.1.7) with DexingNoClasspathTransform
[        ] Transforming datastore-preferences-core-release.aar (androidx.datastore:datastore-preferences-core-android:1.1.7) with DexingOutputSplitTransform
[        ] Transforming datastore-core-okio-jvm-1.1.7.jar (androidx.datastore:datastore-core-okio-jvm:1.1.7) with JetifyTransform
[        ] Transforming datastore-core-okio-jvm-1.1.7.jar (androidx.datastore:datastore-core-okio-jvm:1.1.7) with IdentityTransform
[        ] Transforming datastore-core-okio-jvm-1.1.7.jar (androidx.datastore:datastore-core-okio-jvm:1.1.7) with IdentityTransform
[        ] Transforming datastore-core-okio-jvm-1.1.7.jar (androidx.datastore:datastore-core-okio-jvm:1.1.7) with DexingNoClasspathTransform
[        ] Transforming datastore-core-okio-jvm-1.1.7.jar (androidx.datastore:datastore-core-okio-jvm:1.1.7) with DexingOutputSplitTransform
[        ] Transforming datastore-core-release.aar (androidx.datastore:datastore-core-android:1.1.7) with JetifyTransform
[        ] Transforming datastore-core-release.aar (androidx.datastore:datastore-core-android:1.1.7) with AarToClassTransform
[        ] Transforming datastore-core-release.aar (androidx.datastore:datastore-core-android:1.1.7) with IdentityTransform
[        ] Transforming datastore-core-release.aar (androidx.datastore:datastore-core-android:1.1.7) with DexingNoClasspathTransform
[        ] Transforming datastore-core-release.aar (androidx.datastore:datastore-core-android:1.1.7) with DexingOutputSplitTransform
[        ] Transforming datastore-preferences-external-protobuf-1.1.7.jar (androidx.datastore:datastore-preferences-external-protobuf:1.1.7) with JetifyTransform
[        ] Transforming datastore-preferences-release.aar (androidx.datastore:datastore-preferences-android:1.1.7) with JetifyTransform
[        ] Transforming datastore-preferences-release.aar (androidx.datastore:datastore-preferences-android:1.1.7) with AarToClassTransform
[        ] Transforming datastore-preferences-external-protobuf-1.1.7.jar (androidx.datastore:datastore-preferences-external-protobuf:1.1.7) with IdentityTransform
[        ] Transforming datastore-preferences-release.aar (androidx.datastore:datastore-preferences-android:1.1.7) with IdentityTransform
[        ] Transforming datastore-preferences-external-protobuf-1.1.7.jar (androidx.datastore:datastore-preferences-external-protobuf:1.1.7) with IdentityTransform
[        ] Transforming datastore-preferences-release.aar (androidx.datastore:datastore-preferences-android:1.1.7) with DexingNoClasspathTransform
[        ] Transforming datastore-preferences-proto-1.1.7.jar (androidx.datastore:datastore-preferences-proto:1.1.7) with JetifyTransform
[        ] Transforming datastore-preferences-external-protobuf-1.1.7.jar (androidx.datastore:datastore-preferences-external-protobuf:1.1.7) with DexingNoClasspathTransform
[        ] Transforming datastore-preferences-proto-1.1.7.jar (androidx.datastore:datastore-preferences-proto:1.1.7) with IdentityTransform
[        ] Transforming datastore-preferences-external-protobuf-1.1.7.jar (androidx.datastore:datastore-preferences-external-protobuf:1.1.7) with DexingOutputSplitTransform
[        ] Transforming datastore-preferences-release.aar (androidx.datastore:datastore-preferences-android:1.1.7) with DexingOutputSplitTransform
[        ] Transforming datastore-preferences-proto-1.1.7.jar (androidx.datastore:datastore-preferences-proto:1.1.7) with IdentityTransform
[        ] Transforming datastore-release.aar (androidx.datastore:datastore-android:1.1.7) with JetifyTransform
[        ] Transforming datastore-preferences-proto-1.1.7.jar (androidx.datastore:datastore-preferences-proto:1.1.7) with DexingNoClasspathTransform
[        ] Transforming datastore-release.aar (androidx.datastore:datastore-android:1.1.7) with AarToClassTransform
[        ] Transforming datastore-preferences-proto-1.1.7.jar (androidx.datastore:datastore-preferences-proto:1.1.7) with DexingOutputSplitTransform
[        ] Transforming datastore-release.aar (androidx.datastore:datastore-android:1.1.7) with IdentityTransform
[        ] Transforming datastore-release.aar (androidx.datastore:datastore-android:1.1.7) with DexingNoClasspathTransform
[        ] Transforming datastore-release.aar (androidx.datastore:datastore-android:1.1.7) with DexingOutputSplitTransform
[        ] Transforming profileinstaller-1.3.1.aar (androidx.profileinstaller:profileinstaller:1.3.1) with JetifyTransform
[        ] Transforming profileinstaller-1.3.1.aar (androidx.profileinstaller:profileinstaller:1.3.1) with AarToClassTransform
[        ] Transforming profileinstaller-1.3.1.aar (androidx.profileinstaller:profileinstaller:1.3.1) with IdentityTransform
[        ] Transforming profileinstaller-1.3.1.aar (androidx.profileinstaller:profileinstaller:1.3.1) with DexingNoClasspathTransform
[        ] Transforming profileinstaller-1.3.1.aar (androidx.profileinstaller:profileinstaller:1.3.1) with DexingOutputSplitTransform
[        ] Transforming startup-runtime-1.1.1.aar (androidx.startup:startup-runtime:1.1.1) with JetifyTransform
[        ] Transforming startup-runtime-1.1.1.aar (androidx.startup:startup-runtime:1.1.1) with AarToClassTransform
[        ] Transforming startup-runtime-1.1.1.aar (androidx.startup:startup-runtime:1.1.1) with IdentityTransform
[        ] Transforming startup-runtime-1.1.1.aar (androidx.startup:startup-runtime:1.1.1) with DexingNoClasspathTransform
[        ] Transforming startup-runtime-1.1.1.aar (androidx.startup:startup-runtime:1.1.1) with DexingOutputSplitTransform
[        ] Transforming tracing-1.2.0.aar (androidx.tracing:tracing:1.2.0) with JetifyTransform
[        ] Transforming tracing-1.2.0.aar (androidx.tracing:tracing:1.2.0) with AarToClassTransform
[        ] Transforming tracing-1.2.0.aar (androidx.tracing:tracing:1.2.0) with IdentityTransform
[        ] Transforming tracing-1.2.0.aar (androidx.tracing:tracing:1.2.0) with DexingNoClasspathTransform
[        ] Transforming tracing-1.2.0.aar (androidx.tracing:tracing:1.2.0) with DexingOutputSplitTransform
[        ] Transforming exifinterface-1.4.1.aar (androidx.exifinterface:exifinterface:1.4.1) with JetifyTransform
[        ] Transforming exifinterface-1.4.1.aar (androidx.exifinterface:exifinterface:1.4.1) with AarToClassTransform
[        ] Transforming exifinterface-1.4.1.aar (androidx.exifinterface:exifinterface:1.4.1) with IdentityTransform
[        ] Transforming exifinterface-1.4.1.aar (androidx.exifinterface:exifinterface:1.4.1) with DexingNoClasspathTransform
[        ] Transforming exifinterface-1.4.1.aar (androidx.exifinterface:exifinterface:1.4.1) with DexingOutputSplitTransform
[        ] Transforming room-runtime-2.2.5.aar (androidx.room:room-runtime:2.2.5) with JetifyTransform
[        ] Transforming room-runtime-2.2.5.aar (androidx.room:room-runtime:2.2.5) with AarToClassTransform
[        ] Transforming room-runtime-2.2.5.aar (androidx.room:room-runtime:2.2.5) with IdentityTransform
[        ] Transforming room-runtime-2.2.5.aar (androidx.room:room-runtime:2.2.5) with DexingNoClasspathTransform
[        ] Transforming room-runtime-2.2.5.aar (androidx.room:room-runtime:2.2.5) with DexingOutputSplitTransform
[        ] Transforming core-runtime-2.2.0.aar (androidx.arch.core:core-runtime:2.2.0) with JetifyTransform
[        ] Transforming core-runtime-2.2.0.aar (androidx.arch.core:core-runtime:2.2.0) with AarToClassTransform
[        ] Transforming core-runtime-2.2.0.aar (androidx.arch.core:core-runtime:2.2.0) with IdentityTransform
[        ] Transforming core-runtime-2.2.0.aar (androidx.arch.core:core-runtime:2.2.0) with DexingNoClasspathTransform
[        ] Transforming core-runtime-2.2.0.aar (androidx.arch.core:core-runtime:2.2.0) with DexingOutputSplitTransform
[        ] Transforming core-runtime-2.2.0.aar (androidx.arch.core:core-runtime:2.2.0) with JetifyTransform
[        ] Transforming core-runtime-2.2.0.aar (androidx.arch.core:core-runtime:2.2.0) with AarToClassTransform
[        ] Transforming core-runtime-2.2.0.aar (androidx.arch.core:core-runtime:2.2.0) with IdentityTransform
[        ] Transforming core-runtime-2.2.0.aar (androidx.arch.core:core-runtime:2.2.0) with DexingNoClasspathTransform
[        ] Transforming core-runtime-2.2.0.aar (androidx.arch.core:core-runtime:2.2.0) with DexingOutputSplitTransform
[        ] Transforming core-common-2.2.0.jar (androidx.arch.core:core-common:2.2.0) with JetifyTransform
[        ] Transforming core-common-2.2.0.jar (androidx.arch.core:core-common:2.2.0) with IdentityTransform
[        ] Transforming core-common-2.2.0.jar (androidx.arch.core:core-common:2.2.0) with IdentityTransform
[        ] Transforming core-common-2.2.0.jar (androidx.arch.core:core-common:2.2.0) with DexingNoClasspathTransform
[        ] Transforming core-common-2.2.0.jar (androidx.arch.core:core-common:2.2.0) with DexingOutputSplitTransform
[        ] Transforming versionedparcelable-1.1.1.aar (androidx.versionedparcelable:versionedparcelable:1.1.1) with JetifyTransform
[        ] Transforming versionedparcelable-1.1.1.aar (androidx.versionedparcelable:versionedparcelable:1.1.1) with AarToClassTransform
[        ] Transforming versionedparcelable-1.1.1.aar (androidx.versionedparcelable:versionedparcelable:1.1.1) with IdentityTransform
[        ] Transforming versionedparcelable-1.1.1.aar (androidx.versionedparcelable:versionedparcelable:1.1.1) with DexingNoClasspathTransform
[        ] Transforming versionedparcelable-1.1.1.aar (androidx.versionedparcelable:versionedparcelable:1.1.1) with DexingOutputSplitTransform
[        ] Transforming collection-ktx-1.1.0.jar (androidx.collection:collection-ktx:1.1.0) with JetifyTransform
[        ] Transforming collection-ktx-1.1.0.jar (androidx.collection:collection-ktx:1.1.0) with IdentityTransform
[        ] Transforming collection-ktx-1.1.0.jar (androidx.collection:collection-ktx:1.1.0) with IdentityTransform
[        ] Transforming collection-ktx-1.1.0.jar (androidx.collection:collection-ktx:1.1.0) with DexingNoClasspathTransform
[        ] Transforming collection-ktx-1.1.0.jar (androidx.collection:collection-ktx:1.1.0) with DexingOutputSplitTransform
[        ] Transforming collection-1.1.0.jar (androidx.collection:collection:1.1.0) with JetifyTransform
[        ] Transforming collection-1.1.0.jar (androidx.collection:collection:1.1.0) with IdentityTransform
[        ] Transforming collection-1.1.0.jar (androidx.collection:collection:1.1.0) with IdentityTransform
[        ] Transforming collection-1.1.0.jar (androidx.collection:collection:1.1.0) with DexingNoClasspathTransform
[        ] Transforming collection-1.1.0.jar (androidx.collection:collection:1.1.0) with DexingOutputSplitTransform
[        ] Transforming interpolator-1.0.0.aar (androidx.interpolator:interpolator:1.0.0) with JetifyTransform
[        ] Transforming interpolator-1.0.0.aar (androidx.interpolator:interpolator:1.0.0) with AarToClassTransform
[        ] Transforming interpolator-1.0.0.aar (androidx.interpolator:interpolator:1.0.0) with IdentityTransform
[        ] Transforming interpolator-1.0.0.aar (androidx.interpolator:interpolator:1.0.0) with DexingNoClasspathTransform
[        ] Transforming interpolator-1.0.0.aar (androidx.interpolator:interpolator:1.0.0) with DexingOutputSplitTransform
[        ] Transforming interpolator-1.0.0.aar (androidx.interpolator:interpolator:1.0.0) with JetifyTransform
[        ] Transforming interpolator-1.0.0.aar (androidx.interpolator:interpolator:1.0.0) with AarToClassTransform
[        ] Transforming interpolator-1.0.0.aar (androidx.interpolator:interpolator:1.0.0) with IdentityTransform
[        ] Transforming interpolator-1.0.0.aar (androidx.interpolator:interpolator:1.0.0) with DexingNoClasspathTransform
[        ] Transforming interpolator-1.0.0.aar (androidx.interpolator:interpolator:1.0.0) with DexingOutputSplitTransform
[        ] Transforming cursoradapter-1.0.0.aar (androidx.cursoradapter:cursoradapter:1.0.0) with JetifyTransform
[        ] Transforming cursoradapter-1.0.0.aar (androidx.cursoradapter:cursoradapter:1.0.0) with AarToClassTransform
[        ] Transforming cursoradapter-1.0.0.aar (androidx.cursoradapter:cursoradapter:1.0.0) with IdentityTransform
[        ] Transforming cursoradapter-1.0.0.aar (androidx.cursoradapter:cursoradapter:1.0.0) with DexingNoClasspathTransform
[        ] Transforming cursoradapter-1.0.0.aar (androidx.cursoradapter:cursoradapter:1.0.0) with DexingOutputSplitTransform
[        ] Transforming cursoradapter-1.0.0.aar (androidx.cursoradapter:cursoradapter:1.0.0) with JetifyTransform
[        ] Transforming cursoradapter-1.0.0.aar (androidx.cursoradapter:cursoradapter:1.0.0) with AarToClassTransform
[        ] Transforming cursoradapter-1.0.0.aar (androidx.cursoradapter:cursoradapter:1.0.0) with IdentityTransform
[        ] Transforming cursoradapter-1.0.0.aar (androidx.cursoradapter:cursoradapter:1.0.0) with DexingNoClasspathTransform
[        ] Transforming cursoradapter-1.0.0.aar (androidx.cursoradapter:cursoradapter:1.0.0) with DexingOutputSplitTransform
[        ] Transforming core-1.0.0.aar (androidx.window.extensions.core:core:1.0.0) with JetifyTransform
[        ] Transforming core-1.0.0.aar (androidx.window.extensions.core:core:1.0.0) with AarToClassTransform
[        ] Transforming core-1.0.0.aar (androidx.window.extensions.core:core:1.0.0) with IdentityTransform
[        ] Transforming concurrent-futures-1.1.0.jar (androidx.concurrent:concurrent-futures:1.1.0) with JetifyTransform
[        ] Transforming core-1.0.0.aar (androidx.window.extensions.core:core:1.0.0) with DexingNoClasspathTransform
[        ] Transforming concurrent-futures-1.1.0.jar (androidx.concurrent:concurrent-futures:1.1.0) with IdentityTransform
[        ] Transforming core-1.0.0.aar (androidx.window.extensions.core:core:1.0.0) with DexingOutputSplitTransform
[        ] Transforming concurrent-futures-1.1.0.jar (androidx.concurrent:concurrent-futures:1.1.0) with IdentityTransform
[        ] Transforming sqlite-framework-2.1.0.aar (androidx.sqlite:sqlite-framework:2.1.0) with JetifyTransform
[        ] Transforming concurrent-futures-1.1.0.jar (androidx.concurrent:concurrent-futures:1.1.0) with DexingNoClasspathTransform
[        ] Transforming sqlite-framework-2.1.0.aar (androidx.sqlite:sqlite-framework:2.1.0) with AarToClassTransform
[        ] Transforming concurrent-futures-1.1.0.jar (androidx.concurrent:concurrent-futures:1.1.0) with DexingOutputSplitTransform
[        ] Transforming sqlite-framework-2.1.0.aar (androidx.sqlite:sqlite-framework:2.1.0) with IdentityTransform
[        ] Transforming sqlite-framework-2.1.0.aar (androidx.sqlite:sqlite-framework:2.1.0) with DexingNoClasspathTransform
[        ] Transforming sqlite-framework-2.1.0.aar (androidx.sqlite:sqlite-framework:2.1.0) with DexingOutputSplitTransform
[        ] Transforming sqlite-framework-2.1.0.aar (androidx.sqlite:sqlite-framework:2.1.0) with JetifyTransform
[        ] Transforming sqlite-framework-2.1.0.aar (androidx.sqlite:sqlite-framework:2.1.0) with AarToClassTransform
[        ] Transforming sqlite-framework-2.1.0.aar (androidx.sqlite:sqlite-framework:2.1.0) with IdentityTransform
[        ] Transforming sqlite-framework-2.1.0.aar (androidx.sqlite:sqlite-framework:2.1.0) with DexingNoClasspathTransform
[        ] Transforming sqlite-framework-2.1.0.aar (androidx.sqlite:sqlite-framework:2.1.0) with DexingOutputSplitTransform
[        ] Transforming sqlite-2.1.0.aar (androidx.sqlite:sqlite:2.1.0) with JetifyTransform
[        ] Transforming sqlite-2.1.0.aar (androidx.sqlite:sqlite:2.1.0) with AarToClassTransform
[        ] Transforming sqlite-2.1.0.aar (androidx.sqlite:sqlite:2.1.0) with IdentityTransform
[        ] Transforming sqlite-2.1.0.aar (androidx.sqlite:sqlite:2.1.0) with DexingNoClasspathTransform
[        ] Transforming sqlite-2.1.0.aar (androidx.sqlite:sqlite:2.1.0) with DexingOutputSplitTransform
[        ] Transforming sqlite-2.1.0.aar (androidx.sqlite:sqlite:2.1.0) with JetifyTransform
[        ] Transforming sqlite-2.1.0.aar (androidx.sqlite:sqlite:2.1.0) with AarToClassTransform
[        ] Transforming sqlite-2.1.0.aar (androidx.sqlite:sqlite:2.1.0) with IdentityTransform
[        ] Transforming sqlite-2.1.0.aar (androidx.sqlite:sqlite:2.1.0) with DexingNoClasspathTransform
[        ] Transforming sqlite-2.1.0.aar (androidx.sqlite:sqlite:2.1.0) with DexingOutputSplitTransform
[        ] Transforming documentfile-1.0.0.aar (androidx.documentfile:documentfile:1.0.0) with JetifyTransform
[        ] Transforming documentfile-1.0.0.aar (androidx.documentfile:documentfile:1.0.0) with AarToClassTransform
[        ] Transforming documentfile-1.0.0.aar (androidx.documentfile:documentfile:1.0.0) with IdentityTransform
[        ] Transforming documentfile-1.0.0.aar (androidx.documentfile:documentfile:1.0.0) with DexingNoClasspathTransform
[        ] Transforming documentfile-1.0.0.aar (androidx.documentfile:documentfile:1.0.0) with DexingOutputSplitTransform
[        ] Transforming localbroadcastmanager-1.0.0.aar (androidx.localbroadcastmanager:localbroadcastmanager:1.0.0) with JetifyTransform
[        ] Transforming localbroadcastmanager-1.0.0.aar (androidx.localbroadcastmanager:localbroadcastmanager:1.0.0) with AarToClassTransform
[        ] Transforming localbroadcastmanager-1.0.0.aar (androidx.localbroadcastmanager:localbroadcastmanager:1.0.0) with IdentityTransform
[        ] Transforming localbroadcastmanager-1.0.0.aar (androidx.localbroadcastmanager:localbroadcastmanager:1.0.0) with DexingNoClasspathTransform
[        ] Transforming localbroadcastmanager-1.0.0.aar (androidx.localbroadcastmanager:localbroadcastmanager:1.0.0) with DexingOutputSplitTransform
[        ] Transforming room-common-2.2.5.jar (androidx.room:room-common:2.2.5) with JetifyTransform
[        ] Transforming print-1.0.0.aar (androidx.print:print:1.0.0) with JetifyTransform
[        ] Transforming room-common-2.2.5.jar (androidx.room:room-common:2.2.5) with IdentityTransform
[        ] Transforming print-1.0.0.aar (androidx.print:print:1.0.0) with AarToClassTransform
[        ] Transforming room-common-2.2.5.jar (androidx.room:room-common:2.2.5) with IdentityTransform
[        ] Transforming print-1.0.0.aar (androidx.print:print:1.0.0) with IdentityTransform
[        ] Transforming room-common-2.2.5.jar (androidx.room:room-common:2.2.5) with DexingNoClasspathTransform
[        ] Transforming room-common-2.2.5.jar (androidx.room:room-common:2.2.5) with DexingOutputSplitTransform
[        ] Transforming print-1.0.0.aar (androidx.print:print:1.0.0) with DexingNoClasspathTransform
[        ] Transforming print-1.0.0.aar (androidx.print:print:1.0.0) with DexingOutputSplitTransform
[        ] Transforming annotation-jvm-1.10.0.jar (androidx.annotation:annotation-jvm:1.10.0) with JetifyTransform
[        ] Transforming annotation-jvm-1.10.0.jar (androidx.annotation:annotation-jvm:1.10.0) with IdentityTransform
[        ] Transforming annotation-jvm-1.10.0.jar (androidx.annotation:annotation-jvm:1.10.0) with IdentityTransform
[        ] Transforming annotation-jvm-1.10.0.jar (androidx.annotation:annotation-jvm:1.10.0) with DexingNoClasspathTransform
[        ] Transforming annotation-jvm-1.10.0.jar (androidx.annotation:annotation-jvm:1.10.0) with DexingOutputSplitTransform
[        ] Transforming annotation-experimental-1.4.0.aar (androidx.annotation:annotation-experimental:1.4.0) with JetifyTransform
[        ] Transforming annotation-experimental-1.4.0.aar (androidx.annotation:annotation-experimental:1.4.0) with AarToClassTransform
[        ] Transforming annotation-experimental-1.4.0.aar (androidx.annotation:annotation-experimental:1.4.0) with IdentityTransform
[        ] Transforming annotation-experimental-1.4.0.aar (androidx.annotation:annotation-experimental:1.4.0) with DexingNoClasspathTransform
[        ] Transforming annotation-experimental-1.4.0.aar (androidx.annotation:annotation-experimental:1.4.0) with DexingOutputSplitTransform
[        ] Transforming okio-jvm-3.4.0.jar (com.squareup.okio:okio-jvm:3.4.0) with JetifyTransform
[        ] Transforming okio-jvm-3.4.0.jar (com.squareup.okio:okio-jvm:3.4.0) with IdentityTransform
[        ] Transforming okio-jvm-3.4.0.jar (com.squareup.okio:okio-jvm:3.4.0) with IdentityTransform
[        ] Transforming okio-jvm-3.4.0.jar (com.squareup.okio:okio-jvm:3.4.0) with DexingNoClasspathTransform
[        ] Transforming okio-jvm-3.4.0.jar (com.squareup.okio:okio-jvm:3.4.0) with DexingOutputSplitTransform
[        ] Transforming kotlinx-coroutines-core-jvm-1.7.3.jar (org.jetbrains.kotlinx:kotlinx-coroutines-core-jvm:1.7.3) with JetifyTransform
[        ] Transforming kotlinx-coroutines-core-jvm-1.7.3.jar (org.jetbrains.kotlinx:kotlinx-coroutines-core-jvm:1.7.3) with IdentityTransform
[        ] Transforming kotlinx-coroutines-core-jvm-1.7.3.jar (org.jetbrains.kotlinx:kotlinx-coroutines-core-jvm:1.7.3) with IdentityTransform
[        ] Transforming kotlinx-coroutines-core-jvm-1.7.3.jar (org.jetbrains.kotlinx:kotlinx-coroutines-core-jvm:1.7.3) with DexingNoClasspathTransform
[        ] Transforming kotlinx-coroutines-core-jvm-1.7.3.jar (org.jetbrains.kotlinx:kotlinx-coroutines-core-jvm:1.7.3) with DexingOutputSplitTransform
[        ] Transforming kotlin-parcelize-runtime-1.9.22.jar (org.jetbrains.kotlin:kotlin-parcelize-runtime:1.9.22) with JetifyTransform
[        ] Transforming kotlinx-coroutines-android-1.7.3.jar (org.jetbrains.kotlinx:kotlinx-coroutines-android:1.7.3) with JetifyTransform
[        ] Transforming kotlin-parcelize-runtime-1.9.22.jar (org.jetbrains.kotlin:kotlin-parcelize-runtime:1.9.22) with IdentityTransform
[        ] Transforming kotlinx-coroutines-android-1.7.3.jar (org.jetbrains.kotlinx:kotlinx-coroutines-android:1.7.3) with IdentityTransform
[        ] Transforming kotlin-parcelize-runtime-1.9.22.jar (org.jetbrains.kotlin:kotlin-parcelize-runtime:1.9.22) with IdentityTransform
[        ] Transforming kotlinx-coroutines-android-1.7.3.jar (org.jetbrains.kotlinx:kotlinx-coroutines-android:1.7.3) with IdentityTransform
[        ] Transforming kotlin-parcelize-runtime-1.9.22.jar (org.jetbrains.kotlin:kotlin-parcelize-runtime:1.9.22) with DexingNoClasspathTransform
[        ] Transforming kotlinx-coroutines-android-1.7.3.jar (org.jetbrains.kotlinx:kotlinx-coroutines-android:1.7.3) with DexingNoClasspathTransform
[        ] Transforming kotlin-parcelize-runtime-1.9.22.jar (org.jetbrains.kotlin:kotlin-parcelize-runtime:1.9.22) with DexingOutputSplitTransform
[        ] Transforming kotlinx-coroutines-android-1.7.3.jar (org.jetbrains.kotlinx:kotlinx-coroutines-android:1.7.3) with DexingOutputSplitTransform
[        ] Transforming kotlin-stdlib-jdk8-1.8.20.jar (org.jetbrains.kotlin:kotlin-stdlib-jdk8:1.8.20) with JetifyTransform
[        ] Transforming kotlin-stdlib-jdk8-1.8.20.jar (org.jetbrains.kotlin:kotlin-stdlib-jdk8:1.8.20) with IdentityTransform
[        ] Transforming kotlin-stdlib-jdk8-1.8.20.jar (org.jetbrains.kotlin:kotlin-stdlib-jdk8:1.8.20) with IdentityTransform
[        ] Transforming kotlin-stdlib-jdk8-1.8.20.jar (org.jetbrains.kotlin:kotlin-stdlib-jdk8:1.8.20) with DexingNoClasspathTransform
[        ] Transforming kotlin-stdlib-jdk8-1.8.20.jar (org.jetbrains.kotlin:kotlin-stdlib-jdk8:1.8.20) with DexingOutputSplitTransform
[        ] Transforming kotlin-stdlib-jdk7-1.8.20.jar (org.jetbrains.kotlin:kotlin-stdlib-jdk7:1.8.20) with JetifyTransform
[        ] Transforming kotlin-stdlib-jdk7-1.8.20.jar (org.jetbrains.kotlin:kotlin-stdlib-jdk7:1.8.20) with IdentityTransform
[        ] Transforming kotlin-stdlib-jdk7-1.8.20.jar (org.jetbrains.kotlin:kotlin-stdlib-jdk7:1.8.20) with IdentityTransform
[        ] Transforming kotlin-stdlib-jdk7-1.8.20.jar (org.jetbrains.kotlin:kotlin-stdlib-jdk7:1.8.20) with DexingNoClasspathTransform
[        ] Transforming kotlin-stdlib-jdk7-1.8.20.jar (org.jetbrains.kotlin:kotlin-stdlib-jdk7:1.8.20) with DexingOutputSplitTransform
[        ] Transforming kotlin-stdlib-2.1.20.jar (org.jetbrains.kotlin:kotlin-stdlib:2.1.20) with JetifyTransform
[        ] Transforming kotlin-stdlib-2.1.20.jar (org.jetbrains.kotlin:kotlin-stdlib:2.1.20) with IdentityTransform
[        ] Transforming kotlin-stdlib-2.1.20.jar (org.jetbrains.kotlin:kotlin-stdlib:2.1.20) with IdentityTransform
[        ] Transforming kotlin-stdlib-2.1.20.jar (org.jetbrains.kotlin:kotlin-stdlib:2.1.20) with DexingNoClasspathTransform
[        ] Transforming kotlin-android-extensions-runtime-1.9.22.jar (org.jetbrains.kotlin:kotlin-android-extensions-runtime:1.9.22) with JetifyTransform
[        ] Transforming kotlin-stdlib-2.1.20.jar (org.jetbrains.kotlin:kotlin-stdlib:2.1.20) with DexingOutputSplitTransform
[        ] Transforming kotlin-android-extensions-runtime-1.9.22.jar (org.jetbrains.kotlin:kotlin-android-extensions-runtime:1.9.22) with IdentityTransform
[        ] Transforming armeabi_v7a_debug-1.0.0-77e2e94772b6eb43759e34ed1ad7da4674e19cab.jar (io.flutter:armeabi_v7a_debug:1.0.0-77e2e94772b6eb43759e34ed1ad7da4674e19cab) with JetifyTransform
[        ] Transforming kotlin-android-extensions-runtime-1.9.22.jar (org.jetbrains.kotlin:kotlin-android-extensions-runtime:1.9.22) with IdentityTransform
[        ] Transforming armeabi_v7a_debug-1.0.0-77e2e94772b6eb43759e34ed1ad7da4674e19cab.jar (io.flutter:armeabi_v7a_debug:1.0.0-77e2e94772b6eb43759e34ed1ad7da4674e19cab) with IdentityTransform
[        ] Transforming kotlin-android-extensions-runtime-1.9.22.jar (org.jetbrains.kotlin:kotlin-android-extensions-runtime:1.9.22) with DexingNoClasspathTransform
[        ] Transforming armeabi_v7a_debug-1.0.0-77e2e94772b6eb43759e34ed1ad7da4674e19cab.jar (io.flutter:armeabi_v7a_debug:1.0.0-77e2e94772b6eb43759e34ed1ad7da4674e19cab) with IdentityTransform
[        ] Transforming kotlin-android-extensions-runtime-1.9.22.jar (org.jetbrains.kotlin:kotlin-android-extensions-runtime:1.9.22) with DexingOutputSplitTransform
[        ] Transforming armeabi_v7a_debug-1.0.0-77e2e94772b6eb43759e34ed1ad7da4674e19cab.jar (io.flutter:armeabi_v7a_debug:1.0.0-77e2e94772b6eb43759e34ed1ad7da4674e19cab) with DexingNoClasspathTransform
[        ] Transforming armeabi_v7a_debug-1.0.0-77e2e94772b6eb43759e34ed1ad7da4674e19cab.jar (io.flutter:armeabi_v7a_debug:1.0.0-77e2e94772b6eb43759e34ed1ad7da4674e19cab) with DexingOutputSplitTransform
[        ] Transforming arm64_v8a_debug-1.0.0-77e2e94772b6eb43759e34ed1ad7da4674e19cab.jar (io.flutter:arm64_v8a_debug:1.0.0-77e2e94772b6eb43759e34ed1ad7da4674e19cab) with JetifyTransform
[        ] Transforming arm64_v8a_debug-1.0.0-77e2e94772b6eb43759e34ed1ad7da4674e19cab.jar (io.flutter:arm64_v8a_debug:1.0.0-77e2e94772b6eb43759e34ed1ad7da4674e19cab) with IdentityTransform
[        ] Transforming arm64_v8a_debug-1.0.0-77e2e94772b6eb43759e34ed1ad7da4674e19cab.jar (io.flutter:arm64_v8a_debug:1.0.0-77e2e94772b6eb43759e34ed1ad7da4674e19cab) with IdentityTransform
[        ] Transforming arm64_v8a_debug-1.0.0-77e2e94772b6eb43759e34ed1ad7da4674e19cab.jar (io.flutter:arm64_v8a_debug:1.0.0-77e2e94772b6eb43759e34ed1ad7da4674e19cab) with DexingNoClasspathTransform
[        ] Transforming arm64_v8a_debug-1.0.0-77e2e94772b6eb43759e34ed1ad7da4674e19cab.jar (io.flutter:arm64_v8a_debug:1.0.0-77e2e94772b6eb43759e34ed1ad7da4674e19cab) with DexingOutputSplitTransform
[        ] Transforming x86_64_debug-1.0.0-77e2e94772b6eb43759e34ed1ad7da4674e19cab.jar (io.flutter:x86_64_debug:1.0.0-77e2e94772b6eb43759e34ed1ad7da4674e19cab) with JetifyTransform
[        ] Transforming x86_64_debug-1.0.0-77e2e94772b6eb43759e34ed1ad7da4674e19cab.jar (io.flutter:x86_64_debug:1.0.0-77e2e94772b6eb43759e34ed1ad7da4674e19cab) with IdentityTransform
[        ] Transforming x86_64_debug-1.0.0-77e2e94772b6eb43759e34ed1ad7da4674e19cab.jar (io.flutter:x86_64_debug:1.0.0-77e2e94772b6eb43759e34ed1ad7da4674e19cab) with IdentityTransform
[        ] Transforming x86_64_debug-1.0.0-77e2e94772b6eb43759e34ed1ad7da4674e19cab.jar (io.flutter:x86_64_debug:1.0.0-77e2e94772b6eb43759e34ed1ad7da4674e19cab) with DexingNoClasspathTransform
[        ] Transforming x86_64_debug-1.0.0-77e2e94772b6eb43759e34ed1ad7da4674e19cab.jar (io.flutter:x86_64_debug:1.0.0-77e2e94772b6eb43759e34ed1ad7da4674e19cab) with DexingOutputSplitTransform
[        ] Transforming annotations-23.0.0.jar (org.jetbrains:annotations:23.0.0) with JetifyTransform
[        ] Transforming annotations-23.0.0.jar (org.jetbrains:annotations:23.0.0) with IdentityTransform
[        ] Transforming annotations-23.0.0.jar (org.jetbrains:annotations:23.0.0) with IdentityTransform
[        ] Transforming annotations-23.0.0.jar (org.jetbrains:annotations:23.0.0) with DexingNoClasspathTransform
[        ] Transforming annotations-23.0.0.jar (org.jetbrains:annotations:23.0.0) with DexingOutputSplitTransform
[        ] Transforming commons-imaging-1.0-alpha3.jar (org.apache.commons:commons-imaging:1.0-alpha3) with JetifyTransform
[        ] Transforming commons-imaging-1.0-alpha3.jar (org.apache.commons:commons-imaging:1.0-alpha3) with IdentityTransform
[        ] Transforming commons-imaging-1.0-alpha3.jar (org.apache.commons:commons-imaging:1.0-alpha3) with IdentityTransform
[        ] Transforming commons-imaging-1.0-alpha3.jar (org.apache.commons:commons-imaging:1.0-alpha3) with DexingNoClasspathTransform
[        ] Transforming commons-imaging-1.0-alpha3.jar (org.apache.commons:commons-imaging:1.0-alpha3) with DexingOutputSplitTransform
[        ] Transforming error_prone_annotations-2.16.jar (com.google.errorprone:error_prone_annotations:2.16) with JetifyTransform
[        ] Transforming error_prone_annotations-2.16.jar (com.google.errorprone:error_prone_annotations:2.16) with IdentityTransform
[        ] Transforming error_prone_annotations-2.16.jar (com.google.errorprone:error_prone_annotations:2.16) with IdentityTransform
[        ] Transforming error_prone_annotations-2.16.jar (com.google.errorprone:error_prone_annotations:2.16) with DexingNoClasspathTransform
[        ] Transforming error_prone_annotations-2.16.jar (com.google.errorprone:error_prone_annotations:2.16) with DexingOutputSplitTransform
[        ] Transforming relinker-1.4.5.aar (com.getkeepsafe.relinker:relinker:1.4.5) with JetifyTransform
[        ] Transforming relinker-1.4.5.aar (com.getkeepsafe.relinker:relinker:1.4.5) with AarToClassTransform
[        ] Transforming relinker-1.4.5.aar (com.getkeepsafe.relinker:relinker:1.4.5) with IdentityTransform
[        ] Transforming relinker-1.4.5.aar (com.getkeepsafe.relinker:relinker:1.4.5) with DexingNoClasspathTransform
[        ] Transforming relinker-1.4.5.aar (com.getkeepsafe.relinker:relinker:1.4.5) with DexingOutputSplitTransform
[        ] Transforming guava-31.1-android.jar (com.google.guava:guava:31.1-android) with JetifyTransform
[        ] Transforming listenablefuture-9999.0-empty-to-avoid-conflict-with-guava.jar (com.google.guava:listenablefuture:9999.0-empty-to-avoid-conflict-with-guava) with JetifyTransform
[        ] Transforming guava-31.1-android.jar (com.google.guava:guava:31.1-android) with IdentityTransform
[        ] Transforming listenablefuture-9999.0-empty-to-avoid-conflict-with-guava.jar (com.google.guava:listenablefuture:9999.0-empty-to-avoid-conflict-with-guava) with IdentityTransform
[        ] Transforming guava-31.1-android.jar (com.google.guava:guava:31.1-android) with IdentityTransform
[        ] Transforming listenablefuture-9999.0-empty-to-avoid-conflict-with-guava.jar (com.google.guava:listenablefuture:9999.0-empty-to-avoid-conflict-with-guava) with IdentityTransform
[        ] Transforming guava-31.1-android.jar (com.google.guava:guava:31.1-android) with DexingNoClasspathTransform
[        ] Transforming listenablefuture-9999.0-empty-to-avoid-conflict-with-guava.jar (com.google.guava:listenablefuture:9999.0-empty-to-avoid-conflict-with-guava) with DexingNoClasspathTransform
[        ] Transforming guava-31.1-android.jar (com.google.guava:guava:31.1-android) with DexingOutputSplitTransform
[        ] Transforming listenablefuture-9999.0-empty-to-avoid-conflict-with-guava.jar (com.google.guava:listenablefuture:9999.0-empty-to-avoid-conflict-with-guava) with DexingOutputSplitTransform
[        ] Transforming jspecify-1.0.0.jar (org.jspecify:jspecify:1.0.0) with JetifyTransform
[        ] Transforming jspecify-1.0.0.jar (org.jspecify:jspecify:1.0.0) with IdentityTransform
[        ] Transforming jspecify-1.0.0.jar (org.jspecify:jspecify:1.0.0) with IdentityTransform
[        ] Transforming jspecify-1.0.0.jar (org.jspecify:jspecify:1.0.0) with DexingNoClasspathTransform
[        ] Transforming jspecify-1.0.0.jar (org.jspecify:jspecify:1.0.0) with DexingOutputSplitTransform
[        ] Transforming failureaccess-1.0.1.jar (com.google.guava:failureaccess:1.0.1) with JetifyTransform
[        ] Transforming failureaccess-1.0.1.jar (com.google.guava:failureaccess:1.0.1) with IdentityTransform
[        ] Transforming failureaccess-1.0.1.jar (com.google.guava:failureaccess:1.0.1) with IdentityTransform
[        ] Transforming constraintlayout-core-1.0.4.jar (androidx.constraintlayout:constraintlayout-core:1.0.4) with JetifyTransform
[        ] Transforming failureaccess-1.0.1.jar (com.google.guava:failureaccess:1.0.1) with DexingNoClasspathTransform
[        ] Transforming constraintlayout-core-1.0.4.jar (androidx.constraintlayout:constraintlayout-core:1.0.4) with IdentityTransform
[        ] Transforming failureaccess-1.0.1.jar (com.google.guava:failureaccess:1.0.1) with DexingOutputSplitTransform
[        ] Transforming constraintlayout-core-1.0.4.jar (androidx.constraintlayout:constraintlayout-core:1.0.4) with IdentityTransform
[        ] Transforming jsr305-3.0.2.jar (com.google.code.findbugs:jsr305:3.0.2) with JetifyTransform
[        ] Transforming constraintlayout-core-1.0.4.jar (androidx.constraintlayout:constraintlayout-core:1.0.4) with DexingNoClasspathTransform
[        ] Transforming jsr305-3.0.2.jar (com.google.code.findbugs:jsr305:3.0.2) with IdentityTransform
[        ] Transforming constraintlayout-core-1.0.4.jar (androidx.constraintlayout:constraintlayout-core:1.0.4) with DexingOutputSplitTransform
[        ] Transforming jsr305-3.0.2.jar (com.google.code.findbugs:jsr305:3.0.2) with IdentityTransform
[        ] Transforming jsr305-3.0.2.jar (com.google.code.findbugs:jsr305:3.0.2) with DexingNoClasspathTransform
[        ] Transforming jsr305-3.0.2.jar (com.google.code.findbugs:jsr305:3.0.2) with DexingOutputSplitTransform
[        ] Transforming checker-qual-3.12.0.jar (org.checkerframework:checker-qual:3.12.0) with JetifyTransform
[        ] Transforming checker-qual-3.12.0.jar (org.checkerframework:checker-qual:3.12.0) with IdentityTransform
[        ] Transforming checker-qual-3.12.0.jar (org.checkerframework:checker-qual:3.12.0) with IdentityTransform
[        ] Transforming checker-qual-3.12.0.jar (org.checkerframework:checker-qual:3.12.0) with DexingNoClasspathTransform
[        ] Transforming checker-qual-3.12.0.jar (org.checkerframework:checker-qual:3.12.0) with DexingOutputSplitTransform
[        ] Transforming j2objc-annotations-1.3.jar (com.google.j2objc:j2objc-annotations:1.3) with JetifyTransform
[        ] Transforming j2objc-annotations-1.3.jar (com.google.j2objc:j2objc-annotations:1.3) with IdentityTransform
[        ] Transforming j2objc-annotations-1.3.jar (com.google.j2objc:j2objc-annotations:1.3) with IdentityTransform
[        ] Transforming j2objc-annotations-1.3.jar (com.google.j2objc:j2objc-annotations:1.3) with DexingNoClasspathTransform
[        ] Transforming j2objc-annotations-1.3.jar (com.google.j2objc:j2objc-annotations:1.3) with DexingOutputSplitTransform
[        ] Caching disabled for task ':app:mergeDebugGlobalSynthetics' because:
[        ]   Build cache is disabled
[        ] Skipping task ':app:mergeDebugGlobalSynthetics' as it is up-to-date.
[        ] Resolve mutations for :app:processDebugJavaRes (Thread[#8291,Execution worker Thread 9,5,main]) started.
[        ] :app:processDebugJavaRes (Thread[#8291,Execution worker Thread 9,5,main]) started.
[        ] > Task :app:processDebugJavaRes UP-TO-DATE
[        ] file or directory 'C:\poke\color_world\android\app\src\main\resources', not found
[        ] file or directory 'C:\poke\color_world\android\app\src\debug\resources', not found
[        ] file or directory 'C:\poke\color_world\android\app\src\main\resources', not found
[        ] file or directory 'C:\poke\color_world\android\app\src\debug\resources', not found
[        ] Caching disabled for task ':app:processDebugJavaRes' because:
[        ]   Build cache is disabled
[        ]   Caching has been disabled for the task
[        ] Skipping task ':app:processDebugJavaRes' as it is up-to-date.
[        ] Resolve mutations for :gal:processDebugJavaRes (Thread[#8291,Execution worker Thread 9,5,main]) started.
[        ] :gal:processDebugJavaRes (Thread[#8291,Execution worker Thread 9,5,main]) started.
[        ] > Task :gal:processDebugJavaRes NO-SOURCE
[        ] file or directory 'C:\Users\┼şug─▒r mami\AppData\Local\Pub\Cache\hosted\pub.dev\gal-2.3.2\android\src\main\resources', not found
[        ] file or directory 'C:\Users\┼şug─▒r mami\AppData\Local\Pub\Cache\hosted\pub.dev\gal-2.3.2\android\src\debug\resources', not found
[        ] Skipping task ':gal:processDebugJavaRes' as it has no source files and no previous output files.
[        ] work action resolve out (project :gal) (Thread[#8291,Execution worker Thread 9,5,main]) started.
[        ] Resolve mutations for :google_mobile_ads:processDebugJavaRes (Thread[#8291,Execution worker Thread 9,5,main]) started.
[        ] :google_mobile_ads:processDebugJavaRes (Thread[#8291,Execution worker Thread 9,5,main]) started.
[        ] > Task :google_mobile_ads:processDebugJavaRes NO-SOURCE
[        ] file or directory 'C:\Users\┼şug─▒r mami\AppData\Local\Pub\Cache\hosted\pub.dev\google_mobile_ads-5.3.1\android\src\main\resources', not found
[        ] file or directory 'C:\Users\┼şug─▒r mami\AppData\Local\Pub\Cache\hosted\pub.dev\google_mobile_ads-5.3.1\android\src\debug\resources', not found
[        ] Skipping task ':google_mobile_ads:processDebugJavaRes' as it has no source files and no previous output files.
[        ] work action resolve out (project :google_mobile_ads) (Thread[#8291,Execution worker Thread 9,5,main]) started.
[        ] Resolve mutations for :path_provider_android:processDebugJavaRes (Thread[#8291,Execution worker Thread 9,5,main]) started.
[        ] :path_provider_android:processDebugJavaRes (Thread[#8291,Execution worker Thread 9,5,main]) started.
[        ] > Task :path_provider_android:processDebugJavaRes NO-SOURCE
[        ] file or directory 'C:\Users\┼şug─▒r mami\AppData\Local\Pub\Cache\hosted\pub.dev\path_provider_android-2.2.19\android\src\main\resources', not found
[        ] file or directory 'C:\Users\┼şug─▒r mami\AppData\Local\Pub\Cache\hosted\pub.dev\path_provider_android-2.2.19\android\src\debug\resources', not found
[        ] Skipping task ':path_provider_android:processDebugJavaRes' as it has no source files and no previous output files.
[        ] work action resolve out (project :path_provider_android) (Thread[#8291,Execution worker Thread 9,5,main]) started.
[        ] Resolve mutations for :permission_handler_android:processDebugJavaRes (Thread[#8291,Execution worker Thread 9,5,main]) started.
[        ] :permission_handler_android:processDebugJavaRes (Thread[#8291,Execution worker Thread 9,5,main]) started.
[        ] > Task :permission_handler_android:processDebugJavaRes NO-SOURCE
[        ] file or directory 'C:\Users\┼şug─▒r mami\AppData\Local\Pub\Cache\hosted\pub.dev\permission_handler_android-12.1.0\android\src\main\resources', not found
[        ] file or directory 'C:\Users\┼şug─▒r mami\AppData\Local\Pub\Cache\hosted\pub.dev\permission_handler_android-12.1.0\android\src\debug\resources', not found
[        ] Skipping task ':permission_handler_android:processDebugJavaRes' as it has no source files and no previous output files.
[        ] work action resolve out (project :permission_handler_android) (Thread[#8291,Execution worker Thread 9,5,main]) started.
[        ] Resolve mutations for :shared_preferences_android:processDebugJavaRes (Thread[#8291,Execution worker Thread 9,5,main]) started.
[        ] :shared_preferences_android:processDebugJavaRes (Thread[#8291,Execution worker Thread 9,5,main]) started.
[        ] > Task :shared_preferences_android:processDebugJavaRes UP-TO-DATE
[        ] file or directory 'C:\Users\┼şug─▒r mami\AppData\Local\Pub\Cache\hosted\pub.dev\shared_preferences_android-2.4.13\android\src\main\resources', not found
[        ] file or directory 'C:\Users\┼şug─▒r mami\AppData\Local\Pub\Cache\hosted\pub.dev\shared_preferences_android-2.4.13\android\src\debug\resources', not found
[        ] file or directory 'C:\Users\┼şug─▒r mami\AppData\Local\Pub\Cache\hosted\pub.dev\shared_preferences_android-2.4.13\android\src\main\resources', not found
[        ] file or directory 'C:\Users\┼şug─▒r mami\AppData\Local\Pub\Cache\hosted\pub.dev\shared_preferences_android-2.4.13\android\src\debug\resources', not found
[        ] Caching disabled for task ':shared_preferences_android:processDebugJavaRes' because:
[        ]   Build cache is disabled
[        ]   Caching has been disabled for the task
[        ] Skipping task ':shared_preferences_android:processDebugJavaRes' as it is up-to-date.
[        ] work action resolve out (project :shared_preferences_android) (Thread[#8291,Execution worker Thread 9,5,main]) started.
[        ] Resolve mutations for :webview_flutter_android:processDebugJavaRes (Thread[#8291,Execution worker Thread 9,5,main]) started.
[        ] :webview_flutter_android:processDebugJavaRes (Thread[#8291,Execution worker Thread 9,5,main]) started.
[  +20 ms] > Task :webview_flutter_android:processDebugJavaRes UP-TO-DATE
[        ] file or directory 'C:\Users\┼şug─▒r mami\AppData\Local\Pub\Cache\hosted\pub.dev\webview_flutter_android-4.13.0\android\src\main\resources', not found
[        ] file or directory 'C:\Users\┼şug─▒r mami\AppData\Local\Pub\Cache\hosted\pub.dev\webview_flutter_android-4.13.0\android\src\debug\resources', not found
[        ] file or directory 'C:\Users\┼şug─▒r mami\AppData\Local\Pub\Cache\hosted\pub.dev\webview_flutter_android-4.13.0\android\src\main\resources', not found
[        ] file or directory 'C:\Users\┼şug─▒r mami\AppData\Local\Pub\Cache\hosted\pub.dev\webview_flutter_android-4.13.0\android\src\debug\resources', not found
[        ] Caching disabled for task ':webview_flutter_android:processDebugJavaRes' because:
[        ]   Build cache is disabled
[        ]   Caching has been disabled for the task
[        ] Skipping task ':webview_flutter_android:processDebugJavaRes' as it is up-to-date.
[        ] work action resolve out (project :webview_flutter_android) (Thread[#8291,Execution worker Thread 9,5,main]) started.
[        ] Resolve mutations for :app:mergeDebugJavaResource (Thread[#8291,Execution worker Thread 9,5,main]) started.
[        ] :app:mergeDebugJavaResource (Thread[#8285,Execution worker Thread 3,5,main]) started.
[        ] > Task :app:mergeDebugJavaResource UP-TO-DATE
[        ] Transforming flutter_embedding_debug-1.0.0-77e2e94772b6eb43759e34ed1ad7da4674e19cab.jar (io.flutter:flutter_embedding_debug:1.0.0-77e2e94772b6eb43759e34ed1ad7da4674e19cab) with JetifyTransform
[        ] Transforming flutter_embedding_debug-1.0.0-77e2e94772b6eb43759e34ed1ad7da4674e19cab.jar (io.flutter:flutter_embedding_debug:1.0.0-77e2e94772b6eb43759e34ed1ad7da4674e19cab) with IdentityTransform
[        ] Transforming play-services-ads-23.6.0.aar (com.google.android.gms:play-services-ads:23.6.0) with JetifyTransform
[        ] Transforming play-services-ads-23.6.0.aar (com.google.android.gms:play-services-ads:23.6.0) with ExtractAarTransform
[        ] Transforming play-services-ads-23.6.0.aar (com.google.android.gms:play-services-ads:23.6.0) with AarTransform
[        ] Transforming play-services-ads-lite-23.6.0.aar (com.google.android.gms:play-services-ads-lite:23.6.0) with JetifyTransform
[        ] Transforming play-services-ads-lite-23.6.0.aar (com.google.android.gms:play-services-ads-lite:23.6.0) with ExtractAarTransform
[        ] Transforming play-services-ads-lite-23.6.0.aar (com.google.android.gms:play-services-ads-lite:23.6.0) with AarTransform
[        ] Transforming user-messaging-platform-3.1.0.aar (com.google.android.ump:user-messaging-platform:3.1.0) with JetifyTransform
[        ] Transforming user-messaging-platform-3.1.0.aar (com.google.android.ump:user-messaging-platform:3.1.0) with ExtractAarTransform
[        ] Transforming user-messaging-platform-3.1.0.aar (com.google.android.ump:user-messaging-platform:3.1.0) with AarTransform
[        ] Transforming user-messaging-platform-3.1.0.aar (com.google.android.ump:user-messaging-platform:3.1.0) with JetifyTransform
[        ] Transforming user-messaging-platform-3.1.0.aar (com.google.android.ump:user-messaging-platform:3.1.0) with ExtractAarTransform
[        ] Transforming user-messaging-platform-3.1.0.aar (com.google.android.ump:user-messaging-platform:3.1.0) with AarTransform
[        ] Transforming play-services-ads-base-23.6.0.aar (com.google.android.gms:play-services-ads-base:23.6.0) with JetifyTransform
[        ] Transforming play-services-ads-base-23.6.0.aar (com.google.android.gms:play-services-ads-base:23.6.0) with ExtractAarTransform
[        ] Transforming play-services-ads-base-23.6.0.aar (com.google.android.gms:play-services-ads-base:23.6.0) with AarTransform
[        ] Transforming play-services-ads-identifier-18.0.0.aar (com.google.android.gms:play-services-ads-identifier:18.0.0) with JetifyTransform
[        ] Transforming play-services-ads-identifier-18.0.0.aar (com.google.android.gms:play-services-ads-identifier:18.0.0) with ExtractAarTransform
[        ] Transforming play-services-ads-identifier-18.0.0.aar (com.google.android.gms:play-services-ads-identifier:18.0.0) with AarTransform
[        ] Transforming play-services-appset-16.0.1.aar (com.google.android.gms:play-services-appset:16.0.1) with JetifyTransform
[        ] Transforming play-services-appset-16.0.1.aar (com.google.android.gms:play-services-appset:16.0.1) with ExtractAarTransform
[        ] Transforming play-services-appset-16.0.1.aar (com.google.android.gms:play-services-appset:16.0.1) with AarTransform
[        ] Transforming play-services-base-18.0.0.aar (com.google.android.gms:play-services-base:18.0.0) with JetifyTransform
[        ] Transforming play-services-base-18.0.0.aar (com.google.android.gms:play-services-base:18.0.0) with ExtractAarTransform
[        ] Transforming play-services-base-18.0.0.aar (com.google.android.gms:play-services-base:18.0.0) with AarTransform
[        ] Transforming play-services-tasks-18.2.0.aar (com.google.android.gms:play-services-tasks:18.2.0) with JetifyTransform
[        ] Transforming play-services-tasks-18.2.0.aar (com.google.android.gms:play-services-tasks:18.2.0) with ExtractAarTransform
[        ] Transforming play-services-tasks-18.2.0.aar (com.google.android.gms:play-services-tasks:18.2.0) with AarTransform
[        ] Transforming play-services-measurement-sdk-api-20.1.2.aar (com.google.android.gms:play-services-measurement-sdk-api:20.1.2) with JetifyTransform
[        ] Transforming play-services-measurement-sdk-api-20.1.2.aar (com.google.android.gms:play-services-measurement-sdk-api:20.1.2) with ExtractAarTransform
[        ] Transforming play-services-measurement-sdk-api-20.1.2.aar (com.google.android.gms:play-services-measurement-sdk-api:20.1.2) with AarTransform
[        ] Transforming play-services-measurement-base-20.1.2.aar (com.google.android.gms:play-services-measurement-base:20.1.2) with JetifyTransform
[        ] Transforming play-services-measurement-base-20.1.2.aar (com.google.android.gms:play-services-measurement-base:20.1.2) with ExtractAarTransform
[        ] Transforming play-services-measurement-base-20.1.2.aar (com.google.android.gms:play-services-measurement-base:20.1.2) with AarTransform
[        ] Transforming play-services-basement-18.4.0.aar (com.google.android.gms:play-services-basement:18.4.0) with JetifyTransform
[        ] Transforming play-services-basement-18.4.0.aar (com.google.android.gms:play-services-basement:18.4.0) with ExtractAarTransform
[        ] Transforming play-services-basement-18.4.0.aar (com.google.android.gms:play-services-basement:18.4.0) with AarTransform
[        ] Transforming constraintlayout-2.1.4.aar (androidx.constraintlayout:constraintlayout:2.1.4) with JetifyTransform
[        ] Transforming constraintlayout-2.1.4.aar (androidx.constraintlayout:constraintlayout:2.1.4) with ExtractAarTransform
[        ] Transforming constraintlayout-2.1.4.aar (androidx.constraintlayout:constraintlayout:2.1.4) with AarTransform
[        ] Transforming preference-1.2.1.aar (androidx.preference:preference:1.2.1) with JetifyTransform
[        ] Transforming preference-1.2.1.aar (androidx.preference:preference:1.2.1) with ExtractAarTransform
[        ] Transforming preference-1.2.1.aar (androidx.preference:preference:1.2.1) with AarTransform
[        ] Transforming appcompat-1.2.0.aar (androidx.appcompat:appcompat:1.2.0) with JetifyTransform
[        ] Transforming appcompat-1.2.0.aar (androidx.appcompat:appcompat:1.2.0) with ExtractAarTransform
[        ] Transforming appcompat-1.2.0.aar (androidx.appcompat:appcompat:1.2.0) with AarTransform
[        ] Transforming fragment-ktx-1.7.1.aar (androidx.fragment:fragment-ktx:1.7.1) with JetifyTransform
[        ] Transforming fragment-ktx-1.7.1.aar (androidx.fragment:fragment-ktx:1.7.1) with ExtractAarTransform
[        ] Transforming fragment-ktx-1.7.1.aar (androidx.fragment:fragment-ktx:1.7.1) with AarTransform
[        ] Transforming fragment-1.7.1.aar (androidx.fragment:fragment:1.7.1) with JetifyTransform
[        ] Transforming fragment-1.7.1.aar (androidx.fragment:fragment:1.7.1) with ExtractAarTransform
[        ] Transforming fragment-1.7.1.aar (androidx.fragment:fragment:1.7.1) with AarTransform
[        ] Transforming fragment-1.7.1.aar (androidx.fragment:fragment:1.7.1) with JetifyTransform
[        ] Transforming fragment-1.7.1.aar (androidx.fragment:fragment:1.7.1) with ExtractAarTransform
[        ] Transforming fragment-1.7.1.aar (androidx.fragment:fragment:1.7.1) with AarTransform
[        ] Transforming webkit-1.15.0.aar (androidx.webkit:webkit:1.15.0) with JetifyTransform
[        ] Transforming webkit-1.15.0.aar (androidx.webkit:webkit:1.15.0) with ExtractAarTransform
[        ] Transforming webkit-1.15.0.aar (androidx.webkit:webkit:1.15.0) with AarTransform
[        ] Transforming webkit-1.15.0.aar (androidx.webkit:webkit:1.15.0) with JetifyTransform
[        ] Transforming webkit-1.15.0.aar (androidx.webkit:webkit:1.15.0) with ExtractAarTransform
[        ] Transforming webkit-1.15.0.aar (androidx.webkit:webkit:1.15.0) with AarTransform
[        ] Transforming recyclerview-1.0.0.aar (androidx.recyclerview:recyclerview:1.0.0) with JetifyTransform
[        ] Transforming recyclerview-1.0.0.aar (androidx.recyclerview:recyclerview:1.0.0) with ExtractAarTransform
[        ] Transforming recyclerview-1.0.0.aar (androidx.recyclerview:recyclerview:1.0.0) with AarTransform
[        ] Transforming legacy-support-core-ui-1.0.0.aar (androidx.legacy:legacy-support-core-ui:1.0.0) with JetifyTransform
[        ] Transforming legacy-support-core-ui-1.0.0.aar (androidx.legacy:legacy-support-core-ui:1.0.0) with ExtractAarTransform
[        ] Transforming legacy-support-core-ui-1.0.0.aar (androidx.legacy:legacy-support-core-ui:1.0.0) with AarTransform
[        ] Transforming slidingpanelayout-1.2.0.aar (androidx.slidingpanelayout:slidingpanelayout:1.2.0) with JetifyTransform
[        ] Transforming slidingpanelayout-1.2.0.aar (androidx.slidingpanelayout:slidingpanelayout:1.2.0) with ExtractAarTransform
[        ] Transforming slidingpanelayout-1.2.0.aar (androidx.slidingpanelayout:slidingpanelayout:1.2.0) with AarTransform
[        ] Transforming slidingpanelayout-1.2.0.aar (androidx.slidingpanelayout:slidingpanelayout:1.2.0) with JetifyTransform
[        ] Transforming slidingpanelayout-1.2.0.aar (androidx.slidingpanelayout:slidingpanelayout:1.2.0) with ExtractAarTransform
[        ] Transforming slidingpanelayout-1.2.0.aar (androidx.slidingpanelayout:slidingpanelayout:1.2.0) with AarTransform
[        ] Transforming window-1.2.0.aar (androidx.window:window:1.2.0) with JetifyTransform
[        ] Transforming window-1.2.0.aar (androidx.window:window:1.2.0) with ExtractAarTransform
[        ] Transforming window-1.2.0.aar (androidx.window:window:1.2.0) with AarTransform
[        ] Transforming window-java-1.2.0.aar (androidx.window:window-java:1.2.0) with JetifyTransform
[        ] Transforming window-java-1.2.0.aar (androidx.window:window-java:1.2.0) with ExtractAarTransform
[        ] Transforming window-java-1.2.0.aar (androidx.window:window-java:1.2.0) with AarTransform
[        ] Transforming browser-1.8.0.aar (androidx.browser:browser:1.8.0) with JetifyTransform
[        ] Transforming browser-1.8.0.aar (androidx.browser:browser:1.8.0) with ExtractAarTransform
[        ] Transforming browser-1.8.0.aar (androidx.browser:browser:1.8.0) with AarTransform
[        ] Transforming activity-ktx-1.8.1.aar (androidx.activity:activity-ktx:1.8.1) with JetifyTransform
[        ] Transforming activity-ktx-1.8.1.aar (androidx.activity:activity-ktx:1.8.1) with ExtractAarTransform
[        ] Transforming activity-ktx-1.8.1.aar (androidx.activity:activity-ktx:1.8.1) with AarTransform
[        ] Transforming activity-1.8.1.aar (androidx.activity:activity:1.8.1) with JetifyTransform
[        ] Transforming activity-1.8.1.aar (androidx.activity:activity:1.8.1) with ExtractAarTransform
[        ] Transforming activity-1.8.1.aar (androidx.activity:activity:1.8.1) with AarTransform
[        ] Transforming legacy-support-core-utils-1.0.0.aar (androidx.legacy:legacy-support-core-utils:1.0.0) with JetifyTransform
[        ] Transforming legacy-support-core-utils-1.0.0.aar (androidx.legacy:legacy-support-core-utils:1.0.0) with ExtractAarTransform
[        ] Transforming legacy-support-core-utils-1.0.0.aar (androidx.legacy:legacy-support-core-utils:1.0.0) with AarTransform
[        ] Transforming loader-1.0.0.aar (androidx.loader:loader:1.0.0) with JetifyTransform
[        ] Transforming loader-1.0.0.aar (androidx.loader:loader:1.0.0) with ExtractAarTransform
[        ] Transforming loader-1.0.0.aar (androidx.loader:loader:1.0.0) with AarTransform
[        ] Transforming loader-1.0.0.aar (androidx.loader:loader:1.0.0) with JetifyTransform
[        ] Transforming loader-1.0.0.aar (androidx.loader:loader:1.0.0) with ExtractAarTransform
[        ] Transforming loader-1.0.0.aar (androidx.loader:loader:1.0.0) with AarTransform
[        ] Transforming viewpager-1.0.0.aar (androidx.viewpager:viewpager:1.0.0) with JetifyTransform
[        ] Transforming viewpager-1.0.0.aar (androidx.viewpager:viewpager:1.0.0) with ExtractAarTransform
[        ] Transforming viewpager-1.0.0.aar (androidx.viewpager:viewpager:1.0.0) with AarTransform
[        ] Transforming viewpager-1.0.0.aar (androidx.viewpager:viewpager:1.0.0) with JetifyTransform
[        ] Transforming viewpager-1.0.0.aar (androidx.viewpager:viewpager:1.0.0) with ExtractAarTransform
[        ] Transforming viewpager-1.0.0.aar (androidx.viewpager:viewpager:1.0.0) with AarTransform
[        ] Transforming ads-adservices-java-1.0.0-beta05.aar (androidx.privacysandbox.ads:ads-adservices-java:1.0.0-beta05) with JetifyTransform
[        ] Transforming ads-adservices-java-1.0.0-beta05.aar (androidx.privacysandbox.ads:ads-adservices-java:1.0.0-beta05) with ExtractAarTransform
[        ] Transforming ads-adservices-java-1.0.0-beta05.aar (androidx.privacysandbox.ads:ads-adservices-java:1.0.0-beta05) with AarTransform
[        ] Transforming ads-adservices-1.0.0-beta05.aar (androidx.privacysandbox.ads:ads-adservices:1.0.0-beta05) with JetifyTransform
[        ] Transforming ads-adservices-1.0.0-beta05.aar (androidx.privacysandbox.ads:ads-adservices:1.0.0-beta05) with ExtractAarTransform
[        ] Transforming ads-adservices-1.0.0-beta05.aar (androidx.privacysandbox.ads:ads-adservices:1.0.0-beta05) with AarTransform
[        ] Transforming ads-adservices-1.0.0-beta05.aar (androidx.privacysandbox.ads:ads-adservices:1.0.0-beta05) with JetifyTransform
[        ] Transforming ads-adservices-1.0.0-beta05.aar (androidx.privacysandbox.ads:ads-adservices:1.0.0-beta05) with ExtractAarTransform
[        ] Transforming ads-adservices-1.0.0-beta05.aar (androidx.privacysandbox.ads:ads-adservices:1.0.0-beta05) with AarTransform
[        ] Transforming work-runtime-2.7.0.aar (androidx.work:work-runtime:2.7.0) with JetifyTransform
[        ] Transforming work-runtime-2.7.0.aar (androidx.work:work-runtime:2.7.0) with ExtractAarTransform
[        ] Transforming work-runtime-2.7.0.aar (androidx.work:work-runtime:2.7.0) with AarTransform
[        ] Transforming lifecycle-runtime-ktx-2.7.0.aar (androidx.lifecycle:lifecycle-runtime-ktx:2.7.0) with JetifyTransform
[        ] Transforming lifecycle-runtime-ktx-2.7.0.aar (androidx.lifecycle:lifecycle-runtime-ktx:2.7.0) with ExtractAarTransform
[        ] Transforming lifecycle-runtime-ktx-2.7.0.aar (androidx.lifecycle:lifecycle-runtime-ktx:2.7.0) with AarTransform
[        ] Transforming lifecycle-service-2.7.0.aar (androidx.lifecycle:lifecycle-service:2.7.0) with JetifyTransform
[        ] Transforming lifecycle-service-2.7.0.aar (androidx.lifecycle:lifecycle-service:2.7.0) with ExtractAarTransform
[        ] Transforming lifecycle-service-2.7.0.aar (androidx.lifecycle:lifecycle-service:2.7.0) with AarTransform
[        ] Transforming lifecycle-livedata-2.7.0.aar (androidx.lifecycle:lifecycle-livedata:2.7.0) with JetifyTransform
[        ] Transforming lifecycle-livedata-2.7.0.aar (androidx.lifecycle:lifecycle-livedata:2.7.0) with ExtractAarTransform
[        ] Transforming lifecycle-livedata-2.7.0.aar (androidx.lifecycle:lifecycle-livedata:2.7.0) with AarTransform
[        ] Transforming lifecycle-livedata-2.7.0.aar (androidx.lifecycle:lifecycle-livedata:2.7.0) with JetifyTransform
[        ] Transforming lifecycle-livedata-2.7.0.aar (androidx.lifecycle:lifecycle-livedata:2.7.0) with ExtractAarTransform
[        ] Transforming lifecycle-livedata-2.7.0.aar (androidx.lifecycle:lifecycle-livedata:2.7.0) with AarTransform
[        ] Transforming lifecycle-livedata-core-ktx-2.7.0.aar (androidx.lifecycle:lifecycle-livedata-core-ktx:2.7.0) with JetifyTransform
[        ] Transforming lifecycle-livedata-core-ktx-2.7.0.aar (androidx.lifecycle:lifecycle-livedata-core-ktx:2.7.0) with ExtractAarTransform
[        ] Transforming lifecycle-livedata-core-ktx-2.7.0.aar (androidx.lifecycle:lifecycle-livedata-core-ktx:2.7.0) with AarTransform
[        ] Transforming lifecycle-viewmodel-ktx-2.7.0.aar (androidx.lifecycle:lifecycle-viewmodel-ktx:2.7.0) with JetifyTransform
[        ] Transforming lifecycle-viewmodel-ktx-2.7.0.aar (androidx.lifecycle:lifecycle-viewmodel-ktx:2.7.0) with ExtractAarTransform
[        ] Transforming lifecycle-viewmodel-ktx-2.7.0.aar (androidx.lifecycle:lifecycle-viewmodel-ktx:2.7.0) with AarTransform
[        ] Transforming lifecycle-viewmodel-2.7.0.aar (androidx.lifecycle:lifecycle-viewmodel:2.7.0) with JetifyTransform
[        ] Transforming lifecycle-viewmodel-2.7.0.aar (androidx.lifecycle:lifecycle-viewmodel:2.7.0) with ExtractAarTransform
[        ] Transforming lifecycle-viewmodel-2.7.0.aar (androidx.lifecycle:lifecycle-viewmodel:2.7.0) with AarTransform
[        ] Transforming lifecycle-viewmodel-2.7.0.aar (androidx.lifecycle:lifecycle-viewmodel:2.7.0) with JetifyTransform
[        ] Transforming lifecycle-viewmodel-2.7.0.aar (androidx.lifecycle:lifecycle-viewmodel:2.7.0) with ExtractAarTransform
[        ] Transforming lifecycle-viewmodel-2.7.0.aar (androidx.lifecycle:lifecycle-viewmodel:2.7.0) with AarTransform
[        ] Transforming lifecycle-livedata-core-2.7.0.aar (androidx.lifecycle:lifecycle-livedata-core:2.7.0) with JetifyTransform
[        ] Transforming lifecycle-livedata-core-2.7.0.aar (androidx.lifecycle:lifecycle-livedata-core:2.7.0) with ExtractAarTransform
[        ] Transforming lifecycle-livedata-core-2.7.0.aar (androidx.lifecycle:lifecycle-livedata-core:2.7.0) with AarTransform
[        ] Transforming lifecycle-viewmodel-savedstate-2.7.0.aar (androidx.lifecycle:lifecycle-viewmodel-savedstate:2.7.0) with JetifyTransform
[        ] Transforming lifecycle-viewmodel-savedstate-2.7.0.aar (androidx.lifecycle:lifecycle-viewmodel-savedstate:2.7.0) with ExtractAarTransform
[        ] Transforming lifecycle-viewmodel-savedstate-2.7.0.aar (androidx.lifecycle:lifecycle-viewmodel-savedstate:2.7.0) with AarTransform
[        ] Transforming core-ktx-1.13.1.aar (androidx.core:core-ktx:1.13.1) with JetifyTransform
[        ] Transforming core-ktx-1.13.1.aar (androidx.core:core-ktx:1.13.1) with ExtractAarTransform
[        ] Transforming core-ktx-1.13.1.aar (androidx.core:core-ktx:1.13.1) with AarTransform
[        ] Transforming appcompat-resources-1.2.0.aar (androidx.appcompat:appcompat-resources:1.2.0) with JetifyTransform
[        ] Transforming appcompat-resources-1.2.0.aar (androidx.appcompat:appcompat-resources:1.2.0) with ExtractAarTransform
[        ] Transforming appcompat-resources-1.2.0.aar (androidx.appcompat:appcompat-resources:1.2.0) with AarTransform
[        ] Transforming drawerlayout-1.0.0.aar (androidx.drawerlayout:drawerlayout:1.0.0) with JetifyTransform
[        ] Transforming drawerlayout-1.0.0.aar (androidx.drawerlayout:drawerlayout:1.0.0) with ExtractAarTransform
[        ] Transforming drawerlayout-1.0.0.aar (androidx.drawerlayout:drawerlayout:1.0.0) with AarTransform
[        ] Transforming drawerlayout-1.0.0.aar (androidx.drawerlayout:drawerlayout:1.0.0) with JetifyTransform
[        ] Transforming drawerlayout-1.0.0.aar (androidx.drawerlayout:drawerlayout:1.0.0) with ExtractAarTransform
[        ] Transforming drawerlayout-1.0.0.aar (androidx.drawerlayout:drawerlayout:1.0.0) with AarTransform
[        ] Transforming coordinatorlayout-1.0.0.aar (androidx.coordinatorlayout:coordinatorlayout:1.0.0) with JetifyTransform
[        ] Transforming coordinatorlayout-1.0.0.aar (androidx.coordinatorlayout:coordinatorlayout:1.0.0) with ExtractAarTransform
[        ] Transforming coordinatorlayout-1.0.0.aar (androidx.coordinatorlayout:coordinatorlayout:1.0.0) with AarTransform
[        ] Transforming customview-1.1.0.aar (androidx.customview:customview:1.1.0) with JetifyTransform
[        ] Transforming customview-1.1.0.aar (androidx.customview:customview:1.1.0) with ExtractAarTransform
[        ] Transforming customview-1.1.0.aar (androidx.customview:customview:1.1.0) with AarTransform
[        ] Transforming customview-1.1.0.aar (androidx.customview:customview:1.1.0) with JetifyTransform
[        ] Transforming customview-1.1.0.aar (androidx.customview:customview:1.1.0) with ExtractAarTransform
[        ] Transforming customview-1.1.0.aar (androidx.customview:customview:1.1.0) with AarTransform
[        ] Transforming transition-1.4.1.aar (androidx.transition:transition:1.4.1) with JetifyTransform
[        ] Transforming transition-1.4.1.aar (androidx.transition:transition:1.4.1) with ExtractAarTransform
[        ] Transforming transition-1.4.1.aar (androidx.transition:transition:1.4.1) with AarTransform
[        ] Transforming vectordrawable-animated-1.1.0.aar (androidx.vectordrawable:vectordrawable-animated:1.1.0) with JetifyTransform
[        ] Transforming vectordrawable-animated-1.1.0.aar (androidx.vectordrawable:vectordrawable-animated:1.1.0) with ExtractAarTransform
[        ] Transforming vectordrawable-animated-1.1.0.aar (androidx.vectordrawable:vectordrawable-animated:1.1.0) with AarTransform
[        ] Transforming vectordrawable-1.1.0.aar (androidx.vectordrawable:vectordrawable:1.1.0) with JetifyTransform
[        ] Transforming vectordrawable-1.1.0.aar (androidx.vectordrawable:vectordrawable:1.1.0) with ExtractAarTransform
[        ] Transforming vectordrawable-1.1.0.aar (androidx.vectordrawable:vectordrawable:1.1.0) with AarTransform
[        ] Transforming vectordrawable-1.1.0.aar (androidx.vectordrawable:vectordrawable:1.1.0) with JetifyTransform
[        ] Transforming vectordrawable-1.1.0.aar (androidx.vectordrawable:vectordrawable:1.1.0) with ExtractAarTransform
[        ] Transforming vectordrawable-1.1.0.aar (androidx.vectordrawable:vectordrawable:1.1.0) with AarTransform
[        ] Transforming swiperefreshlayout-1.0.0.aar (androidx.swiperefreshlayout:swiperefreshlayout:1.0.0) with JetifyTransform
[        ] Transforming swiperefreshlayout-1.0.0.aar (androidx.swiperefreshlayout:swiperefreshlayout:1.0.0) with ExtractAarTransform
[        ] Transforming swiperefreshlayout-1.0.0.aar (androidx.swiperefreshlayout:swiperefreshlayout:1.0.0) with AarTransform
[        ] Transforming asynclayoutinflater-1.0.0.aar (androidx.asynclayoutinflater:asynclayoutinflater:1.0.0) with JetifyTransform
[        ] Transforming asynclayoutinflater-1.0.0.aar (androidx.asynclayoutinflater:asynclayoutinflater:1.0.0) with ExtractAarTransform
[        ] Transforming asynclayoutinflater-1.0.0.aar (androidx.asynclayoutinflater:asynclayoutinflater:1.0.0) with AarTransform
[        ] Transforming core-1.13.1.aar (androidx.core:core:1.13.1) with JetifyTransform
[        ] Transforming core-1.13.1.aar (androidx.core:core:1.13.1) with ExtractAarTransform
[        ] Transforming core-1.13.1.aar (androidx.core:core:1.13.1) with AarTransform
[        ] Transforming core-1.13.1.aar (androidx.core:core:1.13.1) with JetifyTransform
[        ] Transforming core-1.13.1.aar (androidx.core:core:1.13.1) with ExtractAarTransform
[        ] Transforming core-1.13.1.aar (androidx.core:core:1.13.1) with AarTransform
[        ] Transforming lifecycle-runtime-2.7.0.aar (androidx.lifecycle:lifecycle-runtime:2.7.0) with JetifyTransform
[        ] Transforming lifecycle-runtime-2.7.0.aar (androidx.lifecycle:lifecycle-runtime:2.7.0) with ExtractAarTransform
[        ] Transforming lifecycle-runtime-2.7.0.aar (androidx.lifecycle:lifecycle-runtime:2.7.0) with AarTransform
[        ] Transforming lifecycle-common-java8-2.7.0.jar (androidx.lifecycle:lifecycle-common-java8:2.7.0) with JetifyTransform
[        ] Transforming lifecycle-common-java8-2.7.0.jar (androidx.lifecycle:lifecycle-common-java8:2.7.0) with IdentityTransform
[        ] Transforming savedstate-ktx-1.2.1.aar (androidx.savedstate:savedstate-ktx:1.2.1) with JetifyTransform
[        ] Transforming savedstate-ktx-1.2.1.aar (androidx.savedstate:savedstate-ktx:1.2.1) with ExtractAarTransform
[        ] Transforming savedstate-ktx-1.2.1.aar (androidx.savedstate:savedstate-ktx:1.2.1) with AarTransform
[        ] Transforming savedstate-1.2.1.aar (androidx.savedstate:savedstate:1.2.1) with JetifyTransform
[        ] Transforming savedstate-1.2.1.aar (androidx.savedstate:savedstate:1.2.1) with ExtractAarTransform
[        ] Transforming savedstate-1.2.1.aar (androidx.savedstate:savedstate:1.2.1) with AarTransform
[        ] Transforming lifecycle-common-2.7.0.jar (androidx.lifecycle:lifecycle-common:2.7.0) with JetifyTransform
[        ] Transforming lifecycle-common-2.7.0.jar (androidx.lifecycle:lifecycle-common:2.7.0) with IdentityTransform
[        ] Transforming lifecycle-process-2.7.0.aar (androidx.lifecycle:lifecycle-process:2.7.0) with JetifyTransform
[        ] Transforming lifecycle-process-2.7.0.aar (androidx.lifecycle:lifecycle-process:2.7.0) with ExtractAarTransform
[        ] Transforming lifecycle-process-2.7.0.aar (androidx.lifecycle:lifecycle-process:2.7.0) with AarTransform
[        ] Transforming datastore-preferences-external-protobuf-1.1.7.jar (androidx.datastore:datastore-preferences-external-protobuf:1.1.7) with JetifyTransform
[        ] Transforming datastore-preferences-external-protobuf-1.1.7.jar (androidx.datastore:datastore-preferences-external-protobuf:1.1.7) with IdentityTransform
[        ] Transforming datastore-preferences-proto-1.1.7.jar (androidx.datastore:datastore-preferences-proto:1.1.7) with JetifyTransform
[        ] Transforming datastore-preferences-proto-1.1.7.jar (androidx.datastore:datastore-preferences-proto:1.1.7) with IdentityTransform
[        ] Transforming datastore-preferences-core-release.aar (androidx.datastore:datastore-preferences-core-android:1.1.7) with JetifyTransform
[        ] Transforming datastore-preferences-core-release.aar (androidx.datastore:datastore-preferences-core-android:1.1.7) with ExtractAarTransform
[        ] Transforming datastore-preferences-core-release.aar (androidx.datastore:datastore-preferences-core-android:1.1.7) with AarTransform
[        ] Transforming datastore-core-okio-jvm-1.1.7.jar (androidx.datastore:datastore-core-okio-jvm:1.1.7) with JetifyTransform
[        ] Transforming datastore-core-okio-jvm-1.1.7.jar (androidx.datastore:datastore-core-okio-jvm:1.1.7) with IdentityTransform
[        ] Transforming datastore-core-release.aar (androidx.datastore:datastore-core-android:1.1.7) with JetifyTransform
[        ] Transforming datastore-core-release.aar (androidx.datastore:datastore-core-android:1.1.7) with ExtractAarTransform
[        ] Transforming datastore-core-release.aar (androidx.datastore:datastore-core-android:1.1.7) with AarTransform
[        ] Transforming datastore-preferences-release.aar (androidx.datastore:datastore-preferences-android:1.1.7) with JetifyTransform
[        ] Transforming datastore-preferences-release.aar (androidx.datastore:datastore-preferences-android:1.1.7) with ExtractAarTransform
[        ] Transforming datastore-preferences-release.aar (androidx.datastore:datastore-preferences-android:1.1.7) with AarTransform
[        ] Transforming datastore-release.aar (androidx.datastore:datastore-android:1.1.7) with JetifyTransform
[        ] Transforming datastore-release.aar (androidx.datastore:datastore-android:1.1.7) with ExtractAarTransform
[        ] Transforming datastore-release.aar (androidx.datastore:datastore-android:1.1.7) with AarTransform
[        ] Transforming profileinstaller-1.3.1.aar (androidx.profileinstaller:profileinstaller:1.3.1) with JetifyTransform
[        ] Transforming profileinstaller-1.3.1.aar (androidx.profileinstaller:profileinstaller:1.3.1) with ExtractAarTransform
[        ] Transforming profileinstaller-1.3.1.aar (androidx.profileinstaller:profileinstaller:1.3.1) with AarTransform
[        ] Transforming startup-runtime-1.1.1.aar (androidx.startup:startup-runtime:1.1.1) with JetifyTransform
[        ] Transforming startup-runtime-1.1.1.aar (androidx.startup:startup-runtime:1.1.1) with ExtractAarTransform
[        ] Transforming startup-runtime-1.1.1.aar (androidx.startup:startup-runtime:1.1.1) with AarTransform
[        ] Transforming tracing-1.2.0.aar (androidx.tracing:tracing:1.2.0) with JetifyTransform
[        ] Transforming tracing-1.2.0.aar (androidx.tracing:tracing:1.2.0) with ExtractAarTransform
[        ] Transforming tracing-1.2.0.aar (androidx.tracing:tracing:1.2.0) with AarTransform
[        ] Transforming exifinterface-1.4.1.aar (androidx.exifinterface:exifinterface:1.4.1) with JetifyTransform
[        ] Transforming exifinterface-1.4.1.aar (androidx.exifinterface:exifinterface:1.4.1) with ExtractAarTransform
[        ] Transforming exifinterface-1.4.1.aar (androidx.exifinterface:exifinterface:1.4.1) with AarTransform
[        ] Transforming room-runtime-2.2.5.aar (androidx.room:room-runtime:2.2.5) with JetifyTransform
[        ] Transforming room-runtime-2.2.5.aar (androidx.room:room-runtime:2.2.5) with ExtractAarTransform
[        ] Transforming room-runtime-2.2.5.aar (androidx.room:room-runtime:2.2.5) with AarTransform
[        ] Transforming core-runtime-2.2.0.aar (androidx.arch.core:core-runtime:2.2.0) with JetifyTransform
[        ] Transforming core-runtime-2.2.0.aar (androidx.arch.core:core-runtime:2.2.0) with ExtractAarTransform
[        ] Transforming core-runtime-2.2.0.aar (androidx.arch.core:core-runtime:2.2.0) with AarTransform
[        ] Transforming core-runtime-2.2.0.aar (androidx.arch.core:core-runtime:2.2.0) with JetifyTransform
[        ] Transforming core-runtime-2.2.0.aar (androidx.arch.core:core-runtime:2.2.0) with ExtractAarTransform
[        ] Transforming core-runtime-2.2.0.aar (androidx.arch.core:core-runtime:2.2.0) with AarTransform
[        ] Transforming core-common-2.2.0.jar (androidx.arch.core:core-common:2.2.0) with JetifyTransform
[        ] Transforming core-common-2.2.0.jar (androidx.arch.core:core-common:2.2.0) with IdentityTransform
[        ] Transforming versionedparcelable-1.1.1.aar (androidx.versionedparcelable:versionedparcelable:1.1.1) with JetifyTransform
[        ] Transforming versionedparcelable-1.1.1.aar (androidx.versionedparcelable:versionedparcelable:1.1.1) with ExtractAarTransform
[        ] Transforming versionedparcelable-1.1.1.aar (androidx.versionedparcelable:versionedparcelable:1.1.1) with AarTransform
[        ] Transforming collection-ktx-1.1.0.jar (androidx.collection:collection-ktx:1.1.0) with JetifyTransform
[        ] Transforming collection-ktx-1.1.0.jar (androidx.collection:collection-ktx:1.1.0) with IdentityTransform
[        ] Transforming collection-1.1.0.jar (androidx.collection:collection:1.1.0) with JetifyTransform
[        ] Transforming collection-1.1.0.jar (androidx.collection:collection:1.1.0) with IdentityTransform
[        ] Transforming interpolator-1.0.0.aar (androidx.interpolator:interpolator:1.0.0) with JetifyTransform
[        ] Transforming interpolator-1.0.0.aar (androidx.interpolator:interpolator:1.0.0) with ExtractAarTransform
[        ] Transforming interpolator-1.0.0.aar (androidx.interpolator:interpolator:1.0.0) with AarTransform
[        ] Transforming interpolator-1.0.0.aar (androidx.interpolator:interpolator:1.0.0) with JetifyTransform
[        ] Transforming interpolator-1.0.0.aar (androidx.interpolator:interpolator:1.0.0) with ExtractAarTransform
[        ] Transforming interpolator-1.0.0.aar (androidx.interpolator:interpolator:1.0.0) with AarTransform
[        ] Transforming concurrent-futures-1.1.0.jar (androidx.concurrent:concurrent-futures:1.1.0) with JetifyTransform
[        ] Transforming concurrent-futures-1.1.0.jar (androidx.concurrent:concurrent-futures:1.1.0) with IdentityTransform
[        ] Transforming cursoradapter-1.0.0.aar (androidx.cursoradapter:cursoradapter:1.0.0) with JetifyTransform
[        ] Transforming cursoradapter-1.0.0.aar (androidx.cursoradapter:cursoradapter:1.0.0) with ExtractAarTransform
[        ] Transforming cursoradapter-1.0.0.aar (androidx.cursoradapter:cursoradapter:1.0.0) with AarTransform
[        ] Transforming cursoradapter-1.0.0.aar (androidx.cursoradapter:cursoradapter:1.0.0) with JetifyTransform
[        ] Transforming cursoradapter-1.0.0.aar (androidx.cursoradapter:cursoradapter:1.0.0) with ExtractAarTransform
[        ] Transforming cursoradapter-1.0.0.aar (androidx.cursoradapter:cursoradapter:1.0.0) with AarTransform
[        ] Transforming core-1.0.0.aar (androidx.window.extensions.core:core:1.0.0) with JetifyTransform
[        ] Transforming core-1.0.0.aar (androidx.window.extensions.core:core:1.0.0) with ExtractAarTransform
[        ] Transforming core-1.0.0.aar (androidx.window.extensions.core:core:1.0.0) with AarTransform
[        ] Transforming sqlite-framework-2.1.0.aar (androidx.sqlite:sqlite-framework:2.1.0) with JetifyTransform
[        ] Transforming sqlite-framework-2.1.0.aar (androidx.sqlite:sqlite-framework:2.1.0) with ExtractAarTransform
[        ] Transforming sqlite-framework-2.1.0.aar (androidx.sqlite:sqlite-framework:2.1.0) with AarTransform
[        ] Transforming sqlite-framework-2.1.0.aar (androidx.sqlite:sqlite-framework:2.1.0) with JetifyTransform
[        ] Transforming sqlite-framework-2.1.0.aar (androidx.sqlite:sqlite-framework:2.1.0) with ExtractAarTransform
[        ] Transforming sqlite-framework-2.1.0.aar (androidx.sqlite:sqlite-framework:2.1.0) with AarTransform
[        ] Transforming sqlite-2.1.0.aar (androidx.sqlite:sqlite:2.1.0) with JetifyTransform
[        ] Transforming sqlite-2.1.0.aar (androidx.sqlite:sqlite:2.1.0) with ExtractAarTransform
[        ] Transforming sqlite-2.1.0.aar (androidx.sqlite:sqlite:2.1.0) with AarTransform
[        ] Transforming sqlite-2.1.0.aar (androidx.sqlite:sqlite:2.1.0) with JetifyTransform
[        ] Transforming sqlite-2.1.0.aar (androidx.sqlite:sqlite:2.1.0) with ExtractAarTransform
[        ] Transforming sqlite-2.1.0.aar (androidx.sqlite:sqlite:2.1.0) with AarTransform
[        ] Transforming room-common-2.2.5.jar (androidx.room:room-common:2.2.5) with JetifyTransform
[        ] Transforming room-common-2.2.5.jar (androidx.room:room-common:2.2.5) with IdentityTransform
[        ] Transforming documentfile-1.0.0.aar (androidx.documentfile:documentfile:1.0.0) with JetifyTransform
[        ] Transforming documentfile-1.0.0.aar (androidx.documentfile:documentfile:1.0.0) with ExtractAarTransform
[        ] Transforming documentfile-1.0.0.aar (androidx.documentfile:documentfile:1.0.0) with AarTransform
[        ] Transforming localbroadcastmanager-1.0.0.aar (androidx.localbroadcastmanager:localbroadcastmanager:1.0.0) with JetifyTransform
[        ] Transforming localbroadcastmanager-1.0.0.aar (androidx.localbroadcastmanager:localbroadcastmanager:1.0.0) with ExtractAarTransform
[        ] Transforming localbroadcastmanager-1.0.0.aar (androidx.localbroadcastmanager:localbroadcastmanager:1.0.0) with AarTransform
[        ] Transforming print-1.0.0.aar (androidx.print:print:1.0.0) with JetifyTransform
[        ] Transforming print-1.0.0.aar (androidx.print:print:1.0.0) with ExtractAarTransform
[        ] Transforming print-1.0.0.aar (androidx.print:print:1.0.0) with AarTransform
[        ] Transforming annotation-jvm-1.10.0.jar (androidx.annotation:annotation-jvm:1.10.0) with JetifyTransform
[        ] Transforming annotation-jvm-1.10.0.jar (androidx.annotation:annotation-jvm:1.10.0) with IdentityTransform
[        ] Transforming annotation-experimental-1.4.0.aar (androidx.annotation:annotation-experimental:1.4.0) with JetifyTransform
[        ] Transforming annotation-experimental-1.4.0.aar (androidx.annotation:annotation-experimental:1.4.0) with ExtractAarTransform
[        ] Transforming annotation-experimental-1.4.0.aar (androidx.annotation:annotation-experimental:1.4.0) with AarTransform
[        ] Transforming kotlin-parcelize-runtime-1.9.22.jar (org.jetbrains.kotlin:kotlin-parcelize-runtime:1.9.22) with JetifyTransform
[        ] Transforming kotlin-parcelize-runtime-1.9.22.jar (org.jetbrains.kotlin:kotlin-parcelize-runtime:1.9.22) with IdentityTransform
[        ] Transforming okio-jvm-3.4.0.jar (com.squareup.okio:okio-jvm:3.4.0) with JetifyTransform
[        ] Transforming okio-jvm-3.4.0.jar (com.squareup.okio:okio-jvm:3.4.0) with IdentityTransform
[        ] Transforming kotlinx-coroutines-core-jvm-1.7.3.jar (org.jetbrains.kotlinx:kotlinx-coroutines-core-jvm:1.7.3) with JetifyTransform
[        ] Transforming kotlinx-coroutines-core-jvm-1.7.3.jar (org.jetbrains.kotlinx:kotlinx-coroutines-core-jvm:1.7.3) with IdentityTransform
[        ] Transforming kotlinx-coroutines-android-1.7.3.jar (org.jetbrains.kotlinx:kotlinx-coroutines-android:1.7.3) with JetifyTransform
[        ] Transforming kotlinx-coroutines-android-1.7.3.jar (org.jetbrains.kotlinx:kotlinx-coroutines-android:1.7.3) with IdentityTransform
[        ] Transforming kotlin-stdlib-jdk8-1.8.20.jar (org.jetbrains.kotlin:kotlin-stdlib-jdk8:1.8.20) with JetifyTransform
[        ] Transforming kotlin-stdlib-jdk8-1.8.20.jar (org.jetbrains.kotlin:kotlin-stdlib-jdk8:1.8.20) with IdentityTransform
[        ] Transforming kotlin-android-extensions-runtime-1.9.22.jar (org.jetbrains.kotlin:kotlin-android-extensions-runtime:1.9.22) with JetifyTransform
[        ] Transforming kotlin-android-extensions-runtime-1.9.22.jar (org.jetbrains.kotlin:kotlin-android-extensions-runtime:1.9.22) with IdentityTransform
[        ] Transforming kotlin-stdlib-jdk7-1.8.20.jar (org.jetbrains.kotlin:kotlin-stdlib-jdk7:1.8.20) with JetifyTransform
[        ] Transforming kotlin-stdlib-jdk7-1.8.20.jar (org.jetbrains.kotlin:kotlin-stdlib-jdk7:1.8.20) with IdentityTransform
[        ] Transforming kotlin-stdlib-2.1.20.jar (org.jetbrains.kotlin:kotlin-stdlib:2.1.20) with JetifyTransform
[        ] Transforming kotlin-stdlib-2.1.20.jar (org.jetbrains.kotlin:kotlin-stdlib:2.1.20) with IdentityTransform
[        ] Transforming armeabi_v7a_debug-1.0.0-77e2e94772b6eb43759e34ed1ad7da4674e19cab.jar (io.flutter:armeabi_v7a_debug:1.0.0-77e2e94772b6eb43759e34ed1ad7da4674e19cab) with JetifyTransform
[        ] Transforming armeabi_v7a_debug-1.0.0-77e2e94772b6eb43759e34ed1ad7da4674e19cab.jar (io.flutter:armeabi_v7a_debug:1.0.0-77e2e94772b6eb43759e34ed1ad7da4674e19cab) with IdentityTransform
[        ] Transforming arm64_v8a_debug-1.0.0-77e2e94772b6eb43759e34ed1ad7da4674e19cab.jar (io.flutter:arm64_v8a_debug:1.0.0-77e2e94772b6eb43759e34ed1ad7da4674e19cab) with JetifyTransform
[        ] Transforming arm64_v8a_debug-1.0.0-77e2e94772b6eb43759e34ed1ad7da4674e19cab.jar (io.flutter:arm64_v8a_debug:1.0.0-77e2e94772b6eb43759e34ed1ad7da4674e19cab) with IdentityTransform
[        ] Transforming x86_64_debug-1.0.0-77e2e94772b6eb43759e34ed1ad7da4674e19cab.jar (io.flutter:x86_64_debug:1.0.0-77e2e94772b6eb43759e34ed1ad7da4674e19cab) with JetifyTransform
[        ] Transforming x86_64_debug-1.0.0-77e2e94772b6eb43759e34ed1ad7da4674e19cab.jar (io.flutter:x86_64_debug:1.0.0-77e2e94772b6eb43759e34ed1ad7da4674e19cab) with IdentityTransform
[        ] Transforming annotations-23.0.0.jar (org.jetbrains:annotations:23.0.0) with JetifyTransform
[        ] Transforming annotations-23.0.0.jar (org.jetbrains:annotations:23.0.0) with IdentityTransform
[        ] Transforming commons-imaging-1.0-alpha3.jar (org.apache.commons:commons-imaging:1.0-alpha3) with JetifyTransform
[        ] Transforming commons-imaging-1.0-alpha3.jar (org.apache.commons:commons-imaging:1.0-alpha3) with IdentityTransform
[        ] Transforming guava-31.1-android.jar (com.google.guava:guava:31.1-android) with JetifyTransform
[        ] Transforming guava-31.1-android.jar (com.google.guava:guava:31.1-android) with IdentityTransform
[        ] Transforming error_prone_annotations-2.16.jar (com.google.errorprone:error_prone_annotations:2.16) with JetifyTransform
[        ] Transforming error_prone_annotations-2.16.jar (com.google.errorprone:error_prone_annotations:2.16) with IdentityTransform
[        ] Transforming relinker-1.4.5.aar (com.getkeepsafe.relinker:relinker:1.4.5) with JetifyTransform
[        ] Transforming relinker-1.4.5.aar (com.getkeepsafe.relinker:relinker:1.4.5) with ExtractAarTransform
[        ] Transforming relinker-1.4.5.aar (com.getkeepsafe.relinker:relinker:1.4.5) with AarTransform
[        ] Transforming listenablefuture-9999.0-empty-to-avoid-conflict-with-guava.jar (com.google.guava:listenablefuture:9999.0-empty-to-avoid-conflict-with-guava) with JetifyTransform
[        ] Transforming listenablefuture-9999.0-empty-to-avoid-conflict-with-guava.jar (com.google.guava:listenablefuture:9999.0-empty-to-avoid-conflict-with-guava) with IdentityTransform
[        ] Transforming constraintlayout-core-1.0.4.jar (androidx.constraintlayout:constraintlayout-core:1.0.4) with JetifyTransform
[        ] Transforming constraintlayout-core-1.0.4.jar (androidx.constraintlayout:constraintlayout-core:1.0.4) with IdentityTransform
[        ] Transforming jspecify-1.0.0.jar (org.jspecify:jspecify:1.0.0) with JetifyTransform
[        ] Transforming jspecify-1.0.0.jar (org.jspecify:jspecify:1.0.0) with IdentityTransform
[        ] Transforming failureaccess-1.0.1.jar (com.google.guava:failureaccess:1.0.1) with JetifyTransform
[        ] Transforming failureaccess-1.0.1.jar (com.google.guava:failureaccess:1.0.1) with IdentityTransform
[        ] Transforming jsr305-3.0.2.jar (com.google.code.findbugs:jsr305:3.0.2) with JetifyTransform
[        ] Transforming jsr305-3.0.2.jar (com.google.code.findbugs:jsr305:3.0.2) with IdentityTransform
[        ] Transforming checker-qual-3.12.0.jar (org.checkerframework:checker-qual:3.12.0) with JetifyTransform
[        ] Transforming checker-qual-3.12.0.jar (org.checkerframework:checker-qual:3.12.0) with IdentityTransform
[        ] Transforming j2objc-annotations-1.3.jar (com.google.j2objc:j2objc-annotations:1.3) with JetifyTransform
[        ] Transforming j2objc-annotations-1.3.jar (com.google.j2objc:j2objc-annotations:1.3) with IdentityTransform
[        ] Caching disabled for task ':app:mergeDebugJavaResource' because:
[        ]   Build cache is disabled
[        ]   Caching has been disabled for the task
[        ] Skipping task ':app:mergeDebugJavaResource' as it is up-to-date.
[        ] Resolve mutations for :app:checkDebugDuplicateClasses (Thread[#8285,Execution worker Thread 3,5,main]) started.
[        ] :app:checkDebugDuplicateClasses (Thread[#8288,Execution worker Thread 6,5,main]) started.
[        ] > Task :app:checkDebugDuplicateClasses UP-TO-DATE
[        ] Transforming flutter_embedding_debug-1.0.0-77e2e94772b6eb43759e34ed1ad7da4674e19cab.jar (io.flutter:flutter_embedding_debug:1.0.0-77e2e94772b6eb43759e34ed1ad7da4674e19cab) with JetifyTransform
[        ] Transforming flutter_embedding_debug-1.0.0-77e2e94772b6eb43759e34ed1ad7da4674e19cab.jar (io.flutter:flutter_embedding_debug:1.0.0-77e2e94772b6eb43759e34ed1ad7da4674e19cab) with IdentityTransform
[        ] Transforming flutter_embedding_debug-1.0.0-77e2e94772b6eb43759e34ed1ad7da4674e19cab.jar (io.flutter:flutter_embedding_debug:1.0.0-77e2e94772b6eb43759e34ed1ad7da4674e19cab) with EnumerateClassesTransform
[        ] Transforming play-services-ads-23.6.0.aar (com.google.android.gms:play-services-ads:23.6.0) with JetifyTransform
[        ] Transforming play-services-ads-23.6.0.aar (com.google.android.gms:play-services-ads:23.6.0) with AarToClassTransform
[        ] Transforming play-services-ads-23.6.0.aar (com.google.android.gms:play-services-ads:23.6.0) with EnumerateClassesTransform
[        ] Transforming play-services-ads-lite-23.6.0.aar (com.google.android.gms:play-services-ads-lite:23.6.0) with JetifyTransform
[        ] Transforming play-services-ads-lite-23.6.0.aar (com.google.android.gms:play-services-ads-lite:23.6.0) with AarToClassTransform
[        ] Transforming play-services-ads-lite-23.6.0.aar (com.google.android.gms:play-services-ads-lite:23.6.0) with EnumerateClassesTransform
[        ] Transforming user-messaging-platform-3.1.0.aar (com.google.android.ump:user-messaging-platform:3.1.0) with JetifyTransform
[        ] Transforming user-messaging-platform-3.1.0.aar (com.google.android.ump:user-messaging-platform:3.1.0) with AarToClassTransform
[        ] Transforming user-messaging-platform-3.1.0.aar (com.google.android.ump:user-messaging-platform:3.1.0) with EnumerateClassesTransform
[        ] Transforming user-messaging-platform-3.1.0.aar (com.google.android.ump:user-messaging-platform:3.1.0) with JetifyTransform
[        ] Transforming user-messaging-platform-3.1.0.aar (com.google.android.ump:user-messaging-platform:3.1.0) with AarToClassTransform
[        ] Transforming user-messaging-platform-3.1.0.aar (com.google.android.ump:user-messaging-platform:3.1.0) with EnumerateClassesTransform
[        ] Transforming play-services-ads-base-23.6.0.aar (com.google.android.gms:play-services-ads-base:23.6.0) with JetifyTransform
[        ] Transforming play-services-ads-base-23.6.0.aar (com.google.android.gms:play-services-ads-base:23.6.0) with AarToClassTransform
[        ] Transforming play-services-ads-base-23.6.0.aar (com.google.android.gms:play-services-ads-base:23.6.0) with EnumerateClassesTransform
[        ] Transforming play-services-ads-identifier-18.0.0.aar (com.google.android.gms:play-services-ads-identifier:18.0.0) with JetifyTransform
[        ] Transforming play-services-ads-identifier-18.0.0.aar (com.google.android.gms:play-services-ads-identifier:18.0.0) with AarToClassTransform
[        ] Transforming play-services-ads-identifier-18.0.0.aar (com.google.android.gms:play-services-ads-identifier:18.0.0) with EnumerateClassesTransform
[        ] Transforming play-services-appset-16.0.1.aar (com.google.android.gms:play-services-appset:16.0.1) with JetifyTransform
[        ] Transforming play-services-appset-16.0.1.aar (com.google.android.gms:play-services-appset:16.0.1) with AarToClassTransform
[        ] Transforming play-services-appset-16.0.1.aar (com.google.android.gms:play-services-appset:16.0.1) with EnumerateClassesTransform
[        ] Transforming play-services-base-18.0.0.aar (com.google.android.gms:play-services-base:18.0.0) with JetifyTransform
[        ] Transforming play-services-base-18.0.0.aar (com.google.android.gms:play-services-base:18.0.0) with AarToClassTransform
[        ] Transforming play-services-base-18.0.0.aar (com.google.android.gms:play-services-base:18.0.0) with EnumerateClassesTransform
[        ] Transforming play-services-tasks-18.2.0.aar (com.google.android.gms:play-services-tasks:18.2.0) with JetifyTransform
[        ] Transforming play-services-tasks-18.2.0.aar (com.google.android.gms:play-services-tasks:18.2.0) with AarToClassTransform
[        ] Transforming play-services-tasks-18.2.0.aar (com.google.android.gms:play-services-tasks:18.2.0) with EnumerateClassesTransform
[        ] Transforming play-services-measurement-sdk-api-20.1.2.aar (com.google.android.gms:play-services-measurement-sdk-api:20.1.2) with JetifyTransform
[        ] Transforming play-services-measurement-sdk-api-20.1.2.aar (com.google.android.gms:play-services-measurement-sdk-api:20.1.2) with AarToClassTransform
[        ] Transforming play-services-measurement-sdk-api-20.1.2.aar (com.google.android.gms:play-services-measurement-sdk-api:20.1.2) with EnumerateClassesTransform
[        ] Transforming play-services-measurement-base-20.1.2.aar (com.google.android.gms:play-services-measurement-base:20.1.2) with JetifyTransform
[        ] Transforming play-services-measurement-base-20.1.2.aar (com.google.android.gms:play-services-measurement-base:20.1.2) with AarToClassTransform
[        ] Transforming play-services-measurement-base-20.1.2.aar (com.google.android.gms:play-services-measurement-base:20.1.2) with EnumerateClassesTransform
[        ] Transforming play-services-basement-18.4.0.aar (com.google.android.gms:play-services-basement:18.4.0) with JetifyTransform
[        ] Transforming play-services-basement-18.4.0.aar (com.google.android.gms:play-services-basement:18.4.0) with AarToClassTransform
[        ] Transforming play-services-basement-18.4.0.aar (com.google.android.gms:play-services-basement:18.4.0) with EnumerateClassesTransform
[        ] Transforming constraintlayout-2.1.4.aar (androidx.constraintlayout:constraintlayout:2.1.4) with JetifyTransform
[        ] Transforming constraintlayout-2.1.4.aar (androidx.constraintlayout:constraintlayout:2.1.4) with AarToClassTransform
[        ] Transforming constraintlayout-2.1.4.aar (androidx.constraintlayout:constraintlayout:2.1.4) with EnumerateClassesTransform
[        ] Transforming preference-1.2.1.aar (androidx.preference:preference:1.2.1) with JetifyTransform
[        ] Transforming preference-1.2.1.aar (androidx.preference:preference:1.2.1) with AarToClassTransform
[        ] Transforming preference-1.2.1.aar (androidx.preference:preference:1.2.1) with EnumerateClassesTransform
[        ] Transforming appcompat-1.2.0.aar (androidx.appcompat:appcompat:1.2.0) with JetifyTransform
[        ] Transforming appcompat-1.2.0.aar (androidx.appcompat:appcompat:1.2.0) with AarToClassTransform
[        ] Transforming appcompat-1.2.0.aar (androidx.appcompat:appcompat:1.2.0) with EnumerateClassesTransform
[        ] Transforming fragment-ktx-1.7.1.aar (androidx.fragment:fragment-ktx:1.7.1) with JetifyTransform
[        ] Transforming fragment-ktx-1.7.1.aar (androidx.fragment:fragment-ktx:1.7.1) with AarToClassTransform
[        ] Transforming fragment-ktx-1.7.1.aar (androidx.fragment:fragment-ktx:1.7.1) with EnumerateClassesTransform
[        ] Transforming fragment-1.7.1.aar (androidx.fragment:fragment:1.7.1) with JetifyTransform
[        ] Transforming fragment-1.7.1.aar (androidx.fragment:fragment:1.7.1) with AarToClassTransform
[        ] Transforming fragment-1.7.1.aar (androidx.fragment:fragment:1.7.1) with EnumerateClassesTransform
[        ] Transforming fragment-1.7.1.aar (androidx.fragment:fragment:1.7.1) with JetifyTransform
[        ] Transforming fragment-1.7.1.aar (androidx.fragment:fragment:1.7.1) with AarToClassTransform
[        ] Transforming fragment-1.7.1.aar (androidx.fragment:fragment:1.7.1) with EnumerateClassesTransform
[        ] Transforming webkit-1.15.0.aar (androidx.webkit:webkit:1.15.0) with JetifyTransform
[        ] Transforming webkit-1.15.0.aar (androidx.webkit:webkit:1.15.0) with AarToClassTransform
[        ] Transforming webkit-1.15.0.aar (androidx.webkit:webkit:1.15.0) with EnumerateClassesTransform
[        ] Transforming webkit-1.15.0.aar (androidx.webkit:webkit:1.15.0) with JetifyTransform
[        ] Transforming webkit-1.15.0.aar (androidx.webkit:webkit:1.15.0) with AarToClassTransform
[        ] Transforming webkit-1.15.0.aar (androidx.webkit:webkit:1.15.0) with EnumerateClassesTransform
[        ] Transforming recyclerview-1.0.0.aar (androidx.recyclerview:recyclerview:1.0.0) with JetifyTransform
[        ] Transforming recyclerview-1.0.0.aar (androidx.recyclerview:recyclerview:1.0.0) with AarToClassTransform
[        ] Transforming recyclerview-1.0.0.aar (androidx.recyclerview:recyclerview:1.0.0) with EnumerateClassesTransform
[        ] Transforming legacy-support-core-ui-1.0.0.aar (androidx.legacy:legacy-support-core-ui:1.0.0) with JetifyTransform
[        ] Transforming legacy-support-core-ui-1.0.0.aar (androidx.legacy:legacy-support-core-ui:1.0.0) with AarToClassTransform
[        ] Transforming legacy-support-core-ui-1.0.0.aar (androidx.legacy:legacy-support-core-ui:1.0.0) with EnumerateClassesTransform
[        ] Transforming slidingpanelayout-1.2.0.aar (androidx.slidingpanelayout:slidingpanelayout:1.2.0) with JetifyTransform
[        ] Transforming slidingpanelayout-1.2.0.aar (androidx.slidingpanelayout:slidingpanelayout:1.2.0) with AarToClassTransform
[        ] Transforming slidingpanelayout-1.2.0.aar (androidx.slidingpanelayout:slidingpanelayout:1.2.0) with EnumerateClassesTransform
[        ] Transforming slidingpanelayout-1.2.0.aar (androidx.slidingpanelayout:slidingpanelayout:1.2.0) with JetifyTransform
[        ] Transforming slidingpanelayout-1.2.0.aar (androidx.slidingpanelayout:slidingpanelayout:1.2.0) with AarToClassTransform
[        ] Transforming slidingpanelayout-1.2.0.aar (androidx.slidingpanelayout:slidingpanelayout:1.2.0) with EnumerateClassesTransform
[        ] Transforming window-1.2.0.aar (androidx.window:window:1.2.0) with JetifyTransform
[        ] Transforming window-1.2.0.aar (androidx.window:window:1.2.0) with AarToClassTransform
[        ] Transforming window-1.2.0.aar (androidx.window:window:1.2.0) with EnumerateClassesTransform
[        ] Transforming window-java-1.2.0.aar (androidx.window:window-java:1.2.0) with JetifyTransform
[        ] Transforming window-java-1.2.0.aar (androidx.window:window-java:1.2.0) with AarToClassTransform
[        ] Transforming window-java-1.2.0.aar (androidx.window:window-java:1.2.0) with EnumerateClassesTransform
[        ] Transforming browser-1.8.0.aar (androidx.browser:browser:1.8.0) with JetifyTransform
[        ] Transforming browser-1.8.0.aar (androidx.browser:browser:1.8.0) with AarToClassTransform
[        ] Transforming browser-1.8.0.aar (androidx.browser:browser:1.8.0) with EnumerateClassesTransform
[        ] Transforming activity-ktx-1.8.1.aar (androidx.activity:activity-ktx:1.8.1) with JetifyTransform
[        ] Transforming activity-ktx-1.8.1.aar (androidx.activity:activity-ktx:1.8.1) with AarToClassTransform
[        ] Transforming activity-ktx-1.8.1.aar (androidx.activity:activity-ktx:1.8.1) with EnumerateClassesTransform
[        ] Transforming activity-1.8.1.aar (androidx.activity:activity:1.8.1) with JetifyTransform
[        ] Transforming activity-1.8.1.aar (androidx.activity:activity:1.8.1) with AarToClassTransform
[        ] Transforming activity-1.8.1.aar (androidx.activity:activity:1.8.1) with EnumerateClassesTransform
[        ] Transforming legacy-support-core-utils-1.0.0.aar (androidx.legacy:legacy-support-core-utils:1.0.0) with JetifyTransform
[        ] Transforming legacy-support-core-utils-1.0.0.aar (androidx.legacy:legacy-support-core-utils:1.0.0) with AarToClassTransform
[        ] Transforming legacy-support-core-utils-1.0.0.aar (androidx.legacy:legacy-support-core-utils:1.0.0) with EnumerateClassesTransform
[        ] Transforming loader-1.0.0.aar (androidx.loader:loader:1.0.0) with JetifyTransform
[        ] Transforming loader-1.0.0.aar (androidx.loader:loader:1.0.0) with AarToClassTransform
[        ] Transforming loader-1.0.0.aar (androidx.loader:loader:1.0.0) with EnumerateClassesTransform
[        ] Transforming loader-1.0.0.aar (androidx.loader:loader:1.0.0) with JetifyTransform
[        ] Transforming loader-1.0.0.aar (androidx.loader:loader:1.0.0) with AarToClassTransform
[        ] Transforming loader-1.0.0.aar (androidx.loader:loader:1.0.0) with EnumerateClassesTransform
[        ] Transforming viewpager-1.0.0.aar (androidx.viewpager:viewpager:1.0.0) with JetifyTransform
[        ] Transforming viewpager-1.0.0.aar (androidx.viewpager:viewpager:1.0.0) with AarToClassTransform
[        ] Transforming viewpager-1.0.0.aar (androidx.viewpager:viewpager:1.0.0) with EnumerateClassesTransform
[        ] Transforming viewpager-1.0.0.aar (androidx.viewpager:viewpager:1.0.0) with JetifyTransform
[        ] Transforming viewpager-1.0.0.aar (androidx.viewpager:viewpager:1.0.0) with AarToClassTransform
[        ] Transforming viewpager-1.0.0.aar (androidx.viewpager:viewpager:1.0.0) with EnumerateClassesTransform
[        ] Transforming ads-adservices-java-1.0.0-beta05.aar (androidx.privacysandbox.ads:ads-adservices-java:1.0.0-beta05) with JetifyTransform
[        ] Transforming ads-adservices-java-1.0.0-beta05.aar (androidx.privacysandbox.ads:ads-adservices-java:1.0.0-beta05) with AarToClassTransform
[        ] Transforming ads-adservices-java-1.0.0-beta05.aar (androidx.privacysandbox.ads:ads-adservices-java:1.0.0-beta05) with EnumerateClassesTransform
[        ] Transforming ads-adservices-1.0.0-beta05.aar (androidx.privacysandbox.ads:ads-adservices:1.0.0-beta05) with JetifyTransform
[        ] Transforming ads-adservices-1.0.0-beta05.aar (androidx.privacysandbox.ads:ads-adservices:1.0.0-beta05) with AarToClassTransform
[        ] Transforming ads-adservices-1.0.0-beta05.aar (androidx.privacysandbox.ads:ads-adservices:1.0.0-beta05) with EnumerateClassesTransform
[        ] Transforming ads-adservices-1.0.0-beta05.aar (androidx.privacysandbox.ads:ads-adservices:1.0.0-beta05) with JetifyTransform
[        ] Transforming ads-adservices-1.0.0-beta05.aar (androidx.privacysandbox.ads:ads-adservices:1.0.0-beta05) with AarToClassTransform
[        ] Transforming ads-adservices-1.0.0-beta05.aar (androidx.privacysandbox.ads:ads-adservices:1.0.0-beta05) with EnumerateClassesTransform
[        ] Transforming work-runtime-2.7.0.aar (androidx.work:work-runtime:2.7.0) with JetifyTransform
[        ] Transforming work-runtime-2.7.0.aar (androidx.work:work-runtime:2.7.0) with AarToClassTransform
[        ] Transforming work-runtime-2.7.0.aar (androidx.work:work-runtime:2.7.0) with EnumerateClassesTransform
[        ] Transforming lifecycle-runtime-ktx-2.7.0.aar (androidx.lifecycle:lifecycle-runtime-ktx:2.7.0) with JetifyTransform
[        ] Transforming lifecycle-runtime-ktx-2.7.0.aar (androidx.lifecycle:lifecycle-runtime-ktx:2.7.0) with AarToClassTransform
[        ] Transforming lifecycle-runtime-ktx-2.7.0.aar (androidx.lifecycle:lifecycle-runtime-ktx:2.7.0) with EnumerateClassesTransform
[        ] Transforming lifecycle-service-2.7.0.aar (androidx.lifecycle:lifecycle-service:2.7.0) with JetifyTransform
[        ] Transforming lifecycle-service-2.7.0.aar (androidx.lifecycle:lifecycle-service:2.7.0) with AarToClassTransform
[        ] Transforming lifecycle-service-2.7.0.aar (androidx.lifecycle:lifecycle-service:2.7.0) with EnumerateClassesTransform
[        ] Transforming lifecycle-livedata-2.7.0.aar (androidx.lifecycle:lifecycle-livedata:2.7.0) with JetifyTransform
[        ] Transforming lifecycle-livedata-2.7.0.aar (androidx.lifecycle:lifecycle-livedata:2.7.0) with AarToClassTransform
[        ] Transforming lifecycle-livedata-2.7.0.aar (androidx.lifecycle:lifecycle-livedata:2.7.0) with EnumerateClassesTransform
[        ] Transforming lifecycle-livedata-2.7.0.aar (androidx.lifecycle:lifecycle-livedata:2.7.0) with JetifyTransform
[        ] Transforming lifecycle-livedata-2.7.0.aar (androidx.lifecycle:lifecycle-livedata:2.7.0) with AarToClassTransform
[        ] Transforming lifecycle-livedata-2.7.0.aar (androidx.lifecycle:lifecycle-livedata:2.7.0) with EnumerateClassesTransform
[        ] Transforming lifecycle-livedata-core-ktx-2.7.0.aar (androidx.lifecycle:lifecycle-livedata-core-ktx:2.7.0) with JetifyTransform
[        ] Transforming lifecycle-livedata-core-ktx-2.7.0.aar (androidx.lifecycle:lifecycle-livedata-core-ktx:2.7.0) with AarToClassTransform
[        ] Transforming lifecycle-livedata-core-ktx-2.7.0.aar (androidx.lifecycle:lifecycle-livedata-core-ktx:2.7.0) with EnumerateClassesTransform
[        ] Transforming lifecycle-viewmodel-ktx-2.7.0.aar (androidx.lifecycle:lifecycle-viewmodel-ktx:2.7.0) with JetifyTransform
[        ] Transforming lifecycle-viewmodel-ktx-2.7.0.aar (androidx.lifecycle:lifecycle-viewmodel-ktx:2.7.0) with AarToClassTransform
[        ] Transforming lifecycle-viewmodel-ktx-2.7.0.aar (androidx.lifecycle:lifecycle-viewmodel-ktx:2.7.0) with EnumerateClassesTransform
[        ] Transforming lifecycle-viewmodel-2.7.0.aar (androidx.lifecycle:lifecycle-viewmodel:2.7.0) with JetifyTransform
[        ] Transforming lifecycle-viewmodel-2.7.0.aar (androidx.lifecycle:lifecycle-viewmodel:2.7.0) with AarToClassTransform
[        ] Transforming lifecycle-viewmodel-2.7.0.aar (androidx.lifecycle:lifecycle-viewmodel:2.7.0) with EnumerateClassesTransform
[        ] Transforming lifecycle-viewmodel-2.7.0.aar (androidx.lifecycle:lifecycle-viewmodel:2.7.0) with JetifyTransform
[        ] Transforming lifecycle-viewmodel-2.7.0.aar (androidx.lifecycle:lifecycle-viewmodel:2.7.0) with AarToClassTransform
[        ] Transforming lifecycle-viewmodel-2.7.0.aar (androidx.lifecycle:lifecycle-viewmodel:2.7.0) with EnumerateClassesTransform
[        ] Transforming lifecycle-livedata-core-2.7.0.aar (androidx.lifecycle:lifecycle-livedata-core:2.7.0) with JetifyTransform
[        ] Transforming lifecycle-livedata-core-2.7.0.aar (androidx.lifecycle:lifecycle-livedata-core:2.7.0) with AarToClassTransform
[        ] Transforming lifecycle-livedata-core-2.7.0.aar (androidx.lifecycle:lifecycle-livedata-core:2.7.0) with EnumerateClassesTransform
[        ] Transforming lifecycle-viewmodel-savedstate-2.7.0.aar (androidx.lifecycle:lifecycle-viewmodel-savedstate:2.7.0) with JetifyTransform
[        ] Transforming lifecycle-viewmodel-savedstate-2.7.0.aar (androidx.lifecycle:lifecycle-viewmodel-savedstate:2.7.0) with AarToClassTransform
[        ] Transforming lifecycle-viewmodel-savedstate-2.7.0.aar (androidx.lifecycle:lifecycle-viewmodel-savedstate:2.7.0) with EnumerateClassesTransform
[        ] Transforming core-ktx-1.13.1.aar (androidx.core:core-ktx:1.13.1) with JetifyTransform
[        ] Transforming core-ktx-1.13.1.aar (androidx.core:core-ktx:1.13.1) with AarToClassTransform
[        ] Transforming core-ktx-1.13.1.aar (androidx.core:core-ktx:1.13.1) with EnumerateClassesTransform
[        ] Transforming appcompat-resources-1.2.0.aar (androidx.appcompat:appcompat-resources:1.2.0) with JetifyTransform
[        ] Transforming appcompat-resources-1.2.0.aar (androidx.appcompat:appcompat-resources:1.2.0) with AarToClassTransform
[        ] Transforming appcompat-resources-1.2.0.aar (androidx.appcompat:appcompat-resources:1.2.0) with EnumerateClassesTransform
[        ] Transforming drawerlayout-1.0.0.aar (androidx.drawerlayout:drawerlayout:1.0.0) with JetifyTransform
[        ] Transforming drawerlayout-1.0.0.aar (androidx.drawerlayout:drawerlayout:1.0.0) with AarToClassTransform
[        ] Transforming drawerlayout-1.0.0.aar (androidx.drawerlayout:drawerlayout:1.0.0) with EnumerateClassesTransform
[        ] Transforming drawerlayout-1.0.0.aar (androidx.drawerlayout:drawerlayout:1.0.0) with JetifyTransform
[        ] Transforming drawerlayout-1.0.0.aar (androidx.drawerlayout:drawerlayout:1.0.0) with AarToClassTransform
[        ] Transforming drawerlayout-1.0.0.aar (androidx.drawerlayout:drawerlayout:1.0.0) with EnumerateClassesTransform
[        ] Transforming coordinatorlayout-1.0.0.aar (androidx.coordinatorlayout:coordinatorlayout:1.0.0) with JetifyTransform
[        ] Transforming coordinatorlayout-1.0.0.aar (androidx.coordinatorlayout:coordinatorlayout:1.0.0) with AarToClassTransform
[        ] Transforming coordinatorlayout-1.0.0.aar (androidx.coordinatorlayout:coordinatorlayout:1.0.0) with EnumerateClassesTransform
[        ] Transforming customview-1.1.0.aar (androidx.customview:customview:1.1.0) with JetifyTransform
[        ] Transforming customview-1.1.0.aar (androidx.customview:customview:1.1.0) with AarToClassTransform
[        ] Transforming customview-1.1.0.aar (androidx.customview:customview:1.1.0) with EnumerateClassesTransform
[        ] Transforming customview-1.1.0.aar (androidx.customview:customview:1.1.0) with JetifyTransform
[        ] Transforming customview-1.1.0.aar (androidx.customview:customview:1.1.0) with AarToClassTransform
[        ] Transforming customview-1.1.0.aar (androidx.customview:customview:1.1.0) with EnumerateClassesTransform
[        ] Transforming transition-1.4.1.aar (androidx.transition:transition:1.4.1) with JetifyTransform
[        ] Transforming transition-1.4.1.aar (androidx.transition:transition:1.4.1) with AarToClassTransform
[        ] Transforming transition-1.4.1.aar (androidx.transition:transition:1.4.1) with EnumerateClassesTransform
[        ] Transforming vectordrawable-animated-1.1.0.aar (androidx.vectordrawable:vectordrawable-animated:1.1.0) with JetifyTransform
[        ] Transforming vectordrawable-animated-1.1.0.aar (androidx.vectordrawable:vectordrawable-animated:1.1.0) with AarToClassTransform
[        ] Transforming vectordrawable-animated-1.1.0.aar (androidx.vectordrawable:vectordrawable-animated:1.1.0) with EnumerateClassesTransform
[        ] Transforming vectordrawable-1.1.0.aar (androidx.vectordrawable:vectordrawable:1.1.0) with JetifyTransform
[        ] Transforming vectordrawable-1.1.0.aar (androidx.vectordrawable:vectordrawable:1.1.0) with AarToClassTransform
[        ] Transforming vectordrawable-1.1.0.aar (androidx.vectordrawable:vectordrawable:1.1.0) with EnumerateClassesTransform
[        ] Transforming vectordrawable-1.1.0.aar (androidx.vectordrawable:vectordrawable:1.1.0) with JetifyTransform
[        ] Transforming vectordrawable-1.1.0.aar (androidx.vectordrawable:vectordrawable:1.1.0) with AarToClassTransform
[        ] Transforming vectordrawable-1.1.0.aar (androidx.vectordrawable:vectordrawable:1.1.0) with EnumerateClassesTransform
[        ] Transforming swiperefreshlayout-1.0.0.aar (androidx.swiperefreshlayout:swiperefreshlayout:1.0.0) with JetifyTransform
[        ] Transforming swiperefreshlayout-1.0.0.aar (androidx.swiperefreshlayout:swiperefreshlayout:1.0.0) with AarToClassTransform
[        ] Transforming swiperefreshlayout-1.0.0.aar (androidx.swiperefreshlayout:swiperefreshlayout:1.0.0) with EnumerateClassesTransform
[        ] Transforming asynclayoutinflater-1.0.0.aar (androidx.asynclayoutinflater:asynclayoutinflater:1.0.0) with JetifyTransform
[        ] Transforming asynclayoutinflater-1.0.0.aar (androidx.asynclayoutinflater:asynclayoutinflater:1.0.0) with AarToClassTransform
[        ] Transforming asynclayoutinflater-1.0.0.aar (androidx.asynclayoutinflater:asynclayoutinflater:1.0.0) with EnumerateClassesTransform
[        ] Transforming core-1.13.1.aar (androidx.core:core:1.13.1) with JetifyTransform
[        ] Transforming core-1.13.1.aar (androidx.core:core:1.13.1) with AarToClassTransform
[        ] Transforming core-1.13.1.aar (androidx.core:core:1.13.1) with EnumerateClassesTransform
[        ] Transforming core-1.13.1.aar (androidx.core:core:1.13.1) with JetifyTransform
[        ] Transforming core-1.13.1.aar (androidx.core:core:1.13.1) with AarToClassTransform
[        ] Transforming core-1.13.1.aar (androidx.core:core:1.13.1) with EnumerateClassesTransform
[        ] Transforming lifecycle-runtime-2.7.0.aar (androidx.lifecycle:lifecycle-runtime:2.7.0) with JetifyTransform
[        ] Transforming lifecycle-runtime-2.7.0.aar (androidx.lifecycle:lifecycle-runtime:2.7.0) with AarToClassTransform
[        ] Transforming lifecycle-runtime-2.7.0.aar (androidx.lifecycle:lifecycle-runtime:2.7.0) with EnumerateClassesTransform
[        ] Transforming lifecycle-common-java8-2.7.0.jar (androidx.lifecycle:lifecycle-common-java8:2.7.0) with JetifyTransform
[        ] Transforming lifecycle-common-java8-2.7.0.jar (androidx.lifecycle:lifecycle-common-java8:2.7.0) with IdentityTransform
[        ] Transforming lifecycle-common-java8-2.7.0.jar (androidx.lifecycle:lifecycle-common-java8:2.7.0) with EnumerateClassesTransform
[        ] Transforming savedstate-ktx-1.2.1.aar (androidx.savedstate:savedstate-ktx:1.2.1) with JetifyTransform
[        ] Transforming savedstate-ktx-1.2.1.aar (androidx.savedstate:savedstate-ktx:1.2.1) with AarToClassTransform
[        ] Transforming savedstate-ktx-1.2.1.aar (androidx.savedstate:savedstate-ktx:1.2.1) with EnumerateClassesTransform
[        ] Transforming savedstate-1.2.1.aar (androidx.savedstate:savedstate:1.2.1) with JetifyTransform
[        ] Transforming savedstate-1.2.1.aar (androidx.savedstate:savedstate:1.2.1) with AarToClassTransform
[        ] Transforming savedstate-1.2.1.aar (androidx.savedstate:savedstate:1.2.1) with EnumerateClassesTransform
[        ] Transforming lifecycle-common-2.7.0.jar (androidx.lifecycle:lifecycle-common:2.7.0) with JetifyTransform
[        ] Transforming lifecycle-common-2.7.0.jar (androidx.lifecycle:lifecycle-common:2.7.0) with IdentityTransform
[        ] Transforming lifecycle-common-2.7.0.jar (androidx.lifecycle:lifecycle-common:2.7.0) with EnumerateClassesTransform
[        ] Transforming lifecycle-process-2.7.0.aar (androidx.lifecycle:lifecycle-process:2.7.0) with JetifyTransform
[        ] Transforming lifecycle-process-2.7.0.aar (androidx.lifecycle:lifecycle-process:2.7.0) with AarToClassTransform
[        ] Transforming lifecycle-process-2.7.0.aar (androidx.lifecycle:lifecycle-process:2.7.0) with EnumerateClassesTransform
[        ] Transforming datastore-preferences-external-protobuf-1.1.7.jar (androidx.datastore:datastore-preferences-external-protobuf:1.1.7) with JetifyTransform
[        ] Transforming datastore-preferences-external-protobuf-1.1.7.jar (androidx.datastore:datastore-preferences-external-protobuf:1.1.7) with IdentityTransform
[        ] Transforming datastore-preferences-external-protobuf-1.1.7.jar (androidx.datastore:datastore-preferences-external-protobuf:1.1.7) with EnumerateClassesTransform
[        ] Transforming datastore-preferences-proto-1.1.7.jar (androidx.datastore:datastore-preferences-proto:1.1.7) with JetifyTransform
[        ] Transforming datastore-preferences-proto-1.1.7.jar (androidx.datastore:datastore-preferences-proto:1.1.7) with IdentityTransform
[        ] Transforming datastore-preferences-proto-1.1.7.jar (androidx.datastore:datastore-preferences-proto:1.1.7) with EnumerateClassesTransform
[        ] Transforming datastore-preferences-core-release.aar (androidx.datastore:datastore-preferences-core-android:1.1.7) with JetifyTransform
[        ] Transforming datastore-preferences-core-release.aar (androidx.datastore:datastore-preferences-core-android:1.1.7) with AarToClassTransform
[        ] Transforming datastore-preferences-core-release.aar (androidx.datastore:datastore-preferences-core-android:1.1.7) with EnumerateClassesTransform
[        ] Transforming datastore-core-okio-jvm-1.1.7.jar (androidx.datastore:datastore-core-okio-jvm:1.1.7) with JetifyTransform
[        ] Transforming datastore-core-okio-jvm-1.1.7.jar (androidx.datastore:datastore-core-okio-jvm:1.1.7) with IdentityTransform
[        ] Transforming datastore-core-okio-jvm-1.1.7.jar (androidx.datastore:datastore-core-okio-jvm:1.1.7) with EnumerateClassesTransform
[        ] Transforming datastore-core-release.aar (androidx.datastore:datastore-core-android:1.1.7) with JetifyTransform
[        ] Transforming datastore-core-release.aar (androidx.datastore:datastore-core-android:1.1.7) with AarToClassTransform
[        ] Transforming datastore-core-release.aar (androidx.datastore:datastore-core-android:1.1.7) with EnumerateClassesTransform
[        ] Transforming datastore-preferences-release.aar (androidx.datastore:datastore-preferences-android:1.1.7) with JetifyTransform
[        ] Transforming datastore-preferences-release.aar (androidx.datastore:datastore-preferences-android:1.1.7) with AarToClassTransform
[        ] Transforming datastore-preferences-release.aar (androidx.datastore:datastore-preferences-android:1.1.7) with EnumerateClassesTransform
[        ] Transforming datastore-release.aar (androidx.datastore:datastore-android:1.1.7) with JetifyTransform
[        ] Transforming datastore-release.aar (androidx.datastore:datastore-android:1.1.7) with AarToClassTransform
[        ] Transforming datastore-release.aar (androidx.datastore:datastore-android:1.1.7) with EnumerateClassesTransform
[        ] Transforming profileinstaller-1.3.1.aar (androidx.profileinstaller:profileinstaller:1.3.1) with JetifyTransform
[        ] Transforming profileinstaller-1.3.1.aar (androidx.profileinstaller:profileinstaller:1.3.1) with AarToClassTransform
[        ] Transforming profileinstaller-1.3.1.aar (androidx.profileinstaller:profileinstaller:1.3.1) with EnumerateClassesTransform
[        ] Transforming startup-runtime-1.1.1.aar (androidx.startup:startup-runtime:1.1.1) with JetifyTransform
[        ] Transforming startup-runtime-1.1.1.aar (androidx.startup:startup-runtime:1.1.1) with AarToClassTransform
[        ] Transforming startup-runtime-1.1.1.aar (androidx.startup:startup-runtime:1.1.1) with EnumerateClassesTransform
[        ] Transforming tracing-1.2.0.aar (androidx.tracing:tracing:1.2.0) with JetifyTransform
[        ] Transforming tracing-1.2.0.aar (androidx.tracing:tracing:1.2.0) with AarToClassTransform
[        ] Transforming tracing-1.2.0.aar (androidx.tracing:tracing:1.2.0) with EnumerateClassesTransform
[        ] Transforming exifinterface-1.4.1.aar (androidx.exifinterface:exifinterface:1.4.1) with JetifyTransform
[        ] Transforming exifinterface-1.4.1.aar (androidx.exifinterface:exifinterface:1.4.1) with AarToClassTransform
[        ] Transforming exifinterface-1.4.1.aar (androidx.exifinterface:exifinterface:1.4.1) with EnumerateClassesTransform
[        ] Transforming room-runtime-2.2.5.aar (androidx.room:room-runtime:2.2.5) with JetifyTransform
[        ] Transforming room-runtime-2.2.5.aar (androidx.room:room-runtime:2.2.5) with AarToClassTransform
[        ] Transforming room-runtime-2.2.5.aar (androidx.room:room-runtime:2.2.5) with EnumerateClassesTransform
[        ] Transforming core-runtime-2.2.0.aar (androidx.arch.core:core-runtime:2.2.0) with JetifyTransform
[        ] Transforming core-runtime-2.2.0.aar (androidx.arch.core:core-runtime:2.2.0) with AarToClassTransform
[        ] Transforming core-runtime-2.2.0.aar (androidx.arch.core:core-runtime:2.2.0) with EnumerateClassesTransform
[        ] Transforming core-runtime-2.2.0.aar (androidx.arch.core:core-runtime:2.2.0) with JetifyTransform
[        ] Transforming core-runtime-2.2.0.aar (androidx.arch.core:core-runtime:2.2.0) with AarToClassTransform
[        ] Transforming core-runtime-2.2.0.aar (androidx.arch.core:core-runtime:2.2.0) with EnumerateClassesTransform
[        ] Transforming core-common-2.2.0.jar (androidx.arch.core:core-common:2.2.0) with JetifyTransform
[        ] Transforming core-common-2.2.0.jar (androidx.arch.core:core-common:2.2.0) with IdentityTransform
[        ] Transforming core-common-2.2.0.jar (androidx.arch.core:core-common:2.2.0) with EnumerateClassesTransform
[        ] Transforming versionedparcelable-1.1.1.aar (androidx.versionedparcelable:versionedparcelable:1.1.1) with JetifyTransform
[        ] Transforming versionedparcelable-1.1.1.aar (androidx.versionedparcelable:versionedparcelable:1.1.1) with AarToClassTransform
[        ] Transforming versionedparcelable-1.1.1.aar (androidx.versionedparcelable:versionedparcelable:1.1.1) with EnumerateClassesTransform
[        ] Transforming collection-ktx-1.1.0.jar (androidx.collection:collection-ktx:1.1.0) with JetifyTransform
[        ] Transforming collection-ktx-1.1.0.jar (androidx.collection:collection-ktx:1.1.0) with IdentityTransform
[        ] Transforming collection-ktx-1.1.0.jar (androidx.collection:collection-ktx:1.1.0) with EnumerateClassesTransform
[        ] Transforming collection-1.1.0.jar (androidx.collection:collection:1.1.0) with JetifyTransform
[        ] Transforming collection-1.1.0.jar (androidx.collection:collection:1.1.0) with IdentityTransform
[        ] Transforming collection-1.1.0.jar (androidx.collection:collection:1.1.0) with EnumerateClassesTransform
[        ] Transforming interpolator-1.0.0.aar (androidx.interpolator:interpolator:1.0.0) with JetifyTransform
[        ] Transforming interpolator-1.0.0.aar (androidx.interpolator:interpolator:1.0.0) with AarToClassTransform
[        ] Transforming interpolator-1.0.0.aar (androidx.interpolator:interpolator:1.0.0) with EnumerateClassesTransform
[        ] Transforming interpolator-1.0.0.aar (androidx.interpolator:interpolator:1.0.0) with JetifyTransform
[        ] Transforming interpolator-1.0.0.aar (androidx.interpolator:interpolator:1.0.0) with AarToClassTransform
[        ] Transforming interpolator-1.0.0.aar (androidx.interpolator:interpolator:1.0.0) with EnumerateClassesTransform
[        ] Transforming concurrent-futures-1.1.0.jar (androidx.concurrent:concurrent-futures:1.1.0) with JetifyTransform
[        ] Transforming concurrent-futures-1.1.0.jar (androidx.concurrent:concurrent-futures:1.1.0) with IdentityTransform
[        ] Transforming concurrent-futures-1.1.0.jar (androidx.concurrent:concurrent-futures:1.1.0) with EnumerateClassesTransform
[        ] Transforming cursoradapter-1.0.0.aar (androidx.cursoradapter:cursoradapter:1.0.0) with JetifyTransform
[        ] Transforming cursoradapter-1.0.0.aar (androidx.cursoradapter:cursoradapter:1.0.0) with AarToClassTransform
[        ] Transforming cursoradapter-1.0.0.aar (androidx.cursoradapter:cursoradapter:1.0.0) with EnumerateClassesTransform
[        ] Transforming cursoradapter-1.0.0.aar (androidx.cursoradapter:cursoradapter:1.0.0) with JetifyTransform
[        ] Transforming cursoradapter-1.0.0.aar (androidx.cursoradapter:cursoradapter:1.0.0) with AarToClassTransform
[        ] Transforming cursoradapter-1.0.0.aar (androidx.cursoradapter:cursoradapter:1.0.0) with EnumerateClassesTransform
[        ] Transforming core-1.0.0.aar (androidx.window.extensions.core:core:1.0.0) with JetifyTransform
[        ] Transforming core-1.0.0.aar (androidx.window.extensions.core:core:1.0.0) with AarToClassTransform
[        ] Transforming core-1.0.0.aar (androidx.window.extensions.core:core:1.0.0) with EnumerateClassesTransform
[        ] Transforming sqlite-framework-2.1.0.aar (androidx.sqlite:sqlite-framework:2.1.0) with JetifyTransform
[        ] Transforming sqlite-framework-2.1.0.aar (androidx.sqlite:sqlite-framework:2.1.0) with AarToClassTransform
[        ] Transforming sqlite-framework-2.1.0.aar (androidx.sqlite:sqlite-framework:2.1.0) with EnumerateClassesTransform
[        ] Transforming sqlite-framework-2.1.0.aar (androidx.sqlite:sqlite-framework:2.1.0) with JetifyTransform
[        ] Transforming sqlite-framework-2.1.0.aar (androidx.sqlite:sqlite-framework:2.1.0) with AarToClassTransform
[        ] Transforming sqlite-framework-2.1.0.aar (androidx.sqlite:sqlite-framework:2.1.0) with EnumerateClassesTransform
[        ] Transforming sqlite-2.1.0.aar (androidx.sqlite:sqlite:2.1.0) with JetifyTransform
[        ] Transforming sqlite-2.1.0.aar (androidx.sqlite:sqlite:2.1.0) with AarToClassTransform
[        ] Transforming sqlite-2.1.0.aar (androidx.sqlite:sqlite:2.1.0) with EnumerateClassesTransform
[        ] Transforming sqlite-2.1.0.aar (androidx.sqlite:sqlite:2.1.0) with JetifyTransform
[        ] Transforming sqlite-2.1.0.aar (androidx.sqlite:sqlite:2.1.0) with AarToClassTransform
[        ] Transforming sqlite-2.1.0.aar (androidx.sqlite:sqlite:2.1.0) with EnumerateClassesTransform
[        ] Transforming room-common-2.2.5.jar (androidx.room:room-common:2.2.5) with JetifyTransform
[        ] Transforming room-common-2.2.5.jar (androidx.room:room-common:2.2.5) with IdentityTransform
[        ] Transforming room-common-2.2.5.jar (androidx.room:room-common:2.2.5) with EnumerateClassesTransform
[        ] Transforming documentfile-1.0.0.aar (androidx.documentfile:documentfile:1.0.0) with JetifyTransform
[        ] Transforming documentfile-1.0.0.aar (androidx.documentfile:documentfile:1.0.0) with AarToClassTransform
[        ] Transforming documentfile-1.0.0.aar (androidx.documentfile:documentfile:1.0.0) with EnumerateClassesTransform
[        ] Transforming localbroadcastmanager-1.0.0.aar (androidx.localbroadcastmanager:localbroadcastmanager:1.0.0) with JetifyTransform
[        ] Transforming localbroadcastmanager-1.0.0.aar (androidx.localbroadcastmanager:localbroadcastmanager:1.0.0) with AarToClassTransform
[        ] Transforming localbroadcastmanager-1.0.0.aar (androidx.localbroadcastmanager:localbroadcastmanager:1.0.0) with EnumerateClassesTransform
[        ] Transforming print-1.0.0.aar (androidx.print:print:1.0.0) with JetifyTransform
[        ] Transforming print-1.0.0.aar (androidx.print:print:1.0.0) with AarToClassTransform
[        ] Transforming print-1.0.0.aar (androidx.print:print:1.0.0) with EnumerateClassesTransform
[        ] Transforming annotation-jvm-1.10.0.jar (androidx.annotation:annotation-jvm:1.10.0) with JetifyTransform
[        ] Transforming annotation-jvm-1.10.0.jar (androidx.annotation:annotation-jvm:1.10.0) with IdentityTransform
[        ] Transforming annotation-jvm-1.10.0.jar (androidx.annotation:annotation-jvm:1.10.0) with EnumerateClassesTransform
[        ] Transforming annotation-experimental-1.4.0.aar (androidx.annotation:annotation-experimental:1.4.0) with JetifyTransform
[        ] Transforming annotation-experimental-1.4.0.aar (androidx.annotation:annotation-experimental:1.4.0) with AarToClassTransform
[        ] Transforming annotation-experimental-1.4.0.aar (androidx.annotation:annotation-experimental:1.4.0) with EnumerateClassesTransform
[        ] Transforming kotlin-parcelize-runtime-1.9.22.jar (org.jetbrains.kotlin:kotlin-parcelize-runtime:1.9.22) with JetifyTransform
[        ] Transforming kotlin-parcelize-runtime-1.9.22.jar (org.jetbrains.kotlin:kotlin-parcelize-runtime:1.9.22) with IdentityTransform
[        ] Transforming kotlin-parcelize-runtime-1.9.22.jar (org.jetbrains.kotlin:kotlin-parcelize-runtime:1.9.22) with EnumerateClassesTransform
[        ] Transforming okio-jvm-3.4.0.jar (com.squareup.okio:okio-jvm:3.4.0) with JetifyTransform
[        ] Transforming okio-jvm-3.4.0.jar (com.squareup.okio:okio-jvm:3.4.0) with IdentityTransform
[        ] Transforming okio-jvm-3.4.0.jar (com.squareup.okio:okio-jvm:3.4.0) with EnumerateClassesTransform
[        ] Transforming kotlinx-coroutines-core-jvm-1.7.3.jar (org.jetbrains.kotlinx:kotlinx-coroutines-core-jvm:1.7.3) with JetifyTransform
[        ] Transforming kotlinx-coroutines-core-jvm-1.7.3.jar (org.jetbrains.kotlinx:kotlinx-coroutines-core-jvm:1.7.3) with IdentityTransform
[        ] Transforming kotlinx-coroutines-core-jvm-1.7.3.jar (org.jetbrains.kotlinx:kotlinx-coroutines-core-jvm:1.7.3) with EnumerateClassesTransform
[        ] Transforming kotlinx-coroutines-android-1.7.3.jar (org.jetbrains.kotlinx:kotlinx-coroutines-android:1.7.3) with JetifyTransform
[        ] Transforming kotlinx-coroutines-android-1.7.3.jar (org.jetbrains.kotlinx:kotlinx-coroutines-android:1.7.3) with IdentityTransform
[        ] Transforming kotlinx-coroutines-android-1.7.3.jar (org.jetbrains.kotlinx:kotlinx-coroutines-android:1.7.3) with EnumerateClassesTransform
[        ] Transforming kotlin-stdlib-jdk8-1.8.20.jar (org.jetbrains.kotlin:kotlin-stdlib-jdk8:1.8.20) with JetifyTransform
[        ] Transforming kotlin-stdlib-jdk8-1.8.20.jar (org.jetbrains.kotlin:kotlin-stdlib-jdk8:1.8.20) with IdentityTransform
[        ] Transforming kotlin-stdlib-jdk8-1.8.20.jar (org.jetbrains.kotlin:kotlin-stdlib-jdk8:1.8.20) with EnumerateClassesTransform
[        ] Transforming kotlin-android-extensions-runtime-1.9.22.jar (org.jetbrains.kotlin:kotlin-android-extensions-runtime:1.9.22) with JetifyTransform
[        ] Transforming kotlin-android-extensions-runtime-1.9.22.jar (org.jetbrains.kotlin:kotlin-android-extensions-runtime:1.9.22) with IdentityTransform
[        ] Transforming kotlin-android-extensions-runtime-1.9.22.jar (org.jetbrains.kotlin:kotlin-android-extensions-runtime:1.9.22) with EnumerateClassesTransform
[        ] Transforming kotlin-stdlib-jdk7-1.8.20.jar (org.jetbrains.kotlin:kotlin-stdlib-jdk7:1.8.20) with JetifyTransform
[        ] Transforming kotlin-stdlib-jdk7-1.8.20.jar (org.jetbrains.kotlin:kotlin-stdlib-jdk7:1.8.20) with IdentityTransform
[        ] Transforming kotlin-stdlib-jdk7-1.8.20.jar (org.jetbrains.kotlin:kotlin-stdlib-jdk7:1.8.20) with EnumerateClassesTransform
[        ] Transforming kotlin-stdlib-2.1.20.jar (org.jetbrains.kotlin:kotlin-stdlib:2.1.20) with JetifyTransform
[        ] Transforming kotlin-stdlib-2.1.20.jar (org.jetbrains.kotlin:kotlin-stdlib:2.1.20) with IdentityTransform
[        ] Transforming kotlin-stdlib-2.1.20.jar (org.jetbrains.kotlin:kotlin-stdlib:2.1.20) with EnumerateClassesTransform
[        ] Transforming armeabi_v7a_debug-1.0.0-77e2e94772b6eb43759e34ed1ad7da4674e19cab.jar (io.flutter:armeabi_v7a_debug:1.0.0-77e2e94772b6eb43759e34ed1ad7da4674e19cab) with JetifyTransform
[        ] Transforming armeabi_v7a_debug-1.0.0-77e2e94772b6eb43759e34ed1ad7da4674e19cab.jar (io.flutter:armeabi_v7a_debug:1.0.0-77e2e94772b6eb43759e34ed1ad7da4674e19cab) with IdentityTransform
[        ] Transforming armeabi_v7a_debug-1.0.0-77e2e94772b6eb43759e34ed1ad7da4674e19cab.jar (io.flutter:armeabi_v7a_debug:1.0.0-77e2e94772b6eb43759e34ed1ad7da4674e19cab) with EnumerateClassesTransform
[        ] Transforming arm64_v8a_debug-1.0.0-77e2e94772b6eb43759e34ed1ad7da4674e19cab.jar (io.flutter:arm64_v8a_debug:1.0.0-77e2e94772b6eb43759e34ed1ad7da4674e19cab) with JetifyTransform
[        ] Transforming arm64_v8a_debug-1.0.0-77e2e94772b6eb43759e34ed1ad7da4674e19cab.jar (io.flutter:arm64_v8a_debug:1.0.0-77e2e94772b6eb43759e34ed1ad7da4674e19cab) with IdentityTransform
[        ] Transforming arm64_v8a_debug-1.0.0-77e2e94772b6eb43759e34ed1ad7da4674e19cab.jar (io.flutter:arm64_v8a_debug:1.0.0-77e2e94772b6eb43759e34ed1ad7da4674e19cab) with EnumerateClassesTransform
[        ] Transforming x86_64_debug-1.0.0-77e2e94772b6eb43759e34ed1ad7da4674e19cab.jar (io.flutter:x86_64_debug:1.0.0-77e2e94772b6eb43759e34ed1ad7da4674e19cab) with JetifyTransform
[        ] Transforming x86_64_debug-1.0.0-77e2e94772b6eb43759e34ed1ad7da4674e19cab.jar (io.flutter:x86_64_debug:1.0.0-77e2e94772b6eb43759e34ed1ad7da4674e19cab) with IdentityTransform
[        ] Transforming x86_64_debug-1.0.0-77e2e94772b6eb43759e34ed1ad7da4674e19cab.jar (io.flutter:x86_64_debug:1.0.0-77e2e94772b6eb43759e34ed1ad7da4674e19cab) with EnumerateClassesTransform
[        ] Transforming annotations-23.0.0.jar (org.jetbrains:annotations:23.0.0) with JetifyTransform
[        ] Transforming annotations-23.0.0.jar (org.jetbrains:annotations:23.0.0) with IdentityTransform
[        ] Transforming annotations-23.0.0.jar (org.jetbrains:annotations:23.0.0) with EnumerateClassesTransform
[        ] Transforming commons-imaging-1.0-alpha3.jar (org.apache.commons:commons-imaging:1.0-alpha3) with JetifyTransform
[        ] Transforming commons-imaging-1.0-alpha3.jar (org.apache.commons:commons-imaging:1.0-alpha3) with IdentityTransform
[        ] Transforming commons-imaging-1.0-alpha3.jar (org.apache.commons:commons-imaging:1.0-alpha3) with EnumerateClassesTransform
[        ] Transforming guava-31.1-android.jar (com.google.guava:guava:31.1-android) with JetifyTransform
[        ] Transforming guava-31.1-android.jar (com.google.guava:guava:31.1-android) with IdentityTransform
[        ] Transforming guava-31.1-android.jar (com.google.guava:guava:31.1-android) with EnumerateClassesTransform
[        ] Transforming error_prone_annotations-2.16.jar (com.google.errorprone:error_prone_annotations:2.16) with JetifyTransform
[        ] Transforming error_prone_annotations-2.16.jar (com.google.errorprone:error_prone_annotations:2.16) with IdentityTransform
[        ] Transforming error_prone_annotations-2.16.jar (com.google.errorprone:error_prone_annotations:2.16) with EnumerateClassesTransform
[        ] Transforming relinker-1.4.5.aar (com.getkeepsafe.relinker:relinker:1.4.5) with JetifyTransform
[        ] Transforming relinker-1.4.5.aar (com.getkeepsafe.relinker:relinker:1.4.5) with AarToClassTransform
[        ] Transforming relinker-1.4.5.aar (com.getkeepsafe.relinker:relinker:1.4.5) with EnumerateClassesTransform
[        ] Transforming listenablefuture-9999.0-empty-to-avoid-conflict-with-guava.jar (com.google.guava:listenablefuture:9999.0-empty-to-avoid-conflict-with-guava) with JetifyTransform
[        ] Transforming listenablefuture-9999.0-empty-to-avoid-conflict-with-guava.jar (com.google.guava:listenablefuture:9999.0-empty-to-avoid-conflict-with-guava) with IdentityTransform
[        ] Transforming listenablefuture-9999.0-empty-to-avoid-conflict-with-guava.jar (com.google.guava:listenablefuture:9999.0-empty-to-avoid-conflict-with-guava) with EnumerateClassesTransform
[        ] Transforming constraintlayout-core-1.0.4.jar (androidx.constraintlayout:constraintlayout-core:1.0.4) with JetifyTransform
[        ] Transforming constraintlayout-core-1.0.4.jar (androidx.constraintlayout:constraintlayout-core:1.0.4) with IdentityTransform
[        ] Transforming constraintlayout-core-1.0.4.jar (androidx.constraintlayout:constraintlayout-core:1.0.4) with EnumerateClassesTransform
[        ] Transforming jspecify-1.0.0.jar (org.jspecify:jspecify:1.0.0) with JetifyTransform
[        ] Transforming jspecify-1.0.0.jar (org.jspecify:jspecify:1.0.0) with IdentityTransform
[        ] Transforming jspecify-1.0.0.jar (org.jspecify:jspecify:1.0.0) with EnumerateClassesTransform
[        ] Transforming failureaccess-1.0.1.jar (com.google.guava:failureaccess:1.0.1) with JetifyTransform
[        ] Transforming failureaccess-1.0.1.jar (com.google.guava:failureaccess:1.0.1) with IdentityTransform
[        ] Transforming failureaccess-1.0.1.jar (com.google.guava:failureaccess:1.0.1) with EnumerateClassesTransform
[        ] Transforming jsr305-3.0.2.jar (com.google.code.findbugs:jsr305:3.0.2) with JetifyTransform
[        ] Transforming jsr305-3.0.2.jar (com.google.code.findbugs:jsr305:3.0.2) with IdentityTransform
[        ] Transforming jsr305-3.0.2.jar (com.google.code.findbugs:jsr305:3.0.2) with EnumerateClassesTransform
[        ] Transforming checker-qual-3.12.0.jar (org.checkerframework:checker-qual:3.12.0) with JetifyTransform
[        ] Transforming checker-qual-3.12.0.jar (org.checkerframework:checker-qual:3.12.0) with IdentityTransform
[        ] Transforming checker-qual-3.12.0.jar (org.checkerframework:checker-qual:3.12.0) with EnumerateClassesTransform
[        ] Transforming j2objc-annotations-1.3.jar (com.google.j2objc:j2objc-annotations:1.3) with JetifyTransform
[        ] Transforming j2objc-annotations-1.3.jar (com.google.j2objc:j2objc-annotations:1.3) with IdentityTransform
[        ] Transforming j2objc-annotations-1.3.jar (com.google.j2objc:j2objc-annotations:1.3) with EnumerateClassesTransform
[        ] Caching disabled for task ':app:checkDebugDuplicateClasses' because:
[        ]   Build cache is disabled
[        ]   Caching has been disabled for the task
[        ] Skipping task ':app:checkDebugDuplicateClasses' as it is up-to-date.
[        ] Resolve mutations for :app:mergeExtDexDebug (Thread[#8288,Execution worker Thread 6,5,main]) started.
[        ] :app:mergeExtDexDebug (Thread[#8288,Execution worker Thread 6,5,main]) started.
[        ] > Task :app:mergeExtDexDebug UP-TO-DATE
[        ] Transforming flutter_embedding_debug-1.0.0-77e2e94772b6eb43759e34ed1ad7da4674e19cab.jar (io.flutter:flutter_embedding_debug:1.0.0-77e2e94772b6eb43759e34ed1ad7da4674e19cab) with JetifyTransform
[        ] Transforming flutter_embedding_debug-1.0.0-77e2e94772b6eb43759e34ed1ad7da4674e19cab.jar (io.flutter:flutter_embedding_debug:1.0.0-77e2e94772b6eb43759e34ed1ad7da4674e19cab) with IdentityTransform
[        ] Transforming flutter_embedding_debug-1.0.0-77e2e94772b6eb43759e34ed1ad7da4674e19cab.jar (io.flutter:flutter_embedding_debug:1.0.0-77e2e94772b6eb43759e34ed1ad7da4674e19cab) with IdentityTransform
[        ] Transforming flutter_embedding_debug-1.0.0-77e2e94772b6eb43759e34ed1ad7da4674e19cab.jar (io.flutter:flutter_embedding_debug:1.0.0-77e2e94772b6eb43759e34ed1ad7da4674e19cab) with DexingNoClasspathTransform
[        ] Transforming flutter_embedding_debug-1.0.0-77e2e94772b6eb43759e34ed1ad7da4674e19cab.jar (io.flutter:flutter_embedding_debug:1.0.0-77e2e94772b6eb43759e34ed1ad7da4674e19cab) with DexingOutputSplitTransform
[        ] Transforming play-services-ads-23.6.0.aar (com.google.android.gms:play-services-ads:23.6.0) with JetifyTransform
[        ] Transforming play-services-ads-23.6.0.aar (com.google.android.gms:play-services-ads:23.6.0) with AarToClassTransform
[        ] Transforming play-services-ads-23.6.0.aar (com.google.android.gms:play-services-ads:23.6.0) with IdentityTransform
[        ] Transforming play-services-ads-23.6.0.aar (com.google.android.gms:play-services-ads:23.6.0) with DexingNoClasspathTransform
[        ] Transforming play-services-ads-23.6.0.aar (com.google.android.gms:play-services-ads:23.6.0) with DexingOutputSplitTransform
[        ] Transforming play-services-ads-lite-23.6.0.aar (com.google.android.gms:play-services-ads-lite:23.6.0) with JetifyTransform
[        ] Transforming play-services-ads-lite-23.6.0.aar (com.google.android.gms:play-services-ads-lite:23.6.0) with AarToClassTransform
[        ] Transforming play-services-ads-lite-23.6.0.aar (com.google.android.gms:play-services-ads-lite:23.6.0) with IdentityTransform
[        ] Transforming play-services-ads-lite-23.6.0.aar (com.google.android.gms:play-services-ads-lite:23.6.0) with DexingNoClasspathTransform
[        ] Transforming play-services-ads-lite-23.6.0.aar (com.google.android.gms:play-services-ads-lite:23.6.0) with DexingOutputSplitTransform
[        ] Transforming user-messaging-platform-3.1.0.aar (com.google.android.ump:user-messaging-platform:3.1.0) with JetifyTransform
[        ] Transforming user-messaging-platform-3.1.0.aar (com.google.android.ump:user-messaging-platform:3.1.0) with AarToClassTransform
[        ] Transforming user-messaging-platform-3.1.0.aar (com.google.android.ump:user-messaging-platform:3.1.0) with IdentityTransform
[        ] Transforming user-messaging-platform-3.1.0.aar (com.google.android.ump:user-messaging-platform:3.1.0) with DexingNoClasspathTransform
[        ] Transforming user-messaging-platform-3.1.0.aar (com.google.android.ump:user-messaging-platform:3.1.0) with DexingOutputSplitTransform
[        ] Transforming user-messaging-platform-3.1.0.aar (com.google.android.ump:user-messaging-platform:3.1.0) with JetifyTransform
[        ] Transforming user-messaging-platform-3.1.0.aar (com.google.android.ump:user-messaging-platform:3.1.0) with AarToClassTransform
[        ] Transforming user-messaging-platform-3.1.0.aar (com.google.android.ump:user-messaging-platform:3.1.0) with IdentityTransform
[        ] Transforming user-messaging-platform-3.1.0.aar (com.google.android.ump:user-messaging-platform:3.1.0) with DexingNoClasspathTransform
[        ] Transforming user-messaging-platform-3.1.0.aar (com.google.android.ump:user-messaging-platform:3.1.0) with DexingOutputSplitTransform
[        ] Transforming play-services-ads-base-23.6.0.aar (com.google.android.gms:play-services-ads-base:23.6.0) with JetifyTransform
[        ] Transforming play-services-ads-base-23.6.0.aar (com.google.android.gms:play-services-ads-base:23.6.0) with AarToClassTransform
[        ] Transforming play-services-ads-base-23.6.0.aar (com.google.android.gms:play-services-ads-base:23.6.0) with IdentityTransform
[        ] Transforming play-services-ads-base-23.6.0.aar (com.google.android.gms:play-services-ads-base:23.6.0) with DexingNoClasspathTransform
[        ] Transforming play-services-ads-base-23.6.0.aar (com.google.android.gms:play-services-ads-base:23.6.0) with DexingOutputSplitTransform
[        ] Transforming play-services-ads-identifier-18.0.0.aar (com.google.android.gms:play-services-ads-identifier:18.0.0) with JetifyTransform
[        ] Transforming play-services-ads-identifier-18.0.0.aar (com.google.android.gms:play-services-ads-identifier:18.0.0) with AarToClassTransform
[        ] Transforming play-services-ads-identifier-18.0.0.aar (com.google.android.gms:play-services-ads-identifier:18.0.0) with IdentityTransform
[        ] Transforming play-services-ads-identifier-18.0.0.aar (com.google.android.gms:play-services-ads-identifier:18.0.0) with DexingNoClasspathTransform
[        ] Transforming play-services-ads-identifier-18.0.0.aar (com.google.android.gms:play-services-ads-identifier:18.0.0) with DexingOutputSplitTransform
[        ] Transforming play-services-appset-16.0.1.aar (com.google.android.gms:play-services-appset:16.0.1) with JetifyTransform
[        ] Transforming play-services-appset-16.0.1.aar (com.google.android.gms:play-services-appset:16.0.1) with AarToClassTransform
[        ] Transforming play-services-appset-16.0.1.aar (com.google.android.gms:play-services-appset:16.0.1) with IdentityTransform
[        ] Transforming play-services-appset-16.0.1.aar (com.google.android.gms:play-services-appset:16.0.1) with DexingNoClasspathTransform
[        ] Transforming play-services-appset-16.0.1.aar (com.google.android.gms:play-services-appset:16.0.1) with DexingOutputSplitTransform
[        ] Transforming play-services-base-18.0.0.aar (com.google.android.gms:play-services-base:18.0.0) with JetifyTransform
[        ] Transforming play-services-base-18.0.0.aar (com.google.android.gms:play-services-base:18.0.0) with AarToClassTransform
[        ] Transforming play-services-base-18.0.0.aar (com.google.android.gms:play-services-base:18.0.0) with IdentityTransform
[        ] Transforming play-services-base-18.0.0.aar (com.google.android.gms:play-services-base:18.0.0) with DexingNoClasspathTransform
[        ] Transforming play-services-base-18.0.0.aar (com.google.android.gms:play-services-base:18.0.0) with DexingOutputSplitTransform
[        ] Transforming play-services-tasks-18.2.0.aar (com.google.android.gms:play-services-tasks:18.2.0) with JetifyTransform
[        ] Transforming play-services-tasks-18.2.0.aar (com.google.android.gms:play-services-tasks:18.2.0) with AarToClassTransform
[        ] Transforming play-services-tasks-18.2.0.aar (com.google.android.gms:play-services-tasks:18.2.0) with IdentityTransform
[        ] Transforming play-services-tasks-18.2.0.aar (com.google.android.gms:play-services-tasks:18.2.0) with DexingNoClasspathTransform
[        ] Transforming play-services-tasks-18.2.0.aar (com.google.android.gms:play-services-tasks:18.2.0) with DexingOutputSplitTransform
[        ] Transforming play-services-measurement-sdk-api-20.1.2.aar (com.google.android.gms:play-services-measurement-sdk-api:20.1.2) with JetifyTransform
[        ] Transforming play-services-measurement-sdk-api-20.1.2.aar (com.google.android.gms:play-services-measurement-sdk-api:20.1.2) with AarToClassTransform
[        ] Transforming play-services-measurement-sdk-api-20.1.2.aar (com.google.android.gms:play-services-measurement-sdk-api:20.1.2) with IdentityTransform
[        ] Transforming play-services-measurement-sdk-api-20.1.2.aar (com.google.android.gms:play-services-measurement-sdk-api:20.1.2) with DexingNoClasspathTransform
[        ] Transforming play-services-measurement-sdk-api-20.1.2.aar (com.google.android.gms:play-services-measurement-sdk-api:20.1.2) with DexingOutputSplitTransform
[        ] Transforming play-services-measurement-base-20.1.2.aar (com.google.android.gms:play-services-measurement-base:20.1.2) with JetifyTransform
[        ] Transforming play-services-measurement-base-20.1.2.aar (com.google.android.gms:play-services-measurement-base:20.1.2) with AarToClassTransform
[        ] Transforming play-services-measurement-base-20.1.2.aar (com.google.android.gms:play-services-measurement-base:20.1.2) with IdentityTransform
[        ] Transforming play-services-measurement-base-20.1.2.aar (com.google.android.gms:play-services-measurement-base:20.1.2) with DexingNoClasspathTransform
[        ] Transforming play-services-measurement-base-20.1.2.aar (com.google.android.gms:play-services-measurement-base:20.1.2) with DexingOutputSplitTransform
[        ] Transforming play-services-basement-18.4.0.aar (com.google.android.gms:play-services-basement:18.4.0) with JetifyTransform
[        ] Transforming play-services-basement-18.4.0.aar (com.google.android.gms:play-services-basement:18.4.0) with AarToClassTransform
[        ] Transforming play-services-basement-18.4.0.aar (com.google.android.gms:play-services-basement:18.4.0) with IdentityTransform
[        ] Transforming play-services-basement-18.4.0.aar (com.google.android.gms:play-services-basement:18.4.0) with DexingNoClasspathTransform
[        ] Transforming play-services-basement-18.4.0.aar (com.google.android.gms:play-services-basement:18.4.0) with DexingOutputSplitTransform
[        ] Transforming constraintlayout-2.1.4.aar (androidx.constraintlayout:constraintlayout:2.1.4) with JetifyTransform
[        ] Transforming constraintlayout-2.1.4.aar (androidx.constraintlayout:constraintlayout:2.1.4) with AarToClassTransform
[        ] Transforming constraintlayout-2.1.4.aar (androidx.constraintlayout:constraintlayout:2.1.4) with IdentityTransform
[        ] Transforming constraintlayout-2.1.4.aar (androidx.constraintlayout:constraintlayout:2.1.4) with DexingNoClasspathTransform
[        ] Transforming constraintlayout-2.1.4.aar (androidx.constraintlayout:constraintlayout:2.1.4) with DexingOutputSplitTransform
[        ] Transforming preference-1.2.1.aar (androidx.preference:preference:1.2.1) with JetifyTransform
[        ] Transforming preference-1.2.1.aar (androidx.preference:preference:1.2.1) with AarToClassTransform
[        ] Transforming preference-1.2.1.aar (androidx.preference:preference:1.2.1) with IdentityTransform
[        ] Transforming preference-1.2.1.aar (androidx.preference:preference:1.2.1) with DexingNoClasspathTransform
[        ] Transforming preference-1.2.1.aar (androidx.preference:preference:1.2.1) with DexingOutputSplitTransform
[        ] Transforming appcompat-1.2.0.aar (androidx.appcompat:appcompat:1.2.0) with JetifyTransform
[        ] Transforming appcompat-1.2.0.aar (androidx.appcompat:appcompat:1.2.0) with AarToClassTransform
[        ] Transforming appcompat-1.2.0.aar (androidx.appcompat:appcompat:1.2.0) with IdentityTransform
[        ] Transforming appcompat-1.2.0.aar (androidx.appcompat:appcompat:1.2.0) with DexingNoClasspathTransform
[        ] Transforming appcompat-1.2.0.aar (androidx.appcompat:appcompat:1.2.0) with DexingOutputSplitTransform
[        ] Transforming fragment-ktx-1.7.1.aar (androidx.fragment:fragment-ktx:1.7.1) with JetifyTransform
[        ] Transforming fragment-ktx-1.7.1.aar (androidx.fragment:fragment-ktx:1.7.1) with AarToClassTransform
[        ] Transforming fragment-ktx-1.7.1.aar (androidx.fragment:fragment-ktx:1.7.1) with IdentityTransform
[        ] Transforming fragment-ktx-1.7.1.aar (androidx.fragment:fragment-ktx:1.7.1) with DexingNoClasspathTransform
[        ] Transforming fragment-ktx-1.7.1.aar (androidx.fragment:fragment-ktx:1.7.1) with DexingOutputSplitTransform
[        ] Transforming fragment-1.7.1.aar (androidx.fragment:fragment:1.7.1) with JetifyTransform
[        ] Transforming fragment-1.7.1.aar (androidx.fragment:fragment:1.7.1) with AarToClassTransform
[        ] Transforming fragment-1.7.1.aar (androidx.fragment:fragment:1.7.1) with IdentityTransform
[        ] Transforming fragment-1.7.1.aar (androidx.fragment:fragment:1.7.1) with DexingNoClasspathTransform
[        ] Transforming fragment-1.7.1.aar (androidx.fragment:fragment:1.7.1) with DexingOutputSplitTransform
[        ] Transforming fragment-1.7.1.aar (androidx.fragment:fragment:1.7.1) with JetifyTransform
[        ] Transforming fragment-1.7.1.aar (androidx.fragment:fragment:1.7.1) with AarToClassTransform
[        ] Transforming fragment-1.7.1.aar (androidx.fragment:fragment:1.7.1) with IdentityTransform
[        ] Transforming fragment-1.7.1.aar (androidx.fragment:fragment:1.7.1) with DexingNoClasspathTransform
[        ] Transforming fragment-1.7.1.aar (androidx.fragment:fragment:1.7.1) with DexingOutputSplitTransform
[        ] Transforming webkit-1.15.0.aar (androidx.webkit:webkit:1.15.0) with JetifyTransform
[        ] Transforming webkit-1.15.0.aar (androidx.webkit:webkit:1.15.0) with AarToClassTransform
[        ] Transforming webkit-1.15.0.aar (androidx.webkit:webkit:1.15.0) with IdentityTransform
[        ] Transforming webkit-1.15.0.aar (androidx.webkit:webkit:1.15.0) with DexingNoClasspathTransform
[        ] Transforming webkit-1.15.0.aar (androidx.webkit:webkit:1.15.0) with DexingOutputSplitTransform
[        ] Transforming webkit-1.15.0.aar (androidx.webkit:webkit:1.15.0) with JetifyTransform
[        ] Transforming webkit-1.15.0.aar (androidx.webkit:webkit:1.15.0) with AarToClassTransform
[        ] Transforming webkit-1.15.0.aar (androidx.webkit:webkit:1.15.0) with IdentityTransform
[        ] Transforming webkit-1.15.0.aar (androidx.webkit:webkit:1.15.0) with DexingNoClasspathTransform
[        ] Transforming webkit-1.15.0.aar (androidx.webkit:webkit:1.15.0) with DexingOutputSplitTransform
[        ] Transforming recyclerview-1.0.0.aar (androidx.recyclerview:recyclerview:1.0.0) with JetifyTransform
[        ] Transforming recyclerview-1.0.0.aar (androidx.recyclerview:recyclerview:1.0.0) with AarToClassTransform
[        ] Transforming recyclerview-1.0.0.aar (androidx.recyclerview:recyclerview:1.0.0) with IdentityTransform
[        ] Transforming recyclerview-1.0.0.aar (androidx.recyclerview:recyclerview:1.0.0) with DexingNoClasspathTransform
[        ] Transforming recyclerview-1.0.0.aar (androidx.recyclerview:recyclerview:1.0.0) with DexingOutputSplitTransform
[        ] Transforming legacy-support-core-ui-1.0.0.aar (androidx.legacy:legacy-support-core-ui:1.0.0) with JetifyTransform
[        ] Transforming legacy-support-core-ui-1.0.0.aar (androidx.legacy:legacy-support-core-ui:1.0.0) with AarToClassTransform
[        ] Transforming legacy-support-core-ui-1.0.0.aar (androidx.legacy:legacy-support-core-ui:1.0.0) with IdentityTransform
[        ] Transforming legacy-support-core-ui-1.0.0.aar (androidx.legacy:legacy-support-core-ui:1.0.0) with DexingNoClasspathTransform
[        ] Transforming legacy-support-core-ui-1.0.0.aar (androidx.legacy:legacy-support-core-ui:1.0.0) with DexingOutputSplitTransform
[        ] Transforming slidingpanelayout-1.2.0.aar (androidx.slidingpanelayout:slidingpanelayout:1.2.0) with JetifyTransform
[        ] Transforming slidingpanelayout-1.2.0.aar (androidx.slidingpanelayout:slidingpanelayout:1.2.0) with AarToClassTransform
[        ] Transforming slidingpanelayout-1.2.0.aar (androidx.slidingpanelayout:slidingpanelayout:1.2.0) with IdentityTransform
[        ] Transforming slidingpanelayout-1.2.0.aar (androidx.slidingpanelayout:slidingpanelayout:1.2.0) with DexingNoClasspathTransform
[        ] Transforming slidingpanelayout-1.2.0.aar (androidx.slidingpanelayout:slidingpanelayout:1.2.0) with DexingOutputSplitTransform
[        ] Transforming slidingpanelayout-1.2.0.aar (androidx.slidingpanelayout:slidingpanelayout:1.2.0) with JetifyTransform
[        ] Transforming slidingpanelayout-1.2.0.aar (androidx.slidingpanelayout:slidingpanelayout:1.2.0) with AarToClassTransform
[        ] Transforming slidingpanelayout-1.2.0.aar (androidx.slidingpanelayout:slidingpanelayout:1.2.0) with IdentityTransform
[        ] Transforming slidingpanelayout-1.2.0.aar (androidx.slidingpanelayout:slidingpanelayout:1.2.0) with DexingNoClasspathTransform
[        ] Transforming slidingpanelayout-1.2.0.aar (androidx.slidingpanelayout:slidingpanelayout:1.2.0) with DexingOutputSplitTransform
[        ] Transforming window-1.2.0.aar (androidx.window:window:1.2.0) with JetifyTransform
[        ] Transforming window-1.2.0.aar (androidx.window:window:1.2.0) with AarToClassTransform
[        ] Transforming window-1.2.0.aar (androidx.window:window:1.2.0) with IdentityTransform
[        ] Transforming window-1.2.0.aar (androidx.window:window:1.2.0) with DexingNoClasspathTransform
[        ] Transforming window-1.2.0.aar (androidx.window:window:1.2.0) with DexingOutputSplitTransform
[        ] Transforming window-java-1.2.0.aar (androidx.window:window-java:1.2.0) with JetifyTransform
[        ] Transforming window-java-1.2.0.aar (androidx.window:window-java:1.2.0) with AarToClassTransform
[        ] Transforming window-java-1.2.0.aar (androidx.window:window-java:1.2.0) with IdentityTransform
[        ] Transforming window-java-1.2.0.aar (androidx.window:window-java:1.2.0) with DexingNoClasspathTransform
[        ] Transforming window-java-1.2.0.aar (androidx.window:window-java:1.2.0) with DexingOutputSplitTransform
[        ] Transforming browser-1.8.0.aar (androidx.browser:browser:1.8.0) with JetifyTransform
[        ] Transforming browser-1.8.0.aar (androidx.browser:browser:1.8.0) with AarToClassTransform
[        ] Transforming browser-1.8.0.aar (androidx.browser:browser:1.8.0) with IdentityTransform
[        ] Transforming browser-1.8.0.aar (androidx.browser:browser:1.8.0) with DexingNoClasspathTransform
[        ] Transforming browser-1.8.0.aar (androidx.browser:browser:1.8.0) with DexingOutputSplitTransform
[        ] Transforming activity-ktx-1.8.1.aar (androidx.activity:activity-ktx:1.8.1) with JetifyTransform
[        ] Transforming activity-ktx-1.8.1.aar (androidx.activity:activity-ktx:1.8.1) with AarToClassTransform
[        ] Transforming activity-ktx-1.8.1.aar (androidx.activity:activity-ktx:1.8.1) with IdentityTransform
[        ] Transforming activity-ktx-1.8.1.aar (androidx.activity:activity-ktx:1.8.1) with DexingNoClasspathTransform
[        ] Transforming activity-ktx-1.8.1.aar (androidx.activity:activity-ktx:1.8.1) with DexingOutputSplitTransform
[        ] Transforming activity-1.8.1.aar (androidx.activity:activity:1.8.1) with JetifyTransform
[        ] Transforming activity-1.8.1.aar (androidx.activity:activity:1.8.1) with AarToClassTransform
[        ] Transforming activity-1.8.1.aar (androidx.activity:activity:1.8.1) with IdentityTransform
[        ] Transforming activity-1.8.1.aar (androidx.activity:activity:1.8.1) with DexingNoClasspathTransform
[        ] Transforming activity-1.8.1.aar (androidx.activity:activity:1.8.1) with DexingOutputSplitTransform
[        ] Transforming legacy-support-core-utils-1.0.0.aar (androidx.legacy:legacy-support-core-utils:1.0.0) with JetifyTransform
[        ] Transforming legacy-support-core-utils-1.0.0.aar (androidx.legacy:legacy-support-core-utils:1.0.0) with AarToClassTransform
[        ] Transforming legacy-support-core-utils-1.0.0.aar (androidx.legacy:legacy-support-core-utils:1.0.0) with IdentityTransform
[        ] Transforming legacy-support-core-utils-1.0.0.aar (androidx.legacy:legacy-support-core-utils:1.0.0) with DexingNoClasspathTransform
[        ] Transforming legacy-support-core-utils-1.0.0.aar (androidx.legacy:legacy-support-core-utils:1.0.0) with DexingOutputSplitTransform
[        ] Transforming loader-1.0.0.aar (androidx.loader:loader:1.0.0) with JetifyTransform
[        ] Transforming loader-1.0.0.aar (androidx.loader:loader:1.0.0) with AarToClassTransform
[        ] Transforming loader-1.0.0.aar (androidx.loader:loader:1.0.0) with IdentityTransform
[        ] Transforming loader-1.0.0.aar (androidx.loader:loader:1.0.0) with DexingNoClasspathTransform
[        ] Transforming loader-1.0.0.aar (androidx.loader:loader:1.0.0) with DexingOutputSplitTransform
[        ] Transforming loader-1.0.0.aar (androidx.loader:loader:1.0.0) with JetifyTransform
[        ] Transforming loader-1.0.0.aar (androidx.loader:loader:1.0.0) with AarToClassTransform
[        ] Transforming loader-1.0.0.aar (androidx.loader:loader:1.0.0) with IdentityTransform
[        ] Transforming loader-1.0.0.aar (androidx.loader:loader:1.0.0) with DexingNoClasspathTransform
[        ] Transforming loader-1.0.0.aar (androidx.loader:loader:1.0.0) with DexingOutputSplitTransform
[        ] Transforming viewpager-1.0.0.aar (androidx.viewpager:viewpager:1.0.0) with JetifyTransform
[        ] Transforming viewpager-1.0.0.aar (androidx.viewpager:viewpager:1.0.0) with AarToClassTransform
[        ] Transforming viewpager-1.0.0.aar (androidx.viewpager:viewpager:1.0.0) with IdentityTransform
[        ] Transforming viewpager-1.0.0.aar (androidx.viewpager:viewpager:1.0.0) with DexingNoClasspathTransform
[        ] Transforming viewpager-1.0.0.aar (androidx.viewpager:viewpager:1.0.0) with DexingOutputSplitTransform
[        ] Transforming viewpager-1.0.0.aar (androidx.viewpager:viewpager:1.0.0) with JetifyTransform
[        ] Transforming viewpager-1.0.0.aar (androidx.viewpager:viewpager:1.0.0) with AarToClassTransform
[        ] Transforming viewpager-1.0.0.aar (androidx.viewpager:viewpager:1.0.0) with IdentityTransform
[        ] Transforming viewpager-1.0.0.aar (androidx.viewpager:viewpager:1.0.0) with DexingNoClasspathTransform
[        ] Transforming viewpager-1.0.0.aar (androidx.viewpager:viewpager:1.0.0) with DexingOutputSplitTransform
[        ] Transforming ads-adservices-java-1.0.0-beta05.aar (androidx.privacysandbox.ads:ads-adservices-java:1.0.0-beta05) with JetifyTransform
[        ] Transforming ads-adservices-java-1.0.0-beta05.aar (androidx.privacysandbox.ads:ads-adservices-java:1.0.0-beta05) with AarToClassTransform
[        ] Transforming ads-adservices-java-1.0.0-beta05.aar (androidx.privacysandbox.ads:ads-adservices-java:1.0.0-beta05) with IdentityTransform
[        ] Transforming ads-adservices-java-1.0.0-beta05.aar (androidx.privacysandbox.ads:ads-adservices-java:1.0.0-beta05) with DexingNoClasspathTransform
[        ] Transforming ads-adservices-java-1.0.0-beta05.aar (androidx.privacysandbox.ads:ads-adservices-java:1.0.0-beta05) with DexingOutputSplitTransform
[        ] Transforming ads-adservices-1.0.0-beta05.aar (androidx.privacysandbox.ads:ads-adservices:1.0.0-beta05) with JetifyTransform
[        ] Transforming ads-adservices-1.0.0-beta05.aar (androidx.privacysandbox.ads:ads-adservices:1.0.0-beta05) with AarToClassTransform
[        ] Transforming ads-adservices-1.0.0-beta05.aar (androidx.privacysandbox.ads:ads-adservices:1.0.0-beta05) with IdentityTransform
[        ] Transforming ads-adservices-1.0.0-beta05.aar (androidx.privacysandbox.ads:ads-adservices:1.0.0-beta05) with DexingNoClasspathTransform
[        ] Transforming ads-adservices-1.0.0-beta05.aar (androidx.privacysandbox.ads:ads-adservices:1.0.0-beta05) with DexingOutputSplitTransform
[        ] Transforming ads-adservices-1.0.0-beta05.aar (androidx.privacysandbox.ads:ads-adservices:1.0.0-beta05) with JetifyTransform
[        ] Transforming ads-adservices-1.0.0-beta05.aar (androidx.privacysandbox.ads:ads-adservices:1.0.0-beta05) with AarToClassTransform
[        ] Transforming ads-adservices-1.0.0-beta05.aar (androidx.privacysandbox.ads:ads-adservices:1.0.0-beta05) with IdentityTransform
[        ] Transforming ads-adservices-1.0.0-beta05.aar (androidx.privacysandbox.ads:ads-adservices:1.0.0-beta05) with DexingNoClasspathTransform
[        ] Transforming ads-adservices-1.0.0-beta05.aar (androidx.privacysandbox.ads:ads-adservices:1.0.0-beta05) with DexingOutputSplitTransform
[        ] Transforming work-runtime-2.7.0.aar (androidx.work:work-runtime:2.7.0) with JetifyTransform
[        ] Transforming work-runtime-2.7.0.aar (androidx.work:work-runtime:2.7.0) with AarToClassTransform
[        ] Transforming work-runtime-2.7.0.aar (androidx.work:work-runtime:2.7.0) with IdentityTransform
[        ] Transforming work-runtime-2.7.0.aar (androidx.work:work-runtime:2.7.0) with DexingNoClasspathTransform
[        ] Transforming work-runtime-2.7.0.aar (androidx.work:work-runtime:2.7.0) with DexingOutputSplitTransform
[        ] Transforming lifecycle-runtime-ktx-2.7.0.aar (androidx.lifecycle:lifecycle-runtime-ktx:2.7.0) with JetifyTransform
[        ] Transforming lifecycle-runtime-ktx-2.7.0.aar (androidx.lifecycle:lifecycle-runtime-ktx:2.7.0) with AarToClassTransform
[        ] Transforming lifecycle-runtime-ktx-2.7.0.aar (androidx.lifecycle:lifecycle-runtime-ktx:2.7.0) with IdentityTransform
[        ] Transforming lifecycle-runtime-ktx-2.7.0.aar (androidx.lifecycle:lifecycle-runtime-ktx:2.7.0) with DexingNoClasspathTransform
[        ] Transforming lifecycle-runtime-ktx-2.7.0.aar (androidx.lifecycle:lifecycle-runtime-ktx:2.7.0) with DexingOutputSplitTransform
[        ] Transforming lifecycle-service-2.7.0.aar (androidx.lifecycle:lifecycle-service:2.7.0) with JetifyTransform
[        ] Transforming lifecycle-service-2.7.0.aar (androidx.lifecycle:lifecycle-service:2.7.0) with AarToClassTransform
[        ] Transforming lifecycle-service-2.7.0.aar (androidx.lifecycle:lifecycle-service:2.7.0) with IdentityTransform
[        ] Transforming lifecycle-service-2.7.0.aar (androidx.lifecycle:lifecycle-service:2.7.0) with DexingNoClasspathTransform
[        ] Transforming lifecycle-service-2.7.0.aar (androidx.lifecycle:lifecycle-service:2.7.0) with DexingOutputSplitTransform
[        ] Transforming lifecycle-livedata-2.7.0.aar (androidx.lifecycle:lifecycle-livedata:2.7.0) with JetifyTransform
[        ] Transforming lifecycle-livedata-2.7.0.aar (androidx.lifecycle:lifecycle-livedata:2.7.0) with AarToClassTransform
[        ] Transforming lifecycle-livedata-2.7.0.aar (androidx.lifecycle:lifecycle-livedata:2.7.0) with IdentityTransform
[        ] Transforming lifecycle-livedata-2.7.0.aar (androidx.lifecycle:lifecycle-livedata:2.7.0) with DexingNoClasspathTransform
[        ] Transforming lifecycle-livedata-2.7.0.aar (androidx.lifecycle:lifecycle-livedata:2.7.0) with DexingOutputSplitTransform
[        ] Transforming lifecycle-livedata-2.7.0.aar (androidx.lifecycle:lifecycle-livedata:2.7.0) with JetifyTransform
[        ] Transforming lifecycle-livedata-2.7.0.aar (androidx.lifecycle:lifecycle-livedata:2.7.0) with AarToClassTransform
[        ] Transforming lifecycle-livedata-2.7.0.aar (androidx.lifecycle:lifecycle-livedata:2.7.0) with IdentityTransform
[        ] Transforming lifecycle-livedata-2.7.0.aar (androidx.lifecycle:lifecycle-livedata:2.7.0) with DexingNoClasspathTransform
[        ] Transforming lifecycle-livedata-2.7.0.aar (androidx.lifecycle:lifecycle-livedata:2.7.0) with DexingOutputSplitTransform
[        ] Transforming lifecycle-livedata-core-ktx-2.7.0.aar (androidx.lifecycle:lifecycle-livedata-core-ktx:2.7.0) with JetifyTransform
[        ] Transforming lifecycle-livedata-core-ktx-2.7.0.aar (androidx.lifecycle:lifecycle-livedata-core-ktx:2.7.0) with AarToClassTransform
[        ] Transforming lifecycle-livedata-core-ktx-2.7.0.aar (androidx.lifecycle:lifecycle-livedata-core-ktx:2.7.0) with IdentityTransform
[        ] Transforming lifecycle-livedata-core-ktx-2.7.0.aar (androidx.lifecycle:lifecycle-livedata-core-ktx:2.7.0) with DexingNoClasspathTransform
[        ] Transforming lifecycle-livedata-core-ktx-2.7.0.aar (androidx.lifecycle:lifecycle-livedata-core-ktx:2.7.0) with DexingOutputSplitTransform
[        ] Transforming lifecycle-viewmodel-ktx-2.7.0.aar (androidx.lifecycle:lifecycle-viewmodel-ktx:2.7.0) with JetifyTransform
[        ] Transforming lifecycle-viewmodel-ktx-2.7.0.aar (androidx.lifecycle:lifecycle-viewmodel-ktx:2.7.0) with AarToClassTransform
[        ] Transforming lifecycle-viewmodel-ktx-2.7.0.aar (androidx.lifecycle:lifecycle-viewmodel-ktx:2.7.0) with IdentityTransform
[        ] Transforming lifecycle-viewmodel-ktx-2.7.0.aar (androidx.lifecycle:lifecycle-viewmodel-ktx:2.7.0) with DexingNoClasspathTransform
[        ] Transforming lifecycle-viewmodel-ktx-2.7.0.aar (androidx.lifecycle:lifecycle-viewmodel-ktx:2.7.0) with DexingOutputSplitTransform
[        ] Transforming lifecycle-viewmodel-2.7.0.aar (androidx.lifecycle:lifecycle-viewmodel:2.7.0) with JetifyTransform
[        ] Transforming lifecycle-viewmodel-2.7.0.aar (androidx.lifecycle:lifecycle-viewmodel:2.7.0) with AarToClassTransform
[        ] Transforming lifecycle-viewmodel-2.7.0.aar (androidx.lifecycle:lifecycle-viewmodel:2.7.0) with IdentityTransform
[        ] Transforming lifecycle-viewmodel-2.7.0.aar (androidx.lifecycle:lifecycle-viewmodel:2.7.0) with DexingNoClasspathTransform
[        ] Transforming lifecycle-viewmodel-2.7.0.aar (androidx.lifecycle:lifecycle-viewmodel:2.7.0) with DexingOutputSplitTransform
[        ] Transforming lifecycle-viewmodel-2.7.0.aar (androidx.lifecycle:lifecycle-viewmodel:2.7.0) with JetifyTransform
[        ] Transforming lifecycle-viewmodel-2.7.0.aar (androidx.lifecycle:lifecycle-viewmodel:2.7.0) with AarToClassTransform
[        ] Transforming lifecycle-viewmodel-2.7.0.aar (androidx.lifecycle:lifecycle-viewmodel:2.7.0) with IdentityTransform
[        ] Transforming lifecycle-viewmodel-2.7.0.aar (androidx.lifecycle:lifecycle-viewmodel:2.7.0) with DexingNoClasspathTransform
[        ] Transforming lifecycle-viewmodel-2.7.0.aar (androidx.lifecycle:lifecycle-viewmodel:2.7.0) with DexingOutputSplitTransform
[        ] Transforming lifecycle-livedata-core-2.7.0.aar (androidx.lifecycle:lifecycle-livedata-core:2.7.0) with JetifyTransform
[        ] Transforming lifecycle-livedata-core-2.7.0.aar (androidx.lifecycle:lifecycle-livedata-core:2.7.0) with AarToClassTransform
[        ] Transforming lifecycle-livedata-core-2.7.0.aar (androidx.lifecycle:lifecycle-livedata-core:2.7.0) with IdentityTransform
[        ] Transforming lifecycle-livedata-core-2.7.0.aar (androidx.lifecycle:lifecycle-livedata-core:2.7.0) with DexingNoClasspathTransform
[        ] Transforming lifecycle-livedata-core-2.7.0.aar (androidx.lifecycle:lifecycle-livedata-core:2.7.0) with DexingOutputSplitTransform
[        ] Transforming lifecycle-viewmodel-savedstate-2.7.0.aar (androidx.lifecycle:lifecycle-viewmodel-savedstate:2.7.0) with JetifyTransform
[        ] Transforming lifecycle-viewmodel-savedstate-2.7.0.aar (androidx.lifecycle:lifecycle-viewmodel-savedstate:2.7.0) with AarToClassTransform
[        ] Transforming lifecycle-viewmodel-savedstate-2.7.0.aar (androidx.lifecycle:lifecycle-viewmodel-savedstate:2.7.0) with IdentityTransform
[        ] Transforming lifecycle-viewmodel-savedstate-2.7.0.aar (androidx.lifecycle:lifecycle-viewmodel-savedstate:2.7.0) with DexingNoClasspathTransform
[        ] Transforming lifecycle-viewmodel-savedstate-2.7.0.aar (androidx.lifecycle:lifecycle-viewmodel-savedstate:2.7.0) with DexingOutputSplitTransform
[        ] Transforming core-ktx-1.13.1.aar (androidx.core:core-ktx:1.13.1) with JetifyTransform
[        ] Transforming core-ktx-1.13.1.aar (androidx.core:core-ktx:1.13.1) with AarToClassTransform
[        ] Transforming core-ktx-1.13.1.aar (androidx.core:core-ktx:1.13.1) with IdentityTransform
[        ] Transforming core-ktx-1.13.1.aar (androidx.core:core-ktx:1.13.1) with DexingNoClasspathTransform
[        ] Transforming core-ktx-1.13.1.aar (androidx.core:core-ktx:1.13.1) with DexingOutputSplitTransform
[        ] Transforming appcompat-resources-1.2.0.aar (androidx.appcompat:appcompat-resources:1.2.0) with JetifyTransform
[        ] Transforming appcompat-resources-1.2.0.aar (androidx.appcompat:appcompat-resources:1.2.0) with AarToClassTransform
[        ] Transforming appcompat-resources-1.2.0.aar (androidx.appcompat:appcompat-resources:1.2.0) with IdentityTransform
[        ] Transforming appcompat-resources-1.2.0.aar (androidx.appcompat:appcompat-resources:1.2.0) with DexingNoClasspathTransform
[        ] Transforming appcompat-resources-1.2.0.aar (androidx.appcompat:appcompat-resources:1.2.0) with DexingOutputSplitTransform
[        ] Transforming drawerlayout-1.0.0.aar (androidx.drawerlayout:drawerlayout:1.0.0) with JetifyTransform
[        ] Transforming drawerlayout-1.0.0.aar (androidx.drawerlayout:drawerlayout:1.0.0) with AarToClassTransform
[        ] Transforming drawerlayout-1.0.0.aar (androidx.drawerlayout:drawerlayout:1.0.0) with IdentityTransform
[        ] Transforming drawerlayout-1.0.0.aar (androidx.drawerlayout:drawerlayout:1.0.0) with DexingNoClasspathTransform
[        ] Transforming drawerlayout-1.0.0.aar (androidx.drawerlayout:drawerlayout:1.0.0) with DexingOutputSplitTransform
[        ] Transforming drawerlayout-1.0.0.aar (androidx.drawerlayout:drawerlayout:1.0.0) with JetifyTransform
[        ] Transforming drawerlayout-1.0.0.aar (androidx.drawerlayout:drawerlayout:1.0.0) with AarToClassTransform
[        ] Transforming drawerlayout-1.0.0.aar (androidx.drawerlayout:drawerlayout:1.0.0) with IdentityTransform
[        ] Transforming drawerlayout-1.0.0.aar (androidx.drawerlayout:drawerlayout:1.0.0) with DexingNoClasspathTransform
[        ] Transforming drawerlayout-1.0.0.aar (androidx.drawerlayout:drawerlayout:1.0.0) with DexingOutputSplitTransform
[        ] Transforming coordinatorlayout-1.0.0.aar (androidx.coordinatorlayout:coordinatorlayout:1.0.0) with JetifyTransform
[        ] Transforming coordinatorlayout-1.0.0.aar (androidx.coordinatorlayout:coordinatorlayout:1.0.0) with AarToClassTransform
[        ] Transforming coordinatorlayout-1.0.0.aar (androidx.coordinatorlayout:coordinatorlayout:1.0.0) with IdentityTransform
[        ] Transforming coordinatorlayout-1.0.0.aar (androidx.coordinatorlayout:coordinatorlayout:1.0.0) with DexingNoClasspathTransform
[        ] Transforming coordinatorlayout-1.0.0.aar (androidx.coordinatorlayout:coordinatorlayout:1.0.0) with DexingOutputSplitTransform
[        ] Transforming customview-1.1.0.aar (androidx.customview:customview:1.1.0) with JetifyTransform
[        ] Transforming customview-1.1.0.aar (androidx.customview:customview:1.1.0) with AarToClassTransform
[        ] Transforming customview-1.1.0.aar (androidx.customview:customview:1.1.0) with IdentityTransform
[        ] Transforming customview-1.1.0.aar (androidx.customview:customview:1.1.0) with DexingNoClasspathTransform
[        ] Transforming customview-1.1.0.aar (androidx.customview:customview:1.1.0) with DexingOutputSplitTransform
[        ] Transforming customview-1.1.0.aar (androidx.customview:customview:1.1.0) with JetifyTransform
[        ] Transforming customview-1.1.0.aar (androidx.customview:customview:1.1.0) with AarToClassTransform
[        ] Transforming customview-1.1.0.aar (androidx.customview:customview:1.1.0) with IdentityTransform
[        ] Transforming customview-1.1.0.aar (androidx.customview:customview:1.1.0) with DexingNoClasspathTransform
[        ] Transforming customview-1.1.0.aar (androidx.customview:customview:1.1.0) with DexingOutputSplitTransform
[        ] Transforming transition-1.4.1.aar (androidx.transition:transition:1.4.1) with JetifyTransform
[        ] Transforming transition-1.4.1.aar (androidx.transition:transition:1.4.1) with AarToClassTransform
[        ] Transforming transition-1.4.1.aar (androidx.transition:transition:1.4.1) with IdentityTransform
[        ] Transforming transition-1.4.1.aar (androidx.transition:transition:1.4.1) with DexingNoClasspathTransform
[        ] Transforming transition-1.4.1.aar (androidx.transition:transition:1.4.1) with DexingOutputSplitTransform
[        ] Transforming vectordrawable-animated-1.1.0.aar (androidx.vectordrawable:vectordrawable-animated:1.1.0) with JetifyTransform
[        ] Transforming vectordrawable-animated-1.1.0.aar (androidx.vectordrawable:vectordrawable-animated:1.1.0) with AarToClassTransform
[        ] Transforming vectordrawable-animated-1.1.0.aar (androidx.vectordrawable:vectordrawable-animated:1.1.0) with IdentityTransform
[        ] Transforming vectordrawable-animated-1.1.0.aar (androidx.vectordrawable:vectordrawable-animated:1.1.0) with DexingNoClasspathTransform
[        ] Transforming vectordrawable-animated-1.1.0.aar (androidx.vectordrawable:vectordrawable-animated:1.1.0) with DexingOutputSplitTransform
[        ] Transforming vectordrawable-1.1.0.aar (androidx.vectordrawable:vectordrawable:1.1.0) with JetifyTransform
[        ] Transforming vectordrawable-1.1.0.aar (androidx.vectordrawable:vectordrawable:1.1.0) with AarToClassTransform
[        ] Transforming vectordrawable-1.1.0.aar (androidx.vectordrawable:vectordrawable:1.1.0) with IdentityTransform
[        ] Transforming vectordrawable-1.1.0.aar (androidx.vectordrawable:vectordrawable:1.1.0) with DexingNoClasspathTransform
[        ] Transforming vectordrawable-1.1.0.aar (androidx.vectordrawable:vectordrawable:1.1.0) with DexingOutputSplitTransform
[        ] Transforming vectordrawable-1.1.0.aar (androidx.vectordrawable:vectordrawable:1.1.0) with JetifyTransform
[        ] Transforming vectordrawable-1.1.0.aar (androidx.vectordrawable:vectordrawable:1.1.0) with AarToClassTransform
[        ] Transforming vectordrawable-1.1.0.aar (androidx.vectordrawable:vectordrawable:1.1.0) with IdentityTransform
[        ] Transforming vectordrawable-1.1.0.aar (androidx.vectordrawable:vectordrawable:1.1.0) with DexingNoClasspathTransform
[        ] Transforming vectordrawable-1.1.0.aar (androidx.vectordrawable:vectordrawable:1.1.0) with DexingOutputSplitTransform
[        ] Transforming swiperefreshlayout-1.0.0.aar (androidx.swiperefreshlayout:swiperefreshlayout:1.0.0) with JetifyTransform
[        ] Transforming swiperefreshlayout-1.0.0.aar (androidx.swiperefreshlayout:swiperefreshlayout:1.0.0) with AarToClassTransform
[        ] Transforming swiperefreshlayout-1.0.0.aar (androidx.swiperefreshlayout:swiperefreshlayout:1.0.0) with IdentityTransform
[        ] Transforming swiperefreshlayout-1.0.0.aar (androidx.swiperefreshlayout:swiperefreshlayout:1.0.0) with DexingNoClasspathTransform
[        ] Transforming swiperefreshlayout-1.0.0.aar (androidx.swiperefreshlayout:swiperefreshlayout:1.0.0) with DexingOutputSplitTransform
[        ] Transforming asynclayoutinflater-1.0.0.aar (androidx.asynclayoutinflater:asynclayoutinflater:1.0.0) with JetifyTransform
[        ] Transforming asynclayoutinflater-1.0.0.aar (androidx.asynclayoutinflater:asynclayoutinflater:1.0.0) with AarToClassTransform
[        ] Transforming asynclayoutinflater-1.0.0.aar (androidx.asynclayoutinflater:asynclayoutinflater:1.0.0) with IdentityTransform
[        ] Transforming asynclayoutinflater-1.0.0.aar (androidx.asynclayoutinflater:asynclayoutinflater:1.0.0) with DexingNoClasspathTransform
[        ] Transforming asynclayoutinflater-1.0.0.aar (androidx.asynclayoutinflater:asynclayoutinflater:1.0.0) with DexingOutputSplitTransform
[        ] Transforming core-1.13.1.aar (androidx.core:core:1.13.1) with JetifyTransform
[        ] Transforming core-1.13.1.aar (androidx.core:core:1.13.1) with AarToClassTransform
[        ] Transforming core-1.13.1.aar (androidx.core:core:1.13.1) with IdentityTransform
[        ] Transforming core-1.13.1.aar (androidx.core:core:1.13.1) with DexingNoClasspathTransform
[        ] Transforming core-1.13.1.aar (androidx.core:core:1.13.1) with DexingOutputSplitTransform
[        ] Transforming core-1.13.1.aar (androidx.core:core:1.13.1) with JetifyTransform
[        ] Transforming core-1.13.1.aar (androidx.core:core:1.13.1) with AarToClassTransform
[        ] Transforming core-1.13.1.aar (androidx.core:core:1.13.1) with IdentityTransform
[        ] Transforming core-1.13.1.aar (androidx.core:core:1.13.1) with DexingNoClasspathTransform
[        ] Transforming core-1.13.1.aar (androidx.core:core:1.13.1) with DexingOutputSplitTransform
[        ] Transforming lifecycle-runtime-2.7.0.aar (androidx.lifecycle:lifecycle-runtime:2.7.0) with JetifyTransform
[        ] Transforming lifecycle-runtime-2.7.0.aar (androidx.lifecycle:lifecycle-runtime:2.7.0) with AarToClassTransform
[        ] Transforming lifecycle-runtime-2.7.0.aar (androidx.lifecycle:lifecycle-runtime:2.7.0) with IdentityTransform
[        ] Transforming lifecycle-runtime-2.7.0.aar (androidx.lifecycle:lifecycle-runtime:2.7.0) with DexingNoClasspathTransform
[        ] Transforming lifecycle-runtime-2.7.0.aar (androidx.lifecycle:lifecycle-runtime:2.7.0) with DexingOutputSplitTransform
[        ] Transforming lifecycle-common-java8-2.7.0.jar (androidx.lifecycle:lifecycle-common-java8:2.7.0) with JetifyTransform
[        ] Transforming lifecycle-common-java8-2.7.0.jar (androidx.lifecycle:lifecycle-common-java8:2.7.0) with IdentityTransform
[        ] Transforming lifecycle-common-java8-2.7.0.jar (androidx.lifecycle:lifecycle-common-java8:2.7.0) with IdentityTransform
[        ] Transforming lifecycle-common-java8-2.7.0.jar (androidx.lifecycle:lifecycle-common-java8:2.7.0) with DexingNoClasspathTransform
[        ] Transforming lifecycle-common-java8-2.7.0.jar (androidx.lifecycle:lifecycle-common-java8:2.7.0) with DexingOutputSplitTransform
[        ] Transforming savedstate-ktx-1.2.1.aar (androidx.savedstate:savedstate-ktx:1.2.1) with JetifyTransform
[        ] Transforming savedstate-ktx-1.2.1.aar (androidx.savedstate:savedstate-ktx:1.2.1) with AarToClassTransform
[        ] Transforming savedstate-ktx-1.2.1.aar (androidx.savedstate:savedstate-ktx:1.2.1) with IdentityTransform
[        ] Transforming savedstate-ktx-1.2.1.aar (androidx.savedstate:savedstate-ktx:1.2.1) with DexingNoClasspathTransform
[        ] Transforming savedstate-ktx-1.2.1.aar (androidx.savedstate:savedstate-ktx:1.2.1) with DexingOutputSplitTransform
[        ] Transforming savedstate-1.2.1.aar (androidx.savedstate:savedstate:1.2.1) with JetifyTransform
[        ] Transforming savedstate-1.2.1.aar (androidx.savedstate:savedstate:1.2.1) with AarToClassTransform
[        ] Transforming savedstate-1.2.1.aar (androidx.savedstate:savedstate:1.2.1) with IdentityTransform
[        ] Transforming savedstate-1.2.1.aar (androidx.savedstate:savedstate:1.2.1) with DexingNoClasspathTransform
[        ] Transforming savedstate-1.2.1.aar (androidx.savedstate:savedstate:1.2.1) with DexingOutputSplitTransform
[        ] Transforming lifecycle-common-2.7.0.jar (androidx.lifecycle:lifecycle-common:2.7.0) with JetifyTransform
[        ] Transforming lifecycle-common-2.7.0.jar (androidx.lifecycle:lifecycle-common:2.7.0) with IdentityTransform
[        ] Transforming lifecycle-common-2.7.0.jar (androidx.lifecycle:lifecycle-common:2.7.0) with IdentityTransform
[        ] Transforming lifecycle-common-2.7.0.jar (androidx.lifecycle:lifecycle-common:2.7.0) with DexingNoClasspathTransform
[        ] Transforming lifecycle-common-2.7.0.jar (androidx.lifecycle:lifecycle-common:2.7.0) with DexingOutputSplitTransform
[        ] Transforming lifecycle-process-2.7.0.aar (androidx.lifecycle:lifecycle-process:2.7.0) with JetifyTransform
[        ] Transforming lifecycle-process-2.7.0.aar (androidx.lifecycle:lifecycle-process:2.7.0) with AarToClassTransform
[        ] Transforming lifecycle-process-2.7.0.aar (androidx.lifecycle:lifecycle-process:2.7.0) with IdentityTransform
[        ] Transforming lifecycle-process-2.7.0.aar (androidx.lifecycle:lifecycle-process:2.7.0) with DexingNoClasspathTransform
[        ] Transforming lifecycle-process-2.7.0.aar (androidx.lifecycle:lifecycle-process:2.7.0) with DexingOutputSplitTransform
[        ] Transforming datastore-preferences-external-protobuf-1.1.7.jar (androidx.datastore:datastore-preferences-external-protobuf:1.1.7) with JetifyTransform
[        ] Transforming datastore-preferences-external-protobuf-1.1.7.jar (androidx.datastore:datastore-preferences-external-protobuf:1.1.7) with IdentityTransform
[        ] Transforming datastore-preferences-external-protobuf-1.1.7.jar (androidx.datastore:datastore-preferences-external-protobuf:1.1.7) with IdentityTransform
[        ] Transforming datastore-preferences-external-protobuf-1.1.7.jar (androidx.datastore:datastore-preferences-external-protobuf:1.1.7) with DexingNoClasspathTransform
[        ] Transforming datastore-preferences-external-protobuf-1.1.7.jar (androidx.datastore:datastore-preferences-external-protobuf:1.1.7) with DexingOutputSplitTransform
[        ] Transforming datastore-preferences-proto-1.1.7.jar (androidx.datastore:datastore-preferences-proto:1.1.7) with JetifyTransform
[        ] Transforming datastore-preferences-proto-1.1.7.jar (androidx.datastore:datastore-preferences-proto:1.1.7) with IdentityTransform
[        ] Transforming datastore-preferences-proto-1.1.7.jar (androidx.datastore:datastore-preferences-proto:1.1.7) with IdentityTransform
[        ] Transforming datastore-preferences-proto-1.1.7.jar (androidx.datastore:datastore-preferences-proto:1.1.7) with DexingNoClasspathTransform
[        ] Transforming datastore-preferences-proto-1.1.7.jar (androidx.datastore:datastore-preferences-proto:1.1.7) with DexingOutputSplitTransform
[        ] Transforming datastore-preferences-core-release.aar (androidx.datastore:datastore-preferences-core-android:1.1.7) with JetifyTransform
[        ] Transforming datastore-preferences-core-release.aar (androidx.datastore:datastore-preferences-core-android:1.1.7) with AarToClassTransform
[        ] Transforming datastore-preferences-core-release.aar (androidx.datastore:datastore-preferences-core-android:1.1.7) with IdentityTransform
[        ] Transforming datastore-preferences-core-release.aar (androidx.datastore:datastore-preferences-core-android:1.1.7) with DexingNoClasspathTransform
[        ] Transforming datastore-preferences-core-release.aar (androidx.datastore:datastore-preferences-core-android:1.1.7) with DexingOutputSplitTransform
[        ] Transforming datastore-core-okio-jvm-1.1.7.jar (androidx.datastore:datastore-core-okio-jvm:1.1.7) with JetifyTransform
[        ] Transforming datastore-core-okio-jvm-1.1.7.jar (androidx.datastore:datastore-core-okio-jvm:1.1.7) with IdentityTransform
[        ] Transforming datastore-core-okio-jvm-1.1.7.jar (androidx.datastore:datastore-core-okio-jvm:1.1.7) with IdentityTransform
[        ] Transforming datastore-core-okio-jvm-1.1.7.jar (androidx.datastore:datastore-core-okio-jvm:1.1.7) with DexingNoClasspathTransform
[        ] Transforming datastore-core-okio-jvm-1.1.7.jar (androidx.datastore:datastore-core-okio-jvm:1.1.7) with DexingOutputSplitTransform
[        ] Transforming datastore-core-release.aar (androidx.datastore:datastore-core-android:1.1.7) with JetifyTransform
[        ] Transforming datastore-core-release.aar (androidx.datastore:datastore-core-android:1.1.7) with AarToClassTransform
[        ] Transforming datastore-core-release.aar (androidx.datastore:datastore-core-android:1.1.7) with IdentityTransform
[        ] Transforming datastore-core-release.aar (androidx.datastore:datastore-core-android:1.1.7) with DexingNoClasspathTransform
[        ] Transforming datastore-core-release.aar (androidx.datastore:datastore-core-android:1.1.7) with DexingOutputSplitTransform
[        ] Transforming datastore-preferences-release.aar (androidx.datastore:datastore-preferences-android:1.1.7) with JetifyTransform
[        ] Transforming datastore-preferences-release.aar (androidx.datastore:datastore-preferences-android:1.1.7) with AarToClassTransform
[        ] Transforming datastore-preferences-release.aar (androidx.datastore:datastore-preferences-android:1.1.7) with IdentityTransform
[        ] Transforming datastore-preferences-release.aar (androidx.datastore:datastore-preferences-android:1.1.7) with DexingNoClasspathTransform
[        ] Transforming datastore-preferences-release.aar (androidx.datastore:datastore-preferences-android:1.1.7) with DexingOutputSplitTransform
[        ] Transforming datastore-release.aar (androidx.datastore:datastore-android:1.1.7) with JetifyTransform
[        ] Transforming datastore-release.aar (androidx.datastore:datastore-android:1.1.7) with AarToClassTransform
[        ] Transforming datastore-release.aar (androidx.datastore:datastore-android:1.1.7) with IdentityTransform
[        ] Transforming datastore-release.aar (androidx.datastore:datastore-android:1.1.7) with DexingNoClasspathTransform
[        ] Transforming datastore-release.aar (androidx.datastore:datastore-android:1.1.7) with DexingOutputSplitTransform
[        ] Transforming profileinstaller-1.3.1.aar (androidx.profileinstaller:profileinstaller:1.3.1) with JetifyTransform
[        ] Transforming profileinstaller-1.3.1.aar (androidx.profileinstaller:profileinstaller:1.3.1) with AarToClassTransform
[        ] Transforming profileinstaller-1.3.1.aar (androidx.profileinstaller:profileinstaller:1.3.1) with IdentityTransform
[        ] Transforming profileinstaller-1.3.1.aar (androidx.profileinstaller:profileinstaller:1.3.1) with DexingNoClasspathTransform
[        ] Transforming profileinstaller-1.3.1.aar (androidx.profileinstaller:profileinstaller:1.3.1) with DexingOutputSplitTransform
[        ] Transforming startup-runtime-1.1.1.aar (androidx.startup:startup-runtime:1.1.1) with JetifyTransform
[        ] Transforming startup-runtime-1.1.1.aar (androidx.startup:startup-runtime:1.1.1) with AarToClassTransform
[        ] Transforming startup-runtime-1.1.1.aar (androidx.startup:startup-runtime:1.1.1) with IdentityTransform
[        ] Transforming startup-runtime-1.1.1.aar (androidx.startup:startup-runtime:1.1.1) with DexingNoClasspathTransform
[        ] Transforming startup-runtime-1.1.1.aar (androidx.startup:startup-runtime:1.1.1) with DexingOutputSplitTransform
[        ] Transforming tracing-1.2.0.aar (androidx.tracing:tracing:1.2.0) with JetifyTransform
[        ] Transforming tracing-1.2.0.aar (androidx.tracing:tracing:1.2.0) with AarToClassTransform
[        ] Transforming tracing-1.2.0.aar (androidx.tracing:tracing:1.2.0) with IdentityTransform
[        ] Transforming tracing-1.2.0.aar (androidx.tracing:tracing:1.2.0) with DexingNoClasspathTransform
[        ] Transforming tracing-1.2.0.aar (androidx.tracing:tracing:1.2.0) with DexingOutputSplitTransform
[        ] Transforming exifinterface-1.4.1.aar (androidx.exifinterface:exifinterface:1.4.1) with JetifyTransform
[        ] Transforming exifinterface-1.4.1.aar (androidx.exifinterface:exifinterface:1.4.1) with AarToClassTransform
[        ] Transforming exifinterface-1.4.1.aar (androidx.exifinterface:exifinterface:1.4.1) with IdentityTransform
[        ] Transforming exifinterface-1.4.1.aar (androidx.exifinterface:exifinterface:1.4.1) with DexingNoClasspathTransform
[        ] Transforming exifinterface-1.4.1.aar (androidx.exifinterface:exifinterface:1.4.1) with DexingOutputSplitTransform
[        ] Transforming room-runtime-2.2.5.aar (androidx.room:room-runtime:2.2.5) with JetifyTransform
[        ] Transforming room-runtime-2.2.5.aar (androidx.room:room-runtime:2.2.5) with AarToClassTransform
[        ] Transforming room-runtime-2.2.5.aar (androidx.room:room-runtime:2.2.5) with IdentityTransform
[        ] Transforming room-runtime-2.2.5.aar (androidx.room:room-runtime:2.2.5) with DexingNoClasspathTransform
[        ] Transforming room-runtime-2.2.5.aar (androidx.room:room-runtime:2.2.5) with DexingOutputSplitTransform
[        ] Transforming core-runtime-2.2.0.aar (androidx.arch.core:core-runtime:2.2.0) with JetifyTransform
[        ] Transforming core-runtime-2.2.0.aar (androidx.arch.core:core-runtime:2.2.0) with AarToClassTransform
[        ] Transforming core-runtime-2.2.0.aar (androidx.arch.core:core-runtime:2.2.0) with IdentityTransform
[        ] Transforming core-runtime-2.2.0.aar (androidx.arch.core:core-runtime:2.2.0) with DexingNoClasspathTransform
[        ] Transforming core-runtime-2.2.0.aar (androidx.arch.core:core-runtime:2.2.0) with DexingOutputSplitTransform
[        ] Transforming core-runtime-2.2.0.aar (androidx.arch.core:core-runtime:2.2.0) with JetifyTransform
[        ] Transforming core-runtime-2.2.0.aar (androidx.arch.core:core-runtime:2.2.0) with AarToClassTransform
[        ] Transforming core-runtime-2.2.0.aar (androidx.arch.core:core-runtime:2.2.0) with IdentityTransform
[        ] Transforming core-runtime-2.2.0.aar (androidx.arch.core:core-runtime:2.2.0) with DexingNoClasspathTransform
[        ] Transforming core-runtime-2.2.0.aar (androidx.arch.core:core-runtime:2.2.0) with DexingOutputSplitTransform
[        ] Transforming core-common-2.2.0.jar (androidx.arch.core:core-common:2.2.0) with JetifyTransform
[        ] Transforming core-common-2.2.0.jar (androidx.arch.core:core-common:2.2.0) with IdentityTransform
[        ] Transforming core-common-2.2.0.jar (androidx.arch.core:core-common:2.2.0) with IdentityTransform
[        ] Transforming core-common-2.2.0.jar (androidx.arch.core:core-common:2.2.0) with DexingNoClasspathTransform
[        ] Transforming core-common-2.2.0.jar (androidx.arch.core:core-common:2.2.0) with DexingOutputSplitTransform
[        ] Transforming versionedparcelable-1.1.1.aar (androidx.versionedparcelable:versionedparcelable:1.1.1) with JetifyTransform
[        ] Transforming versionedparcelable-1.1.1.aar (androidx.versionedparcelable:versionedparcelable:1.1.1) with AarToClassTransform
[        ] Transforming versionedparcelable-1.1.1.aar (androidx.versionedparcelable:versionedparcelable:1.1.1) with IdentityTransform
[        ] Transforming versionedparcelable-1.1.1.aar (androidx.versionedparcelable:versionedparcelable:1.1.1) with DexingNoClasspathTransform
[        ] Transforming versionedparcelable-1.1.1.aar (androidx.versionedparcelable:versionedparcelable:1.1.1) with DexingOutputSplitTransform
[        ] Transforming collection-ktx-1.1.0.jar (androidx.collection:collection-ktx:1.1.0) with JetifyTransform
[        ] Transforming collection-ktx-1.1.0.jar (androidx.collection:collection-ktx:1.1.0) with IdentityTransform
[        ] Transforming collection-ktx-1.1.0.jar (androidx.collection:collection-ktx:1.1.0) with IdentityTransform
[        ] Transforming collection-ktx-1.1.0.jar (androidx.collection:collection-ktx:1.1.0) with DexingNoClasspathTransform
[        ] Transforming collection-ktx-1.1.0.jar (androidx.collection:collection-ktx:1.1.0) with DexingOutputSplitTransform
[        ] Transforming collection-1.1.0.jar (androidx.collection:collection:1.1.0) with JetifyTransform
[        ] Transforming collection-1.1.0.jar (androidx.collection:collection:1.1.0) with IdentityTransform
[        ] Transforming collection-1.1.0.jar (androidx.collection:collection:1.1.0) with IdentityTransform
[        ] Transforming collection-1.1.0.jar (androidx.collection:collection:1.1.0) with DexingNoClasspathTransform
[        ] Transforming collection-1.1.0.jar (androidx.collection:collection:1.1.0) with DexingOutputSplitTransform
[        ] Transforming interpolator-1.0.0.aar (androidx.interpolator:interpolator:1.0.0) with JetifyTransform
[        ] Transforming interpolator-1.0.0.aar (androidx.interpolator:interpolator:1.0.0) with AarToClassTransform
[        ] Transforming interpolator-1.0.0.aar (androidx.interpolator:interpolator:1.0.0) with IdentityTransform
[        ] Transforming interpolator-1.0.0.aar (androidx.interpolator:interpolator:1.0.0) with DexingNoClasspathTransform
[        ] Transforming interpolator-1.0.0.aar (androidx.interpolator:interpolator:1.0.0) with DexingOutputSplitTransform
[        ] Transforming interpolator-1.0.0.aar (androidx.interpolator:interpolator:1.0.0) with JetifyTransform
[        ] Transforming interpolator-1.0.0.aar (androidx.interpolator:interpolator:1.0.0) with AarToClassTransform
[        ] Transforming interpolator-1.0.0.aar (androidx.interpolator:interpolator:1.0.0) with IdentityTransform
[        ] Transforming interpolator-1.0.0.aar (androidx.interpolator:interpolator:1.0.0) with DexingNoClasspathTransform
[        ] Transforming interpolator-1.0.0.aar (androidx.interpolator:interpolator:1.0.0) with DexingOutputSplitTransform
[        ] Transforming concurrent-futures-1.1.0.jar (androidx.concurrent:concurrent-futures:1.1.0) with JetifyTransform
[        ] Transforming concurrent-futures-1.1.0.jar (androidx.concurrent:concurrent-futures:1.1.0) with IdentityTransform
[        ] Transforming concurrent-futures-1.1.0.jar (androidx.concurrent:concurrent-futures:1.1.0) with IdentityTransform
[        ] Transforming concurrent-futures-1.1.0.jar (androidx.concurrent:concurrent-futures:1.1.0) with DexingNoClasspathTransform
[        ] Transforming concurrent-futures-1.1.0.jar (androidx.concurrent:concurrent-futures:1.1.0) with DexingOutputSplitTransform
[        ] Transforming cursoradapter-1.0.0.aar (androidx.cursoradapter:cursoradapter:1.0.0) with JetifyTransform
[        ] Transforming cursoradapter-1.0.0.aar (androidx.cursoradapter:cursoradapter:1.0.0) with AarToClassTransform
[        ] Transforming cursoradapter-1.0.0.aar (androidx.cursoradapter:cursoradapter:1.0.0) with IdentityTransform
[        ] Transforming cursoradapter-1.0.0.aar (androidx.cursoradapter:cursoradapter:1.0.0) with DexingNoClasspathTransform
[        ] Transforming cursoradapter-1.0.0.aar (androidx.cursoradapter:cursoradapter:1.0.0) with DexingOutputSplitTransform
[        ] Transforming cursoradapter-1.0.0.aar (androidx.cursoradapter:cursoradapter:1.0.0) with JetifyTransform
[        ] Transforming cursoradapter-1.0.0.aar (androidx.cursoradapter:cursoradapter:1.0.0) with AarToClassTransform
[        ] Transforming cursoradapter-1.0.0.aar (androidx.cursoradapter:cursoradapter:1.0.0) with IdentityTransform
[        ] Transforming cursoradapter-1.0.0.aar (androidx.cursoradapter:cursoradapter:1.0.0) with DexingNoClasspathTransform
[        ] Transforming cursoradapter-1.0.0.aar (androidx.cursoradapter:cursoradapter:1.0.0) with DexingOutputSplitTransform
[        ] Transforming core-1.0.0.aar (androidx.window.extensions.core:core:1.0.0) with JetifyTransform
[        ] Transforming core-1.0.0.aar (androidx.window.extensions.core:core:1.0.0) with AarToClassTransform
[        ] Transforming core-1.0.0.aar (androidx.window.extensions.core:core:1.0.0) with IdentityTransform
[        ] Transforming core-1.0.0.aar (androidx.window.extensions.core:core:1.0.0) with DexingNoClasspathTransform
[        ] Transforming core-1.0.0.aar (androidx.window.extensions.core:core:1.0.0) with DexingOutputSplitTransform
[        ] Transforming sqlite-framework-2.1.0.aar (androidx.sqlite:sqlite-framework:2.1.0) with JetifyTransform
[        ] Transforming sqlite-framework-2.1.0.aar (androidx.sqlite:sqlite-framework:2.1.0) with AarToClassTransform
[        ] Transforming sqlite-framework-2.1.0.aar (androidx.sqlite:sqlite-framework:2.1.0) with IdentityTransform
[        ] Transforming sqlite-framework-2.1.0.aar (androidx.sqlite:sqlite-framework:2.1.0) with DexingNoClasspathTransform
[        ] Transforming sqlite-framework-2.1.0.aar (androidx.sqlite:sqlite-framework:2.1.0) with DexingOutputSplitTransform
[        ] Transforming sqlite-framework-2.1.0.aar (androidx.sqlite:sqlite-framework:2.1.0) with JetifyTransform
[        ] Transforming sqlite-framework-2.1.0.aar (androidx.sqlite:sqlite-framework:2.1.0) with AarToClassTransform
[        ] Transforming sqlite-framework-2.1.0.aar (androidx.sqlite:sqlite-framework:2.1.0) with IdentityTransform
[        ] Transforming sqlite-framework-2.1.0.aar (androidx.sqlite:sqlite-framework:2.1.0) with DexingNoClasspathTransform
[        ] Transforming sqlite-framework-2.1.0.aar (androidx.sqlite:sqlite-framework:2.1.0) with DexingOutputSplitTransform
[        ] Transforming sqlite-2.1.0.aar (androidx.sqlite:sqlite:2.1.0) with JetifyTransform
[        ] Transforming sqlite-2.1.0.aar (androidx.sqlite:sqlite:2.1.0) with AarToClassTransform
[        ] Transforming sqlite-2.1.0.aar (androidx.sqlite:sqlite:2.1.0) with IdentityTransform
[        ] Transforming sqlite-2.1.0.aar (androidx.sqlite:sqlite:2.1.0) with DexingNoClasspathTransform
[        ] Transforming sqlite-2.1.0.aar (androidx.sqlite:sqlite:2.1.0) with DexingOutputSplitTransform
[        ] Transforming sqlite-2.1.0.aar (androidx.sqlite:sqlite:2.1.0) with JetifyTransform
[        ] Transforming sqlite-2.1.0.aar (androidx.sqlite:sqlite:2.1.0) with AarToClassTransform
[        ] Transforming sqlite-2.1.0.aar (androidx.sqlite:sqlite:2.1.0) with IdentityTransform
[        ] Transforming sqlite-2.1.0.aar (androidx.sqlite:sqlite:2.1.0) with DexingNoClasspathTransform
[        ] Transforming sqlite-2.1.0.aar (androidx.sqlite:sqlite:2.1.0) with DexingOutputSplitTransform
[        ] Transforming room-common-2.2.5.jar (androidx.room:room-common:2.2.5) with JetifyTransform
[        ] Transforming room-common-2.2.5.jar (androidx.room:room-common:2.2.5) with IdentityTransform
[        ] Transforming room-common-2.2.5.jar (androidx.room:room-common:2.2.5) with IdentityTransform
[        ] Transforming room-common-2.2.5.jar (androidx.room:room-common:2.2.5) with DexingNoClasspathTransform
[        ] Transforming room-common-2.2.5.jar (androidx.room:room-common:2.2.5) with DexingOutputSplitTransform
[        ] Transforming documentfile-1.0.0.aar (androidx.documentfile:documentfile:1.0.0) with JetifyTransform
[        ] Transforming documentfile-1.0.0.aar (androidx.documentfile:documentfile:1.0.0) with AarToClassTransform
[        ] Transforming documentfile-1.0.0.aar (androidx.documentfile:documentfile:1.0.0) with IdentityTransform
[        ] Transforming documentfile-1.0.0.aar (androidx.documentfile:documentfile:1.0.0) with DexingNoClasspathTransform
[        ] Transforming documentfile-1.0.0.aar (androidx.documentfile:documentfile:1.0.0) with DexingOutputSplitTransform
[        ] Transforming localbroadcastmanager-1.0.0.aar (androidx.localbroadcastmanager:localbroadcastmanager:1.0.0) with JetifyTransform
[        ] Transforming localbroadcastmanager-1.0.0.aar (androidx.localbroadcastmanager:localbroadcastmanager:1.0.0) with AarToClassTransform
[        ] Transforming localbroadcastmanager-1.0.0.aar (androidx.localbroadcastmanager:localbroadcastmanager:1.0.0) with IdentityTransform
[        ] Transforming localbroadcastmanager-1.0.0.aar (androidx.localbroadcastmanager:localbroadcastmanager:1.0.0) with DexingNoClasspathTransform
[        ] Transforming localbroadcastmanager-1.0.0.aar (androidx.localbroadcastmanager:localbroadcastmanager:1.0.0) with DexingOutputSplitTransform
[        ] Transforming print-1.0.0.aar (androidx.print:print:1.0.0) with JetifyTransform
[        ] Transforming print-1.0.0.aar (androidx.print:print:1.0.0) with AarToClassTransform
[        ] Transforming print-1.0.0.aar (androidx.print:print:1.0.0) with IdentityTransform
[        ] Transforming print-1.0.0.aar (androidx.print:print:1.0.0) with DexingNoClasspathTransform
[        ] Transforming print-1.0.0.aar (androidx.print:print:1.0.0) with DexingOutputSplitTransform
[        ] Transforming annotation-jvm-1.10.0.jar (androidx.annotation:annotation-jvm:1.10.0) with JetifyTransform
[        ] Transforming annotation-jvm-1.10.0.jar (androidx.annotation:annotation-jvm:1.10.0) with IdentityTransform
[        ] Transforming annotation-jvm-1.10.0.jar (androidx.annotation:annotation-jvm:1.10.0) with IdentityTransform
[        ] Transforming annotation-jvm-1.10.0.jar (androidx.annotation:annotation-jvm:1.10.0) with DexingNoClasspathTransform
[        ] Transforming annotation-jvm-1.10.0.jar (androidx.annotation:annotation-jvm:1.10.0) with DexingOutputSplitTransform
[        ] Transforming annotation-experimental-1.4.0.aar (androidx.annotation:annotation-experimental:1.4.0) with JetifyTransform
[        ] Transforming annotation-experimental-1.4.0.aar (androidx.annotation:annotation-experimental:1.4.0) with AarToClassTransform
[        ] Transforming annotation-experimental-1.4.0.aar (androidx.annotation:annotation-experimental:1.4.0) with IdentityTransform
[        ] Transforming annotation-experimental-1.4.0.aar (androidx.annotation:annotation-experimental:1.4.0) with DexingNoClasspathTransform
[        ] Transforming annotation-experimental-1.4.0.aar (androidx.annotation:annotation-experimental:1.4.0) with DexingOutputSplitTransform
[        ] Transforming kotlin-parcelize-runtime-1.9.22.jar (org.jetbrains.kotlin:kotlin-parcelize-runtime:1.9.22) with JetifyTransform
[        ] Transforming kotlin-parcelize-runtime-1.9.22.jar (org.jetbrains.kotlin:kotlin-parcelize-runtime:1.9.22) with IdentityTransform
[        ] Transforming kotlin-parcelize-runtime-1.9.22.jar (org.jetbrains.kotlin:kotlin-parcelize-runtime:1.9.22) with IdentityTransform
[        ] Transforming kotlin-parcelize-runtime-1.9.22.jar (org.jetbrains.kotlin:kotlin-parcelize-runtime:1.9.22) with DexingNoClasspathTransform
[        ] Transforming kotlin-parcelize-runtime-1.9.22.jar (org.jetbrains.kotlin:kotlin-parcelize-runtime:1.9.22) with DexingOutputSplitTransform
[        ] Transforming okio-jvm-3.4.0.jar (com.squareup.okio:okio-jvm:3.4.0) with JetifyTransform
[        ] Transforming okio-jvm-3.4.0.jar (com.squareup.okio:okio-jvm:3.4.0) with IdentityTransform
[        ] Transforming okio-jvm-3.4.0.jar (com.squareup.okio:okio-jvm:3.4.0) with IdentityTransform
[        ] Transforming okio-jvm-3.4.0.jar (com.squareup.okio:okio-jvm:3.4.0) with DexingNoClasspathTransform
[        ] Transforming okio-jvm-3.4.0.jar (com.squareup.okio:okio-jvm:3.4.0) with DexingOutputSplitTransform
[        ] Transforming kotlinx-coroutines-core-jvm-1.7.3.jar (org.jetbrains.kotlinx:kotlinx-coroutines-core-jvm:1.7.3) with JetifyTransform
[        ] Transforming kotlinx-coroutines-core-jvm-1.7.3.jar (org.jetbrains.kotlinx:kotlinx-coroutines-core-jvm:1.7.3) with IdentityTransform
[        ] Transforming kotlinx-coroutines-core-jvm-1.7.3.jar (org.jetbrains.kotlinx:kotlinx-coroutines-core-jvm:1.7.3) with IdentityTransform
[        ] Transforming kotlinx-coroutines-core-jvm-1.7.3.jar (org.jetbrains.kotlinx:kotlinx-coroutines-core-jvm:1.7.3) with DexingNoClasspathTransform
[        ] Transforming kotlinx-coroutines-core-jvm-1.7.3.jar (org.jetbrains.kotlinx:kotlinx-coroutines-core-jvm:1.7.3) with DexingOutputSplitTransform
[        ] Transforming kotlinx-coroutines-android-1.7.3.jar (org.jetbrains.kotlinx:kotlinx-coroutines-android:1.7.3) with JetifyTransform
[        ] Transforming kotlinx-coroutines-android-1.7.3.jar (org.jetbrains.kotlinx:kotlinx-coroutines-android:1.7.3) with IdentityTransform
[        ] Transforming kotlinx-coroutines-android-1.7.3.jar (org.jetbrains.kotlinx:kotlinx-coroutines-android:1.7.3) with IdentityTransform
[        ] Transforming kotlinx-coroutines-android-1.7.3.jar (org.jetbrains.kotlinx:kotlinx-coroutines-android:1.7.3) with DexingNoClasspathTransform
[        ] Transforming kotlinx-coroutines-android-1.7.3.jar (org.jetbrains.kotlinx:kotlinx-coroutines-android:1.7.3) with DexingOutputSplitTransform
[        ] Transforming kotlin-stdlib-jdk8-1.8.20.jar (org.jetbrains.kotlin:kotlin-stdlib-jdk8:1.8.20) with JetifyTransform
[        ] Transforming kotlin-stdlib-jdk8-1.8.20.jar (org.jetbrains.kotlin:kotlin-stdlib-jdk8:1.8.20) with IdentityTransform
[        ] Transforming kotlin-stdlib-jdk8-1.8.20.jar (org.jetbrains.kotlin:kotlin-stdlib-jdk8:1.8.20) with IdentityTransform
[        ] Transforming kotlin-stdlib-jdk8-1.8.20.jar (org.jetbrains.kotlin:kotlin-stdlib-jdk8:1.8.20) with DexingNoClasspathTransform
[        ] Transforming kotlin-stdlib-jdk8-1.8.20.jar (org.jetbrains.kotlin:kotlin-stdlib-jdk8:1.8.20) with DexingOutputSplitTransform
[        ] Transforming kotlin-android-extensions-runtime-1.9.22.jar (org.jetbrains.kotlin:kotlin-android-extensions-runtime:1.9.22) with JetifyTransform
[        ] Transforming kotlin-android-extensions-runtime-1.9.22.jar (org.jetbrains.kotlin:kotlin-android-extensions-runtime:1.9.22) with IdentityTransform
[        ] Transforming kotlin-android-extensions-runtime-1.9.22.jar (org.jetbrains.kotlin:kotlin-android-extensions-runtime:1.9.22) with IdentityTransform
[        ] Transforming kotlin-android-extensions-runtime-1.9.22.jar (org.jetbrains.kotlin:kotlin-android-extensions-runtime:1.9.22) with DexingNoClasspathTransform
[        ] Transforming kotlin-android-extensions-runtime-1.9.22.jar (org.jetbrains.kotlin:kotlin-android-extensions-runtime:1.9.22) with DexingOutputSplitTransform
[        ] Transforming kotlin-stdlib-jdk7-1.8.20.jar (org.jetbrains.kotlin:kotlin-stdlib-jdk7:1.8.20) with JetifyTransform
[        ] Transforming kotlin-stdlib-jdk7-1.8.20.jar (org.jetbrains.kotlin:kotlin-stdlib-jdk7:1.8.20) with IdentityTransform
[        ] Transforming kotlin-stdlib-jdk7-1.8.20.jar (org.jetbrains.kotlin:kotlin-stdlib-jdk7:1.8.20) with IdentityTransform
[        ] Transforming kotlin-stdlib-jdk7-1.8.20.jar (org.jetbrains.kotlin:kotlin-stdlib-jdk7:1.8.20) with DexingNoClasspathTransform
[        ] Transforming kotlin-stdlib-jdk7-1.8.20.jar (org.jetbrains.kotlin:kotlin-stdlib-jdk7:1.8.20) with DexingOutputSplitTransform
[        ] Transforming kotlin-stdlib-2.1.20.jar (org.jetbrains.kotlin:kotlin-stdlib:2.1.20) with JetifyTransform
[        ] Transforming kotlin-stdlib-2.1.20.jar (org.jetbrains.kotlin:kotlin-stdlib:2.1.20) with IdentityTransform
[        ] Transforming kotlin-stdlib-2.1.20.jar (org.jetbrains.kotlin:kotlin-stdlib:2.1.20) with IdentityTransform
[        ] Transforming kotlin-stdlib-2.1.20.jar (org.jetbrains.kotlin:kotlin-stdlib:2.1.20) with DexingNoClasspathTransform
[        ] Transforming kotlin-stdlib-2.1.20.jar (org.jetbrains.kotlin:kotlin-stdlib:2.1.20) with DexingOutputSplitTransform
[        ] Transforming armeabi_v7a_debug-1.0.0-77e2e94772b6eb43759e34ed1ad7da4674e19cab.jar (io.flutter:armeabi_v7a_debug:1.0.0-77e2e94772b6eb43759e34ed1ad7da4674e19cab) with JetifyTransform
[        ] Transforming armeabi_v7a_debug-1.0.0-77e2e94772b6eb43759e34ed1ad7da4674e19cab.jar (io.flutter:armeabi_v7a_debug:1.0.0-77e2e94772b6eb43759e34ed1ad7da4674e19cab) with IdentityTransform
[        ] Transforming armeabi_v7a_debug-1.0.0-77e2e94772b6eb43759e34ed1ad7da4674e19cab.jar (io.flutter:armeabi_v7a_debug:1.0.0-77e2e94772b6eb43759e34ed1ad7da4674e19cab) with IdentityTransform
[        ] Transforming armeabi_v7a_debug-1.0.0-77e2e94772b6eb43759e34ed1ad7da4674e19cab.jar (io.flutter:armeabi_v7a_debug:1.0.0-77e2e94772b6eb43759e34ed1ad7da4674e19cab) with DexingNoClasspathTransform
[        ] Transforming armeabi_v7a_debug-1.0.0-77e2e94772b6eb43759e34ed1ad7da4674e19cab.jar (io.flutter:armeabi_v7a_debug:1.0.0-77e2e94772b6eb43759e34ed1ad7da4674e19cab) with DexingOutputSplitTransform
[        ] Transforming arm64_v8a_debug-1.0.0-77e2e94772b6eb43759e34ed1ad7da4674e19cab.jar (io.flutter:arm64_v8a_debug:1.0.0-77e2e94772b6eb43759e34ed1ad7da4674e19cab) with JetifyTransform
[        ] Transforming arm64_v8a_debug-1.0.0-77e2e94772b6eb43759e34ed1ad7da4674e19cab.jar (io.flutter:arm64_v8a_debug:1.0.0-77e2e94772b6eb43759e34ed1ad7da4674e19cab) with IdentityTransform
[        ] Transforming arm64_v8a_debug-1.0.0-77e2e94772b6eb43759e34ed1ad7da4674e19cab.jar (io.flutter:arm64_v8a_debug:1.0.0-77e2e94772b6eb43759e34ed1ad7da4674e19cab) with IdentityTransform
[        ] Transforming arm64_v8a_debug-1.0.0-77e2e94772b6eb43759e34ed1ad7da4674e19cab.jar (io.flutter:arm64_v8a_debug:1.0.0-77e2e94772b6eb43759e34ed1ad7da4674e19cab) with DexingNoClasspathTransform
[        ] Transforming arm64_v8a_debug-1.0.0-77e2e94772b6eb43759e34ed1ad7da4674e19cab.jar (io.flutter:arm64_v8a_debug:1.0.0-77e2e94772b6eb43759e34ed1ad7da4674e19cab) with DexingOutputSplitTransform
[        ] Transforming x86_64_debug-1.0.0-77e2e94772b6eb43759e34ed1ad7da4674e19cab.jar (io.flutter:x86_64_debug:1.0.0-77e2e94772b6eb43759e34ed1ad7da4674e19cab) with JetifyTransform
[        ] Transforming x86_64_debug-1.0.0-77e2e94772b6eb43759e34ed1ad7da4674e19cab.jar (io.flutter:x86_64_debug:1.0.0-77e2e94772b6eb43759e34ed1ad7da4674e19cab) with IdentityTransform
[        ] Transforming x86_64_debug-1.0.0-77e2e94772b6eb43759e34ed1ad7da4674e19cab.jar (io.flutter:x86_64_debug:1.0.0-77e2e94772b6eb43759e34ed1ad7da4674e19cab) with IdentityTransform
[        ] Transforming x86_64_debug-1.0.0-77e2e94772b6eb43759e34ed1ad7da4674e19cab.jar (io.flutter:x86_64_debug:1.0.0-77e2e94772b6eb43759e34ed1ad7da4674e19cab) with DexingNoClasspathTransform
[        ] Transforming x86_64_debug-1.0.0-77e2e94772b6eb43759e34ed1ad7da4674e19cab.jar (io.flutter:x86_64_debug:1.0.0-77e2e94772b6eb43759e34ed1ad7da4674e19cab) with DexingOutputSplitTransform
[        ] Transforming annotations-23.0.0.jar (org.jetbrains:annotations:23.0.0) with JetifyTransform
[        ] Transforming annotations-23.0.0.jar (org.jetbrains:annotations:23.0.0) with IdentityTransform
[        ] Transforming annotations-23.0.0.jar (org.jetbrains:annotations:23.0.0) with IdentityTransform
[        ] Transforming annotations-23.0.0.jar (org.jetbrains:annotations:23.0.0) with DexingNoClasspathTransform
[        ] Transforming annotations-23.0.0.jar (org.jetbrains:annotations:23.0.0) with DexingOutputSplitTransform
[        ] Transforming commons-imaging-1.0-alpha3.jar (org.apache.commons:commons-imaging:1.0-alpha3) with JetifyTransform
[        ] Transforming commons-imaging-1.0-alpha3.jar (org.apache.commons:commons-imaging:1.0-alpha3) with IdentityTransform
[        ] Transforming commons-imaging-1.0-alpha3.jar (org.apache.commons:commons-imaging:1.0-alpha3) with IdentityTransform
[        ] Transforming commons-imaging-1.0-alpha3.jar (org.apache.commons:commons-imaging:1.0-alpha3) with DexingNoClasspathTransform
[        ] Transforming commons-imaging-1.0-alpha3.jar (org.apache.commons:commons-imaging:1.0-alpha3) with DexingOutputSplitTransform
[        ] Transforming guava-31.1-android.jar (com.google.guava:guava:31.1-android) with JetifyTransform
[        ] Transforming guava-31.1-android.jar (com.google.guava:guava:31.1-android) with IdentityTransform
[        ] Transforming guava-31.1-android.jar (com.google.guava:guava:31.1-android) with IdentityTransform
[        ] Transforming guava-31.1-android.jar (com.google.guava:guava:31.1-android) with DexingNoClasspathTransform
[        ] Transforming guava-31.1-android.jar (com.google.guava:guava:31.1-android) with DexingOutputSplitTransform
[        ] Transforming error_prone_annotations-2.16.jar (com.google.errorprone:error_prone_annotations:2.16) with JetifyTransform
[        ] Transforming error_prone_annotations-2.16.jar (com.google.errorprone:error_prone_annotations:2.16) with IdentityTransform
[        ] Transforming error_prone_annotations-2.16.jar (com.google.errorprone:error_prone_annotations:2.16) with IdentityTransform
[        ] Transforming error_prone_annotations-2.16.jar (com.google.errorprone:error_prone_annotations:2.16) with DexingNoClasspathTransform
[        ] Transforming error_prone_annotations-2.16.jar (com.google.errorprone:error_prone_annotations:2.16) with DexingOutputSplitTransform
[        ] Transforming relinker-1.4.5.aar (com.getkeepsafe.relinker:relinker:1.4.5) with JetifyTransform
[        ] Transforming relinker-1.4.5.aar (com.getkeepsafe.relinker:relinker:1.4.5) with AarToClassTransform
[        ] Transforming relinker-1.4.5.aar (com.getkeepsafe.relinker:relinker:1.4.5) with IdentityTransform
[        ] Transforming relinker-1.4.5.aar (com.getkeepsafe.relinker:relinker:1.4.5) with DexingNoClasspathTransform
[        ] Transforming relinker-1.4.5.aar (com.getkeepsafe.relinker:relinker:1.4.5) with DexingOutputSplitTransform
[        ] Transforming listenablefuture-9999.0-empty-to-avoid-conflict-with-guava.jar (com.google.guava:listenablefuture:9999.0-empty-to-avoid-conflict-with-guava) with JetifyTransform
[        ] Transforming listenablefuture-9999.0-empty-to-avoid-conflict-with-guava.jar (com.google.guava:listenablefuture:9999.0-empty-to-avoid-conflict-with-guava) with IdentityTransform
[        ] Transforming listenablefuture-9999.0-empty-to-avoid-conflict-with-guava.jar (com.google.guava:listenablefuture:9999.0-empty-to-avoid-conflict-with-guava) with IdentityTransform
[        ] Transforming listenablefuture-9999.0-empty-to-avoid-conflict-with-guava.jar (com.google.guava:listenablefuture:9999.0-empty-to-avoid-conflict-with-guava) with DexingNoClasspathTransform
[        ] Transforming listenablefuture-9999.0-empty-to-avoid-conflict-with-guava.jar (com.google.guava:listenablefuture:9999.0-empty-to-avoid-conflict-with-guava) with DexingOutputSplitTransform
[        ] Transforming constraintlayout-core-1.0.4.jar (androidx.constraintlayout:constraintlayout-core:1.0.4) with JetifyTransform
[        ] Transforming constraintlayout-core-1.0.4.jar (androidx.constraintlayout:constraintlayout-core:1.0.4) with IdentityTransform
[        ] Transforming constraintlayout-core-1.0.4.jar (androidx.constraintlayout:constraintlayout-core:1.0.4) with IdentityTransform
[        ] Transforming constraintlayout-core-1.0.4.jar (androidx.constraintlayout:constraintlayout-core:1.0.4) with DexingNoClasspathTransform
[        ] Transforming constraintlayout-core-1.0.4.jar (androidx.constraintlayout:constraintlayout-core:1.0.4) with DexingOutputSplitTransform
[        ] Transforming jspecify-1.0.0.jar (org.jspecify:jspecify:1.0.0) with JetifyTransform
[        ] Transforming jspecify-1.0.0.jar (org.jspecify:jspecify:1.0.0) with IdentityTransform
[        ] Transforming jspecify-1.0.0.jar (org.jspecify:jspecify:1.0.0) with IdentityTransform
[        ] Transforming jspecify-1.0.0.jar (org.jspecify:jspecify:1.0.0) with DexingNoClasspathTransform
[        ] Transforming jspecify-1.0.0.jar (org.jspecify:jspecify:1.0.0) with DexingOutputSplitTransform
[        ] Transforming failureaccess-1.0.1.jar (com.google.guava:failureaccess:1.0.1) with JetifyTransform
[        ] Transforming failureaccess-1.0.1.jar (com.google.guava:failureaccess:1.0.1) with IdentityTransform
[        ] Transforming failureaccess-1.0.1.jar (com.google.guava:failureaccess:1.0.1) with IdentityTransform
[        ] Transforming failureaccess-1.0.1.jar (com.google.guava:failureaccess:1.0.1) with DexingNoClasspathTransform
[        ] Transforming failureaccess-1.0.1.jar (com.google.guava:failureaccess:1.0.1) with DexingOutputSplitTransform
[        ] Transforming jsr305-3.0.2.jar (com.google.code.findbugs:jsr305:3.0.2) with JetifyTransform
[        ] Transforming jsr305-3.0.2.jar (com.google.code.findbugs:jsr305:3.0.2) with IdentityTransform
[        ] Transforming jsr305-3.0.2.jar (com.google.code.findbugs:jsr305:3.0.2) with IdentityTransform
[        ] Transforming jsr305-3.0.2.jar (com.google.code.findbugs:jsr305:3.0.2) with DexingNoClasspathTransform
[        ] Transforming jsr305-3.0.2.jar (com.google.code.findbugs:jsr305:3.0.2) with DexingOutputSplitTransform
[        ] Transforming checker-qual-3.12.0.jar (org.checkerframework:checker-qual:3.12.0) with JetifyTransform
[        ] Transforming checker-qual-3.12.0.jar (org.checkerframework:checker-qual:3.12.0) with IdentityTransform
[        ] Transforming checker-qual-3.12.0.jar (org.checkerframework:checker-qual:3.12.0) with IdentityTransform
[        ] Transforming checker-qual-3.12.0.jar (org.checkerframework:checker-qual:3.12.0) with DexingNoClasspathTransform
[        ] Transforming checker-qual-3.12.0.jar (org.checkerframework:checker-qual:3.12.0) with DexingOutputSplitTransform
[        ] Transforming j2objc-annotations-1.3.jar (com.google.j2objc:j2objc-annotations:1.3) with JetifyTransform
[        ] Transforming j2objc-annotations-1.3.jar (com.google.j2objc:j2objc-annotations:1.3) with IdentityTransform
[        ] Transforming j2objc-annotations-1.3.jar (com.google.j2objc:j2objc-annotations:1.3) with IdentityTransform
[        ] Transforming j2objc-annotations-1.3.jar (com.google.j2objc:j2objc-annotations:1.3) with DexingNoClasspathTransform
[        ] Transforming j2objc-annotations-1.3.jar (com.google.j2objc:j2objc-annotations:1.3) with DexingOutputSplitTransform
[        ] Caching disabled for task ':app:mergeExtDexDebug' because:
[        ]   Build cache is disabled
[        ] Skipping task ':app:mergeExtDexDebug' as it is up-to-date.
[        ] Resolve mutations for :gal:bundleLibRuntimeToDirDebug (Thread[#8288,Execution worker Thread 6,5,main]) started.
[        ] :gal:bundleLibRuntimeToDirDebug (Thread[#8288,Execution worker Thread 6,5,main]) started.
[        ] > Task :gal:bundleLibRuntimeToDirDebug UP-TO-DATE
[        ] Caching disabled for task ':gal:bundleLibRuntimeToDirDebug' because:
[        ]   Build cache is disabled
[        ]   Simple merging task
[        ] Skipping task ':gal:bundleLibRuntimeToDirDebug' as it is up-to-date.
[        ] work action resolve bundleLibRuntimeToDirDebug (project :gal) (Thread[#8288,Execution worker Thread 6,5,main]) started.
[        ] ClassesDirToClassesTransform (Thread[#8288,Execution worker Thread 6,5,main]) started.
[        ] Resolve mutations for :google_mobile_ads:bundleLibRuntimeToDirDebug (Thread[#8285,Execution worker Thread 3,5,main]) started.
[        ] > Transform bundleLibRuntimeToDirDebug (project :gal) with ClassesDirToClassesTransform
[        ] Transforming bundleLibRuntimeToDirDebug (project :gal) with ClassesDirToClassesTransform
[        ] :google_mobile_ads:bundleLibRuntimeToDirDebug (Thread[#8285,Execution worker Thread 3,5,main]) started.
[        ] DexingNoClasspathTransform (Thread[#8288,Execution worker Thread 6,5,main]) started.
[        ] > Transform bundleLibRuntimeToDirDebug (project :gal) with DexingNoClasspathTransform
[        ] Transforming bundleLibRuntimeToDirDebug (project :gal) with DexingNoClasspathTransform
[        ] Caching disabled for DexingNoClasspathTransform: C:\Users\┼şug─▒r mami\AppData\Local\Pub\Cache\hosted\pub.dev\gal-2.3.2\android\build\intermediates\runtime_library_classes_dir\debug\bundleLibRuntimeToDirDebug because:
[        ]   Build cache is disabled
[        ] Skipping DexingNoClasspathTransform: C:\Users\┼şug─▒r mami\AppData\Local\Pub\Cache\hosted\pub.dev\gal-2.3.2\android\build\intermediates\runtime_library_classes_dir\debug\bundleLibRuntimeToDirDebug as it is up-to-date.
[        ] DexingOutputSplitTransform (Thread[#8288,Execution worker Thread 6,5,main]) started.
[        ] > Transform bundleLibRuntimeToDirDebug (project :gal) with DexingOutputSplitTransform
[        ] Transforming bundleLibRuntimeToDirDebug (project :gal) with DexingOutputSplitTransform
[        ] > Task :google_mobile_ads:bundleLibRuntimeToDirDebug UP-TO-DATE
[        ] Caching disabled for task ':google_mobile_ads:bundleLibRuntimeToDirDebug' because:
[        ]   Build cache is disabled
[        ]   Simple merging task
[        ] Skipping task ':google_mobile_ads:bundleLibRuntimeToDirDebug' as it is up-to-date.
[        ] work action resolve bundleLibRuntimeToDirDebug (project :google_mobile_ads) (Thread[#8285,Execution worker Thread 3,5,main]) started.
[        ] ClassesDirToClassesTransform (Thread[#8290,Execution worker Thread 8,5,main]) started.
[        ] Resolve mutations for :path_provider_android:bundleLibRuntimeToDirDebug (Thread[#8285,Execution worker Thread 3,5,main]) started.
[        ] :path_provider_android:bundleLibRuntimeToDirDebug (Thread[#8297,Execution worker Thread 15,5,main]) started.
[        ] > Transform bundleLibRuntimeToDirDebug (project :google_mobile_ads) with ClassesDirToClassesTransform
[        ] Transforming bundleLibRuntimeToDirDebug (project :google_mobile_ads) with ClassesDirToClassesTransform
[        ] DexingNoClasspathTransform (Thread[#8289,Execution worker Thread 7,5,main]) started.
[        ] > Task :path_provider_android:bundleLibRuntimeToDirDebug UP-TO-DATE
[        ] Caching disabled for task ':path_provider_android:bundleLibRuntimeToDirDebug' because:
[        ]   Build cache is disabled
[        ]   Simple merging task
[        ] Skipping task ':path_provider_android:bundleLibRuntimeToDirDebug' as it is up-to-date.
[        ] work action resolve bundleLibRuntimeToDirDebug (project :path_provider_android) (Thread[#8297,Execution worker Thread 15,5,main]) started.
[        ] ClassesDirToClassesTransform (Thread[#8297,Execution worker Thread 15,5,main]) started.
[        ] Resolve mutations for :permission_handler_android:bundleLibRuntimeToDirDebug (Thread[#8286,Execution worker Thread 4,5,main]) started.
[        ] > Transform bundleLibRuntimeToDirDebug (project :path_provider_android) with ClassesDirToClassesTransform
[        ] Transforming bundleLibRuntimeToDirDebug (project :path_provider_android) with ClassesDirToClassesTransform
[        ] :permission_handler_android:bundleLibRuntimeToDirDebug (Thread[#8302,Execution worker Thread 19,5,main]) started.
[        ] DexingNoClasspathTransform (Thread[#8297,Execution worker Thread 15,5,main]) started.
[        ] > Task :permission_handler_android:bundleLibRuntimeToDirDebug UP-TO-DATE
[        ] Caching disabled for task ':permission_handler_android:bundleLibRuntimeToDirDebug' because:
[        ]   Build cache is disabled
[        ]   Simple merging task
[        ] Skipping task ':permission_handler_android:bundleLibRuntimeToDirDebug' as it is up-to-date.
[        ] work action resolve bundleLibRuntimeToDirDebug (project :permission_handler_android) (Thread[#8302,Execution worker Thread 19,5,main]) started.
[        ] ClassesDirToClassesTransform (Thread[#8302,Execution worker Thread 19,5,main]) started.
[        ] Resolve mutations for :shared_preferences_android:bundleLibRuntimeToDirDebug (Thread[#8286,Execution worker Thread 4,5,main]) started.
[        ] :shared_preferences_android:bundleLibRuntimeToDirDebug (Thread[#8286,Execution worker Thread 4,5,main]) started.
[        ] > Transform bundleLibRuntimeToDirDebug (project :permission_handler_android) with ClassesDirToClassesTransform
[        ] Transforming bundleLibRuntimeToDirDebug (project :permission_handler_android) with ClassesDirToClassesTransform
[        ] DexingNoClasspathTransform (Thread[#8304,Execution worker Thread 21,5,main]) started.
[        ] > Transform bundleLibRuntimeToDirDebug (project :path_provider_android) with DexingNoClasspathTransform
[        ] Transforming bundleLibRuntimeToDirDebug (project :path_provider_android) with DexingNoClasspathTransform
[        ] Caching disabled for DexingNoClasspathTransform: C:\Users\┼şug─▒r mami\AppData\Local\Pub\Cache\hosted\pub.dev\path_provider_android-2.2.19\android\build\intermediates\runtime_library_classes_dir\debug\bundleLibRuntimeToDirDebug because:
[        ]   Build cache is disabled
[        ] Skipping DexingNoClasspathTransform: C:\Users\┼şug─▒r mami\AppData\Local\Pub\Cache\hosted\pub.dev\path_provider_android-2.2.19\android\build\intermediates\runtime_library_classes_dir\debug\bundleLibRuntimeToDirDebug as it is up-to-date.
[        ] DexingOutputSplitTransform (Thread[#8297,Execution worker Thread 15,5,main]) started.
[        ] > Transform bundleLibRuntimeToDirDebug (project :path_provider_android) with DexingOutputSplitTransform
[        ] Transforming bundleLibRuntimeToDirDebug (project :path_provider_android) with DexingOutputSplitTransform
[        ] > Transform bundleLibRuntimeToDirDebug (project :google_mobile_ads) with DexingNoClasspathTransform
[        ] Transforming bundleLibRuntimeToDirDebug (project :google_mobile_ads) with DexingNoClasspathTransform
[        ] Caching disabled for DexingNoClasspathTransform: C:\Users\┼şug─▒r mami\AppData\Local\Pub\Cache\hosted\pub.dev\google_mobile_ads-5.3.1\android\build\intermediates\runtime_library_classes_dir\debug\bundleLibRuntimeToDirDebug because:
[        ]   Build cache is disabled
[        ] Skipping DexingNoClasspathTransform: C:\Users\┼şug─▒r mami\AppData\Local\Pub\Cache\hosted\pub.dev\google_mobile_ads-5.3.1\android\build\intermediates\runtime_library_classes_dir\debug\bundleLibRuntimeToDirDebug as it is up-to-date.
[        ] DexingOutputSplitTransform (Thread[#8289,Execution worker Thread 7,5,main]) started.
[        ] > Transform bundleLibRuntimeToDirDebug (project :google_mobile_ads) with DexingOutputSplitTransform
[        ] Transforming bundleLibRuntimeToDirDebug (project :google_mobile_ads) with DexingOutputSplitTransform
[        ] > Transform bundleLibRuntimeToDirDebug (project :permission_handler_android) with DexingNoClasspathTransform
[        ] Transforming bundleLibRuntimeToDirDebug (project :permission_handler_android) with DexingNoClasspathTransform
[        ] Caching disabled for DexingNoClasspathTransform: C:\Users\┼şug─▒r mami\AppData\Local\Pub\Cache\hosted\pub.dev\permission_handler_android-12.1.0\android\build\intermediates\runtime_library_classes_dir\debug\bundleLibRuntimeToDirDebug because:
[        ]   Build cache is disabled
[        ] Skipping DexingNoClasspathTransform: C:\Users\┼şug─▒r mami\AppData\Local\Pub\Cache\hosted\pub.dev\permission_handler_android-12.1.0\android\build\intermediates\runtime_library_classes_dir\debug\bundleLibRuntimeToDirDebug as it is up-to-date.
[        ] DexingOutputSplitTransform (Thread[#8304,Execution worker Thread 21,5,main]) started.
[        ] > Transform bundleLibRuntimeToDirDebug (project :permission_handler_android) with DexingOutputSplitTransform
[        ] Transforming bundleLibRuntimeToDirDebug (project :permission_handler_android) with DexingOutputSplitTransform
[        ] > Task :shared_preferences_android:bundleLibRuntimeToDirDebug UP-TO-DATE
[        ] Caching disabled for task ':shared_preferences_android:bundleLibRuntimeToDirDebug' because:
[        ]   Build cache is disabled
[        ]   Simple merging task
[        ] Skipping task ':shared_preferences_android:bundleLibRuntimeToDirDebug' as it is up-to-date.
[        ] work action resolve bundleLibRuntimeToDirDebug (project :shared_preferences_android) (Thread[#8286,Execution worker Thread 4,5,main]) started.
[        ] ClassesDirToClassesTransform (Thread[#8286,Execution worker Thread 4,5,main]) started.
[        ] Resolve mutations for :webview_flutter_android:bundleLibRuntimeToDirDebug (Thread[#8289,Execution worker Thread 7,5,main]) started.
[        ] :webview_flutter_android:bundleLibRuntimeToDirDebug (Thread[#8294,Execution worker Thread 12,5,main]) started.
[        ] > Transform bundleLibRuntimeToDirDebug (project :shared_preferences_android) with ClassesDirToClassesTransform
[        ] Transforming bundleLibRuntimeToDirDebug (project :shared_preferences_android) with ClassesDirToClassesTransform
[        ] DexingNoClasspathTransform (Thread[#8300,Execution worker Thread 18,5,main]) started.
[        ] > Task :webview_flutter_android:bundleLibRuntimeToDirDebug UP-TO-DATE
[        ] Caching disabled for task ':webview_flutter_android:bundleLibRuntimeToDirDebug' because:
[        ]   Build cache is disabled
[        ]   Simple merging task
[        ] Skipping task ':webview_flutter_android:bundleLibRuntimeToDirDebug' as it is up-to-date.
[        ] work action resolve bundleLibRuntimeToDirDebug (project :webview_flutter_android) (Thread[#8294,Execution worker Thread 12,5,main]) started.
[        ] ClassesDirToClassesTransform (Thread[#8294,Execution worker Thread 12,5,main]) started.
[        ] Resolve mutations for :app:mergeProjectDexDebug (Thread[#8289,Execution worker Thread 7,5,main]) started.
[        ] > Transform bundleLibRuntimeToDirDebug (project :shared_preferences_android) with DexingNoClasspathTransform
[        ] Transforming bundleLibRuntimeToDirDebug (project :shared_preferences_android) with DexingNoClasspathTransform
[        ] Caching disabled for DexingNoClasspathTransform: C:\Users\┼şug─▒r mami\AppData\Local\Pub\Cache\hosted\pub.dev\shared_preferences_android-2.4.13\android\build\intermediates\runtime_library_classes_dir\debug\bundleLibRuntimeToDirDebug because:
[        ]   Build cache is disabled
[        ] Skipping DexingNoClasspathTransform: C:\Users\┼şug─▒r mami\AppData\Local\Pub\Cache\hosted\pub.dev\shared_preferences_android-2.4.13\android\build\intermediates\runtime_library_classes_dir\debug\bundleLibRuntimeToDirDebug as it is up-to-date.
[        ] DexingOutputSplitTransform (Thread[#8300,Execution worker Thread 18,5,main]) started.
[        ] :app:mergeProjectDexDebug (Thread[#8289,Execution worker Thread 7,5,main]) started.
[        ] > Transform bundleLibRuntimeToDirDebug (project :shared_preferences_android) with DexingOutputSplitTransform
[        ] Transforming bundleLibRuntimeToDirDebug (project :shared_preferences_android) with DexingOutputSplitTransform
[        ] > Transform bundleLibRuntimeToDirDebug (project :webview_flutter_android) with ClassesDirToClassesTransform
[        ] Transforming bundleLibRuntimeToDirDebug (project :webview_flutter_android) with ClassesDirToClassesTransform
[        ] DexingNoClasspathTransform (Thread[#8294,Execution worker Thread 12,5,main]) started.
[        ] > Task :app:mergeProjectDexDebug UP-TO-DATE
[        ] Caching disabled for task ':app:mergeProjectDexDebug' because:
[        ]   Build cache is disabled
[        ] Skipping task ':app:mergeProjectDexDebug' as it is up-to-date.
[        ] Resolve mutations for :app:configureCMakeDebug[arm64-v8a] (Thread[#8289,Execution worker Thread 7,5,main]) started.
[        ] :app:configureCMakeDebug[arm64-v8a] (Thread[#8289,Execution worker Thread 7,5,main]) started.
[        ] > Transform bundleLibRuntimeToDirDebug (project :webview_flutter_android) with DexingNoClasspathTransform
[        ] Transforming bundleLibRuntimeToDirDebug (project :webview_flutter_android) with DexingNoClasspathTransform
[        ] Caching disabled for DexingNoClasspathTransform: C:\Users\┼şug─▒r mami\AppData\Local\Pub\Cache\hosted\pub.dev\webview_flutter_android-4.13.0\android\build\intermediates\runtime_library_classes_dir\debug\bundleLibRuntimeToDirDebug because:
[        ]   Build cache is disabled
[        ] Skipping DexingNoClasspathTransform: C:\Users\┼şug─▒r mami\AppData\Local\Pub\Cache\hosted\pub.dev\webview_flutter_android-4.13.0\android\build\intermediates\runtime_library_classes_dir\debug\bundleLibRuntimeToDirDebug as it is up-to-date.
[        ] DexingOutputSplitTransform (Thread[#8294,Execution worker Thread 12,5,main]) started.
[        ] > Transform bundleLibRuntimeToDirDebug (project :webview_flutter_android) with DexingOutputSplitTransform
[        ] Transforming bundleLibRuntimeToDirDebug (project :webview_flutter_android) with DexingOutputSplitTransform
[        ] > Task :app:configureCMakeDebug[arm64-v8a]
[        ] Caching disabled for task ':app:configureCMakeDebug[arm64-v8a]' because:
[        ]   Build cache is disabled
[        ]   Caching has been disabled for the task
[        ] Task ':app:configureCMakeDebug[arm64-v8a]' is not up-to-date because:
[        ]   Task.upToDateWhen is false.
[        ] C/C++: C:\src\flutter\packages\flutter_tools\gradle\src\main\scripts\CMakeLists.txt debug|arm64-v8a : Start JSON generation. Platform version: 24 min SDK version: arm64-v8a
[        ] C/C++: C:\src\flutter\packages\flutter_tools\gradle\src\main\scripts\CMakeLists.txt debug|arm64-v8a : JSON 'C:\poke\color_world\android\app\.cxx\debug\321q58rr\arm64-v8a\android_gradle_build.json' was up-to-date
[        ] C/C++: C:\src\flutter\packages\flutter_tools\gradle\src\main\scripts\CMakeLists.txt debug|arm64-v8a : JSON generation completed without problems
[        ] C/C++: C:\src\flutter\packages\flutter_tools\gradle\src\main\scripts\CMakeLists.txt debug|arm64-v8a : Writing build model to C:\poke\color_world\android\app\build\intermediates\cxx\debug\321q58rr\logs\arm64-v8a\build_model.json
[        ] Resolve mutations for :app:mergeLibDexDebug (Thread[#8289,Execution worker Thread 7,5,main]) started.
[        ] :app:mergeLibDexDebug (Thread[#8284,Execution worker Thread 2,5,main]) started.
[        ] > Task :app:mergeLibDexDebug UP-TO-DATE
[        ] Caching disabled for task ':app:mergeLibDexDebug' because:
[        ]   Build cache is disabled
[        ] Skipping task ':app:mergeLibDexDebug' as it is up-to-date.
[        ] Resolve mutations for :app:buildCMakeDebug[arm64-v8a] (Thread[#8284,Execution worker Thread 2,5,main]) started.
[        ] :app:buildCMakeDebug[arm64-v8a] (Thread[#8284,Execution worker Thread 2,5,main]) started.
[        ] > Task :app:buildCMakeDebug[arm64-v8a]
[        ] Caching disabled for task ':app:buildCMakeDebug[arm64-v8a]' because:
[        ]   Build cache is disabled
[        ]   Caching has been disabled for the task
[        ] Task ':app:buildCMakeDebug[arm64-v8a]' is not up-to-date because:
[        ]   Task.upToDateWhen is false.
[        ] C/C++: starting build
[        ] C/C++: reading expected JSONs
[        ] C/C++: done reading expected JSONs
[        ] C/C++: executing build commands for targets that produce .so files or executables
[        ] C/C++: evaluate miniconfig
[        ] C/C++: no libraries
[        ] Resolve mutations for :app:configureCMakeDebug[armeabi-v7a] (Thread[#8284,Execution worker Thread 2,5,main]) started.
[        ] :app:configureCMakeDebug[armeabi-v7a] (Thread[#8284,Execution worker Thread 2,5,main]) started.
[        ] > Task :app:configureCMakeDebug[armeabi-v7a]
[        ] Caching disabled for task ':app:configureCMakeDebug[armeabi-v7a]' because:
[        ]   Build cache is disabled
[        ]   Caching has been disabled for the task
[        ] Task ':app:configureCMakeDebug[armeabi-v7a]' is not up-to-date because:
[        ]   Task.upToDateWhen is false.
[        ] C/C++: C:\src\flutter\packages\flutter_tools\gradle\src\main\scripts\CMakeLists.txt debug|armeabi-v7a : Start JSON generation. Platform version: 24 min SDK version: armeabi-v7a
[        ] C/C++: C:\src\flutter\packages\flutter_tools\gradle\src\main\scripts\CMakeLists.txt debug|armeabi-v7a : JSON 'C:\poke\color_world\android\app\.cxx\debug\321q58rr\armeabi-v7a\android_gradle_build.json' was up-to-date
[        ] C/C++: C:\src\flutter\packages\flutter_tools\gradle\src\main\scripts\CMakeLists.txt debug|armeabi-v7a : JSON generation completed without problems
[        ] C/C++: C:\src\flutter\packages\flutter_tools\gradle\src\main\scripts\CMakeLists.txt debug|armeabi-v7a : Writing build model to C:\poke\color_world\android\app\build\intermediates\cxx\debug\321q58rr\logs\armeabi-v7a\build_model.json
[        ] Resolve mutations for :app:buildCMakeDebug[armeabi-v7a] (Thread[#8284,Execution worker Thread 2,5,main]) started.
[        ] :app:buildCMakeDebug[armeabi-v7a] (Thread[#8302,Execution worker Thread 19,5,main]) started.
[        ] > Task :app:buildCMakeDebug[armeabi-v7a]
[        ] Caching disabled for task ':app:buildCMakeDebug[armeabi-v7a]' because:
[        ]   Build cache is disabled
[        ]   Caching has been disabled for the task
[        ] Task ':app:buildCMakeDebug[armeabi-v7a]' is not up-to-date because:
[        ]   Task.upToDateWhen is false.
[        ] C/C++: starting build
[        ] C/C++: reading expected JSONs
[        ] C/C++: done reading expected JSONs
[        ] C/C++: executing build commands for targets that produce .so files or executables
[        ] C/C++: evaluate miniconfig
[        ] C/C++: no libraries
[        ] Resolve mutations for :app:configureCMakeDebug[x86_64] (Thread[#8302,Execution worker Thread 19,5,main]) started.
[        ] :app:configureCMakeDebug[x86_64] (Thread[#8302,Execution worker Thread 19,5,main]) started.
[        ] > Task :app:configureCMakeDebug[x86_64]
[        ] Caching disabled for task ':app:configureCMakeDebug[x86_64]' because:
[        ]   Build cache is disabled
[        ]   Caching has been disabled for the task
[        ] Task ':app:configureCMakeDebug[x86_64]' is not up-to-date because:
[        ]   Task.upToDateWhen is false.
[        ] C/C++: C:\src\flutter\packages\flutter_tools\gradle\src\main\scripts\CMakeLists.txt debug|x86_64 : Start JSON generation. Platform version: 24 min SDK version: x86_64
[        ] C/C++: C:\src\flutter\packages\flutter_tools\gradle\src\main\scripts\CMakeLists.txt debug|x86_64 : JSON 'C:\poke\color_world\android\app\.cxx\debug\321q58rr\x86_64\android_gradle_build.json' was up-to-date
[        ] C/C++: C:\src\flutter\packages\flutter_tools\gradle\src\main\scripts\CMakeLists.txt debug|x86_64 : JSON generation completed without problems
[        ] C/C++: C:\src\flutter\packages\flutter_tools\gradle\src\main\scripts\CMakeLists.txt debug|x86_64 : Writing build model to C:\poke\color_world\android\app\build\intermediates\cxx\debug\321q58rr\logs\x86_64\build_model.json
[        ] Resolve mutations for :app:buildCMakeDebug[x86_64] (Thread[#8302,Execution worker Thread 19,5,main]) started.
[        ] :app:buildCMakeDebug[x86_64] (Thread[#8302,Execution worker Thread 19,5,main]) started.
[        ] > Task :app:buildCMakeDebug[x86_64]
[        ] Caching disabled for task ':app:buildCMakeDebug[x86_64]' because:
[        ]   Build cache is disabled
[        ]   Caching has been disabled for the task
[        ] Task ':app:buildCMakeDebug[x86_64]' is not up-to-date because:
[        ]   Task.upToDateWhen is false.
[        ] C/C++: starting build
[        ] C/C++: reading expected JSONs
[        ] C/C++: done reading expected JSONs
[        ] C/C++: executing build commands for targets that produce .so files or executables
[        ] C/C++: evaluate miniconfig
[        ] C/C++: no libraries
[        ] Resolve mutations for :app:copyJniLibsflutterBuildDebug (Thread[#8302,Execution worker Thread 19,5,main]) started.
[        ] :app:copyJniLibsflutterBuildDebug (Thread[#8302,Execution worker Thread 19,5,main]) started.
[        ] > Task :app:copyJniLibsflutterBuildDebug NO-SOURCE
[        ] Skipping task ':app:copyJniLibsflutterBuildDebug' as it has no source files and no previous output files.
[        ] Resolve mutations for :app:mergeDebugJniLibFolders (Thread[#8302,Execution worker Thread 19,5,main]) started.
[        ] :app:mergeDebugJniLibFolders (Thread[#8302,Execution worker Thread 19,5,main]) started.
[        ] > Task :app:mergeDebugJniLibFolders UP-TO-DATE
[        ] Caching disabled for task ':app:mergeDebugJniLibFolders' because:
[        ]   Build cache is disabled
[        ]   Simple merging task
[        ] Skipping task ':app:mergeDebugJniLibFolders' as it is up-to-date.
[        ] Resolve mutations for :gal:mergeDebugJniLibFolders (Thread[#8302,Execution worker Thread 19,5,main]) started.
[        ] :gal:mergeDebugJniLibFolders (Thread[#8302,Execution worker Thread 19,5,main]) started.
[        ] > Task :gal:mergeDebugJniLibFolders UP-TO-DATE
[        ] Caching disabled for task ':gal:mergeDebugJniLibFolders' because:
[        ]   Build cache is disabled
[        ]   Simple merging task
[        ] Skipping task ':gal:mergeDebugJniLibFolders' as it is up-to-date.
[        ] Resolve mutations for :gal:mergeDebugNativeLibs (Thread[#8302,Execution worker Thread 19,5,main]) started.
[        ] :gal:mergeDebugNativeLibs (Thread[#8302,Execution worker Thread 19,5,main]) started.
[        ] > Task :gal:mergeDebugNativeLibs NO-SOURCE
[        ] Skipping task ':gal:mergeDebugNativeLibs' as it has no source files and no previous output files.
[        ] Resolve mutations for :gal:copyDebugJniLibsProjectOnly (Thread[#8302,Execution worker Thread 19,5,main]) started.
[        ] :gal:copyDebugJniLibsProjectOnly (Thread[#8302,Execution worker Thread 19,5,main]) started.
[        ] > Task :gal:copyDebugJniLibsProjectOnly UP-TO-DATE
[        ] Caching disabled for task ':gal:copyDebugJniLibsProjectOnly' because:
[        ]   Build cache is disabled
[        ]   Caching has been disabled for the task
[        ] Skipping task ':gal:copyDebugJniLibsProjectOnly' as it is up-to-date.
[        ] work action resolve jni (project :gal) (Thread[#8302,Execution worker Thread 19,5,main]) started.
[        ] Resolve mutations for :google_mobile_ads:mergeDebugJniLibFolders (Thread[#8302,Execution worker Thread 19,5,main]) started.
[        ] :google_mobile_ads:mergeDebugJniLibFolders (Thread[#8302,Execution worker Thread 19,5,main]) started.
[        ] > Task :google_mobile_ads:mergeDebugJniLibFolders UP-TO-DATE
[        ] Caching disabled for task ':google_mobile_ads:mergeDebugJniLibFolders' because:
[        ]   Build cache is disabled
[        ]   Simple merging task
[        ] Skipping task ':google_mobile_ads:mergeDebugJniLibFolders' as it is up-to-date.
[        ] Resolve mutations for :google_mobile_ads:mergeDebugNativeLibs (Thread[#8302,Execution worker Thread 19,5,main]) started.
[        ] :google_mobile_ads:mergeDebugNativeLibs (Thread[#8282,included builds,5,main]) started.
[        ] > Task :google_mobile_ads:mergeDebugNativeLibs NO-SOURCE
[        ] Skipping task ':google_mobile_ads:mergeDebugNativeLibs' as it has no source files and no previous output files.
[        ] Resolve mutations for :google_mobile_ads:copyDebugJniLibsProjectOnly (Thread[#8282,included builds,5,main]) started.
[        ] :google_mobile_ads:copyDebugJniLibsProjectOnly (Thread[#8282,included builds,5,main]) started.
[        ] > Task :google_mobile_ads:copyDebugJniLibsProjectOnly UP-TO-DATE
[        ] Caching disabled for task ':google_mobile_ads:copyDebugJniLibsProjectOnly' because:
[        ]   Build cache is disabled
[        ]   Caching has been disabled for the task
[        ] Skipping task ':google_mobile_ads:copyDebugJniLibsProjectOnly' as it is up-to-date.
[        ] work action resolve jni (project :google_mobile_ads) (Thread[#8282,included builds,5,main]) started.
[        ] Resolve mutations for :path_provider_android:mergeDebugJniLibFolders (Thread[#8282,included builds,5,main]) started.
[        ] :path_provider_android:mergeDebugJniLibFolders (Thread[#8282,included builds,5,main]) started.
[        ] > Task :path_provider_android:mergeDebugJniLibFolders UP-TO-DATE
[        ] Caching disabled for task ':path_provider_android:mergeDebugJniLibFolders' because:
[        ]   Build cache is disabled
[        ]   Simple merging task
[        ] Skipping task ':path_provider_android:mergeDebugJniLibFolders' as it is up-to-date.
[        ] Resolve mutations for :path_provider_android:mergeDebugNativeLibs (Thread[#8282,included builds,5,main]) started.
[        ] :path_provider_android:mergeDebugNativeLibs (Thread[#8282,included builds,5,main]) started.
[        ] > Task :path_provider_android:mergeDebugNativeLibs NO-SOURCE
[        ] Skipping task ':path_provider_android:mergeDebugNativeLibs' as it has no source files and no previous output files.
[        ] Resolve mutations for :path_provider_android:copyDebugJniLibsProjectOnly (Thread[#8282,included builds,5,main]) started.
[        ] :path_provider_android:copyDebugJniLibsProjectOnly (Thread[#8282,included builds,5,main]) started.
[        ] > Task :path_provider_android:copyDebugJniLibsProjectOnly UP-TO-DATE
[        ] Caching disabled for task ':path_provider_android:copyDebugJniLibsProjectOnly' because:
[        ]   Build cache is disabled
[        ]   Caching has been disabled for the task
[        ] Skipping task ':path_provider_android:copyDebugJniLibsProjectOnly' as it is up-to-date.
[        ] work action resolve jni (project :path_provider_android) (Thread[#8282,included builds,5,main]) started.
[        ] Resolve mutations for :permission_handler_android:mergeDebugJniLibFolders (Thread[#8282,included builds,5,main]) started.
[        ] :permission_handler_android:mergeDebugJniLibFolders (Thread[#8282,included builds,5,main]) started.
[        ] > Task :permission_handler_android:mergeDebugJniLibFolders UP-TO-DATE
[        ] Caching disabled for task ':permission_handler_android:mergeDebugJniLibFolders' because:
[        ]   Build cache is disabled
[        ]   Simple merging task
[        ] Skipping task ':permission_handler_android:mergeDebugJniLibFolders' as it is up-to-date.
[        ] Resolve mutations for :permission_handler_android:mergeDebugNativeLibs (Thread[#8282,included builds,5,main]) started.
[        ] :permission_handler_android:mergeDebugNativeLibs (Thread[#8282,included builds,5,main]) started.
[        ] > Task :permission_handler_android:mergeDebugNativeLibs NO-SOURCE
[        ] Skipping task ':permission_handler_android:mergeDebugNativeLibs' as it has no source files and no previous output files.
[        ] Resolve mutations for :permission_handler_android:copyDebugJniLibsProjectOnly (Thread[#8282,included builds,5,main]) started.
[        ] :permission_handler_android:copyDebugJniLibsProjectOnly (Thread[#8282,included builds,5,main]) started.
[        ] > Task :permission_handler_android:copyDebugJniLibsProjectOnly UP-TO-DATE
[        ] Caching disabled for task ':permission_handler_android:copyDebugJniLibsProjectOnly' because:
[        ]   Build cache is disabled
[        ]   Caching has been disabled for the task
[        ] Skipping task ':permission_handler_android:copyDebugJniLibsProjectOnly' as it is up-to-date.
[        ] work action resolve jni (project :permission_handler_android) (Thread[#8282,included builds,5,main]) started.
[        ] Resolve mutations for :shared_preferences_android:mergeDebugJniLibFolders (Thread[#8282,included builds,5,main]) started.
[        ] :shared_preferences_android:mergeDebugJniLibFolders (Thread[#8282,included builds,5,main]) started.
[        ] > Task :shared_preferences_android:mergeDebugJniLibFolders UP-TO-DATE
[        ] Caching disabled for task ':shared_preferences_android:mergeDebugJniLibFolders' because:
[        ]   Build cache is disabled
[        ]   Simple merging task
[        ] Skipping task ':shared_preferences_android:mergeDebugJniLibFolders' as it is up-to-date.
[        ] Resolve mutations for :shared_preferences_android:mergeDebugNativeLibs (Thread[#8282,included builds,5,main]) started.
[        ] :shared_preferences_android:mergeDebugNativeLibs (Thread[#8282,included builds,5,main]) started.
[        ] > Task :shared_preferences_android:mergeDebugNativeLibs NO-SOURCE
[        ] Skipping task ':shared_preferences_android:mergeDebugNativeLibs' as it has no source files and no previous output files.
[        ] Resolve mutations for :shared_preferences_android:copyDebugJniLibsProjectOnly (Thread[#8282,included builds,5,main]) started.
[        ] :shared_preferences_android:copyDebugJniLibsProjectOnly (Thread[#8282,included builds,5,main]) started.
[        ] > Task :shared_preferences_android:copyDebugJniLibsProjectOnly UP-TO-DATE
[        ] Caching disabled for task ':shared_preferences_android:copyDebugJniLibsProjectOnly' because:
[        ]   Build cache is disabled
[        ]   Caching has been disabled for the task
[        ] Skipping task ':shared_preferences_android:copyDebugJniLibsProjectOnly' as it is up-to-date.
[        ] work action resolve jni (project :shared_preferences_android) (Thread[#8282,included builds,5,main]) started.
[        ] Resolve mutations for :webview_flutter_android:mergeDebugJniLibFolders (Thread[#8282,included builds,5,main]) started.
[        ] :webview_flutter_android:mergeDebugJniLibFolders (Thread[#8282,included builds,5,main]) started.
[        ] > Task :webview_flutter_android:mergeDebugJniLibFolders UP-TO-DATE
[        ] Caching disabled for task ':webview_flutter_android:mergeDebugJniLibFolders' because:
[        ]   Build cache is disabled
[        ]   Simple merging task
[        ] Skipping task ':webview_flutter_android:mergeDebugJniLibFolders' as it is up-to-date.
[        ] Resolve mutations for :webview_flutter_android:mergeDebugNativeLibs (Thread[#8282,included builds,5,main]) started.
[        ] :webview_flutter_android:mergeDebugNativeLibs (Thread[#8282,included builds,5,main]) started.
[        ] > Task :webview_flutter_android:mergeDebugNativeLibs NO-SOURCE
[        ] Skipping task ':webview_flutter_android:mergeDebugNativeLibs' as it has no source files and no previous output files.
[        ] Resolve mutations for :webview_flutter_android:copyDebugJniLibsProjectOnly (Thread[#8282,included builds,5,main]) started.
[        ] :webview_flutter_android:copyDebugJniLibsProjectOnly (Thread[#8282,included builds,5,main]) started.
[        ] > Task :webview_flutter_android:copyDebugJniLibsProjectOnly UP-TO-DATE
[        ] Caching disabled for task ':webview_flutter_android:copyDebugJniLibsProjectOnly' because:
[        ]   Build cache is disabled
[        ]   Caching has been disabled for the task
[        ] Skipping task ':webview_flutter_android:copyDebugJniLibsProjectOnly' as it is up-to-date.
[        ] work action resolve jni (project :webview_flutter_android) (Thread[#8282,included builds,5,main]) started.
[        ] Resolve mutations for :app:mergeDebugNativeLibs (Thread[#8282,included builds,5,main]) started.
[        ] :app:mergeDebugNativeLibs (Thread[#8282,included builds,5,main]) started.
[        ] > Task :app:mergeDebugNativeLibs UP-TO-DATE
[        ] Transforming flutter_embedding_debug-1.0.0-77e2e94772b6eb43759e34ed1ad7da4674e19cab.jar (io.flutter:flutter_embedding_debug:1.0.0-77e2e94772b6eb43759e34ed1ad7da4674e19cab) with JetifyTransform
[        ] Transforming flutter_embedding_debug-1.0.0-77e2e94772b6eb43759e34ed1ad7da4674e19cab.jar (io.flutter:flutter_embedding_debug:1.0.0-77e2e94772b6eb43759e34ed1ad7da4674e19cab) with ExtractJniTransform
[        ] Transforming play-services-ads-23.6.0.aar (com.google.android.gms:play-services-ads:23.6.0) with JetifyTransform
[        ] Transforming play-services-ads-23.6.0.aar (com.google.android.gms:play-services-ads:23.6.0) with ExtractAarTransform
[        ] Transforming play-services-ads-23.6.0.aar (com.google.android.gms:play-services-ads:23.6.0) with AarTransform
[        ] Transforming play-services-ads-lite-23.6.0.aar (com.google.android.gms:play-services-ads-lite:23.6.0) with JetifyTransform
[        ] Transforming play-services-ads-lite-23.6.0.aar (com.google.android.gms:play-services-ads-lite:23.6.0) with ExtractAarTransform
[        ] Transforming play-services-ads-lite-23.6.0.aar (com.google.android.gms:play-services-ads-lite:23.6.0) with AarTransform
[        ] Transforming user-messaging-platform-3.1.0.aar (com.google.android.ump:user-messaging-platform:3.1.0) with JetifyTransform
[        ] Transforming user-messaging-platform-3.1.0.aar (com.google.android.ump:user-messaging-platform:3.1.0) with ExtractAarTransform
[        ] Transforming user-messaging-platform-3.1.0.aar (com.google.android.ump:user-messaging-platform:3.1.0) with AarTransform
[        ] Transforming user-messaging-platform-3.1.0.aar (com.google.android.ump:user-messaging-platform:3.1.0) with JetifyTransform
[        ] Transforming user-messaging-platform-3.1.0.aar (com.google.android.ump:user-messaging-platform:3.1.0) with ExtractAarTransform
[        ] Transforming user-messaging-platform-3.1.0.aar (com.google.android.ump:user-messaging-platform:3.1.0) with AarTransform
[        ] Transforming play-services-ads-base-23.6.0.aar (com.google.android.gms:play-services-ads-base:23.6.0) with JetifyTransform
[        ] Transforming play-services-ads-base-23.6.0.aar (com.google.android.gms:play-services-ads-base:23.6.0) with ExtractAarTransform
[        ] Transforming play-services-ads-base-23.6.0.aar (com.google.android.gms:play-services-ads-base:23.6.0) with AarTransform
[        ] Transforming play-services-ads-identifier-18.0.0.aar (com.google.android.gms:play-services-ads-identifier:18.0.0) with JetifyTransform
[        ] Transforming play-services-ads-identifier-18.0.0.aar (com.google.android.gms:play-services-ads-identifier:18.0.0) with ExtractAarTransform
[        ] Transforming play-services-ads-identifier-18.0.0.aar (com.google.android.gms:play-services-ads-identifier:18.0.0) with AarTransform
[        ] Transforming play-services-appset-16.0.1.aar (com.google.android.gms:play-services-appset:16.0.1) with JetifyTransform
[        ] Transforming play-services-appset-16.0.1.aar (com.google.android.gms:play-services-appset:16.0.1) with ExtractAarTransform
[        ] Transforming play-services-appset-16.0.1.aar (com.google.android.gms:play-services-appset:16.0.1) with AarTransform
[        ] Transforming play-services-base-18.0.0.aar (com.google.android.gms:play-services-base:18.0.0) with JetifyTransform
[        ] Transforming play-services-base-18.0.0.aar (com.google.android.gms:play-services-base:18.0.0) with ExtractAarTransform
[        ] Transforming play-services-base-18.0.0.aar (com.google.android.gms:play-services-base:18.0.0) with AarTransform
[        ] Transforming play-services-tasks-18.2.0.aar (com.google.android.gms:play-services-tasks:18.2.0) with JetifyTransform
[        ] Transforming play-services-tasks-18.2.0.aar (com.google.android.gms:play-services-tasks:18.2.0) with ExtractAarTransform
[        ] Transforming play-services-tasks-18.2.0.aar (com.google.android.gms:play-services-tasks:18.2.0) with AarTransform
[        ] Transforming play-services-measurement-sdk-api-20.1.2.aar (com.google.android.gms:play-services-measurement-sdk-api:20.1.2) with JetifyTransform
[        ] Transforming play-services-measurement-sdk-api-20.1.2.aar (com.google.android.gms:play-services-measurement-sdk-api:20.1.2) with ExtractAarTransform
[        ] Transforming play-services-measurement-sdk-api-20.1.2.aar (com.google.android.gms:play-services-measurement-sdk-api:20.1.2) with AarTransform
[        ] Transforming play-services-measurement-base-20.1.2.aar (com.google.android.gms:play-services-measurement-base:20.1.2) with JetifyTransform
[        ] Transforming play-services-measurement-base-20.1.2.aar (com.google.android.gms:play-services-measurement-base:20.1.2) with ExtractAarTransform
[        ] Transforming play-services-measurement-base-20.1.2.aar (com.google.android.gms:play-services-measurement-base:20.1.2) with AarTransform
[        ] Transforming play-services-basement-18.4.0.aar (com.google.android.gms:play-services-basement:18.4.0) with JetifyTransform
[        ] Transforming play-services-basement-18.4.0.aar (com.google.android.gms:play-services-basement:18.4.0) with ExtractAarTransform
[        ] Transforming play-services-basement-18.4.0.aar (com.google.android.gms:play-services-basement:18.4.0) with AarTransform
[        ] Transforming constraintlayout-2.1.4.aar (androidx.constraintlayout:constraintlayout:2.1.4) with JetifyTransform
[        ] Transforming constraintlayout-2.1.4.aar (androidx.constraintlayout:constraintlayout:2.1.4) with ExtractAarTransform
[        ] Transforming constraintlayout-2.1.4.aar (androidx.constraintlayout:constraintlayout:2.1.4) with AarTransform
[        ] Transforming preference-1.2.1.aar (androidx.preference:preference:1.2.1) with JetifyTransform
[        ] Transforming preference-1.2.1.aar (androidx.preference:preference:1.2.1) with ExtractAarTransform
[        ] Transforming preference-1.2.1.aar (androidx.preference:preference:1.2.1) with AarTransform
[        ] Transforming appcompat-1.2.0.aar (androidx.appcompat:appcompat:1.2.0) with JetifyTransform
[        ] Transforming appcompat-1.2.0.aar (androidx.appcompat:appcompat:1.2.0) with ExtractAarTransform
[        ] Transforming appcompat-1.2.0.aar (androidx.appcompat:appcompat:1.2.0) with AarTransform
[        ] Transforming fragment-ktx-1.7.1.aar (androidx.fragment:fragment-ktx:1.7.1) with JetifyTransform
[        ] Transforming fragment-ktx-1.7.1.aar (androidx.fragment:fragment-ktx:1.7.1) with ExtractAarTransform
[        ] Transforming fragment-ktx-1.7.1.aar (androidx.fragment:fragment-ktx:1.7.1) with AarTransform
[        ] Transforming fragment-1.7.1.aar (androidx.fragment:fragment:1.7.1) with JetifyTransform
[        ] Transforming fragment-1.7.1.aar (androidx.fragment:fragment:1.7.1) with ExtractAarTransform
[        ] Transforming fragment-1.7.1.aar (androidx.fragment:fragment:1.7.1) with AarTransform
[        ] Transforming fragment-1.7.1.aar (androidx.fragment:fragment:1.7.1) with JetifyTransform
[        ] Transforming fragment-1.7.1.aar (androidx.fragment:fragment:1.7.1) with ExtractAarTransform
[        ] Transforming fragment-1.7.1.aar (androidx.fragment:fragment:1.7.1) with AarTransform
[        ] Transforming webkit-1.15.0.aar (androidx.webkit:webkit:1.15.0) with JetifyTransform
[        ] Transforming webkit-1.15.0.aar (androidx.webkit:webkit:1.15.0) with ExtractAarTransform
[        ] Transforming webkit-1.15.0.aar (androidx.webkit:webkit:1.15.0) with AarTransform
[        ] Transforming webkit-1.15.0.aar (androidx.webkit:webkit:1.15.0) with JetifyTransform
[        ] Transforming webkit-1.15.0.aar (androidx.webkit:webkit:1.15.0) with ExtractAarTransform
[        ] Transforming webkit-1.15.0.aar (androidx.webkit:webkit:1.15.0) with AarTransform
[        ] Transforming recyclerview-1.0.0.aar (androidx.recyclerview:recyclerview:1.0.0) with JetifyTransform
[        ] Transforming recyclerview-1.0.0.aar (androidx.recyclerview:recyclerview:1.0.0) with ExtractAarTransform
[        ] Transforming recyclerview-1.0.0.aar (androidx.recyclerview:recyclerview:1.0.0) with AarTransform
[        ] Transforming legacy-support-core-ui-1.0.0.aar (androidx.legacy:legacy-support-core-ui:1.0.0) with JetifyTransform
[        ] Transforming legacy-support-core-ui-1.0.0.aar (androidx.legacy:legacy-support-core-ui:1.0.0) with ExtractAarTransform
[        ] Transforming legacy-support-core-ui-1.0.0.aar (androidx.legacy:legacy-support-core-ui:1.0.0) with AarTransform
[        ] Transforming slidingpanelayout-1.2.0.aar (androidx.slidingpanelayout:slidingpanelayout:1.2.0) with JetifyTransform
[        ] Transforming slidingpanelayout-1.2.0.aar (androidx.slidingpanelayout:slidingpanelayout:1.2.0) with ExtractAarTransform
[        ] Transforming slidingpanelayout-1.2.0.aar (androidx.slidingpanelayout:slidingpanelayout:1.2.0) with AarTransform
[        ] Transforming slidingpanelayout-1.2.0.aar (androidx.slidingpanelayout:slidingpanelayout:1.2.0) with JetifyTransform
[        ] Transforming slidingpanelayout-1.2.0.aar (androidx.slidingpanelayout:slidingpanelayout:1.2.0) with ExtractAarTransform
[        ] Transforming slidingpanelayout-1.2.0.aar (androidx.slidingpanelayout:slidingpanelayout:1.2.0) with AarTransform
[        ] Transforming window-1.2.0.aar (androidx.window:window:1.2.0) with JetifyTransform
[        ] Transforming window-1.2.0.aar (androidx.window:window:1.2.0) with ExtractAarTransform
[        ] Transforming window-1.2.0.aar (androidx.window:window:1.2.0) with AarTransform
[        ] Transforming window-java-1.2.0.aar (androidx.window:window-java:1.2.0) with JetifyTransform
[        ] Transforming window-java-1.2.0.aar (androidx.window:window-java:1.2.0) with ExtractAarTransform
[        ] Transforming window-java-1.2.0.aar (androidx.window:window-java:1.2.0) with AarTransform
[        ] Transforming browser-1.8.0.aar (androidx.browser:browser:1.8.0) with JetifyTransform
[        ] Transforming browser-1.8.0.aar (androidx.browser:browser:1.8.0) with ExtractAarTransform
[        ] Transforming browser-1.8.0.aar (androidx.browser:browser:1.8.0) with AarTransform
[        ] Transforming activity-ktx-1.8.1.aar (androidx.activity:activity-ktx:1.8.1) with JetifyTransform
[        ] Transforming activity-ktx-1.8.1.aar (androidx.activity:activity-ktx:1.8.1) with ExtractAarTransform
[        ] Transforming activity-ktx-1.8.1.aar (androidx.activity:activity-ktx:1.8.1) with AarTransform
[        ] Transforming activity-1.8.1.aar (androidx.activity:activity:1.8.1) with JetifyTransform
[        ] Transforming activity-1.8.1.aar (androidx.activity:activity:1.8.1) with ExtractAarTransform
[        ] Transforming activity-1.8.1.aar (androidx.activity:activity:1.8.1) with AarTransform
[        ] Transforming legacy-support-core-utils-1.0.0.aar (androidx.legacy:legacy-support-core-utils:1.0.0) with JetifyTransform
[        ] Transforming legacy-support-core-utils-1.0.0.aar (androidx.legacy:legacy-support-core-utils:1.0.0) with ExtractAarTransform
[        ] Transforming legacy-support-core-utils-1.0.0.aar (androidx.legacy:legacy-support-core-utils:1.0.0) with AarTransform
[        ] Transforming loader-1.0.0.aar (androidx.loader:loader:1.0.0) with JetifyTransform
[        ] Transforming loader-1.0.0.aar (androidx.loader:loader:1.0.0) with ExtractAarTransform
[        ] Transforming loader-1.0.0.aar (androidx.loader:loader:1.0.0) with AarTransform
[        ] Transforming loader-1.0.0.aar (androidx.loader:loader:1.0.0) with JetifyTransform
[        ] Transforming loader-1.0.0.aar (androidx.loader:loader:1.0.0) with ExtractAarTransform
[        ] Transforming loader-1.0.0.aar (androidx.loader:loader:1.0.0) with AarTransform
[        ] Transforming viewpager-1.0.0.aar (androidx.viewpager:viewpager:1.0.0) with JetifyTransform
[        ] Transforming viewpager-1.0.0.aar (androidx.viewpager:viewpager:1.0.0) with ExtractAarTransform
[        ] Transforming viewpager-1.0.0.aar (androidx.viewpager:viewpager:1.0.0) with AarTransform
[        ] Transforming viewpager-1.0.0.aar (androidx.viewpager:viewpager:1.0.0) with JetifyTransform
[        ] Transforming viewpager-1.0.0.aar (androidx.viewpager:viewpager:1.0.0) with ExtractAarTransform
[        ] Transforming viewpager-1.0.0.aar (androidx.viewpager:viewpager:1.0.0) with AarTransform
[        ] Transforming ads-adservices-java-1.0.0-beta05.aar (androidx.privacysandbox.ads:ads-adservices-java:1.0.0-beta05) with JetifyTransform
[        ] Transforming ads-adservices-java-1.0.0-beta05.aar (androidx.privacysandbox.ads:ads-adservices-java:1.0.0-beta05) with ExtractAarTransform
[        ] Transforming ads-adservices-java-1.0.0-beta05.aar (androidx.privacysandbox.ads:ads-adservices-java:1.0.0-beta05) with AarTransform
[        ] Transforming ads-adservices-1.0.0-beta05.aar (androidx.privacysandbox.ads:ads-adservices:1.0.0-beta05) with JetifyTransform
[        ] Transforming ads-adservices-1.0.0-beta05.aar (androidx.privacysandbox.ads:ads-adservices:1.0.0-beta05) with ExtractAarTransform
[        ] Transforming ads-adservices-1.0.0-beta05.aar (androidx.privacysandbox.ads:ads-adservices:1.0.0-beta05) with AarTransform
[        ] Transforming ads-adservices-1.0.0-beta05.aar (androidx.privacysandbox.ads:ads-adservices:1.0.0-beta05) with JetifyTransform
[        ] Transforming ads-adservices-1.0.0-beta05.aar (androidx.privacysandbox.ads:ads-adservices:1.0.0-beta05) with ExtractAarTransform
[        ] Transforming ads-adservices-1.0.0-beta05.aar (androidx.privacysandbox.ads:ads-adservices:1.0.0-beta05) with AarTransform
[        ] Transforming work-runtime-2.7.0.aar (androidx.work:work-runtime:2.7.0) with JetifyTransform
[        ] Transforming work-runtime-2.7.0.aar (androidx.work:work-runtime:2.7.0) with ExtractAarTransform
[        ] Transforming work-runtime-2.7.0.aar (androidx.work:work-runtime:2.7.0) with AarTransform
[        ] Transforming lifecycle-runtime-ktx-2.7.0.aar (androidx.lifecycle:lifecycle-runtime-ktx:2.7.0) with JetifyTransform
[        ] Transforming lifecycle-runtime-ktx-2.7.0.aar (androidx.lifecycle:lifecycle-runtime-ktx:2.7.0) with ExtractAarTransform
[        ] Transforming lifecycle-runtime-ktx-2.7.0.aar (androidx.lifecycle:lifecycle-runtime-ktx:2.7.0) with AarTransform
[        ] Transforming lifecycle-service-2.7.0.aar (androidx.lifecycle:lifecycle-service:2.7.0) with JetifyTransform
[        ] Transforming lifecycle-service-2.7.0.aar (androidx.lifecycle:lifecycle-service:2.7.0) with ExtractAarTransform
[        ] Transforming lifecycle-service-2.7.0.aar (androidx.lifecycle:lifecycle-service:2.7.0) with AarTransform
[        ] Transforming lifecycle-livedata-2.7.0.aar (androidx.lifecycle:lifecycle-livedata:2.7.0) with JetifyTransform
[        ] Transforming lifecycle-livedata-2.7.0.aar (androidx.lifecycle:lifecycle-livedata:2.7.0) with ExtractAarTransform
[        ] Transforming lifecycle-livedata-2.7.0.aar (androidx.lifecycle:lifecycle-livedata:2.7.0) with AarTransform
[        ] Transforming lifecycle-livedata-2.7.0.aar (androidx.lifecycle:lifecycle-livedata:2.7.0) with JetifyTransform
[        ] Transforming lifecycle-livedata-2.7.0.aar (androidx.lifecycle:lifecycle-livedata:2.7.0) with ExtractAarTransform
[        ] Transforming lifecycle-livedata-2.7.0.aar (androidx.lifecycle:lifecycle-livedata:2.7.0) with AarTransform
[        ] Transforming lifecycle-livedata-core-ktx-2.7.0.aar (androidx.lifecycle:lifecycle-livedata-core-ktx:2.7.0) with JetifyTransform
[        ] Transforming lifecycle-livedata-core-ktx-2.7.0.aar (androidx.lifecycle:lifecycle-livedata-core-ktx:2.7.0) with ExtractAarTransform
[        ] Transforming lifecycle-livedata-core-ktx-2.7.0.aar (androidx.lifecycle:lifecycle-livedata-core-ktx:2.7.0) with AarTransform
[        ] Transforming lifecycle-viewmodel-ktx-2.7.0.aar (androidx.lifecycle:lifecycle-viewmodel-ktx:2.7.0) with JetifyTransform
[        ] Transforming lifecycle-viewmodel-ktx-2.7.0.aar (androidx.lifecycle:lifecycle-viewmodel-ktx:2.7.0) with ExtractAarTransform
[        ] Transforming lifecycle-viewmodel-ktx-2.7.0.aar (androidx.lifecycle:lifecycle-viewmodel-ktx:2.7.0) with AarTransform
[        ] Transforming lifecycle-viewmodel-2.7.0.aar (androidx.lifecycle:lifecycle-viewmodel:2.7.0) with JetifyTransform
[        ] Transforming lifecycle-viewmodel-2.7.0.aar (androidx.lifecycle:lifecycle-viewmodel:2.7.0) with ExtractAarTransform
[        ] Transforming lifecycle-viewmodel-2.7.0.aar (androidx.lifecycle:lifecycle-viewmodel:2.7.0) with AarTransform
[        ] Transforming lifecycle-viewmodel-2.7.0.aar (androidx.lifecycle:lifecycle-viewmodel:2.7.0) with JetifyTransform
[        ] Transforming lifecycle-viewmodel-2.7.0.aar (androidx.lifecycle:lifecycle-viewmodel:2.7.0) with ExtractAarTransform
[        ] Transforming lifecycle-viewmodel-2.7.0.aar (androidx.lifecycle:lifecycle-viewmodel:2.7.0) with AarTransform
[        ] Transforming lifecycle-livedata-core-2.7.0.aar (androidx.lifecycle:lifecycle-livedata-core:2.7.0) with JetifyTransform
[        ] Transforming lifecycle-livedata-core-2.7.0.aar (androidx.lifecycle:lifecycle-livedata-core:2.7.0) with ExtractAarTransform
[        ] Transforming lifecycle-livedata-core-2.7.0.aar (androidx.lifecycle:lifecycle-livedata-core:2.7.0) with AarTransform
[        ] Transforming lifecycle-viewmodel-savedstate-2.7.0.aar (androidx.lifecycle:lifecycle-viewmodel-savedstate:2.7.0) with JetifyTransform
[        ] Transforming lifecycle-viewmodel-savedstate-2.7.0.aar (androidx.lifecycle:lifecycle-viewmodel-savedstate:2.7.0) with ExtractAarTransform
[        ] Transforming lifecycle-viewmodel-savedstate-2.7.0.aar (androidx.lifecycle:lifecycle-viewmodel-savedstate:2.7.0) with AarTransform
[        ] Transforming core-ktx-1.13.1.aar (androidx.core:core-ktx:1.13.1) with JetifyTransform
[        ] Transforming core-ktx-1.13.1.aar (androidx.core:core-ktx:1.13.1) with ExtractAarTransform
[        ] Transforming core-ktx-1.13.1.aar (androidx.core:core-ktx:1.13.1) with AarTransform
[        ] Transforming appcompat-resources-1.2.0.aar (androidx.appcompat:appcompat-resources:1.2.0) with JetifyTransform
[        ] Transforming appcompat-resources-1.2.0.aar (androidx.appcompat:appcompat-resources:1.2.0) with ExtractAarTransform
[        ] Transforming appcompat-resources-1.2.0.aar (androidx.appcompat:appcompat-resources:1.2.0) with AarTransform
[        ] Transforming drawerlayout-1.0.0.aar (androidx.drawerlayout:drawerlayout:1.0.0) with JetifyTransform
[        ] Transforming drawerlayout-1.0.0.aar (androidx.drawerlayout:drawerlayout:1.0.0) with ExtractAarTransform
[        ] Transforming drawerlayout-1.0.0.aar (androidx.drawerlayout:drawerlayout:1.0.0) with AarTransform
[        ] Transforming drawerlayout-1.0.0.aar (androidx.drawerlayout:drawerlayout:1.0.0) with JetifyTransform
[        ] Transforming drawerlayout-1.0.0.aar (androidx.drawerlayout:drawerlayout:1.0.0) with ExtractAarTransform
[        ] Transforming drawerlayout-1.0.0.aar (androidx.drawerlayout:drawerlayout:1.0.0) with AarTransform
[        ] Transforming coordinatorlayout-1.0.0.aar (androidx.coordinatorlayout:coordinatorlayout:1.0.0) with JetifyTransform
[        ] Transforming coordinatorlayout-1.0.0.aar (androidx.coordinatorlayout:coordinatorlayout:1.0.0) with ExtractAarTransform
[        ] Transforming coordinatorlayout-1.0.0.aar (androidx.coordinatorlayout:coordinatorlayout:1.0.0) with AarTransform
[        ] Transforming customview-1.1.0.aar (androidx.customview:customview:1.1.0) with JetifyTransform
[        ] Transforming customview-1.1.0.aar (androidx.customview:customview:1.1.0) with ExtractAarTransform
[        ] Transforming customview-1.1.0.aar (androidx.customview:customview:1.1.0) with AarTransform
[        ] Transforming customview-1.1.0.aar (androidx.customview:customview:1.1.0) with JetifyTransform
[        ] Transforming customview-1.1.0.aar (androidx.customview:customview:1.1.0) with ExtractAarTransform
[        ] Transforming customview-1.1.0.aar (androidx.customview:customview:1.1.0) with AarTransform
[        ] Transforming transition-1.4.1.aar (androidx.transition:transition:1.4.1) with JetifyTransform
[        ] Transforming transition-1.4.1.aar (androidx.transition:transition:1.4.1) with ExtractAarTransform
[        ] Transforming transition-1.4.1.aar (androidx.transition:transition:1.4.1) with AarTransform
[        ] Transforming vectordrawable-animated-1.1.0.aar (androidx.vectordrawable:vectordrawable-animated:1.1.0) with JetifyTransform
[        ] Transforming vectordrawable-animated-1.1.0.aar (androidx.vectordrawable:vectordrawable-animated:1.1.0) with ExtractAarTransform
[        ] Transforming vectordrawable-animated-1.1.0.aar (androidx.vectordrawable:vectordrawable-animated:1.1.0) with AarTransform
[        ] Transforming vectordrawable-1.1.0.aar (androidx.vectordrawable:vectordrawable:1.1.0) with JetifyTransform
[        ] Transforming vectordrawable-1.1.0.aar (androidx.vectordrawable:vectordrawable:1.1.0) with ExtractAarTransform
[        ] Transforming vectordrawable-1.1.0.aar (androidx.vectordrawable:vectordrawable:1.1.0) with AarTransform
[        ] Transforming vectordrawable-1.1.0.aar (androidx.vectordrawable:vectordrawable:1.1.0) with JetifyTransform
[        ] Transforming vectordrawable-1.1.0.aar (androidx.vectordrawable:vectordrawable:1.1.0) with ExtractAarTransform
[        ] Transforming vectordrawable-1.1.0.aar (androidx.vectordrawable:vectordrawable:1.1.0) with AarTransform
[        ] Transforming swiperefreshlayout-1.0.0.aar (androidx.swiperefreshlayout:swiperefreshlayout:1.0.0) with JetifyTransform
[        ] Transforming swiperefreshlayout-1.0.0.aar (androidx.swiperefreshlayout:swiperefreshlayout:1.0.0) with ExtractAarTransform
[        ] Transforming swiperefreshlayout-1.0.0.aar (androidx.swiperefreshlayout:swiperefreshlayout:1.0.0) with AarTransform
[        ] Transforming asynclayoutinflater-1.0.0.aar (androidx.asynclayoutinflater:asynclayoutinflater:1.0.0) with JetifyTransform
[        ] Transforming asynclayoutinflater-1.0.0.aar (androidx.asynclayoutinflater:asynclayoutinflater:1.0.0) with ExtractAarTransform
[        ] Transforming asynclayoutinflater-1.0.0.aar (androidx.asynclayoutinflater:asynclayoutinflater:1.0.0) with AarTransform
[        ] Transforming core-1.13.1.aar (androidx.core:core:1.13.1) with JetifyTransform
[        ] Transforming core-1.13.1.aar (androidx.core:core:1.13.1) with ExtractAarTransform
[        ] Transforming core-1.13.1.aar (androidx.core:core:1.13.1) with AarTransform
[        ] Transforming core-1.13.1.aar (androidx.core:core:1.13.1) with JetifyTransform
[        ] Transforming core-1.13.1.aar (androidx.core:core:1.13.1) with ExtractAarTransform
[        ] Transforming core-1.13.1.aar (androidx.core:core:1.13.1) with AarTransform
[        ] Transforming lifecycle-runtime-2.7.0.aar (androidx.lifecycle:lifecycle-runtime:2.7.0) with JetifyTransform
[        ] Transforming lifecycle-runtime-2.7.0.aar (androidx.lifecycle:lifecycle-runtime:2.7.0) with ExtractAarTransform
[        ] Transforming lifecycle-runtime-2.7.0.aar (androidx.lifecycle:lifecycle-runtime:2.7.0) with AarTransform
[        ] Transforming lifecycle-common-java8-2.7.0.jar (androidx.lifecycle:lifecycle-common-java8:2.7.0) with JetifyTransform
[        ] Transforming lifecycle-common-java8-2.7.0.jar (androidx.lifecycle:lifecycle-common-java8:2.7.0) with ExtractJniTransform
[        ] Transforming savedstate-ktx-1.2.1.aar (androidx.savedstate:savedstate-ktx:1.2.1) with JetifyTransform
[        ] Transforming savedstate-ktx-1.2.1.aar (androidx.savedstate:savedstate-ktx:1.2.1) with ExtractAarTransform
[        ] Transforming savedstate-ktx-1.2.1.aar (androidx.savedstate:savedstate-ktx:1.2.1) with AarTransform
[        ] Transforming savedstate-1.2.1.aar (androidx.savedstate:savedstate:1.2.1) with JetifyTransform
[        ] Transforming savedstate-1.2.1.aar (androidx.savedstate:savedstate:1.2.1) with ExtractAarTransform
[        ] Transforming savedstate-1.2.1.aar (androidx.savedstate:savedstate:1.2.1) with AarTransform
[        ] Transforming lifecycle-common-2.7.0.jar (androidx.lifecycle:lifecycle-common:2.7.0) with JetifyTransform
[        ] Transforming lifecycle-common-2.7.0.jar (androidx.lifecycle:lifecycle-common:2.7.0) with ExtractJniTransform
[        ] Transforming lifecycle-process-2.7.0.aar (androidx.lifecycle:lifecycle-process:2.7.0) with JetifyTransform
[        ] Transforming lifecycle-process-2.7.0.aar (androidx.lifecycle:lifecycle-process:2.7.0) with ExtractAarTransform
[        ] Transforming lifecycle-process-2.7.0.aar (androidx.lifecycle:lifecycle-process:2.7.0) with AarTransform
[        ] Transforming datastore-preferences-external-protobuf-1.1.7.jar (androidx.datastore:datastore-preferences-external-protobuf:1.1.7) with JetifyTransform
[        ] Transforming datastore-preferences-external-protobuf-1.1.7.jar (androidx.datastore:datastore-preferences-external-protobuf:1.1.7) with ExtractJniTransform
[        ] Transforming datastore-preferences-proto-1.1.7.jar (androidx.datastore:datastore-preferences-proto:1.1.7) with JetifyTransform
[        ] Transforming datastore-preferences-proto-1.1.7.jar (androidx.datastore:datastore-preferences-proto:1.1.7) with ExtractJniTransform
[        ] Transforming datastore-preferences-core-release.aar (androidx.datastore:datastore-preferences-core-android:1.1.7) with JetifyTransform
[        ] Transforming datastore-preferences-core-release.aar (androidx.datastore:datastore-preferences-core-android:1.1.7) with ExtractAarTransform
[        ] Transforming datastore-preferences-core-release.aar (androidx.datastore:datastore-preferences-core-android:1.1.7) with AarTransform
[        ] Transforming datastore-core-okio-jvm-1.1.7.jar (androidx.datastore:datastore-core-okio-jvm:1.1.7) with JetifyTransform
[        ] Transforming datastore-core-okio-jvm-1.1.7.jar (androidx.datastore:datastore-core-okio-jvm:1.1.7) with ExtractJniTransform
[        ] Transforming datastore-core-release.aar (androidx.datastore:datastore-core-android:1.1.7) with JetifyTransform
[        ] Transforming datastore-core-release.aar (androidx.datastore:datastore-core-android:1.1.7) with ExtractAarTransform
[        ] Transforming datastore-core-release.aar (androidx.datastore:datastore-core-android:1.1.7) with AarTransform
[        ] Transforming datastore-preferences-release.aar (androidx.datastore:datastore-preferences-android:1.1.7) with JetifyTransform
[        ] Transforming datastore-preferences-release.aar (androidx.datastore:datastore-preferences-android:1.1.7) with ExtractAarTransform
[        ] Transforming datastore-preferences-release.aar (androidx.datastore:datastore-preferences-android:1.1.7) with AarTransform
[        ] Transforming datastore-release.aar (androidx.datastore:datastore-android:1.1.7) with JetifyTransform
[        ] Transforming datastore-release.aar (androidx.datastore:datastore-android:1.1.7) with ExtractAarTransform
[        ] Transforming datastore-release.aar (androidx.datastore:datastore-android:1.1.7) with AarTransform
[        ] Transforming profileinstaller-1.3.1.aar (androidx.profileinstaller:profileinstaller:1.3.1) with JetifyTransform
[        ] Transforming profileinstaller-1.3.1.aar (androidx.profileinstaller:profileinstaller:1.3.1) with ExtractAarTransform
[        ] Transforming profileinstaller-1.3.1.aar (androidx.profileinstaller:profileinstaller:1.3.1) with AarTransform
[        ] Transforming startup-runtime-1.1.1.aar (androidx.startup:startup-runtime:1.1.1) with JetifyTransform
[        ] Transforming startup-runtime-1.1.1.aar (androidx.startup:startup-runtime:1.1.1) with ExtractAarTransform
[        ] Transforming startup-runtime-1.1.1.aar (androidx.startup:startup-runtime:1.1.1) with AarTransform
[        ] Transforming tracing-1.2.0.aar (androidx.tracing:tracing:1.2.0) with JetifyTransform
[        ] Transforming tracing-1.2.0.aar (androidx.tracing:tracing:1.2.0) with ExtractAarTransform
[        ] Transforming tracing-1.2.0.aar (androidx.tracing:tracing:1.2.0) with AarTransform
[        ] Transforming exifinterface-1.4.1.aar (androidx.exifinterface:exifinterface:1.4.1) with JetifyTransform
[        ] Transforming exifinterface-1.4.1.aar (androidx.exifinterface:exifinterface:1.4.1) with ExtractAarTransform
[        ] Transforming exifinterface-1.4.1.aar (androidx.exifinterface:exifinterface:1.4.1) with AarTransform
[        ] Transforming room-runtime-2.2.5.aar (androidx.room:room-runtime:2.2.5) with JetifyTransform
[        ] Transforming room-runtime-2.2.5.aar (androidx.room:room-runtime:2.2.5) with ExtractAarTransform
[        ] Transforming room-runtime-2.2.5.aar (androidx.room:room-runtime:2.2.5) with AarTransform
[        ] Transforming core-runtime-2.2.0.aar (androidx.arch.core:core-runtime:2.2.0) with JetifyTransform
[        ] Transforming core-runtime-2.2.0.aar (androidx.arch.core:core-runtime:2.2.0) with ExtractAarTransform
[        ] Transforming core-runtime-2.2.0.aar (androidx.arch.core:core-runtime:2.2.0) with AarTransform
[        ] Transforming core-runtime-2.2.0.aar (androidx.arch.core:core-runtime:2.2.0) with JetifyTransform
[        ] Transforming core-runtime-2.2.0.aar (androidx.arch.core:core-runtime:2.2.0) with ExtractAarTransform
[        ] Transforming core-runtime-2.2.0.aar (androidx.arch.core:core-runtime:2.2.0) with AarTransform
[        ] Transforming core-common-2.2.0.jar (androidx.arch.core:core-common:2.2.0) with JetifyTransform
[        ] Transforming core-common-2.2.0.jar (androidx.arch.core:core-common:2.2.0) with ExtractJniTransform
[        ] Transforming versionedparcelable-1.1.1.aar (androidx.versionedparcelable:versionedparcelable:1.1.1) with JetifyTransform
[        ] Transforming versionedparcelable-1.1.1.aar (androidx.versionedparcelable:versionedparcelable:1.1.1) with ExtractAarTransform
[        ] Transforming versionedparcelable-1.1.1.aar (androidx.versionedparcelable:versionedparcelable:1.1.1) with AarTransform
[        ] Transforming collection-ktx-1.1.0.jar (androidx.collection:collection-ktx:1.1.0) with JetifyTransform
[        ] Transforming collection-ktx-1.1.0.jar (androidx.collection:collection-ktx:1.1.0) with ExtractJniTransform
[        ] Transforming collection-1.1.0.jar (androidx.collection:collection:1.1.0) with JetifyTransform
[        ] Transforming collection-1.1.0.jar (androidx.collection:collection:1.1.0) with ExtractJniTransform
[        ] Transforming interpolator-1.0.0.aar (androidx.interpolator:interpolator:1.0.0) with JetifyTransform
[        ] Transforming interpolator-1.0.0.aar (androidx.interpolator:interpolator:1.0.0) with ExtractAarTransform
[        ] Transforming interpolator-1.0.0.aar (androidx.interpolator:interpolator:1.0.0) with AarTransform
[        ] Transforming interpolator-1.0.0.aar (androidx.interpolator:interpolator:1.0.0) with JetifyTransform
[        ] Transforming interpolator-1.0.0.aar (androidx.interpolator:interpolator:1.0.0) with ExtractAarTransform
[        ] Transforming interpolator-1.0.0.aar (androidx.interpolator:interpolator:1.0.0) with AarTransform
[        ] Transforming concurrent-futures-1.1.0.jar (androidx.concurrent:concurrent-futures:1.1.0) with JetifyTransform
[        ] Transforming concurrent-futures-1.1.0.jar (androidx.concurrent:concurrent-futures:1.1.0) with ExtractJniTransform
[        ] Transforming cursoradapter-1.0.0.aar (androidx.cursoradapter:cursoradapter:1.0.0) with JetifyTransform
[        ] Transforming cursoradapter-1.0.0.aar (androidx.cursoradapter:cursoradapter:1.0.0) with ExtractAarTransform
[        ] Transforming cursoradapter-1.0.0.aar (androidx.cursoradapter:cursoradapter:1.0.0) with AarTransform
[        ] Transforming cursoradapter-1.0.0.aar (androidx.cursoradapter:cursoradapter:1.0.0) with JetifyTransform
[        ] Transforming cursoradapter-1.0.0.aar (androidx.cursoradapter:cursoradapter:1.0.0) with ExtractAarTransform
[        ] Transforming cursoradapter-1.0.0.aar (androidx.cursoradapter:cursoradapter:1.0.0) with AarTransform
[        ] Transforming core-1.0.0.aar (androidx.window.extensions.core:core:1.0.0) with JetifyTransform
[        ] Transforming core-1.0.0.aar (androidx.window.extensions.core:core:1.0.0) with ExtractAarTransform
[        ] Transforming core-1.0.0.aar (androidx.window.extensions.core:core:1.0.0) with AarTransform
[        ] Transforming sqlite-framework-2.1.0.aar (androidx.sqlite:sqlite-framework:2.1.0) with JetifyTransform
[        ] Transforming sqlite-framework-2.1.0.aar (androidx.sqlite:sqlite-framework:2.1.0) with ExtractAarTransform
[        ] Transforming sqlite-framework-2.1.0.aar (androidx.sqlite:sqlite-framework:2.1.0) with AarTransform
[        ] Transforming sqlite-framework-2.1.0.aar (androidx.sqlite:sqlite-framework:2.1.0) with JetifyTransform
[        ] Transforming sqlite-framework-2.1.0.aar (androidx.sqlite:sqlite-framework:2.1.0) with ExtractAarTransform
[        ] Transforming sqlite-framework-2.1.0.aar (androidx.sqlite:sqlite-framework:2.1.0) with AarTransform
[        ] Transforming sqlite-2.1.0.aar (androidx.sqlite:sqlite:2.1.0) with JetifyTransform
[        ] Transforming sqlite-2.1.0.aar (androidx.sqlite:sqlite:2.1.0) with ExtractAarTransform
[        ] Transforming sqlite-2.1.0.aar (androidx.sqlite:sqlite:2.1.0) with AarTransform
[        ] Transforming sqlite-2.1.0.aar (androidx.sqlite:sqlite:2.1.0) with JetifyTransform
[        ] Transforming sqlite-2.1.0.aar (androidx.sqlite:sqlite:2.1.0) with ExtractAarTransform
[        ] Transforming sqlite-2.1.0.aar (androidx.sqlite:sqlite:2.1.0) with AarTransform
[        ] Transforming room-common-2.2.5.jar (androidx.room:room-common:2.2.5) with JetifyTransform
[        ] Transforming room-common-2.2.5.jar (androidx.room:room-common:2.2.5) with ExtractJniTransform
[        ] Transforming documentfile-1.0.0.aar (androidx.documentfile:documentfile:1.0.0) with JetifyTransform
[        ] Transforming documentfile-1.0.0.aar (androidx.documentfile:documentfile:1.0.0) with ExtractAarTransform
[        ] Transforming documentfile-1.0.0.aar (androidx.documentfile:documentfile:1.0.0) with AarTransform
[        ] Transforming localbroadcastmanager-1.0.0.aar (androidx.localbroadcastmanager:localbroadcastmanager:1.0.0) with JetifyTransform
[        ] Transforming localbroadcastmanager-1.0.0.aar (androidx.localbroadcastmanager:localbroadcastmanager:1.0.0) with ExtractAarTransform
[        ] Transforming localbroadcastmanager-1.0.0.aar (androidx.localbroadcastmanager:localbroadcastmanager:1.0.0) with AarTransform
[        ] Transforming print-1.0.0.aar (androidx.print:print:1.0.0) with JetifyTransform
[        ] Transforming print-1.0.0.aar (androidx.print:print:1.0.0) with ExtractAarTransform
[        ] Transforming print-1.0.0.aar (androidx.print:print:1.0.0) with AarTransform
[        ] Transforming annotation-jvm-1.10.0.jar (androidx.annotation:annotation-jvm:1.10.0) with JetifyTransform
[        ] Transforming annotation-jvm-1.10.0.jar (androidx.annotation:annotation-jvm:1.10.0) with ExtractJniTransform
[        ] Transforming annotation-experimental-1.4.0.aar (androidx.annotation:annotation-experimental:1.4.0) with JetifyTransform
[        ] Transforming annotation-experimental-1.4.0.aar (androidx.annotation:annotation-experimental:1.4.0) with ExtractAarTransform
[        ] Transforming annotation-experimental-1.4.0.aar (androidx.annotation:annotation-experimental:1.4.0) with AarTransform
[        ] Transforming kotlin-parcelize-runtime-1.9.22.jar (org.jetbrains.kotlin:kotlin-parcelize-runtime:1.9.22) with JetifyTransform
[        ] Transforming kotlin-parcelize-runtime-1.9.22.jar (org.jetbrains.kotlin:kotlin-parcelize-runtime:1.9.22) with ExtractJniTransform
[        ] Transforming okio-jvm-3.4.0.jar (com.squareup.okio:okio-jvm:3.4.0) with JetifyTransform
[        ] Transforming okio-jvm-3.4.0.jar (com.squareup.okio:okio-jvm:3.4.0) with ExtractJniTransform
[        ] Transforming kotlinx-coroutines-core-jvm-1.7.3.jar (org.jetbrains.kotlinx:kotlinx-coroutines-core-jvm:1.7.3) with JetifyTransform
[        ] Transforming kotlinx-coroutines-core-jvm-1.7.3.jar (org.jetbrains.kotlinx:kotlinx-coroutines-core-jvm:1.7.3) with ExtractJniTransform
[        ] Transforming kotlinx-coroutines-android-1.7.3.jar (org.jetbrains.kotlinx:kotlinx-coroutines-android:1.7.3) with JetifyTransform
[        ] Transforming kotlinx-coroutines-android-1.7.3.jar (org.jetbrains.kotlinx:kotlinx-coroutines-android:1.7.3) with ExtractJniTransform
[        ] Transforming kotlin-stdlib-jdk8-1.8.20.jar (org.jetbrains.kotlin:kotlin-stdlib-jdk8:1.8.20) with JetifyTransform
[        ] Transforming kotlin-stdlib-jdk8-1.8.20.jar (org.jetbrains.kotlin:kotlin-stdlib-jdk8:1.8.20) with ExtractJniTransform
[        ] Transforming kotlin-android-extensions-runtime-1.9.22.jar (org.jetbrains.kotlin:kotlin-android-extensions-runtime:1.9.22) with JetifyTransform
[        ] Transforming kotlin-android-extensions-runtime-1.9.22.jar (org.jetbrains.kotlin:kotlin-android-extensions-runtime:1.9.22) with ExtractJniTransform
[        ] Transforming kotlin-stdlib-jdk7-1.8.20.jar (org.jetbrains.kotlin:kotlin-stdlib-jdk7:1.8.20) with JetifyTransform
[        ] Transforming kotlin-stdlib-jdk7-1.8.20.jar (org.jetbrains.kotlin:kotlin-stdlib-jdk7:1.8.20) with ExtractJniTransform
[        ] Transforming kotlin-stdlib-2.1.20.jar (org.jetbrains.kotlin:kotlin-stdlib:2.1.20) with JetifyTransform
[        ] Transforming kotlin-stdlib-2.1.20.jar (org.jetbrains.kotlin:kotlin-stdlib:2.1.20) with ExtractJniTransform
[        ] Transforming armeabi_v7a_debug-1.0.0-77e2e94772b6eb43759e34ed1ad7da4674e19cab.jar (io.flutter:armeabi_v7a_debug:1.0.0-77e2e94772b6eb43759e34ed1ad7da4674e19cab) with JetifyTransform
[        ] Transforming armeabi_v7a_debug-1.0.0-77e2e94772b6eb43759e34ed1ad7da4674e19cab.jar (io.flutter:armeabi_v7a_debug:1.0.0-77e2e94772b6eb43759e34ed1ad7da4674e19cab) with ExtractJniTransform
[        ] Transforming arm64_v8a_debug-1.0.0-77e2e94772b6eb43759e34ed1ad7da4674e19cab.jar (io.flutter:arm64_v8a_debug:1.0.0-77e2e94772b6eb43759e34ed1ad7da4674e19cab) with JetifyTransform
[        ] Transforming arm64_v8a_debug-1.0.0-77e2e94772b6eb43759e34ed1ad7da4674e19cab.jar (io.flutter:arm64_v8a_debug:1.0.0-77e2e94772b6eb43759e34ed1ad7da4674e19cab) with ExtractJniTransform
[        ] Transforming x86_64_debug-1.0.0-77e2e94772b6eb43759e34ed1ad7da4674e19cab.jar (io.flutter:x86_64_debug:1.0.0-77e2e94772b6eb43759e34ed1ad7da4674e19cab) with JetifyTransform
[        ] Transforming x86_64_debug-1.0.0-77e2e94772b6eb43759e34ed1ad7da4674e19cab.jar (io.flutter:x86_64_debug:1.0.0-77e2e94772b6eb43759e34ed1ad7da4674e19cab) with ExtractJniTransform
[        ] Transforming annotations-23.0.0.jar (org.jetbrains:annotations:23.0.0) with JetifyTransform
[        ] Transforming annotations-23.0.0.jar (org.jetbrains:annotations:23.0.0) with ExtractJniTransform
[        ] Transforming commons-imaging-1.0-alpha3.jar (org.apache.commons:commons-imaging:1.0-alpha3) with JetifyTransform
[        ] Transforming commons-imaging-1.0-alpha3.jar (org.apache.commons:commons-imaging:1.0-alpha3) with ExtractJniTransform
[        ] Transforming guava-31.1-android.jar (com.google.guava:guava:31.1-android) with JetifyTransform
[        ] Transforming guava-31.1-android.jar (com.google.guava:guava:31.1-android) with ExtractJniTransform
[        ] Transforming error_prone_annotations-2.16.jar (com.google.errorprone:error_prone_annotations:2.16) with JetifyTransform
[        ] Transforming error_prone_annotations-2.16.jar (com.google.errorprone:error_prone_annotations:2.16) with ExtractJniTransform
[        ] Transforming relinker-1.4.5.aar (com.getkeepsafe.relinker:relinker:1.4.5) with JetifyTransform
[        ] Transforming relinker-1.4.5.aar (com.getkeepsafe.relinker:relinker:1.4.5) with ExtractAarTransform
[        ] Transforming relinker-1.4.5.aar (com.getkeepsafe.relinker:relinker:1.4.5) with AarTransform
[        ] Transforming listenablefuture-9999.0-empty-to-avoid-conflict-with-guava.jar (com.google.guava:listenablefuture:9999.0-empty-to-avoid-conflict-with-guava) with JetifyTransform
[        ] Transforming listenablefuture-9999.0-empty-to-avoid-conflict-with-guava.jar (com.google.guava:listenablefuture:9999.0-empty-to-avoid-conflict-with-guava) with ExtractJniTransform
[        ] Transforming constraintlayout-core-1.0.4.jar (androidx.constraintlayout:constraintlayout-core:1.0.4) with JetifyTransform
[        ] Transforming constraintlayout-core-1.0.4.jar (androidx.constraintlayout:constraintlayout-core:1.0.4) with ExtractJniTransform
[        ] Transforming jspecify-1.0.0.jar (org.jspecify:jspecify:1.0.0) with JetifyTransform
[        ] Transforming jspecify-1.0.0.jar (org.jspecify:jspecify:1.0.0) with ExtractJniTransform
[        ] Transforming failureaccess-1.0.1.jar (com.google.guava:failureaccess:1.0.1) with JetifyTransform
[        ] Transforming failureaccess-1.0.1.jar (com.google.guava:failureaccess:1.0.1) with ExtractJniTransform
[        ] Transforming jsr305-3.0.2.jar (com.google.code.findbugs:jsr305:3.0.2) with JetifyTransform
[        ] Transforming jsr305-3.0.2.jar (com.google.code.findbugs:jsr305:3.0.2) with ExtractJniTransform
[        ] Transforming checker-qual-3.12.0.jar (org.checkerframework:checker-qual:3.12.0) with JetifyTransform
[        ] Transforming checker-qual-3.12.0.jar (org.checkerframework:checker-qual:3.12.0) with ExtractJniTransform
[        ] Transforming j2objc-annotations-1.3.jar (com.google.j2objc:j2objc-annotations:1.3) with JetifyTransform
[        ] Transforming j2objc-annotations-1.3.jar (com.google.j2objc:j2objc-annotations:1.3) with ExtractJniTransform
[        ] Caching disabled for task ':app:mergeDebugNativeLibs' because:
[        ]   Build cache is disabled
[        ]   Caching has been disabled for the task
[        ] Skipping task ':app:mergeDebugNativeLibs' as it is up-to-date.
[        ] Resolve mutations for :app:stripDebugDebugSymbols (Thread[#8282,included builds,5,main]) started.
[        ] :app:stripDebugDebugSymbols (Thread[#8296,Execution worker Thread 14,5,main]) started.
[        ] > Task :app:stripDebugDebugSymbols UP-TO-DATE
[        ] Caching disabled for task ':app:stripDebugDebugSymbols' because:
[        ]   Build cache is disabled
[        ]   Caching has been disabled for the task
[        ] Skipping task ':app:stripDebugDebugSymbols' as it is up-to-date.
[        ] Resolve mutations for :app:validateSigningDebug (Thread[#8296,Execution worker Thread 14,5,main]) started.
[        ] :app:validateSigningDebug (Thread[#8296,Execution worker Thread 14,5,main]) started.
[        ] > Task :app:validateSigningDebug UP-TO-DATE
[        ] Caching disabled for task ':app:validateSigningDebug' because:
[        ]   Build cache is disabled
[        ]   Caching has been disabled for the task
[        ] Skipping task ':app:validateSigningDebug' as it is up-to-date.
[        ] Resolve mutations for :app:writeDebugAppMetadata (Thread[#8296,Execution worker Thread 14,5,main]) started.
[        ] :app:writeDebugAppMetadata (Thread[#8296,Execution worker Thread 14,5,main]) started.
[        ] > Task :app:writeDebugAppMetadata UP-TO-DATE
[        ] Caching disabled for task ':app:writeDebugAppMetadata' because:
[        ]   Build cache is disabled
[        ]   Caching has been disabled for the task
[        ] Skipping task ':app:writeDebugAppMetadata' as it is up-to-date.
[        ] Resolve mutations for :app:writeDebugSigningConfigVersions (Thread[#8296,Execution worker Thread 14,5,main]) started.
[        ] :app:writeDebugSigningConfigVersions (Thread[#8296,Execution worker Thread 14,5,main]) started.
[        ] > Task :app:writeDebugSigningConfigVersions UP-TO-DATE
[        ] Caching disabled for task ':app:writeDebugSigningConfigVersions' because:
[        ]   Build cache is disabled
[        ]   Caching has been disabled for the task
[        ] Skipping task ':app:writeDebugSigningConfigVersions' as it is up-to-date.
[        ] Resolve mutations for :app:packageDebug (Thread[#8296,Execution worker Thread 14,5,main]) started.
[        ] :app:packageDebug (Thread[#8283,Execution worker,5,main]) started.
[        ] > Task :app:packageDebug UP-TO-DATE
[        ] Custom actions are attached to task ':app:packageDebug'.
[        ] Caching disabled for task ':app:packageDebug' because:
[        ]   Build cache is disabled
[        ]   Caching has been disabled for the task
[        ] Skipping task ':app:packageDebug' as it is up-to-date.
[        ] Resolve mutations for :app:createDebugApkListingFileRedirect (Thread[#8283,Execution worker,5,main]) started.
[        ] :app:createDebugApkListingFileRedirect (Thread[#8299,Execution worker Thread 17,5,main]) started.
[        ] > Task :app:createDebugApkListingFileRedirect UP-TO-DATE
[        ] Caching disabled for task ':app:createDebugApkListingFileRedirect' because:
[        ]   Build cache is disabled
[        ]   Caching has been disabled for the task
[        ] Skipping task ':app:createDebugApkListingFileRedirect' as it is up-to-date.
[        ] Resolve mutations for :app:assembleDebug (Thread[#8299,Execution worker Thread 17,5,main]) started.
[        ] :app:assembleDebug (Thread[#8299,Execution worker Thread 17,5,main]) started.
[ +409 ms] > Task :app:assembleDebug
[        ] Caching disabled for task ':app:assembleDebug' because:
[        ]   Build cache is disabled
[        ] Task ':app:assembleDebug' is not up-to-date because:
[        ]   Task has not declared any outputs despite executing actions.
[        ] Resolve mutations for :gal:stripDebugDebugSymbols (Thread[#8299,Execution worker Thread 17,5,main]) started.
[        ] :gal:stripDebugDebugSymbols (Thread[#8286,Execution worker Thread 4,5,main]) started.
[        ] > Task :gal:stripDebugDebugSymbols NO-SOURCE
[        ] Skipping task ':gal:stripDebugDebugSymbols' as it has no source files and no previous output files.
[        ] Resolve mutations for :gal:copyDebugJniLibsProjectAndLocalJars (Thread[#8286,Execution worker Thread 4,5,main]) started.
[        ] :gal:copyDebugJniLibsProjectAndLocalJars (Thread[#8286,Execution worker Thread 4,5,main]) started.
[ +108 ms] > Task :gal:copyDebugJniLibsProjectAndLocalJars UP-TO-DATE
[        ] Caching disabled for task ':gal:copyDebugJniLibsProjectAndLocalJars' because:
[        ]   Build cache is disabled
[        ]   Caching has been disabled for the task
[        ] Skipping task ':gal:copyDebugJniLibsProjectAndLocalJars' as it is up-to-date.
[        ] Resolve mutations for :gal:extractDebugAnnotations (Thread[#8286,Execution worker Thread 4,5,main]) started.
[        ] :gal:extractDebugAnnotations (Thread[#8286,Execution worker Thread 4,5,main]) started.
[        ] > Task :gal:extractDebugAnnotations UP-TO-DATE
[        ] Caching disabled for task ':gal:extractDebugAnnotations' because:
[        ]   Build cache is disabled
[        ] Skipping task ':gal:extractDebugAnnotations' as it is up-to-date.
[        ] Resolve mutations for :gal:extractDeepLinksForAarDebug (Thread[#8286,Execution worker Thread 4,5,main]) started.
[        ] :gal:extractDeepLinksForAarDebug (Thread[#8286,Execution worker Thread 4,5,main]) started.
[        ] > Task :gal:extractDeepLinksForAarDebug UP-TO-DATE
[        ] Caching disabled for task ':gal:extractDeepLinksForAarDebug' because:
[        ]   Build cache is disabled
[        ] Skipping task ':gal:extractDeepLinksForAarDebug' as it is up-to-date.
[        ] Resolve mutations for :gal:mergeDebugGeneratedProguardFiles (Thread[#8286,Execution worker Thread 4,5,main]) started.
[        ] :gal:mergeDebugGeneratedProguardFiles (Thread[#8286,Execution worker Thread 4,5,main]) started.
[        ] > Task :gal:mergeDebugGeneratedProguardFiles UP-TO-DATE
[        ] Caching disabled for task ':gal:mergeDebugGeneratedProguardFiles' because:
[        ]   Build cache is disabled
[        ]   Simple merging task
[        ] Skipping task ':gal:mergeDebugGeneratedProguardFiles' as it is up-to-date.
[        ] Resolve mutations for :gal:mergeDebugConsumerProguardFiles (Thread[#8286,Execution worker Thread 4,5,main]) started.
[        ] :gal:mergeDebugConsumerProguardFiles (Thread[#8286,Execution worker Thread 4,5,main]) started.
[        ] > Task :gal:mergeDebugConsumerProguardFiles UP-TO-DATE
[        ] Caching disabled for task ':gal:mergeDebugConsumerProguardFiles' because:
[        ]   Build cache is disabled
[        ]   Simple merging task
[        ] Skipping task ':gal:mergeDebugConsumerProguardFiles' as it is up-to-date.
[        ] Resolve mutations for :gal:prepareDebugArtProfile (Thread[#8286,Execution worker Thread 4,5,main]) started.
[        ] :gal:prepareDebugArtProfile (Thread[#8286,Execution worker Thread 4,5,main]) started.
[        ] > Task :gal:prepareDebugArtProfile UP-TO-DATE
[        ] Caching disabled for task ':gal:prepareDebugArtProfile' because:
[        ]   Build cache is disabled
[        ]   Caching has been disabled for the task
[        ] Skipping task ':gal:prepareDebugArtProfile' as it is up-to-date.
[        ] Resolve mutations for :gal:prepareLintJarForPublish (Thread[#8286,Execution worker Thread 4,5,main]) started.
[        ] :gal:prepareLintJarForPublish (Thread[#8286,Execution worker Thread 4,5,main]) started.
[        ] > Task :gal:prepareLintJarForPublish UP-TO-DATE
[        ] Caching disabled for task ':gal:prepareLintJarForPublish' because:
[        ]   Build cache is disabled
[        ]   Caching has been disabled for the task
[        ] Skipping task ':gal:prepareLintJarForPublish' as it is up-to-date.
[        ] Resolve mutations for :gal:mergeDebugJavaResource (Thread[#8286,Execution worker Thread 4,5,main]) started.
[        ] :gal:mergeDebugJavaResource (Thread[#8286,Execution worker Thread 4,5,main]) started.
[        ] > Task :gal:mergeDebugJavaResource UP-TO-DATE
[        ] Caching disabled for task ':gal:mergeDebugJavaResource' because:
[        ]   Build cache is disabled
[        ]   Caching has been disabled for the task
[        ] Skipping task ':gal:mergeDebugJavaResource' as it is up-to-date.
[        ] Resolve mutations for :gal:syncDebugLibJars (Thread[#8286,Execution worker Thread 4,5,main]) started.
[        ] :gal:syncDebugLibJars (Thread[#8304,Execution worker Thread 21,5,main]) started.
[        ] > Task :gal:syncDebugLibJars UP-TO-DATE
[        ] Caching disabled for task ':gal:syncDebugLibJars' because:
[        ]   Build cache is disabled
[        ] Skipping task ':gal:syncDebugLibJars' as it is up-to-date.
[        ] Resolve mutations for :gal:bundleDebugAar (Thread[#8304,Execution worker Thread 21,5,main]) started.
[        ] :gal:bundleDebugAar (Thread[#8304,Execution worker Thread 21,5,main]) started.
[        ] > Task :gal:bundleDebugAar UP-TO-DATE
[        ] Caching disabled for task ':gal:bundleDebugAar' because:
[        ]   Build cache is disabled
[        ]   Caching has been disabled for the task
[        ] Skipping task ':gal:bundleDebugAar' as it is up-to-date.
[        ] Resolve mutations for :gal:assembleDebug (Thread[#8304,Execution worker Thread 21,5,main]) started.
[        ] :gal:assembleDebug (Thread[#8304,Execution worker Thread 21,5,main]) started.
[        ] > Task :gal:assembleDebug UP-TO-DATE
[        ] Skipping task ':gal:assembleDebug' as it has no actions.
[        ] Resolve mutations for :google_mobile_ads:stripDebugDebugSymbols (Thread[#8304,Execution worker Thread 21,5,main]) started.
[        ] :google_mobile_ads:stripDebugDebugSymbols (Thread[#8304,Execution worker Thread 21,5,main]) started.
[        ] > Task :google_mobile_ads:stripDebugDebugSymbols NO-SOURCE
[        ] Skipping task ':google_mobile_ads:stripDebugDebugSymbols' as it has no source files and no previous output files.
[        ] Resolve mutations for :google_mobile_ads:copyDebugJniLibsProjectAndLocalJars (Thread[#8304,Execution worker Thread 21,5,main]) started.
[        ] :google_mobile_ads:copyDebugJniLibsProjectAndLocalJars (Thread[#8284,Execution worker Thread 2,5,main]) started.
[        ] > Task :google_mobile_ads:copyDebugJniLibsProjectAndLocalJars UP-TO-DATE
[        ] Caching disabled for task ':google_mobile_ads:copyDebugJniLibsProjectAndLocalJars' because:
[        ]   Build cache is disabled
[        ]   Caching has been disabled for the task
[        ] Skipping task ':google_mobile_ads:copyDebugJniLibsProjectAndLocalJars' as it is up-to-date.
[        ] Resolve mutations for :google_mobile_ads:extractDebugAnnotations (Thread[#8284,Execution worker Thread 2,5,main]) started.
[        ] :google_mobile_ads:extractDebugAnnotations (Thread[#8284,Execution worker Thread 2,5,main]) started.
[        ] > Task :google_mobile_ads:extractDebugAnnotations UP-TO-DATE
[        ] Caching disabled for task ':google_mobile_ads:extractDebugAnnotations' because:
[        ]   Build cache is disabled
[        ] Skipping task ':google_mobile_ads:extractDebugAnnotations' as it is up-to-date.
[        ] Resolve mutations for :google_mobile_ads:extractDeepLinksForAarDebug (Thread[#8284,Execution worker Thread 2,5,main]) started.
[        ] :google_mobile_ads:extractDeepLinksForAarDebug (Thread[#8284,Execution worker Thread 2,5,main]) started.
[        ] > Task :google_mobile_ads:extractDeepLinksForAarDebug UP-TO-DATE
[        ] Caching disabled for task ':google_mobile_ads:extractDeepLinksForAarDebug' because:
[        ]   Build cache is disabled
[        ] Skipping task ':google_mobile_ads:extractDeepLinksForAarDebug' as it is up-to-date.
[        ] Resolve mutations for :google_mobile_ads:mergeDebugGeneratedProguardFiles (Thread[#8284,Execution worker Thread 2,5,main]) started.
[        ] :google_mobile_ads:mergeDebugGeneratedProguardFiles (Thread[#8284,Execution worker Thread 2,5,main]) started.
[        ] > Task :google_mobile_ads:mergeDebugGeneratedProguardFiles UP-TO-DATE
[        ] Caching disabled for task ':google_mobile_ads:mergeDebugGeneratedProguardFiles' because:
[        ]   Build cache is disabled
[        ]   Simple merging task
[        ] Skipping task ':google_mobile_ads:mergeDebugGeneratedProguardFiles' as it is up-to-date.
[        ] Resolve mutations for :google_mobile_ads:mergeDebugConsumerProguardFiles (Thread[#8284,Execution worker Thread 2,5,main]) started.
[        ] :google_mobile_ads:mergeDebugConsumerProguardFiles (Thread[#8287,Execution worker Thread 5,5,main]) started.
[        ] > Task :google_mobile_ads:mergeDebugConsumerProguardFiles UP-TO-DATE
[        ] Caching disabled for task ':google_mobile_ads:mergeDebugConsumerProguardFiles' because:
[        ]   Build cache is disabled
[        ]   Simple merging task
[        ] Skipping task ':google_mobile_ads:mergeDebugConsumerProguardFiles' as it is up-to-date.
[        ] Resolve mutations for :google_mobile_ads:prepareDebugArtProfile (Thread[#8287,Execution worker Thread 5,5,main]) started.
[        ] :google_mobile_ads:prepareDebugArtProfile (Thread[#8287,Execution worker Thread 5,5,main]) started.
[        ] > Task :google_mobile_ads:prepareDebugArtProfile UP-TO-DATE
[        ] Caching disabled for task ':google_mobile_ads:prepareDebugArtProfile' because:
[        ]   Build cache is disabled
[        ]   Caching has been disabled for the task
[        ] Skipping task ':google_mobile_ads:prepareDebugArtProfile' as it is up-to-date.
[        ] Resolve mutations for :google_mobile_ads:prepareLintJarForPublish (Thread[#8287,Execution worker Thread 5,5,main]) started.
[        ] :google_mobile_ads:prepareLintJarForPublish (Thread[#8287,Execution worker Thread 5,5,main]) started.
[        ] > Task :google_mobile_ads:prepareLintJarForPublish UP-TO-DATE
[        ] Caching disabled for task ':google_mobile_ads:prepareLintJarForPublish' because:
[        ]   Build cache is disabled
[        ]   Caching has been disabled for the task
[        ] Skipping task ':google_mobile_ads:prepareLintJarForPublish' as it is up-to-date.
[        ] Resolve mutations for :google_mobile_ads:mergeDebugJavaResource (Thread[#8287,Execution worker Thread 5,5,main]) started.
[        ] :google_mobile_ads:mergeDebugJavaResource (Thread[#8285,Execution worker Thread 3,5,main]) started.
[        ] > Task :google_mobile_ads:mergeDebugJavaResource UP-TO-DATE
[        ] Caching disabled for task ':google_mobile_ads:mergeDebugJavaResource' because:
[        ]   Build cache is disabled
[        ]   Caching has been disabled for the task
[        ] Skipping task ':google_mobile_ads:mergeDebugJavaResource' as it is up-to-date.
[        ] Resolve mutations for :google_mobile_ads:syncDebugLibJars (Thread[#8285,Execution worker Thread 3,5,main]) started.
[        ] :google_mobile_ads:syncDebugLibJars (Thread[#8285,Execution worker Thread 3,5,main]) started.
[        ] > Task :google_mobile_ads:syncDebugLibJars UP-TO-DATE
[        ] Caching disabled for task ':google_mobile_ads:syncDebugLibJars' because:
[        ]   Build cache is disabled
[        ] Skipping task ':google_mobile_ads:syncDebugLibJars' as it is up-to-date.
[        ] Resolve mutations for :google_mobile_ads:bundleDebugAar (Thread[#8285,Execution worker Thread 3,5,main]) started.
[        ] :google_mobile_ads:bundleDebugAar (Thread[#8285,Execution worker Thread 3,5,main]) started.
[        ] > Task :google_mobile_ads:bundleDebugAar UP-TO-DATE
[        ] Caching disabled for task ':google_mobile_ads:bundleDebugAar' because:
[        ]   Build cache is disabled
[        ]   Caching has been disabled for the task
[        ] Skipping task ':google_mobile_ads:bundleDebugAar' as it is up-to-date.
[        ] Resolve mutations for :google_mobile_ads:assembleDebug (Thread[#8285,Execution worker Thread 3,5,main]) started.
[        ] :google_mobile_ads:assembleDebug (Thread[#8285,Execution worker Thread 3,5,main]) started.
[        ] > Task :google_mobile_ads:assembleDebug UP-TO-DATE
[        ] Skipping task ':google_mobile_ads:assembleDebug' as it has no actions.
[        ] Resolve mutations for :path_provider_android:stripDebugDebugSymbols (Thread[#8285,Execution worker Thread 3,5,main]) started.
[        ] :path_provider_android:stripDebugDebugSymbols (Thread[#8285,Execution worker Thread 3,5,main]) started.
[        ] > Task :path_provider_android:stripDebugDebugSymbols NO-SOURCE
[        ] Skipping task ':path_provider_android:stripDebugDebugSymbols' as it has no source files and no previous output files.
[        ] Resolve mutations for :path_provider_android:copyDebugJniLibsProjectAndLocalJars (Thread[#8285,Execution worker Thread 3,5,main]) started.
[        ] :path_provider_android:copyDebugJniLibsProjectAndLocalJars (Thread[#8285,Execution worker Thread 3,5,main]) started.
[        ] > Task :path_provider_android:copyDebugJniLibsProjectAndLocalJars UP-TO-DATE
[        ] Caching disabled for task ':path_provider_android:copyDebugJniLibsProjectAndLocalJars' because:
[        ]   Build cache is disabled
[        ]   Caching has been disabled for the task
[        ] Skipping task ':path_provider_android:copyDebugJniLibsProjectAndLocalJars' as it is up-to-date.
[        ] Resolve mutations for :path_provider_android:extractDebugAnnotations (Thread[#8285,Execution worker Thread 3,5,main]) started.
[        ] :path_provider_android:extractDebugAnnotations (Thread[#8290,Execution worker Thread 8,5,main]) started.
[        ] > Task :path_provider_android:extractDebugAnnotations UP-TO-DATE
[        ] Caching disabled for task ':path_provider_android:extractDebugAnnotations' because:
[        ]   Build cache is disabled
[        ] Skipping task ':path_provider_android:extractDebugAnnotations' as it is up-to-date.
[        ] Resolve mutations for :path_provider_android:extractDeepLinksForAarDebug (Thread[#8290,Execution worker Thread 8,5,main]) started.
[        ] :path_provider_android:extractDeepLinksForAarDebug (Thread[#8290,Execution worker Thread 8,5,main]) started.
[        ] > Task :path_provider_android:extractDeepLinksForAarDebug UP-TO-DATE
[        ] Caching disabled for task ':path_provider_android:extractDeepLinksForAarDebug' because:
[        ]   Build cache is disabled
[        ] Skipping task ':path_provider_android:extractDeepLinksForAarDebug' as it is up-to-date.
[        ] Resolve mutations for :path_provider_android:mergeDebugGeneratedProguardFiles (Thread[#8290,Execution worker Thread 8,5,main]) started.
[        ] :path_provider_android:mergeDebugGeneratedProguardFiles (Thread[#8290,Execution worker Thread 8,5,main]) started.
[        ] > Task :path_provider_android:mergeDebugGeneratedProguardFiles UP-TO-DATE
[        ] Caching disabled for task ':path_provider_android:mergeDebugGeneratedProguardFiles' because:
[        ]   Build cache is disabled
[        ]   Simple merging task
[        ] Skipping task ':path_provider_android:mergeDebugGeneratedProguardFiles' as it is up-to-date.
[        ] Resolve mutations for :path_provider_android:mergeDebugConsumerProguardFiles (Thread[#8290,Execution worker Thread 8,5,main]) started.
[        ] :path_provider_android:mergeDebugConsumerProguardFiles (Thread[#8290,Execution worker Thread 8,5,main]) started.
[        ] > Task :path_provider_android:mergeDebugConsumerProguardFiles UP-TO-DATE
[        ] Caching disabled for task ':path_provider_android:mergeDebugConsumerProguardFiles' because:
[        ]   Build cache is disabled
[        ]   Simple merging task
[        ] Skipping task ':path_provider_android:mergeDebugConsumerProguardFiles' as it is up-to-date.
[        ] Resolve mutations for :path_provider_android:prepareDebugArtProfile (Thread[#8290,Execution worker Thread 8,5,main]) started.
[        ] :path_provider_android:prepareDebugArtProfile (Thread[#8290,Execution worker Thread 8,5,main]) started.
[        ] > Task :path_provider_android:prepareDebugArtProfile UP-TO-DATE
[        ] Caching disabled for task ':path_provider_android:prepareDebugArtProfile' because:
[        ]   Build cache is disabled
[        ]   Caching has been disabled for the task
[        ] Skipping task ':path_provider_android:prepareDebugArtProfile' as it is up-to-date.
[        ] Resolve mutations for :path_provider_android:prepareLintJarForPublish (Thread[#8290,Execution worker Thread 8,5,main]) started.
[        ] :path_provider_android:prepareLintJarForPublish (Thread[#8290,Execution worker Thread 8,5,main]) started.
[        ] > Task :path_provider_android:prepareLintJarForPublish UP-TO-DATE
[        ] Caching disabled for task ':path_provider_android:prepareLintJarForPublish' because:
[        ]   Build cache is disabled
[        ]   Caching has been disabled for the task
[        ] Skipping task ':path_provider_android:prepareLintJarForPublish' as it is up-to-date.
[        ] Resolve mutations for :path_provider_android:mergeDebugJavaResource (Thread[#8290,Execution worker Thread 8,5,main]) started.
[        ] :path_provider_android:mergeDebugJavaResource (Thread[#8290,Execution worker Thread 8,5,main]) started.
[        ] > Task :path_provider_android:mergeDebugJavaResource UP-TO-DATE
[        ] Caching disabled for task ':path_provider_android:mergeDebugJavaResource' because:
[        ]   Build cache is disabled
[        ]   Caching has been disabled for the task
[        ] Skipping task ':path_provider_android:mergeDebugJavaResource' as it is up-to-date.
[        ] Resolve mutations for :path_provider_android:syncDebugLibJars (Thread[#8290,Execution worker Thread 8,5,main]) started.
[        ] :path_provider_android:syncDebugLibJars (Thread[#8300,Execution worker Thread 18,5,main]) started.
[        ] > Task :path_provider_android:syncDebugLibJars UP-TO-DATE
[        ] Caching disabled for task ':path_provider_android:syncDebugLibJars' because:
[        ]   Build cache is disabled
[        ] Skipping task ':path_provider_android:syncDebugLibJars' as it is up-to-date.
[        ] Resolve mutations for :path_provider_android:bundleDebugAar (Thread[#8300,Execution worker Thread 18,5,main]) started.
[        ] :path_provider_android:bundleDebugAar (Thread[#8291,Execution worker Thread 9,5,main]) started.
[        ] > Task :path_provider_android:bundleDebugAar UP-TO-DATE
[        ] Caching disabled for task ':path_provider_android:bundleDebugAar' because:
[        ]   Build cache is disabled
[        ]   Caching has been disabled for the task
[        ] Skipping task ':path_provider_android:bundleDebugAar' as it is up-to-date.
[        ] Resolve mutations for :path_provider_android:assembleDebug (Thread[#8291,Execution worker Thread 9,5,main]) started.
[        ] :path_provider_android:assembleDebug (Thread[#8291,Execution worker Thread 9,5,main]) started.
[        ] > Task :path_provider_android:assembleDebug UP-TO-DATE
[        ] Skipping task ':path_provider_android:assembleDebug' as it has no actions.
[        ] Resolve mutations for :permission_handler_android:stripDebugDebugSymbols (Thread[#8287,Execution worker Thread 5,5,main]) started.
[        ] :permission_handler_android:stripDebugDebugSymbols (Thread[#8295,Execution worker Thread 13,5,main]) started.
[        ] > Task :permission_handler_android:stripDebugDebugSymbols NO-SOURCE
[        ] Skipping task ':permission_handler_android:stripDebugDebugSymbols' as it has no source files and no previous output files.
[        ] Resolve mutations for :permission_handler_android:copyDebugJniLibsProjectAndLocalJars (Thread[#8295,Execution worker Thread 13,5,main]) started.
[        ] :permission_handler_android:copyDebugJniLibsProjectAndLocalJars (Thread[#8295,Execution worker Thread 13,5,main]) started.
[        ] > Task :permission_handler_android:copyDebugJniLibsProjectAndLocalJars UP-TO-DATE
[        ] Caching disabled for task ':permission_handler_android:copyDebugJniLibsProjectAndLocalJars' because:
[        ]   Build cache is disabled
[        ]   Caching has been disabled for the task
[        ] Skipping task ':permission_handler_android:copyDebugJniLibsProjectAndLocalJars' as it is up-to-date.
[        ] Resolve mutations for :permission_handler_android:extractDebugAnnotations (Thread[#8295,Execution worker Thread 13,5,main]) started.
[        ] :permission_handler_android:extractDebugAnnotations (Thread[#8295,Execution worker Thread 13,5,main]) started.
[        ] > Task :permission_handler_android:extractDebugAnnotations UP-TO-DATE
[        ] Caching disabled for task ':permission_handler_android:extractDebugAnnotations' because:
[        ]   Build cache is disabled
[        ] Skipping task ':permission_handler_android:extractDebugAnnotations' as it is up-to-date.
[        ] Resolve mutations for :permission_handler_android:extractDeepLinksForAarDebug (Thread[#8295,Execution worker Thread 13,5,main]) started.
[        ] :permission_handler_android:extractDeepLinksForAarDebug (Thread[#8295,Execution worker Thread 13,5,main]) started.
[        ] > Task :permission_handler_android:extractDeepLinksForAarDebug UP-TO-DATE
[        ] Caching disabled for task ':permission_handler_android:extractDeepLinksForAarDebug' because:
[        ]   Build cache is disabled
[        ] Skipping task ':permission_handler_android:extractDeepLinksForAarDebug' as it is up-to-date.
[        ] Resolve mutations for :permission_handler_android:mergeDebugGeneratedProguardFiles (Thread[#8295,Execution worker Thread 13,5,main]) started.
[        ] :permission_handler_android:mergeDebugGeneratedProguardFiles (Thread[#8295,Execution worker Thread 13,5,main]) started.
[        ] > Task :permission_handler_android:mergeDebugGeneratedProguardFiles UP-TO-DATE
[        ] Caching disabled for task ':permission_handler_android:mergeDebugGeneratedProguardFiles' because:
[        ]   Build cache is disabled
[        ]   Simple merging task
[        ] Skipping task ':permission_handler_android:mergeDebugGeneratedProguardFiles' as it is up-to-date.
[        ] Resolve mutations for :permission_handler_android:mergeDebugConsumerProguardFiles (Thread[#8295,Execution worker Thread 13,5,main]) started.
[        ] :permission_handler_android:mergeDebugConsumerProguardFiles (Thread[#8295,Execution worker Thread 13,5,main]) started.
[        ] > Task :permission_handler_android:mergeDebugConsumerProguardFiles UP-TO-DATE
[        ] Caching disabled for task ':permission_handler_android:mergeDebugConsumerProguardFiles' because:
[        ]   Build cache is disabled
[        ]   Simple merging task
[        ] Skipping task ':permission_handler_android:mergeDebugConsumerProguardFiles' as it is up-to-date.
[        ] Resolve mutations for :permission_handler_android:prepareDebugArtProfile (Thread[#8295,Execution worker Thread 13,5,main]) started.
[        ] :permission_handler_android:prepareDebugArtProfile (Thread[#8292,Execution worker Thread 10,5,main]) started.
[        ] > Task :permission_handler_android:prepareDebugArtProfile UP-TO-DATE
[        ] Caching disabled for task ':permission_handler_android:prepareDebugArtProfile' because:
[        ]   Build cache is disabled
[        ]   Caching has been disabled for the task
[        ] Skipping task ':permission_handler_android:prepareDebugArtProfile' as it is up-to-date.
[        ] Resolve mutations for :permission_handler_android:prepareLintJarForPublish (Thread[#8292,Execution worker Thread 10,5,main]) started.
[        ] :permission_handler_android:prepareLintJarForPublish (Thread[#8292,Execution worker Thread 10,5,main]) started.
[        ] > Task :permission_handler_android:prepareLintJarForPublish UP-TO-DATE
[        ] Caching disabled for task ':permission_handler_android:prepareLintJarForPublish' because:
[        ]   Build cache is disabled
[        ]   Caching has been disabled for the task
[        ] Skipping task ':permission_handler_android:prepareLintJarForPublish' as it is up-to-date.
[        ] Resolve mutations for :permission_handler_android:mergeDebugJavaResource (Thread[#8292,Execution worker Thread 10,5,main]) started.
[        ] :permission_handler_android:mergeDebugJavaResource (Thread[#8302,Execution worker Thread 19,5,main]) started.
[        ] > Task :permission_handler_android:mergeDebugJavaResource UP-TO-DATE
[        ] Caching disabled for task ':permission_handler_android:mergeDebugJavaResource' because:
[        ]   Build cache is disabled
[        ]   Caching has been disabled for the task
[        ] Skipping task ':permission_handler_android:mergeDebugJavaResource' as it is up-to-date.
[        ] Resolve mutations for :permission_handler_android:syncDebugLibJars (Thread[#8302,Execution worker Thread 19,5,main]) started.
[        ] :permission_handler_android:syncDebugLibJars (Thread[#8298,Execution worker Thread 16,5,main]) started.
[        ] > Task :permission_handler_android:syncDebugLibJars UP-TO-DATE
[        ] Caching disabled for task ':permission_handler_android:syncDebugLibJars' because:
[        ]   Build cache is disabled
[        ] Skipping task ':permission_handler_android:syncDebugLibJars' as it is up-to-date.
[        ] Resolve mutations for :permission_handler_android:bundleDebugAar (Thread[#8298,Execution worker Thread 16,5,main]) started.
[        ] :permission_handler_android:bundleDebugAar (Thread[#8298,Execution worker Thread 16,5,main]) started.
[        ] > Task :permission_handler_android:bundleDebugAar UP-TO-DATE
[        ] Caching disabled for task ':permission_handler_android:bundleDebugAar' because:
[        ]   Build cache is disabled
[        ]   Caching has been disabled for the task
[        ] Skipping task ':permission_handler_android:bundleDebugAar' as it is up-to-date.
[        ] Resolve mutations for :permission_handler_android:assembleDebug (Thread[#8298,Execution worker Thread 16,5,main]) started.
[        ] :permission_handler_android:assembleDebug (Thread[#8298,Execution worker Thread 16,5,main]) started.
[        ] > Task :permission_handler_android:assembleDebug UP-TO-DATE
[        ] Skipping task ':permission_handler_android:assembleDebug' as it has no actions.
[        ] Resolve mutations for :shared_preferences_android:stripDebugDebugSymbols (Thread[#8298,Execution worker Thread 16,5,main]) started.
[        ] :shared_preferences_android:stripDebugDebugSymbols (Thread[#8298,Execution worker Thread 16,5,main]) started.
[        ] > Task :shared_preferences_android:stripDebugDebugSymbols NO-SOURCE
[        ] Skipping task ':shared_preferences_android:stripDebugDebugSymbols' as it has no source files and no previous output files.
[        ] Resolve mutations for :shared_preferences_android:copyDebugJniLibsProjectAndLocalJars (Thread[#8298,Execution worker Thread 16,5,main]) started.
[        ] :shared_preferences_android:copyDebugJniLibsProjectAndLocalJars (Thread[#8283,Execution worker,5,main]) started.
[        ] > Task :shared_preferences_android:copyDebugJniLibsProjectAndLocalJars UP-TO-DATE
[        ] Caching disabled for task ':shared_preferences_android:copyDebugJniLibsProjectAndLocalJars' because:
[        ]   Build cache is disabled
[        ]   Caching has been disabled for the task
[        ] Skipping task ':shared_preferences_android:copyDebugJniLibsProjectAndLocalJars' as it is up-to-date.
[        ] Resolve mutations for :shared_preferences_android:extractDebugAnnotations (Thread[#8283,Execution worker,5,main]) started.
[        ] :shared_preferences_android:extractDebugAnnotations (Thread[#8283,Execution worker,5,main]) started.
[        ] > Task :shared_preferences_android:extractDebugAnnotations UP-TO-DATE
[        ] Caching disabled for task ':shared_preferences_android:extractDebugAnnotations' because:
[        ]   Build cache is disabled
[        ] Skipping task ':shared_preferences_android:extractDebugAnnotations' as it is up-to-date.
[        ] Resolve mutations for :shared_preferences_android:extractDeepLinksForAarDebug (Thread[#8283,Execution worker,5,main]) started.
[        ] :shared_preferences_android:extractDeepLinksForAarDebug (Thread[#8292,Execution worker Thread 10,5,main]) started.
[        ] > Task :shared_preferences_android:extractDeepLinksForAarDebug UP-TO-DATE
[        ] Caching disabled for task ':shared_preferences_android:extractDeepLinksForAarDebug' because:
[        ]   Build cache is disabled
[        ] Skipping task ':shared_preferences_android:extractDeepLinksForAarDebug' as it is up-to-date.
[        ] Resolve mutations for :shared_preferences_android:mergeDebugGeneratedProguardFiles (Thread[#8292,Execution worker Thread 10,5,main]) started.
[        ] :shared_preferences_android:mergeDebugGeneratedProguardFiles (Thread[#8292,Execution worker Thread 10,5,main]) started.
[        ] > Task :shared_preferences_android:mergeDebugGeneratedProguardFiles UP-TO-DATE
[        ] Caching disabled for task ':shared_preferences_android:mergeDebugGeneratedProguardFiles' because:
[        ]   Build cache is disabled
[        ]   Simple merging task
[        ] Skipping task ':shared_preferences_android:mergeDebugGeneratedProguardFiles' as it is up-to-date.
[        ] Resolve mutations for :shared_preferences_android:mergeDebugConsumerProguardFiles (Thread[#8292,Execution worker Thread 10,5,main]) started.
[        ] :shared_preferences_android:mergeDebugConsumerProguardFiles (Thread[#8292,Execution worker Thread 10,5,main]) started.
[        ] > Task :shared_preferences_android:mergeDebugConsumerProguardFiles UP-TO-DATE
[        ] Caching disabled for task ':shared_preferences_android:mergeDebugConsumerProguardFiles' because:
[        ]   Build cache is disabled
[        ]   Simple merging task
[        ] Skipping task ':shared_preferences_android:mergeDebugConsumerProguardFiles' as it is up-to-date.
[        ] Resolve mutations for :shared_preferences_android:prepareDebugArtProfile (Thread[#8292,Execution worker Thread 10,5,main]) started.
[        ] :shared_preferences_android:prepareDebugArtProfile (Thread[#8292,Execution worker Thread 10,5,main]) started.
[        ] > Task :shared_preferences_android:prepareDebugArtProfile UP-TO-DATE
[        ] Caching disabled for task ':shared_preferences_android:prepareDebugArtProfile' because:
[        ]   Build cache is disabled
[        ]   Caching has been disabled for the task
[        ] Skipping task ':shared_preferences_android:prepareDebugArtProfile' as it is up-to-date.
[        ] Resolve mutations for :shared_preferences_android:prepareLintJarForPublish (Thread[#8292,Execution worker Thread 10,5,main]) started.
[        ] :shared_preferences_android:prepareLintJarForPublish (Thread[#8302,Execution worker Thread 19,5,main]) started.
[        ] > Task :shared_preferences_android:prepareLintJarForPublish UP-TO-DATE
[        ] Caching disabled for task ':shared_preferences_android:prepareLintJarForPublish' because:
[        ]   Build cache is disabled
[        ]   Caching has been disabled for the task
[        ] Skipping task ':shared_preferences_android:prepareLintJarForPublish' as it is up-to-date.
[        ] Resolve mutations for :shared_preferences_android:mergeDebugJavaResource (Thread[#8302,Execution worker Thread 19,5,main]) started.
[        ] :shared_preferences_android:mergeDebugJavaResource (Thread[#8302,Execution worker Thread 19,5,main]) started.
[        ] > Task :shared_preferences_android:mergeDebugJavaResource UP-TO-DATE
[        ] Caching disabled for task ':shared_preferences_android:mergeDebugJavaResource' because:
[        ]   Build cache is disabled
[        ]   Caching has been disabled for the task
[        ] Skipping task ':shared_preferences_android:mergeDebugJavaResource' as it is up-to-date.
[        ] Resolve mutations for :shared_preferences_android:syncDebugLibJars (Thread[#8302,Execution worker Thread 19,5,main]) started.
[        ] :shared_preferences_android:syncDebugLibJars (Thread[#8282,included builds,5,main]) started.
[        ] > Task :shared_preferences_android:syncDebugLibJars UP-TO-DATE
[        ] Caching disabled for task ':shared_preferences_android:syncDebugLibJars' because:
[        ]   Build cache is disabled
[        ] Skipping task ':shared_preferences_android:syncDebugLibJars' as it is up-to-date.
[        ] Resolve mutations for :shared_preferences_android:bundleDebugAar (Thread[#8282,included builds,5,main]) started.
[        ] :shared_preferences_android:bundleDebugAar (Thread[#8282,included builds,5,main]) started.
[        ] > Task :shared_preferences_android:bundleDebugAar UP-TO-DATE
[        ] Caching disabled for task ':shared_preferences_android:bundleDebugAar' because:
[        ]   Build cache is disabled
[        ]   Caching has been disabled for the task
[        ] Skipping task ':shared_preferences_android:bundleDebugAar' as it is up-to-date.
[        ] Resolve mutations for :shared_preferences_android:assembleDebug (Thread[#8282,included builds,5,main]) started.
[        ] :shared_preferences_android:assembleDebug (Thread[#8292,Execution worker Thread 10,5,main]) started.
[        ] > Task :shared_preferences_android:assembleDebug UP-TO-DATE
[        ] Skipping task ':shared_preferences_android:assembleDebug' as it has no actions.
[        ] Resolve mutations for :webview_flutter_android:stripDebugDebugSymbols (Thread[#8292,Execution worker Thread 10,5,main]) started.
[        ] :webview_flutter_android:stripDebugDebugSymbols (Thread[#8292,Execution worker Thread 10,5,main]) started.
[        ] > Task :webview_flutter_android:stripDebugDebugSymbols NO-SOURCE
[        ] Skipping task ':webview_flutter_android:stripDebugDebugSymbols' as it has no source files and no previous output files.
[        ] Resolve mutations for :webview_flutter_android:copyDebugJniLibsProjectAndLocalJars (Thread[#8292,Execution worker Thread 10,5,main]) started.
[        ] :webview_flutter_android:copyDebugJniLibsProjectAndLocalJars (Thread[#8292,Execution worker Thread 10,5,main]) started.
[        ] > Task :webview_flutter_android:copyDebugJniLibsProjectAndLocalJars UP-TO-DATE
[        ] Caching disabled for task ':webview_flutter_android:copyDebugJniLibsProjectAndLocalJars' because:
[        ]   Build cache is disabled
[        ]   Caching has been disabled for the task
[        ] Skipping task ':webview_flutter_android:copyDebugJniLibsProjectAndLocalJars' as it is up-to-date.
[        ] Resolve mutations for :webview_flutter_android:extractDebugAnnotations (Thread[#8292,Execution worker Thread 10,5,main]) started.
[        ] :webview_flutter_android:extractDebugAnnotations (Thread[#8292,Execution worker Thread 10,5,main]) started.
[        ] > Task :webview_flutter_android:extractDebugAnnotations UP-TO-DATE
[        ] Caching disabled for task ':webview_flutter_android:extractDebugAnnotations' because:
[        ]   Build cache is disabled
[        ] Skipping task ':webview_flutter_android:extractDebugAnnotations' as it is up-to-date.
[        ] Resolve mutations for :webview_flutter_android:extractDeepLinksForAarDebug (Thread[#8292,Execution worker Thread 10,5,main]) started.
[        ] :webview_flutter_android:extractDeepLinksForAarDebug (Thread[#8292,Execution worker Thread 10,5,main]) started.
[        ] > Task :webview_flutter_android:extractDeepLinksForAarDebug UP-TO-DATE
[        ] Caching disabled for task ':webview_flutter_android:extractDeepLinksForAarDebug' because:
[        ]   Build cache is disabled
[        ] Skipping task ':webview_flutter_android:extractDeepLinksForAarDebug' as it is up-to-date.
[        ] Resolve mutations for :webview_flutter_android:mergeDebugGeneratedProguardFiles (Thread[#8292,Execution worker Thread 10,5,main]) started.
[        ] :webview_flutter_android:mergeDebugGeneratedProguardFiles (Thread[#8292,Execution worker Thread 10,5,main]) started.
[        ] > Task :webview_flutter_android:mergeDebugGeneratedProguardFiles UP-TO-DATE
[        ] Caching disabled for task ':webview_flutter_android:mergeDebugGeneratedProguardFiles' because:
[        ]   Build cache is disabled
[        ]   Simple merging task
[        ] Skipping task ':webview_flutter_android:mergeDebugGeneratedProguardFiles' as it is up-to-date.
[        ] Resolve mutations for :webview_flutter_android:mergeDebugConsumerProguardFiles (Thread[#8292,Execution worker Thread 10,5,main]) started.
[        ] :webview_flutter_android:mergeDebugConsumerProguardFiles (Thread[#8292,Execution worker Thread 10,5,main]) started.
[        ] > Task :webview_flutter_android:mergeDebugConsumerProguardFiles UP-TO-DATE
[        ] Caching disabled for task ':webview_flutter_android:mergeDebugConsumerProguardFiles' because:
[        ]   Build cache is disabled
[        ]   Simple merging task
[        ] Skipping task ':webview_flutter_android:mergeDebugConsumerProguardFiles' as it is up-to-date.
[        ] Resolve mutations for :webview_flutter_android:prepareDebugArtProfile (Thread[#8292,Execution worker Thread 10,5,main]) started.
[        ] :webview_flutter_android:prepareDebugArtProfile (Thread[#8292,Execution worker Thread 10,5,main]) started.
[        ] > Task :webview_flutter_android:prepareDebugArtProfile UP-TO-DATE
[        ] Caching disabled for task ':webview_flutter_android:prepareDebugArtProfile' because:
[        ]   Build cache is disabled
[        ]   Caching has been disabled for the task
[        ] Skipping task ':webview_flutter_android:prepareDebugArtProfile' as it is up-to-date.
[        ] Resolve mutations for :webview_flutter_android:prepareLintJarForPublish (Thread[#8292,Execution worker Thread 10,5,main]) started.
[        ] :webview_flutter_android:prepareLintJarForPublish (Thread[#8292,Execution worker Thread 10,5,main]) started.
[        ] > Task :webview_flutter_android:prepareLintJarForPublish UP-TO-DATE
[        ] Caching disabled for task ':webview_flutter_android:prepareLintJarForPublish' because:
[        ]   Build cache is disabled
[        ]   Caching has been disabled for the task
[        ] Skipping task ':webview_flutter_android:prepareLintJarForPublish' as it is up-to-date.
[        ] Resolve mutations for :webview_flutter_android:mergeDebugJavaResource (Thread[#8292,Execution worker Thread 10,5,main]) started.
[        ] :webview_flutter_android:mergeDebugJavaResource (Thread[#8292,Execution worker Thread 10,5,main]) started.
[        ] > Task :webview_flutter_android:mergeDebugJavaResource UP-TO-DATE
[        ] Caching disabled for task ':webview_flutter_android:mergeDebugJavaResource' because:
[        ]   Build cache is disabled
[        ]   Caching has been disabled for the task
[        ] Skipping task ':webview_flutter_android:mergeDebugJavaResource' as it is up-to-date.
[        ] Resolve mutations for :webview_flutter_android:syncDebugLibJars (Thread[#8292,Execution worker Thread 10,5,main]) started.
[        ] :webview_flutter_android:syncDebugLibJars (Thread[#8292,Execution worker Thread 10,5,main]) started.
[        ] > Task :webview_flutter_android:syncDebugLibJars UP-TO-DATE
[        ] Caching disabled for task ':webview_flutter_android:syncDebugLibJars' because:
[        ]   Build cache is disabled
[        ] Skipping task ':webview_flutter_android:syncDebugLibJars' as it is up-to-date.
[        ] Resolve mutations for :webview_flutter_android:bundleDebugAar (Thread[#8292,Execution worker Thread 10,5,main]) started.
[        ] :webview_flutter_android:bundleDebugAar (Thread[#8292,Execution worker Thread 10,5,main]) started.
[        ] > Task :webview_flutter_android:bundleDebugAar UP-TO-DATE
[        ] Caching disabled for task ':webview_flutter_android:bundleDebugAar' because:
[        ]   Build cache is disabled
[        ]   Caching has been disabled for the task
[        ] Skipping task ':webview_flutter_android:bundleDebugAar' as it is up-to-date.
[        ] Resolve mutations for :webview_flutter_android:assembleDebug (Thread[#8292,Execution worker Thread 10,5,main]) started.
[        ] :webview_flutter_android:assembleDebug (Thread[#8292,Execution worker Thread 10,5,main]) started.
[        ] > Task :webview_flutter_android:assembleDebug UP-TO-DATE
[        ] Skipping task ':webview_flutter_android:assembleDebug' as it has no actions.
[        ] Build f508dbb4-a5ff-436a-8474-72edf1636139 is closed
[  +75 ms] BU─░LD SUCCESSFUL in 10s
[        ] 224 actionable tasks: 12 executed, 212 up-to-date
[        ] Watched directory hierarchies: [C:\src\flutter\packages\flutter_tools\gradle, C:\poke\color_world\android]
[  +66 ms] Running Gradle task 'assembleDebug'... (completed in 10,2s)
[  +10 ms] LocalFile: 'C:\poke\color_world\android\build.gradle.kts' doesn't provide an AGP version. Checking settings.
[        ] LocalFile: 'C:\poke\color_world\android\settings.gradle.kts' provides AGP version: 8.6.0
[  +22 ms] "flutter apk" took 10.808ms.
[  +51 ms] Gradle build failed to produce an .apk file. It's likely that this file was generated under C:\poke\color_world\build, but the tool couldn't find it.
[        ] 
           #0      throwToolExit (package:flutter_tools/src/base/common.dart:34:3)
           #1      _exitWithExpectedFileNotFound (package:flutter_tools/src/android/gradle.dart:1245:3)
           #2      AndroidGradleBuilder.buildGradleApp (package:flutter_tools/src/android/gradle.dart:637:9)
           <asynchronous suspension>
           #3      AndroidGradleBuilder.buildApk (package:flutter_tools/src/android/gradle.dart:236:5)
           <asynchronous suspension>
           #4      BuildApkCommand.runCommand (package:flutter_tools/src/commands/build_apk.dart:132:5)
           <asynchronous suspension>
           #5      FlutterCommand.run.<anonymous closure> (package:flutter_tools/src/runner/flutter_command.dart:1630:27)
           <asynchronous suspension>
           #6      AppContext.run.<anonymous closure> (package:flutter_tools/src/base/context.dart:154:19)
           <asynchronous suspension>
           #7      CommandRunner.runCommand (package:args/command_runner.dart:212:13)
           <asynchronous suspension>
           #8      FlutterCommandRunner.runCommand.<anonymous closure> (package:flutter_tools/src/runner/flutter_command_runner.dart:496:9)
           <asynchronous suspension>
           #9      AppContext.run.<anonymous closure> (package:flutter_tools/src/base/context.dart:154:19)
           <asynchronous suspension>
           #10     FlutterCommandRunner.runCommand (package:flutter_tools/src/runner/flutter_command_runner.dart:431:5)
           <asynchronous suspension>
           #11     FlutterCommandRunner.run.<anonymous closure> (package:flutter_tools/src/runner/flutter_command_runner.dart:307:33)
           <asynchronous suspension>
           #12     run.<anonymous closure>.<anonymous closure> (package:flutter_tools/runner.dart:104:11)
           <asynchronous suspension>
           #13     AppContext.run.<anonymous closure> (package:flutter_tools/src/base/context.dart:154:19)
           <asynchronous suspension>
           #14     main (package:flutter_tools/executable.dart:103:3)
           <asynchronous suspension>


[        ] Running 1 shutdown hook
[   +1 ms] Shutdown hooks complete
[  +68 ms] exiting with code 1
